
*** Running vivado
    with args -log ethernet_one_gbe_skarab_axi_fir_c_addsub_v12_0_i0.vds -m64 -product Vivado -mode batch -messageDb vivado.pb -notrace -source ethernet_one_gbe_skarab_axi_fir_c_addsub_v12_0_i0.tcl


****** Vivado v2019.1 (64-bit)
  **** SW Build 2552052 on Fri May 24 14:47:09 MDT 2019
  **** IP Build 2548770 on Fri May 24 18:01:18 MDT 2019
    ** Copyright 1986-2019 Xilinx, Inc. All Rights Reserved.

WARNING: [Runs 36-547] Tool Strategy 'Vivado Synthesis Defaults' from file '/usr/local/Xilinx/Vivado/2019.1/strategies/VDS2014.psg' discarded because strategy with same name already parsed from '/usr/local/Xilinx/Vivado/2019.1/strategies/VDS2014.psg'
WARNING: [Runs 36-547] Tool Strategy 'Flow_RuntimeOptimized' from file '/usr/local/Xilinx/Vivado/2019.1/strategies/VDS2014.psg' discarded because strategy with same name already parsed from '/usr/local/Xilinx/Vivado/2019.1/strategies/VDS2014.psg'
WARNING: [Runs 36-547] Tool Strategy 'Flow_AreaOptimized_High' from file '/usr/local/Xilinx/Vivado/2019.1/strategies/VDS2014.psg' discarded because strategy with same name already parsed from '/usr/local/Xilinx/Vivado/2019.1/strategies/VDS2014.psg'
WARNING: [Runs 36-547] Tool Strategy 'Flow_PerfOptimized_High' from file '/usr/local/Xilinx/Vivado/2019.1/strategies/VDS2014.psg' discarded because strategy with same name already parsed from '/usr/local/Xilinx/Vivado/2019.1/strategies/VDS2014.psg'
WARNING: [Runs 36-547] Tool Strategy 'Vivado Implementation Defaults' from file '/usr/local/Xilinx/Vivado/2019.1/strategies/VDI2014.psg' discarded because strategy with same name already parsed from '/usr/local/Xilinx/Vivado/2019.1/strategies/VDI2014.psg'
WARNING: [Runs 36-547] Tool Strategy 'Performance_Explore' from file '/usr/local/Xilinx/Vivado/2019.1/strategies/VDI2014.psg' discarded because strategy with same name already parsed from '/usr/local/Xilinx/Vivado/2019.1/strategies/VDI2014.psg'
WARNING: [Runs 36-547] Tool Strategy 'Performance_ExplorePostRoutePhysOpt' from file '/usr/local/Xilinx/Vivado/2019.1/strategies/VDI2014.psg' discarded because strategy with same name already parsed from '/usr/local/Xilinx/Vivado/2019.1/strategies/VDI2014.psg'
WARNING: [Runs 36-547] Tool Strategy 'Performance_RefinePlacement' from file '/usr/local/Xilinx/Vivado/2019.1/strategies/VDI2014.psg' discarded because strategy with same name already parsed from '/usr/local/Xilinx/Vivado/2019.1/strategies/VDI2014.psg'
WARNING: [Runs 36-547] Tool Strategy 'Performance_WLBlockPlacement' from file '/usr/local/Xilinx/Vivado/2019.1/strategies/VDI2014.psg' discarded because strategy with same name already parsed from '/usr/local/Xilinx/Vivado/2019.1/strategies/VDI2014.psg'
WARNING: [Runs 36-547] Tool Strategy 'Performance_WLBlockPlacementFanoutOpt' from file '/usr/local/Xilinx/Vivado/2019.1/strategies/VDI2014.psg' discarded because strategy with same name already parsed from '/usr/local/Xilinx/Vivado/2019.1/strategies/VDI2014.psg'
WARNING: [Runs 36-547] Tool Strategy 'Performance_LateBlockPlacement' from file '/usr/local/Xilinx/Vivado/2019.1/strategies/VDI2014.psg' discarded because strategy with same name already parsed from '/usr/local/Xilinx/Vivado/2019.1/strategies/VDI2014.psg'
WARNING: [Runs 36-547] Tool Strategy 'Performance_NetDelay_high' from file '/usr/local/Xilinx/Vivado/2019.1/strategies/VDI2014.psg' discarded because strategy with same name already parsed from '/usr/local/Xilinx/Vivado/2019.1/strategies/VDI2014.psg'
WARNING: [Runs 36-547] Tool Strategy 'Performance_NetDelay_medium' from file '/usr/local/Xilinx/Vivado/2019.1/strategies/VDI2014.psg' discarded because strategy with same name already parsed from '/usr/local/Xilinx/Vivado/2019.1/strategies/VDI2014.psg'
WARNING: [Runs 36-547] Tool Strategy 'Performance_NetDelay_low' from file '/usr/local/Xilinx/Vivado/2019.1/strategies/VDI2014.psg' discarded because strategy with same name already parsed from '/usr/local/Xilinx/Vivado/2019.1/strategies/VDI2014.psg'
WARNING: [Runs 36-547] Tool Strategy 'Performance_ExploreSLLs' from file '/usr/local/Xilinx/Vivado/2019.1/strategies/VDI2014.psg' discarded because strategy with same name already parsed from '/usr/local/Xilinx/Vivado/2019.1/strategies/VDI2014.psg'
WARNING: [Runs 36-547] Tool Strategy 'Performance_Retiming' from file '/usr/local/Xilinx/Vivado/2019.1/strategies/VDI2014.psg' discarded because strategy with same name already parsed from '/usr/local/Xilinx/Vivado/2019.1/strategies/VDI2014.psg'
WARNING: [Runs 36-547] Tool Strategy 'Area_Explore' from file '/usr/local/Xilinx/Vivado/2019.1/strategies/VDI2014.psg' discarded because strategy with same name already parsed from '/usr/local/Xilinx/Vivado/2019.1/strategies/VDI2014.psg'
WARNING: [Runs 36-547] Tool Strategy 'Power_DefaultOpt' from file '/usr/local/Xilinx/Vivado/2019.1/strategies/VDI2014.psg' discarded because strategy with same name already parsed from '/usr/local/Xilinx/Vivado/2019.1/strategies/VDI2014.psg'
WARNING: [Runs 36-547] Tool Strategy 'Flow_RunPhysOpt' from file '/usr/local/Xilinx/Vivado/2019.1/strategies/VDI2014.psg' discarded because strategy with same name already parsed from '/usr/local/Xilinx/Vivado/2019.1/strategies/VDI2014.psg'
WARNING: [Runs 36-547] Tool Strategy 'Flow_RunPostRoutePhysOpt' from file '/usr/local/Xilinx/Vivado/2019.1/strategies/VDI2014.psg' discarded because strategy with same name already parsed from '/usr/local/Xilinx/Vivado/2019.1/strategies/VDI2014.psg'
WARNING: [Runs 36-547] Tool Strategy 'Flow_RuntimeOptimized' from file '/usr/local/Xilinx/Vivado/2019.1/strategies/VDI2014.psg' discarded because strategy with same name already parsed from '/usr/local/Xilinx/Vivado/2019.1/strategies/VDI2014.psg'
WARNING: [Runs 36-547] Tool Strategy 'Flow_Quick' from file '/usr/local/Xilinx/Vivado/2019.1/strategies/VDI2014.psg' discarded because strategy with same name already parsed from '/usr/local/Xilinx/Vivado/2019.1/strategies/VDI2014.psg'
WARNING: [Runs 36-547] Tool Strategy 'Congestion_SpreadLogic_high' from file '/usr/local/Xilinx/Vivado/2019.1/strategies/VDI2014.psg' discarded because strategy with same name already parsed from '/usr/local/Xilinx/Vivado/2019.1/strategies/VDI2014.psg'
WARNING: [Runs 36-547] Tool Strategy 'Congestion_SpreadLogic_medium' from file '/usr/local/Xilinx/Vivado/2019.1/strategies/VDI2014.psg' discarded because strategy with same name already parsed from '/usr/local/Xilinx/Vivado/2019.1/strategies/VDI2014.psg'
WARNING: [Runs 36-547] Tool Strategy 'Congestion_SpreadLogic_low' from file '/usr/local/Xilinx/Vivado/2019.1/strategies/VDI2014.psg' discarded because strategy with same name already parsed from '/usr/local/Xilinx/Vivado/2019.1/strategies/VDI2014.psg'
WARNING: [Runs 36-547] Tool Strategy 'Congestion_SpreadLogicSLLs' from file '/usr/local/Xilinx/Vivado/2019.1/strategies/VDI2014.psg' discarded because strategy with same name already parsed from '/usr/local/Xilinx/Vivado/2019.1/strategies/VDI2014.psg'
WARNING: [Runs 36-547] Tool Strategy 'Congestion_BalanceSLLs' from file '/usr/local/Xilinx/Vivado/2019.1/strategies/VDI2014.psg' discarded because strategy with same name already parsed from '/usr/local/Xilinx/Vivado/2019.1/strategies/VDI2014.psg'
WARNING: [Runs 36-547] Tool Strategy 'Congestion_BalanceSLRs' from file '/usr/local/Xilinx/Vivado/2019.1/strategies/VDI2014.psg' discarded because strategy with same name already parsed from '/usr/local/Xilinx/Vivado/2019.1/strategies/VDI2014.psg'
WARNING: [Runs 36-547] Tool Strategy 'Congestion_CompressSLRs' from file '/usr/local/Xilinx/Vivado/2019.1/strategies/VDI2014.psg' discarded because strategy with same name already parsed from '/usr/local/Xilinx/Vivado/2019.1/strategies/VDI2014.psg'
WARNING: [Runs 36-547] Tool Strategy 'Vivado Synthesis Defaults' from file '/usr/local/Xilinx/Vivado/2019.1/strategies/VDS2018.psg' discarded because strategy with same name already parsed from '/usr/local/Xilinx/Vivado/2019.1/strategies/VDS2018.psg'
WARNING: [Runs 36-547] Tool Strategy 'Flow_AreaOptimized_high' from file '/usr/local/Xilinx/Vivado/2019.1/strategies/VDS2018.psg' discarded because strategy with same name already parsed from '/usr/local/Xilinx/Vivado/2019.1/strategies/VDS2018.psg'
WARNING: [Runs 36-547] Tool Strategy 'Flow_AreaOptimized_medium' from file '/usr/local/Xilinx/Vivado/2019.1/strategies/VDS2018.psg' discarded because strategy with same name already parsed from '/usr/local/Xilinx/Vivado/2019.1/strategies/VDS2018.psg'
WARNING: [Runs 36-547] Tool Strategy 'Flow_AreaMultThresholdDSP' from file '/usr/local/Xilinx/Vivado/2019.1/strategies/VDS2018.psg' discarded because strategy with same name already parsed from '/usr/local/Xilinx/Vivado/2019.1/strategies/VDS2018.psg'
WARNING: [Runs 36-547] Tool Strategy 'Flow_AlternateRoutability' from file '/usr/local/Xilinx/Vivado/2019.1/strategies/VDS2018.psg' discarded because strategy with same name already parsed from '/usr/local/Xilinx/Vivado/2019.1/strategies/VDS2018.psg'
WARNING: [Runs 36-547] Tool Strategy 'Flow_PerfOptimized_high' from file '/usr/local/Xilinx/Vivado/2019.1/strategies/VDS2018.psg' discarded because strategy with same name already parsed from '/usr/local/Xilinx/Vivado/2019.1/strategies/VDS2018.psg'
WARNING: [Runs 36-547] Tool Strategy 'Flow_PerfThresholdCarry' from file '/usr/local/Xilinx/Vivado/2019.1/strategies/VDS2018.psg' discarded because strategy with same name already parsed from '/usr/local/Xilinx/Vivado/2019.1/strategies/VDS2018.psg'
WARNING: [Runs 36-547] Tool Strategy 'Flow_RuntimeOptimized' from file '/usr/local/Xilinx/Vivado/2019.1/strategies/VDS2018.psg' discarded because strategy with same name already parsed from '/usr/local/Xilinx/Vivado/2019.1/strategies/VDS2018.psg'
WARNING: [Runs 36-547] Tool Strategy 'Rodin Implementation Defaults' from file '/usr/local/Xilinx/Vivado/2019.1/strategies/RDI13.psg' discarded because strategy with same name already parsed from '/usr/local/Xilinx/Vivado/2019.1/strategies/RDI13.psg'
WARNING: [Runs 36-547] Tool Strategy 'Vivado Synthesis Defaults' from file '/usr/local/Xilinx/Vivado/2019.1/strategies/VDS2019.psg' discarded because strategy with same name already parsed from '/usr/local/Xilinx/Vivado/2019.1/strategies/VDS2019.psg'
WARNING: [Runs 36-547] Tool Strategy 'Flow_AreaOptimized_high' from file '/usr/local/Xilinx/Vivado/2019.1/strategies/VDS2019.psg' discarded because strategy with same name already parsed from '/usr/local/Xilinx/Vivado/2019.1/strategies/VDS2019.psg'
WARNING: [Runs 36-547] Tool Strategy 'Flow_AreaOptimized_medium' from file '/usr/local/Xilinx/Vivado/2019.1/strategies/VDS2019.psg' discarded because strategy with same name already parsed from '/usr/local/Xilinx/Vivado/2019.1/strategies/VDS2019.psg'
WARNING: [Runs 36-547] Tool Strategy 'Flow_AreaMultThresholdDSP' from file '/usr/local/Xilinx/Vivado/2019.1/strategies/VDS2019.psg' discarded because strategy with same name already parsed from '/usr/local/Xilinx/Vivado/2019.1/strategies/VDS2019.psg'
WARNING: [Runs 36-547] Tool Strategy 'Flow_AlternateRoutability' from file '/usr/local/Xilinx/Vivado/2019.1/strategies/VDS2019.psg' discarded because strategy with same name already parsed from '/usr/local/Xilinx/Vivado/2019.1/strategies/VDS2019.psg'
WARNING: [Runs 36-547] Tool Strategy 'Flow_PerfOptimized_high' from file '/usr/local/Xilinx/Vivado/2019.1/strategies/VDS2019.psg' discarded because strategy with same name already parsed from '/usr/local/Xilinx/Vivado/2019.1/strategies/VDS2019.psg'
WARNING: [Runs 36-547] Tool Strategy 'Flow_PerfThresholdCarry' from file '/usr/local/Xilinx/Vivado/2019.1/strategies/VDS2019.psg' discarded because strategy with same name already parsed from '/usr/local/Xilinx/Vivado/2019.1/strategies/VDS2019.psg'
WARNING: [Runs 36-547] Tool Strategy 'Flow_RuntimeOptimized' from file '/usr/local/Xilinx/Vivado/2019.1/strategies/VDS2019.psg' discarded because strategy with same name already parsed from '/usr/local/Xilinx/Vivado/2019.1/strategies/VDS2019.psg'
WARNING: [Runs 36-547] Tool Strategy 'HLS Compile C Defaults' from file '/usr/local/Xilinx/Vivado/2019.1/strategies/CC2015.psg' discarded because strategy with same name already parsed from '/usr/local/Xilinx/Vivado/2019.1/strategies/CC2015.psg'
WARNING: [Runs 36-547] Tool Strategy 'Vivado Synthesis Defaults' from file '/usr/local/Xilinx/Vivado/2019.1/strategies/VDS2013.psg' discarded because strategy with same name already parsed from '/usr/local/Xilinx/Vivado/2019.1/strategies/VDS2013.psg'
WARNING: [Runs 36-547] Tool Strategy 'Flow_RuntimeOptimized' from file '/usr/local/Xilinx/Vivado/2019.1/strategies/VDS2013.psg' discarded because strategy with same name already parsed from '/usr/local/Xilinx/Vivado/2019.1/strategies/VDS2013.psg'
WARNING: [Runs 36-547] Tool Strategy 'Vivado Implementation Defaults' from file '/usr/local/Xilinx/Vivado/2019.1/strategies/VDI2013.psg' discarded because strategy with same name already parsed from '/usr/local/Xilinx/Vivado/2019.1/strategies/VDI2013.psg'
WARNING: [Runs 36-547] Tool Strategy 'Performance_Explore' from file '/usr/local/Xilinx/Vivado/2019.1/strategies/VDI2013.psg' discarded because strategy with same name already parsed from '/usr/local/Xilinx/Vivado/2019.1/strategies/VDI2013.psg'
WARNING: [Runs 36-547] Tool Strategy 'Performance_RefinePlacement' from file '/usr/local/Xilinx/Vivado/2019.1/strategies/VDI2013.psg' discarded because strategy with same name already parsed from '/usr/local/Xilinx/Vivado/2019.1/strategies/VDI2013.psg'
WARNING: [Runs 36-547] Tool Strategy 'Performance_WLBlockPlacement' from file '/usr/local/Xilinx/Vivado/2019.1/strategies/VDI2013.psg' discarded because strategy with same name already parsed from '/usr/local/Xilinx/Vivado/2019.1/strategies/VDI2013.psg'
WARNING: [Runs 36-547] Tool Strategy 'Performance_WLBlockPlacementFanoutOpt' from file '/usr/local/Xilinx/Vivado/2019.1/strategies/VDI2013.psg' discarded because strategy with same name already parsed from '/usr/local/Xilinx/Vivado/2019.1/strategies/VDI2013.psg'
WARNING: [Runs 36-547] Tool Strategy 'Performance_LateBlockPlacement' from file '/usr/local/Xilinx/Vivado/2019.1/strategies/VDI2013.psg' discarded because strategy with same name already parsed from '/usr/local/Xilinx/Vivado/2019.1/strategies/VDI2013.psg'
WARNING: [Runs 36-547] Tool Strategy 'Performance_NetDelay_high' from file '/usr/local/Xilinx/Vivado/2019.1/strategies/VDI2013.psg' discarded because strategy with same name already parsed from '/usr/local/Xilinx/Vivado/2019.1/strategies/VDI2013.psg'
WARNING: [Runs 36-547] Tool Strategy 'Performance_NetDelay_medium' from file '/usr/local/Xilinx/Vivado/2019.1/strategies/VDI2013.psg' discarded because strategy with same name already parsed from '/usr/local/Xilinx/Vivado/2019.1/strategies/VDI2013.psg'
WARNING: [Runs 36-547] Tool Strategy 'Performance_NetDelay_low' from file '/usr/local/Xilinx/Vivado/2019.1/strategies/VDI2013.psg' discarded because strategy with same name already parsed from '/usr/local/Xilinx/Vivado/2019.1/strategies/VDI2013.psg'
WARNING: [Runs 36-547] Tool Strategy 'Performance_ExploreSLLs' from file '/usr/local/Xilinx/Vivado/2019.1/strategies/VDI2013.psg' discarded because strategy with same name already parsed from '/usr/local/Xilinx/Vivado/2019.1/strategies/VDI2013.psg'
WARNING: [Runs 36-547] Tool Strategy 'Area_Explore' from file '/usr/local/Xilinx/Vivado/2019.1/strategies/VDI2013.psg' discarded because strategy with same name already parsed from '/usr/local/Xilinx/Vivado/2019.1/strategies/VDI2013.psg'
WARNING: [Runs 36-547] Tool Strategy 'Power_DefaultOpt' from file '/usr/local/Xilinx/Vivado/2019.1/strategies/VDI2013.psg' discarded because strategy with same name already parsed from '/usr/local/Xilinx/Vivado/2019.1/strategies/VDI2013.psg'
WARNING: [Runs 36-547] Tool Strategy 'Flow_RunPhysOpt' from file '/usr/local/Xilinx/Vivado/2019.1/strategies/VDI2013.psg' discarded because strategy with same name already parsed from '/usr/local/Xilinx/Vivado/2019.1/strategies/VDI2013.psg'
WARNING: [Runs 36-547] Tool Strategy 'Flow_RuntimeOptimized' from file '/usr/local/Xilinx/Vivado/2019.1/strategies/VDI2013.psg' discarded because strategy with same name already parsed from '/usr/local/Xilinx/Vivado/2019.1/strategies/VDI2013.psg'
WARNING: [Runs 36-547] Tool Strategy 'Flow_Quick' from file '/usr/local/Xilinx/Vivado/2019.1/strategies/VDI2013.psg' discarded because strategy with same name already parsed from '/usr/local/Xilinx/Vivado/2019.1/strategies/VDI2013.psg'
WARNING: [Runs 36-547] Tool Strategy 'Congestion_SpreadLogic_high' from file '/usr/local/Xilinx/Vivado/2019.1/strategies/VDI2013.psg' discarded because strategy with same name already parsed from '/usr/local/Xilinx/Vivado/2019.1/strategies/VDI2013.psg'
WARNING: [Runs 36-547] Tool Strategy 'Congestion_SpreadLogic_medium' from file '/usr/local/Xilinx/Vivado/2019.1/strategies/VDI2013.psg' discarded because strategy with same name already parsed from '/usr/local/Xilinx/Vivado/2019.1/strategies/VDI2013.psg'
WARNING: [Runs 36-547] Tool Strategy 'Congestion_SpreadLogic_low' from file '/usr/local/Xilinx/Vivado/2019.1/strategies/VDI2013.psg' discarded because strategy with same name already parsed from '/usr/local/Xilinx/Vivado/2019.1/strategies/VDI2013.psg'
WARNING: [Runs 36-547] Tool Strategy 'Congestion_SpreadLogicSLLs' from file '/usr/local/Xilinx/Vivado/2019.1/strategies/VDI2013.psg' discarded because strategy with same name already parsed from '/usr/local/Xilinx/Vivado/2019.1/strategies/VDI2013.psg'
WARNING: [Runs 36-547] Tool Strategy 'Congestion_BalanceSLLs' from file '/usr/local/Xilinx/Vivado/2019.1/strategies/VDI2013.psg' discarded because strategy with same name already parsed from '/usr/local/Xilinx/Vivado/2019.1/strategies/VDI2013.psg'
WARNING: [Runs 36-547] Tool Strategy 'Congestion_BalanceSLRs' from file '/usr/local/Xilinx/Vivado/2019.1/strategies/VDI2013.psg' discarded because strategy with same name already parsed from '/usr/local/Xilinx/Vivado/2019.1/strategies/VDI2013.psg'
WARNING: [Runs 36-547] Tool Strategy 'Congestion_CompressSLRs' from file '/usr/local/Xilinx/Vivado/2019.1/strategies/VDI2013.psg' discarded because strategy with same name already parsed from '/usr/local/Xilinx/Vivado/2019.1/strategies/VDI2013.psg'
WARNING: [Runs 36-547] Tool Strategy 'Vivado Synthesis Defaults' from file '/usr/local/Xilinx/Vivado/2019.1/strategies/VDS2012.psg' discarded because strategy with same name already parsed from '/usr/local/Xilinx/Vivado/2019.1/strategies/VDS2012.psg'
WARNING: [Runs 36-547] Tool Strategy 'Vivado Implementation Defaults' from file '/usr/local/Xilinx/Vivado/2019.1/strategies/VDI2016.psg' discarded because strategy with same name already parsed from '/usr/local/Xilinx/Vivado/2019.1/strategies/VDI2016.psg'
WARNING: [Runs 36-547] Tool Strategy 'Performance_Explore' from file '/usr/local/Xilinx/Vivado/2019.1/strategies/VDI2016.psg' discarded because strategy with same name already parsed from '/usr/local/Xilinx/Vivado/2019.1/strategies/VDI2016.psg'
WARNING: [Runs 36-547] Tool Strategy 'Performance_ExplorePostRoutePhysOpt' from file '/usr/local/Xilinx/Vivado/2019.1/strategies/VDI2016.psg' discarded because strategy with same name already parsed from '/usr/local/Xilinx/Vivado/2019.1/strategies/VDI2016.psg'
WARNING: [Runs 36-547] Tool Strategy 'Performance_WLBlockPlacement' from file '/usr/local/Xilinx/Vivado/2019.1/strategies/VDI2016.psg' discarded because strategy with same name already parsed from '/usr/local/Xilinx/Vivado/2019.1/strategies/VDI2016.psg'
WARNING: [Runs 36-547] Tool Strategy 'Performance_WLBlockPlacementFanoutOpt' from file '/usr/local/Xilinx/Vivado/2019.1/strategies/VDI2016.psg' discarded because strategy with same name already parsed from '/usr/local/Xilinx/Vivado/2019.1/strategies/VDI2016.psg'
WARNING: [Runs 36-547] Tool Strategy 'Performance_NetDelay_high' from file '/usr/local/Xilinx/Vivado/2019.1/strategies/VDI2016.psg' discarded because strategy with same name already parsed from '/usr/local/Xilinx/Vivado/2019.1/strategies/VDI2016.psg'
WARNING: [Runs 36-547] Tool Strategy 'Performance_NetDelay_low' from file '/usr/local/Xilinx/Vivado/2019.1/strategies/VDI2016.psg' discarded because strategy with same name already parsed from '/usr/local/Xilinx/Vivado/2019.1/strategies/VDI2016.psg'
WARNING: [Runs 36-547] Tool Strategy 'Performance_Retiming' from file '/usr/local/Xilinx/Vivado/2019.1/strategies/VDI2016.psg' discarded because strategy with same name already parsed from '/usr/local/Xilinx/Vivado/2019.1/strategies/VDI2016.psg'
WARNING: [Runs 36-547] Tool Strategy 'Performance_ExtraTimingOpt' from file '/usr/local/Xilinx/Vivado/2019.1/strategies/VDI2016.psg' discarded because strategy with same name already parsed from '/usr/local/Xilinx/Vivado/2019.1/strategies/VDI2016.psg'
WARNING: [Runs 36-547] Tool Strategy 'Performance_RefinePlacement' from file '/usr/local/Xilinx/Vivado/2019.1/strategies/VDI2016.psg' discarded because strategy with same name already parsed from '/usr/local/Xilinx/Vivado/2019.1/strategies/VDI2016.psg'
WARNING: [Runs 36-547] Tool Strategy 'Performance_SpreadSLLs' from file '/usr/local/Xilinx/Vivado/2019.1/strategies/VDI2016.psg' discarded because strategy with same name already parsed from '/usr/local/Xilinx/Vivado/2019.1/strategies/VDI2016.psg'
WARNING: [Runs 36-547] Tool Strategy 'Performance_BalanceSLLs' from file '/usr/local/Xilinx/Vivado/2019.1/strategies/VDI2016.psg' discarded because strategy with same name already parsed from '/usr/local/Xilinx/Vivado/2019.1/strategies/VDI2016.psg'
WARNING: [Runs 36-547] Tool Strategy 'Congestion_SpreadLogic_high' from file '/usr/local/Xilinx/Vivado/2019.1/strategies/VDI2016.psg' discarded because strategy with same name already parsed from '/usr/local/Xilinx/Vivado/2019.1/strategies/VDI2016.psg'
WARNING: [Runs 36-547] Tool Strategy 'Congestion_SpreadLogic_medium' from file '/usr/local/Xilinx/Vivado/2019.1/strategies/VDI2016.psg' discarded because strategy with same name already parsed from '/usr/local/Xilinx/Vivado/2019.1/strategies/VDI2016.psg'
WARNING: [Runs 36-547] Tool Strategy 'Congestion_SpreadLogic_low' from file '/usr/local/Xilinx/Vivado/2019.1/strategies/VDI2016.psg' discarded because strategy with same name already parsed from '/usr/local/Xilinx/Vivado/2019.1/strategies/VDI2016.psg'
WARNING: [Runs 36-547] Tool Strategy 'Congestion_SpreadLogic_Explore' from file '/usr/local/Xilinx/Vivado/2019.1/strategies/VDI2016.psg' discarded because strategy with same name already parsed from '/usr/local/Xilinx/Vivado/2019.1/strategies/VDI2016.psg'
WARNING: [Runs 36-547] Tool Strategy 'Congestion_SSI_SpreadLogic_high' from file '/usr/local/Xilinx/Vivado/2019.1/strategies/VDI2016.psg' discarded because strategy with same name already parsed from '/usr/local/Xilinx/Vivado/2019.1/strategies/VDI2016.psg'
WARNING: [Runs 36-547] Tool Strategy 'Congestion_SSI_SpreadLogic_low' from file '/usr/local/Xilinx/Vivado/2019.1/strategies/VDI2016.psg' discarded because strategy with same name already parsed from '/usr/local/Xilinx/Vivado/2019.1/strategies/VDI2016.psg'
WARNING: [Runs 36-547] Tool Strategy 'Congestion_SSI_SpreadLogic_Explore' from file '/usr/local/Xilinx/Vivado/2019.1/strategies/VDI2016.psg' discarded because strategy with same name already parsed from '/usr/local/Xilinx/Vivado/2019.1/strategies/VDI2016.psg'
WARNING: [Runs 36-547] Tool Strategy 'Area_Explore' from file '/usr/local/Xilinx/Vivado/2019.1/strategies/VDI2016.psg' discarded because strategy with same name already parsed from '/usr/local/Xilinx/Vivado/2019.1/strategies/VDI2016.psg'
WARNING: [Runs 36-547] Tool Strategy 'Area_ExploreSequential' from file '/usr/local/Xilinx/Vivado/2019.1/strategies/VDI2016.psg' discarded because strategy with same name already parsed from '/usr/local/Xilinx/Vivado/2019.1/strategies/VDI2016.psg'
WARNING: [Runs 36-547] Tool Strategy 'Area_ExploreWithRemap' from file '/usr/local/Xilinx/Vivado/2019.1/strategies/VDI2016.psg' discarded because strategy with same name already parsed from '/usr/local/Xilinx/Vivado/2019.1/strategies/VDI2016.psg'
WARNING: [Runs 36-547] Tool Strategy 'Power_DefaultOpt' from file '/usr/local/Xilinx/Vivado/2019.1/strategies/VDI2016.psg' discarded because strategy with same name already parsed from '/usr/local/Xilinx/Vivado/2019.1/strategies/VDI2016.psg'
WARNING: [Runs 36-547] Tool Strategy 'Power_ExploreArea' from file '/usr/local/Xilinx/Vivado/2019.1/strategies/VDI2016.psg' discarded because strategy with same name already parsed from '/usr/local/Xilinx/Vivado/2019.1/strategies/VDI2016.psg'
WARNING: [Runs 36-547] Tool Strategy 'Flow_RunPhysOpt' from file '/usr/local/Xilinx/Vivado/2019.1/strategies/VDI2016.psg' discarded because strategy with same name already parsed from '/usr/local/Xilinx/Vivado/2019.1/strategies/VDI2016.psg'
WARNING: [Runs 36-547] Tool Strategy 'Flow_RunPostRoutePhysOpt' from file '/usr/local/Xilinx/Vivado/2019.1/strategies/VDI2016.psg' discarded because strategy with same name already parsed from '/usr/local/Xilinx/Vivado/2019.1/strategies/VDI2016.psg'
WARNING: [Runs 36-547] Tool Strategy 'Flow_RuntimeOptimized' from file '/usr/local/Xilinx/Vivado/2019.1/strategies/VDI2016.psg' discarded because strategy with same name already parsed from '/usr/local/Xilinx/Vivado/2019.1/strategies/VDI2016.psg'
WARNING: [Runs 36-547] Tool Strategy 'Flow_Quick' from file '/usr/local/Xilinx/Vivado/2019.1/strategies/VDI2016.psg' discarded because strategy with same name already parsed from '/usr/local/Xilinx/Vivado/2019.1/strategies/VDI2016.psg'
INFO: [Common 17-14] Message 'Runs 36-547' appears 100 times and further instances of the messages will be disabled. Use the Tcl command set_msg_config to change the current settings.
WARNING: [Runs 36-546] Tool Report Strategy 'Vivado Synthesis Default Reports' from file '/usr/local/Xilinx/Vivado/2019.1/reportstrategies/VRS2019.psg' discarded because strategy with same name already parsed from '/usr/local/Xilinx/Vivado/2019.1/reportstrategies/VRS2019.psg'
WARNING: [Runs 36-546] Tool Report Strategy 'No Reports' from file '/usr/local/Xilinx/Vivado/2019.1/reportstrategies/VRS2019.psg' discarded because strategy with same name already parsed from '/usr/local/Xilinx/Vivado/2019.1/reportstrategies/VRS2019.psg'
WARNING: [Runs 36-546] Tool Report Strategy 'Vivado Implementation Default Reports' from file '/usr/local/Xilinx/Vivado/2019.1/reportstrategies/VRI2018.psg' discarded because strategy with same name already parsed from '/usr/local/Xilinx/Vivado/2019.1/reportstrategies/VRI2018.psg'
WARNING: [Runs 36-546] Tool Report Strategy 'UltraFast Design Methodology Reports' from file '/usr/local/Xilinx/Vivado/2019.1/reportstrategies/VRI2018.psg' discarded because strategy with same name already parsed from '/usr/local/Xilinx/Vivado/2019.1/reportstrategies/VRI2018.psg'
WARNING: [Runs 36-546] Tool Report Strategy 'Performance Explore Reports' from file '/usr/local/Xilinx/Vivado/2019.1/reportstrategies/VRI2018.psg' discarded because strategy with same name already parsed from '/usr/local/Xilinx/Vivado/2019.1/reportstrategies/VRI2018.psg'
WARNING: [Runs 36-546] Tool Report Strategy 'Timing Closure Reports' from file '/usr/local/Xilinx/Vivado/2019.1/reportstrategies/VRI2018.psg' discarded because strategy with same name already parsed from '/usr/local/Xilinx/Vivado/2019.1/reportstrategies/VRI2018.psg'
WARNING: [Runs 36-546] Tool Report Strategy 'No Reports' from file '/usr/local/Xilinx/Vivado/2019.1/reportstrategies/VRI2018.psg' discarded because strategy with same name already parsed from '/usr/local/Xilinx/Vivado/2019.1/reportstrategies/VRI2018.psg'
WARNING: [Runs 36-546] Tool Report Strategy 'Vivado Synthesis Default Reports' from file '/usr/local/Xilinx/Vivado/2019.1/reportstrategies/VRS2017.psg' discarded because strategy with same name already parsed from '/usr/local/Xilinx/Vivado/2019.1/reportstrategies/VRS2017.psg'
WARNING: [Runs 36-546] Tool Report Strategy 'No Reports' from file '/usr/local/Xilinx/Vivado/2019.1/reportstrategies/VRS2017.psg' discarded because strategy with same name already parsed from '/usr/local/Xilinx/Vivado/2019.1/reportstrategies/VRS2017.psg'
WARNING: [Runs 36-546] Tool Report Strategy 'Vivado Synthesis Default Reports' from file '/usr/local/Xilinx/Vivado/2019.1/reportstrategies/VRS2018.psg' discarded because strategy with same name already parsed from '/usr/local/Xilinx/Vivado/2019.1/reportstrategies/VRS2018.psg'
WARNING: [Runs 36-546] Tool Report Strategy 'No Reports' from file '/usr/local/Xilinx/Vivado/2019.1/reportstrategies/VRS2018.psg' discarded because strategy with same name already parsed from '/usr/local/Xilinx/Vivado/2019.1/reportstrategies/VRS2018.psg'
WARNING: [Runs 36-546] Tool Report Strategy 'Vivado Implementation Default Reports' from file '/usr/local/Xilinx/Vivado/2019.1/reportstrategies/VRI2017.psg' discarded because strategy with same name already parsed from '/usr/local/Xilinx/Vivado/2019.1/reportstrategies/VRI2017.psg'
WARNING: [Runs 36-546] Tool Report Strategy 'UltraFast Design Methodology Reports' from file '/usr/local/Xilinx/Vivado/2019.1/reportstrategies/VRI2017.psg' discarded because strategy with same name already parsed from '/usr/local/Xilinx/Vivado/2019.1/reportstrategies/VRI2017.psg'
WARNING: [Runs 36-546] Tool Report Strategy 'Performance Explore Reports' from file '/usr/local/Xilinx/Vivado/2019.1/reportstrategies/VRI2017.psg' discarded because strategy with same name already parsed from '/usr/local/Xilinx/Vivado/2019.1/reportstrategies/VRI2017.psg'
WARNING: [Runs 36-546] Tool Report Strategy 'Timing Closure Reports' from file '/usr/local/Xilinx/Vivado/2019.1/reportstrategies/VRI2017.psg' discarded because strategy with same name already parsed from '/usr/local/Xilinx/Vivado/2019.1/reportstrategies/VRI2017.psg'
WARNING: [Runs 36-546] Tool Report Strategy 'No Reports' from file '/usr/local/Xilinx/Vivado/2019.1/reportstrategies/VRI2017.psg' discarded because strategy with same name already parsed from '/usr/local/Xilinx/Vivado/2019.1/reportstrategies/VRI2017.psg'
WARNING: [Runs 36-546] Tool Report Strategy 'Vivado Implementation Default Reports' from file '/usr/local/Xilinx/Vivado/2019.1/reportstrategies/VRI2019.psg' discarded because strategy with same name already parsed from '/usr/local/Xilinx/Vivado/2019.1/reportstrategies/VRI2019.psg'
WARNING: [Runs 36-546] Tool Report Strategy 'UltraFast Design Methodology Reports' from file '/usr/local/Xilinx/Vivado/2019.1/reportstrategies/VRI2019.psg' discarded because strategy with same name already parsed from '/usr/local/Xilinx/Vivado/2019.1/reportstrategies/VRI2019.psg'
WARNING: [Runs 36-546] Tool Report Strategy 'Performance Explore Reports' from file '/usr/local/Xilinx/Vivado/2019.1/reportstrategies/VRI2019.psg' discarded because strategy with same name already parsed from '/usr/local/Xilinx/Vivado/2019.1/reportstrategies/VRI2019.psg'
WARNING: [Runs 36-546] Tool Report Strategy 'Timing Closure Reports' from file '/usr/local/Xilinx/Vivado/2019.1/reportstrategies/VRI2019.psg' discarded because strategy with same name already parsed from '/usr/local/Xilinx/Vivado/2019.1/reportstrategies/VRI2019.psg'
WARNING: [Runs 36-546] Tool Report Strategy 'No Reports' from file '/usr/local/Xilinx/Vivado/2019.1/reportstrategies/VRI2019.psg' discarded because strategy with same name already parsed from '/usr/local/Xilinx/Vivado/2019.1/reportstrategies/VRI2019.psg'
source ethernet_one_gbe_skarab_axi_fir_c_addsub_v12_0_i0.tcl -notrace
INFO: [IP_Flow 19-234] Refreshing IP repositories
INFO: [IP_Flow 19-1700] Loaded user IP repository '/skarab/tutorials_devel/skarab/mlib_devel/jasper_library/hdl_sources/skarab_infr/cont_microblaze/ipshared/peralex.com'.
INFO: [IP_Flow 19-2313] Loaded Vivado IP repository '/usr/local/Xilinx/Vivado/2019.1/data/ip'.
Command: synth_design -top ethernet_one_gbe_skarab_axi_fir_c_addsub_v12_0_i0 -part xc7vx690tffg1927-2 -mode out_of_context
Starting synth_design
Attempting to get a license for feature 'Synthesis' and/or device 'xc7vx690t'
INFO: [Common 17-349] Got license for feature 'Synthesis' and/or device 'xc7vx690t'
INFO: [Common 17-86] Your Synthesis license expires in 26 day(s)
INFO: [Device 21-403] Loading part xc7vx690tffg1927-2
INFO: Launching helper process for spawning children vivado processes
INFO: Helper process launched with PID 527851 
---------------------------------------------------------------------------------
Starting RTL Elaboration : Time (s): cpu = 00:00:02 ; elapsed = 00:00:03 . Memory (MB): peak = 2199.305 ; gain = 153.719 ; free physical = 5285 ; free virtual = 49269
---------------------------------------------------------------------------------
INFO: [Synth 8-638] synthesizing module 'ethernet_one_gbe_skarab_axi_fir_c_addsub_v12_0_i0' [/skarab/projetos/skarab-gbe-control/fpgs/ethernet_one_gbe_skarab_control/ethernet_one_gbe_skarab_axi_fir/myproj/myproj.srcs/sources_1/ip/ethernet_one_gbe_skarab_axi_fir_c_addsub_v12_0_i0/synth/ethernet_one_gbe_skarab_axi_fir_c_addsub_v12_0_i0.vhd:67]
	Parameter C_VERBOSITY bound to: 0 - type: integer 
	Parameter C_XDEVICEFAMILY bound to: virtex7 - type: string 
	Parameter C_IMPLEMENTATION bound to: 0 - type: integer 
	Parameter C_A_WIDTH bound to: 33 - type: integer 
	Parameter C_B_WIDTH bound to: 33 - type: integer 
	Parameter C_OUT_WIDTH bound to: 33 - type: integer 
	Parameter C_CE_OVERRIDES_SCLR bound to: 0 - type: integer 
	Parameter C_A_TYPE bound to: 1 - type: integer 
	Parameter C_B_TYPE bound to: 1 - type: integer 
	Parameter C_LATENCY bound to: 0 - type: integer 
	Parameter C_ADD_MODE bound to: 0 - type: integer 
	Parameter C_B_CONSTANT bound to: 0 - type: integer 
	Parameter C_B_VALUE bound to: 000000000000000000000000000000000 - type: string 
	Parameter C_AINIT_VAL bound to: 0 - type: string 
	Parameter C_SINIT_VAL bound to: 0 - type: string 
	Parameter C_CE_OVERRIDES_BYPASS bound to: 1 - type: integer 
	Parameter C_BYPASS_LOW bound to: 0 - type: integer 
	Parameter C_SCLR_OVERRIDES_SSET bound to: 1 - type: integer 
	Parameter C_HAS_C_IN bound to: 0 - type: integer 
	Parameter C_HAS_C_OUT bound to: 0 - type: integer 
	Parameter C_BORROW_LOW bound to: 1 - type: integer 
	Parameter C_HAS_CE bound to: 0 - type: integer 
	Parameter C_HAS_BYPASS bound to: 0 - type: integer 
	Parameter C_HAS_SCLR bound to: 0 - type: integer 
	Parameter C_HAS_SSET bound to: 0 - type: integer 
	Parameter C_HAS_SINIT bound to: 0 - type: integer 
INFO: [Synth 8-3491] module 'c_addsub_v12_0_13' declared at '/skarab/projetos/skarab-gbe-control/fpgs/ethernet_one_gbe_skarab_control/ethernet_one_gbe_skarab_axi_fir/myproj/myproj.srcs/sources_1/ip/ethernet_one_gbe_skarab_axi_fir_c_addsub_v12_0_i0/hdl/c_addsub_v12_0_vh_rfs.vhd:7026' bound to instance 'U0' of component 'c_addsub_v12_0_13' [/skarab/projetos/skarab-gbe-control/fpgs/ethernet_one_gbe_skarab_control/ethernet_one_gbe_skarab_axi_fir/myproj/myproj.srcs/sources_1/ip/ethernet_one_gbe_skarab_axi_fir_c_addsub_v12_0_i0/synth/ethernet_one_gbe_skarab_axi_fir_c_addsub_v12_0_i0.vhd:130]
INFO: [Synth 8-256] done synthesizing module 'ethernet_one_gbe_skarab_axi_fir_c_addsub_v12_0_i0' (6#1) [/skarab/projetos/skarab-gbe-control/fpgs/ethernet_one_gbe_skarab_control/ethernet_one_gbe_skarab_axi_fir/myproj/myproj.srcs/sources_1/ip/ethernet_one_gbe_skarab_axi_fir_c_addsub_v12_0_i0/synth/ethernet_one_gbe_skarab_axi_fir_c_addsub_v12_0_i0.vhd:67]
WARNING: [Synth 8-3331] design c_addsub_v12_0_13_lut6_legacy has unconnected port clk
WARNING: [Synth 8-3331] design c_addsub_v12_0_13_lut6_legacy has unconnected port add
WARNING: [Synth 8-3331] design c_addsub_v12_0_13_lut6_legacy has unconnected port c_in
WARNING: [Synth 8-3331] design c_addsub_v12_0_13_lut6_legacy has unconnected port ce
WARNING: [Synth 8-3331] design c_addsub_v12_0_13_lut6_legacy has unconnected port bypass
WARNING: [Synth 8-3331] design c_addsub_v12_0_13_lut6_legacy has unconnected port aclr
WARNING: [Synth 8-3331] design c_addsub_v12_0_13_lut6_legacy has unconnected port aset
WARNING: [Synth 8-3331] design c_addsub_v12_0_13_lut6_legacy has unconnected port ainit
WARNING: [Synth 8-3331] design c_addsub_v12_0_13_lut6_legacy has unconnected port sclr
WARNING: [Synth 8-3331] design c_addsub_v12_0_13_lut6_legacy has unconnected port sset
WARNING: [Synth 8-3331] design c_addsub_v12_0_13_lut6_legacy has unconnected port sinit
WARNING: [Synth 8-3331] design c_addsub_v12_0_13_legacy has unconnected port c_in
WARNING: [Synth 8-3331] design c_addsub_v12_0_13_legacy has unconnected port b_in
WARNING: [Synth 8-3331] design c_addsub_v12_0_13_legacy has unconnected port a_signed
WARNING: [Synth 8-3331] design c_addsub_v12_0_13_legacy has unconnected port b_signed
WARNING: [Synth 8-3331] design c_addsub_v12_0_13_viv has unconnected port C_IN
---------------------------------------------------------------------------------
Finished RTL Elaboration : Time (s): cpu = 00:00:03 ; elapsed = 00:00:04 . Memory (MB): peak = 2266.023 ; gain = 220.438 ; free physical = 5267 ; free virtual = 49277
---------------------------------------------------------------------------------

Report Check Netlist: 
+------+------------------+-------+---------+-------+------------------+
|      |Item              |Errors |Warnings |Status |Description       |
+------+------------------+-------+---------+-------+------------------+
|1     |multi_driven_nets |      0|        0|Passed |Multi driven nets |
+------+------------------+-------+---------+-------+------------------+
---------------------------------------------------------------------------------
Start Handling Custom Attributes
---------------------------------------------------------------------------------
---------------------------------------------------------------------------------
Finished Handling Custom Attributes : Time (s): cpu = 00:00:03 ; elapsed = 00:00:04 . Memory (MB): peak = 2269.992 ; gain = 224.406 ; free physical = 5211 ; free virtual = 49222
---------------------------------------------------------------------------------
---------------------------------------------------------------------------------
Finished RTL Optimization Phase 1 : Time (s): cpu = 00:00:03 ; elapsed = 00:00:04 . Memory (MB): peak = 2269.992 ; gain = 224.406 ; free physical = 5210 ; free virtual = 49221
---------------------------------------------------------------------------------
INFO: [Netlist 29-17] Analyzing 65 Unisim elements for replacement
INFO: [Netlist 29-28] Unisim Transformation completed in 0 CPU seconds
INFO: [Project 1-570] Preparing netlist for logic optimization

Processing XDC Constraints
Initializing timing engine
Completed Processing XDC Constraints

Netlist sorting complete. Time (s): cpu = 00:00:00 ; elapsed = 00:00:00 . Memory (MB): peak = 2370.680 ; gain = 0.000 ; free physical = 5274 ; free virtual = 49226
INFO: [Project 1-111] Unisim Transformation Summary:
No Unisim elements were transformed.

WARNING: [Constraints 18-5210] No constraints selected for write.
Resolution: This message can indicate that there are no constraints for the design, or it can indicate that the used_in flags are set such that the constraints are ignored. This later case is used when running synth_design to not write synthesis constraints to the resulting checkpoint. Instead, project constraints are read when the synthesized design is opened.
Constraint Validation Runtime : Time (s): cpu = 00:00:00.05 ; elapsed = 00:00:00.08 . Memory (MB): peak = 2370.680 ; gain = 0.000 ; free physical = 5217 ; free virtual = 49170
---------------------------------------------------------------------------------
Finished Constraint Validation : Time (s): cpu = 00:00:07 ; elapsed = 00:00:08 . Memory (MB): peak = 2370.680 ; gain = 325.094 ; free physical = 4976 ; free virtual = 48960
---------------------------------------------------------------------------------
---------------------------------------------------------------------------------
Start Loading Part and Timing Information
---------------------------------------------------------------------------------
Loading part: xc7vx690tffg1927-2
---------------------------------------------------------------------------------
Finished Loading Part and Timing Information : Time (s): cpu = 00:00:07 ; elapsed = 00:00:08 . Memory (MB): peak = 2370.680 ; gain = 325.094 ; free physical = 4976 ; free virtual = 48960
---------------------------------------------------------------------------------
---------------------------------------------------------------------------------
Start Applying 'set_property' XDC Constraints
---------------------------------------------------------------------------------
---------------------------------------------------------------------------------
Finished applying 'set_property' XDC Constraints : Time (s): cpu = 00:00:07 ; elapsed = 00:00:08 . Memory (MB): peak = 2370.680 ; gain = 325.094 ; free physical = 4975 ; free virtual = 48960
---------------------------------------------------------------------------------
---------------------------------------------------------------------------------
Finished RTL Optimization Phase 2 : Time (s): cpu = 00:00:07 ; elapsed = 00:00:08 . Memory (MB): peak = 2370.680 ; gain = 325.094 ; free physical = 4940 ; free virtual = 48925
---------------------------------------------------------------------------------

Report RTL Partitions: 
+-+--------------+------------+----------+
| |RTL Partition |Replication |Instances |
+-+--------------+------------+----------+
+-+--------------+------------+----------+
---------------------------------------------------------------------------------
Start RTL Component Statistics 
---------------------------------------------------------------------------------
---------------------------------------------------------------------------------
Finished RTL Component Statistics 
---------------------------------------------------------------------------------
---------------------------------------------------------------------------------
Start RTL Hierarchical Component Statistics 
---------------------------------------------------------------------------------
---------------------------------------------------------------------------------
Finished RTL Hierarchical Component Statistics
---------------------------------------------------------------------------------
---------------------------------------------------------------------------------
Start Part Resource Summary
---------------------------------------------------------------------------------
Part Resources:
DSPs: 3600 (col length:200)
BRAMs: 2940 (col length: RAMB18 200 RAMB36 100)
---------------------------------------------------------------------------------
Finished Part Resource Summary
---------------------------------------------------------------------------------
---------------------------------------------------------------------------------
Start Cross Boundary and Area Optimization
---------------------------------------------------------------------------------
Warning: Parallel synthesis criteria is not met 
WARNING: [Synth 8-3331] design c_addsub_v12_0_13_viv has unconnected port CLK
WARNING: [Synth 8-3331] design c_addsub_v12_0_13_viv has unconnected port ADD
WARNING: [Synth 8-3331] design c_addsub_v12_0_13_viv has unconnected port C_IN
WARNING: [Synth 8-3331] design c_addsub_v12_0_13_viv has unconnected port CE
WARNING: [Synth 8-3331] design c_addsub_v12_0_13_viv has unconnected port BYPASS
WARNING: [Synth 8-3331] design c_addsub_v12_0_13_viv has unconnected port SCLR
WARNING: [Synth 8-3331] design c_addsub_v12_0_13_viv has unconnected port SSET
WARNING: [Synth 8-3331] design c_addsub_v12_0_13_viv has unconnected port SINIT
---------------------------------------------------------------------------------
Finished Cross Boundary and Area Optimization : Time (s): cpu = 00:00:07 ; elapsed = 00:00:09 . Memory (MB): peak = 2370.680 ; gain = 325.094 ; free physical = 4873 ; free virtual = 48860
---------------------------------------------------------------------------------

Report RTL Partitions: 
+-+--------------+------------+----------+
| |RTL Partition |Replication |Instances |
+-+--------------+------------+----------+
+-+--------------+------------+----------+
---------------------------------------------------------------------------------
Start Applying XDC Timing Constraints
---------------------------------------------------------------------------------
---------------------------------------------------------------------------------
Finished Applying XDC Timing Constraints : Time (s): cpu = 00:00:09 ; elapsed = 00:00:11 . Memory (MB): peak = 2370.680 ; gain = 325.094 ; free physical = 3939 ; free virtual = 47926
---------------------------------------------------------------------------------
---------------------------------------------------------------------------------
Start Timing Optimization
---------------------------------------------------------------------------------
---------------------------------------------------------------------------------
Finished Timing Optimization : Time (s): cpu = 00:00:09 ; elapsed = 00:00:11 . Memory (MB): peak = 2370.680 ; gain = 325.094 ; free physical = 3944 ; free virtual = 47931
---------------------------------------------------------------------------------

Report RTL Partitions: 
+-+--------------+------------+----------+
| |RTL Partition |Replication |Instances |
+-+--------------+------------+----------+
+-+--------------+------------+----------+
---------------------------------------------------------------------------------
Start Technology Mapping
---------------------------------------------------------------------------------
---------------------------------------------------------------------------------
Finished Technology Mapping : Time (s): cpu = 00:00:09 ; elapsed = 00:00:11 . Memory (MB): peak = 2370.680 ; gain = 325.094 ; free physical = 3952 ; free virtual = 47939
---------------------------------------------------------------------------------

Report RTL Partitions: 
+-+--------------+------------+----------+
| |RTL Partition |Replication |Instances |
+-+--------------+------------+----------+
+-+--------------+------------+----------+
---------------------------------------------------------------------------------
Start IO Insertion
---------------------------------------------------------------------------------
---------------------------------------------------------------------------------
Start Flattening Before IO Insertion
---------------------------------------------------------------------------------
---------------------------------------------------------------------------------
Finished Flattening Before IO Insertion
---------------------------------------------------------------------------------
---------------------------------------------------------------------------------
Start Final Netlist Cleanup
---------------------------------------------------------------------------------
---------------------------------------------------------------------------------
Finished Final Netlist Cleanup
---------------------------------------------------------------------------------
---------------------------------------------------------------------------------
Finished IO Insertion : Time (s): cpu = 00:00:10 ; elapsed = 00:00:12 . Memory (MB): peak = 2370.680 ; gain = 325.094 ; free physical = 3942 ; free virtual = 47929
---------------------------------------------------------------------------------

Report Check Netlist: 
+------+------------------+-------+---------+-------+------------------+
|      |Item              |Errors |Warnings |Status |Description       |
+------+------------------+-------+---------+-------+------------------+
|1     |multi_driven_nets |      0|        0|Passed |Multi driven nets |
+------+------------------+-------+---------+-------+------------------+
---------------------------------------------------------------------------------
Start Renaming Generated Instances
---------------------------------------------------------------------------------
---------------------------------------------------------------------------------
Finished Renaming Generated Instances : Time (s): cpu = 00:00:10 ; elapsed = 00:00:12 . Memory (MB): peak = 2370.680 ; gain = 325.094 ; free physical = 3941 ; free virtual = 47928
---------------------------------------------------------------------------------

Report RTL Partitions: 
+-+--------------+------------+----------+
| |RTL Partition |Replication |Instances |
+-+--------------+------------+----------+
+-+--------------+------------+----------+
---------------------------------------------------------------------------------
Start Rebuilding User Hierarchy
---------------------------------------------------------------------------------
---------------------------------------------------------------------------------
Finished Rebuilding User Hierarchy : Time (s): cpu = 00:00:10 ; elapsed = 00:00:12 . Memory (MB): peak = 2370.680 ; gain = 325.094 ; free physical = 3937 ; free virtual = 47924
---------------------------------------------------------------------------------
---------------------------------------------------------------------------------
Start Renaming Generated Ports
---------------------------------------------------------------------------------
---------------------------------------------------------------------------------
Finished Renaming Generated Ports : Time (s): cpu = 00:00:10 ; elapsed = 00:00:12 . Memory (MB): peak = 2370.680 ; gain = 325.094 ; free physical = 3937 ; free virtual = 47924
---------------------------------------------------------------------------------
---------------------------------------------------------------------------------
Start Handling Custom Attributes
---------------------------------------------------------------------------------
---------------------------------------------------------------------------------
Finished Handling Custom Attributes : Time (s): cpu = 00:00:10 ; elapsed = 00:00:12 . Memory (MB): peak = 2370.680 ; gain = 325.094 ; free physical = 3936 ; free virtual = 47923
---------------------------------------------------------------------------------
---------------------------------------------------------------------------------
Start Renaming Generated Nets
---------------------------------------------------------------------------------
---------------------------------------------------------------------------------
Finished Renaming Generated Nets : Time (s): cpu = 00:00:10 ; elapsed = 00:00:12 . Memory (MB): peak = 2370.680 ; gain = 325.094 ; free physical = 3935 ; free virtual = 47923
---------------------------------------------------------------------------------
---------------------------------------------------------------------------------
Start Writing Synthesis Report
---------------------------------------------------------------------------------

Report BlackBoxes: 
+-+--------------+----------+
| |BlackBox name |Instances |
+-+--------------+----------+
+-+--------------+----------+

Report Cell Usage: 
+------+------+------+
|      |Cell  |Count |
+------+------+------+
|1     |LUT2  |    33|
|2     |MUXCY |    32|
|3     |XORCY |    33|
+------+------+------+
---------------------------------------------------------------------------------
Finished Writing Synthesis Report : Time (s): cpu = 00:00:10 ; elapsed = 00:00:12 . Memory (MB): peak = 2370.680 ; gain = 325.094 ; free physical = 3935 ; free virtual = 47922
---------------------------------------------------------------------------------
Synthesis finished with 0 errors, 0 critical warnings and 8 warnings.
Synthesis Optimization Runtime : Time (s): cpu = 00:00:08 ; elapsed = 00:00:10 . Memory (MB): peak = 2370.680 ; gain = 224.406 ; free physical = 3977 ; free virtual = 47964
Synthesis Optimization Complete : Time (s): cpu = 00:00:10 ; elapsed = 00:00:12 . Memory (MB): peak = 2370.680 ; gain = 325.094 ; free physical = 3977 ; free virtual = 47964
INFO: [Project 1-571] Translating synthesized netlist
INFO: [Netlist 29-17] Analyzing 65 Unisim elements for replacement
INFO: [Netlist 29-28] Unisim Transformation completed in 0 CPU seconds
INFO: [Project 1-570] Preparing netlist for logic optimization
INFO: [Opt 31-138] Pushed 0 inverter(s) to 0 load pin(s).
Netlist sorting complete. Time (s): cpu = 00:00:00 ; elapsed = 00:00:00 . Memory (MB): peak = 2392.367 ; gain = 0.000 ; free physical = 5040 ; free virtual = 49024
INFO: [Project 1-111] Unisim Transformation Summary:
  A total of 9 instances were transformed.
  (MUXCY,XORCY) => CARRY4: 9 instances

INFO: [Common 17-83] Releasing license: Synthesis
20 Infos, 25 Warnings, 0 Critical Warnings and 0 Errors encountered.
synth_design completed successfully
synth_design: Time (s): cpu = 00:00:17 ; elapsed = 00:00:19 . Memory (MB): peak = 2392.367 ; gain = 730.410 ; free physical = 5115 ; free virtual = 49100
Netlist sorting complete. Time (s): cpu = 00:00:00 ; elapsed = 00:00:00 . Memory (MB): peak = 2392.367 ; gain = 0.000 ; free physical = 5115 ; free virtual = 49100
WARNING: [Constraints 18-5210] No constraints selected for write.
Resolution: This message can indicate that there are no constraints for the design, or it can indicate that the used_in flags are set such that the constraints are ignored. This later case is used when running synth_design to not write synthesis constraints to the resulting checkpoint. Instead, project constraints are read when the synthesized design is opened.
INFO: [Common 17-1381] The checkpoint '/skarab/projetos/skarab-gbe-control/fpgs/ethernet_one_gbe_skarab_control/ethernet_one_gbe_skarab_axi_fir/myproj/myproj.runs/ethernet_one_gbe_skarab_axi_fir_c_addsub_v12_0_i0_synth_1/ethernet_one_gbe_skarab_axi_fir_c_addsub_v12_0_i0.dcp' has been generated.
WARNING: [Common 17-576] 'use_project_ipc' is deprecated. This option is deprecated and no longer used.
INFO: [Coretcl 2-1648] Added synthesis output to IP cache for IP ethernet_one_gbe_skarab_axi_fir_c_addsub_v12_0_i0, cache-ID = 12f4114ed536742d
INFO: [Coretcl 2-1174] Renamed 5 cell refs.
Netlist sorting complete. Time (s): cpu = 00:00:00 ; elapsed = 00:00:00 . Memory (MB): peak = 2398.305 ; gain = 0.000 ; free physical = 5578 ; free virtual = 49560
WARNING: [Constraints 18-5210] No constraints selected for write.
Resolution: This message can indicate that there are no constraints for the design, or it can indicate that the used_in flags are set such that the constraints are ignored. This later case is used when running synth_design to not write synthesis constraints to the resulting checkpoint. Instead, project constraints are read when the synthesized design is opened.
INFO: [Common 17-1381] The checkpoint '/skarab/projetos/skarab-gbe-control/fpgs/ethernet_one_gbe_skarab_control/ethernet_one_gbe_skarab_axi_fir/myproj/myproj.runs/ethernet_one_gbe_skarab_axi_fir_c_addsub_v12_0_i0_synth_1/ethernet_one_gbe_skarab_axi_fir_c_addsub_v12_0_i0.dcp' has been generated.
INFO: [runtcl-4] Executing : report_utilization -file ethernet_one_gbe_skarab_axi_fir_c_addsub_v12_0_i0_utilization_synth.rpt -pb ethernet_one_gbe_skarab_axi_fir_c_addsub_v12_0_i0_utilization_synth.pb
INFO: [Common 17-206] Exiting Vivado at Mon Aug 24 17:00:37 2026...
