#-----------------------------------------------------------
# Vivado v2019.1 (64-bit)
# SW Build 2552052 on Fri May 24 14:47:09 MDT 2019
# IP Build 2548770 on Fri May 24 18:01:18 MDT 2019
# Start of session at: Tue Jul 28 14:35:31 2026
# Process ID: 1673772
# Current directory: /home/valmyrsilva07/virtex7/skarab-virtex7-toolflow/fpgs/ethernet_one_gbe_skarab_control/ethernet_one_gbe_skarab_axi/myproj
# Command line: vivado myproj.xpr
# Log file: /home/valmyrsilva07/virtex7/skarab-virtex7-toolflow/fpgs/ethernet_one_gbe_skarab_control/ethernet_one_gbe_skarab_axi/myproj/vivado.log
# Journal file: /home/valmyrsilva07/virtex7/skarab-virtex7-toolflow/fpgs/ethernet_one_gbe_skarab_control/ethernet_one_gbe_skarab_axi/myproj/vivado.jou
#-----------------------------------------------------------
start_gui
open_project myproj.xpr
update_compile_order -fileset sources_1
update_compile_order -fileset sources_1
update_compile_order -fileset sources_1
open_run synth_1 -name synth_1
check_timing -exclude {no_clock constant_clock pulse_width_clock unconstrained_internal_endpoints no_input_delay no_output_delay multiple_clock generated_clocks partial_input_delay partial_output_delay latch_loops } -verbose -name timing_1
close_design
reset_run synth_1
reset_run arp_cache_synth_1
reset_run ethernet_one_gbe_skarab_axi_c_counter_binary_v12_0_i1_synth_1
reset_run ethernet_one_gbe_skarab_axi_c_addsub_v12_0_i0_synth_1
reset_run ethernet_one_gbe_skarab_axi_c_counter_binary_v12_0_i3_synth_1
reset_run ethernet_one_gbe_skarab_axi_c_counter_binary_v12_0_i4_synth_1
reset_run ethernet_one_gbe_skarab_axi_c_counter_binary_v12_0_i2_synth_1
reset_run ethernet_one_gbe_skarab_axi_c_counter_binary_v12_0_i0_synth_1
launch_runs impl_1 -to_step write_bitstream -jobs 32
wait_on_run impl_1
