#-----------------------------------------------------------
# Vivado v2019.1 (64-bit)
# SW Build 2552052 on Fri May 24 14:47:09 MDT 2019
# IP Build 2548770 on Fri May 24 18:01:18 MDT 2019
# Start of session at: Mon Aug 10 15:45:56 2026
# Process ID: 560466
# Current directory: /home/valmyrsilva07/virtex7/skarab-virtex7-toolflow/fpgs/ethernet_one_gbe_skarab_control/ethernet_one_gbe_skarab_axi/myproj
# Command line: vivado myproj.xpr
# Log file: /home/valmyrsilva07/virtex7/skarab-virtex7-toolflow/fpgs/ethernet_one_gbe_skarab_control/ethernet_one_gbe_skarab_axi/myproj/vivado.log
# Journal file: /home/valmyrsilva07/virtex7/skarab-virtex7-toolflow/fpgs/ethernet_one_gbe_skarab_control/ethernet_one_gbe_skarab_axi/myproj/vivado.jou
#-----------------------------------------------------------
start_gui
open_project myproj.xpr
update_compile_order -fileset sources_1
open_run synth_1 -name synth_1
report_utilization -name utilization_1
create_ip_run [get_files -of_objects [get_fileset sources_1] /home/valmyrsilva07/virtex7/skarab-virtex7-toolflow/fpgs/ethernet_one_gbe_skarab_control/ethernet_one_gbe_skarab_axi/myproj/myproj.srcs/sources_1/ip/cross_clock_fifo_wb_out_73x16/cross_clock_fifo_wb_out_73x16.xci]
create_ip_run [get_files -of_objects [get_fileset sources_1] /home/valmyrsilva07/virtex7/skarab-virtex7-toolflow/fpgs/ethernet_one_gbe_skarab_control/ethernet_one_gbe_skarab_axi/myproj/myproj.srcs/sources_1/ip/xadc_measurement/xadc_measurement.xci]
create_ip_run [get_files -of_objects [get_fileset sources_1] /home/valmyrsilva07/virtex7/skarab-virtex7-toolflow/fpgs/ethernet_one_gbe_skarab_control/ethernet_one_gbe_skarab_axi/myproj/myproj.srcs/sources_1/ip/isp_spi_buffer/isp_spi_buffer.xci]
create_ip_run [get_files -of_objects [get_fileset sources_1] /home/valmyrsilva07/virtex7/skarab-virtex7-toolflow/fpgs/ethernet_one_gbe_skarab_control/ethernet_one_gbe_skarab_axi/myproj/myproj.srcs/sources_1/ip/common_clock_fifo_32x16/common_clock_fifo_32x16.xci]
create_ip_run [get_files -of_objects [get_fileset sources_1] /home/valmyrsilva07/virtex7/skarab-virtex7-toolflow/fpgs/ethernet_one_gbe_skarab_control/ethernet_one_gbe_skarab_axi/myproj/myproj.srcs/sources_1/ip/gmii_to_sgmii/gmii_to_sgmii.xci]
create_ip_run [get_files -of_objects [get_fileset sources_1] /home/valmyrsilva07/virtex7/skarab-virtex7-toolflow/fpgs/ethernet_one_gbe_skarab_control/ethernet_one_gbe_skarab_axi/myproj/myproj.srcs/sources_1/ip/rx_packet_fifo_bram/rx_packet_fifo_bram.xci]
create_ip_run [get_files -of_objects [get_fileset sources_1] /home/valmyrsilva07/virtex7/skarab-virtex7-toolflow/fpgs/ethernet_one_gbe_skarab_control/ethernet_one_gbe_skarab_axi/myproj/myproj.srcs/sources_1/ip/cpu_buffer/cpu_buffer.xci]
create_ip_run [get_files -of_objects [get_fileset sources_1] /home/valmyrsilva07/virtex7/skarab-virtex7-toolflow/fpgs/ethernet_one_gbe_skarab_control/ethernet_one_gbe_skarab_axi/myproj/myproj.srcs/sources_1/ip/rx_packet_ctrl_fifo/rx_packet_ctrl_fifo.xci]
create_ip_run [get_files -of_objects [get_fileset sources_1] /home/valmyrsilva07/virtex7/skarab-virtex7-toolflow/fpgs/ethernet_one_gbe_skarab_control/ethernet_one_gbe_skarab_axi/myproj/myproj.srcs/sources_1/ip/tx_fifo_ext/tx_fifo_ext.xci]
create_ip_run [get_files -of_objects [get_fileset sources_1] /home/valmyrsilva07/virtex7/skarab-virtex7-toolflow/fpgs/ethernet_one_gbe_skarab_control/ethernet_one_gbe_skarab_axi/myproj/myproj.srcs/sources_1/ip/tx_data_fifo_ext/tx_data_fifo_ext.xci]
create_ip_run [get_files -of_objects [get_fileset sources_1] /home/valmyrsilva07/virtex7/skarab-virtex7-toolflow/fpgs/ethernet_one_gbe_skarab_control/ethernet_one_gbe_skarab_axi/myproj/myproj.srcs/sources_1/ip/tx_packet_ctrl_fifo/tx_packet_ctrl_fifo.xci]
create_ip_run [get_files -of_objects [get_fileset sources_1] /home/valmyrsilva07/virtex7/skarab-virtex7-toolflow/fpgs/ethernet_one_gbe_skarab_control/ethernet_one_gbe_skarab_axi/myproj/myproj.srcs/sources_1/ip/tx_packet_fifo/tx_packet_fifo.xci]
refresh_design
report_utilization -name utilization_1
close_design
