INFO - 2026-06-10 00:56:46,490 - jasper - Starting compile
DEBUG - 2026-06-10 00:56:46,490 - jasper - Vivado compile will be executed.
INFO - 2026-06-10 00:56:46,490 - jasper.toolflow - Starting Toolflow!
INFO - 2026-06-10 00:56:46,490 - jasper.toolflow - Frontend is simulink
INFO - 2026-06-10 00:56:46,490 - jasper.toolflow - Setting compile directory: /home/valmyrsilva07/virtex7/skarab-virtex7-toolflow/fpgs/fir_filter/fir_filter
DEBUG - 2026-06-10 00:56:46,518 - jasper.toolflow - Generating Yellow Block: fir_filter/SKARAB
DEBUG - 2026-06-10 00:56:46,519 - jasper.toolflow - Inviting block <yellow_blocks.xsg.xsg object at 0x7f322f78adf0> to procreate
DEBUG - 2026-06-10 00:56:46,520 - jasper.toolflow - Inviting block <yellow_blocks.skarab.skarab object at 0x7f322f78aa90> to procreate
DEBUG - 2026-06-10 00:56:46,520 - jasper.toolflow - Inviting block <yellow_blocks.sys_block.sys_block object at 0x7f322f6ef280> to procreate
DEBUG - 2026-06-10 00:56:46,520 - jasper.toolflow - SKARAB requires sys_clk
DEBUG - 2026-06-10 00:56:46,520 - jasper.toolflow - Opening Original hdl file /home/valmyrsilva07/teste12345/mlib_devel/jasper_library/hdl_sources/skarab_infr/skarab_parameters.vhd
DEBUG - 2026-06-10 00:56:46,520 - jasper.toolflow - Opening Original hdl file /home/valmyrsilva07/virtex7/skarab-virtex7-toolflow/fpgs/fir_filter/fir_filter/sysgen/hdl_netlist/fir_filter.srcs/sources_1/imports/sysgen/fir_filter_entity_declarations.vhd
DEBUG - 2026-06-10 00:56:46,520 - jasper.toolflow - File not written. Vivado version is 2018.2: False. Dual Port RAM exists: False
DEBUG - 2026-06-10 00:56:46,520 - jasper.verilog - Initializing second-layer dictionairies for: default
INFO - 2026-06-10 00:56:46,520 - jasper.toolflow - instantiating user peripherals
INFO - 2026-06-10 00:56:46,520 - jasper.toolflow - top: /home/valmyrsilva07/virtex7/skarab-virtex7-toolflow/fpgs/fir_filter/fir_filter/top.v
DEBUG - 2026-06-10 00:56:46,520 - jasper.toolflow - modifying top for obj SKARAB
DEBUG - 2026-06-10 00:56:46,520 - jasper.verilog - Initializing second-layer dictionairies for: xsg: SKARAB
DEBUG - 2026-06-10 00:56:46,520 - jasper.verilog -   Signal "user_clk" is new
DEBUG - 2026-06-10 00:56:46,520 - jasper.toolflow - modifying top for obj SKARAB
DEBUG - 2026-06-10 00:56:46,520 - jasper.verilog - Initializing second-layer dictionairies for: skarab: SKARAB
DEBUG - 2026-06-10 00:56:46,544 - jasper.verilog - Initializing second-layer dictionairies for: default
DEBUG - 2026-06-10 00:56:46,544 - jasper.verilog -   Parameter "MULTIPLY" is new
DEBUG - 2026-06-10 00:56:46,544 - jasper.verilog -   Parameter "DIVIDE" is new
DEBUG - 2026-06-10 00:56:46,544 - jasper.verilog -   Parameter "DIVCLK" is new
DEBUG - 2026-06-10 00:56:46,544 - jasper.verilog - Attempting to add port "user_clk_o" (parent sig: True, parent port: False)
DEBUG - 2026-06-10 00:56:46,544 - jasper.verilog -   Port "user_clk_o" is new
DEBUG - 2026-06-10 00:56:46,544 - jasper.verilog - Attempting to add port "user_rst_o" (parent sig: True, parent port: False)
DEBUG - 2026-06-10 00:56:46,544 - jasper.verilog -   Port "user_rst_o" is new
DEBUG - 2026-06-10 00:56:46,544 - jasper.verilog - Attempting to add port "hmc_clk_o" (parent sig: True, parent port: False)
DEBUG - 2026-06-10 00:56:46,544 - jasper.verilog -   Port "hmc_clk_o" is new
DEBUG - 2026-06-10 00:56:46,544 - jasper.verilog - Attempting to add port "hmc_rst_o" (parent sig: True, parent port: False)
DEBUG - 2026-06-10 00:56:46,544 - jasper.verilog -   Port "hmc_rst_o" is new
DEBUG - 2026-06-10 00:56:46,544 - jasper.verilog - Attempting to add port "board_clk_o" (parent sig: True, parent port: False)
DEBUG - 2026-06-10 00:56:46,544 - jasper.verilog -   Port "board_clk_o" is new
DEBUG - 2026-06-10 00:56:46,544 - jasper.verilog - Attempting to add port "board_clk_rst_o" (parent sig: True, parent port: False)
DEBUG - 2026-06-10 00:56:46,544 - jasper.verilog -   Port "board_clk_rst_o" is new
DEBUG - 2026-06-10 00:56:46,544 - jasper.verilog - Attempting to add port "qsfp_gtrefclk" (parent sig: False, parent port: False)
DEBUG - 2026-06-10 00:56:46,544 - jasper.verilog -   Port "qsfp_gtrefclk" is new
DEBUG - 2026-06-10 00:56:46,544 - jasper.verilog - Attempting to add port "qsfp_soft_reset_0" (parent sig: True, parent port: False)
DEBUG - 2026-06-10 00:56:46,544 - jasper.verilog -   Port "qsfp_soft_reset_0" is new
DEBUG - 2026-06-10 00:56:46,544 - jasper.verilog - Attempting to add port "qsfp_soft_reset_1" (parent sig: True, parent port: False)
DEBUG - 2026-06-10 00:56:46,544 - jasper.verilog -   Port "qsfp_soft_reset_1" is new
DEBUG - 2026-06-10 00:56:46,544 - jasper.verilog - Attempting to add port "qsfp_soft_reset_2" (parent sig: True, parent port: False)
DEBUG - 2026-06-10 00:56:46,544 - jasper.verilog -   Port "qsfp_soft_reset_2" is new
DEBUG - 2026-06-10 00:56:46,544 - jasper.verilog - Attempting to add port "qsfp_soft_reset_3" (parent sig: True, parent port: False)
DEBUG - 2026-06-10 00:56:46,544 - jasper.verilog -   Port "qsfp_soft_reset_3" is new
DEBUG - 2026-06-10 00:56:46,544 - jasper.verilog - Attempting to add port "GND" (parent sig: True, parent port: True)
DEBUG - 2026-06-10 00:56:46,544 - jasper.verilog -   Port "GND" is new
DEBUG - 2026-06-10 00:56:46,544 - jasper.verilog - Attempting to add port "gbe_phy_up" (parent sig: True, parent port: False)
DEBUG - 2026-06-10 00:56:46,544 - jasper.verilog -   Port "gbe_phy_up" is new
DEBUG - 2026-06-10 00:56:46,544 - jasper.verilog - Attempting to add port "fgbe_phy_rx_up_0" (parent sig: True, parent port: False)
DEBUG - 2026-06-10 00:56:46,544 - jasper.verilog -   Port "fgbe_phy_rx_up_0" is new
DEBUG - 2026-06-10 00:56:46,544 - jasper.verilog - Attempting to add port "fgbe_phy_rx_up_1" (parent sig: True, parent port: False)
DEBUG - 2026-06-10 00:56:46,544 - jasper.verilog -   Port "fgbe_phy_rx_up_1" is new
DEBUG - 2026-06-10 00:56:46,544 - jasper.verilog - Attempting to add port "fgbe_phy_rx_up_2" (parent sig: True, parent port: False)
DEBUG - 2026-06-10 00:56:46,544 - jasper.verilog -   Port "fgbe_phy_rx_up_2" is new
DEBUG - 2026-06-10 00:56:46,544 - jasper.verilog - Attempting to add port "fgbe_phy_rx_up_3" (parent sig: True, parent port: False)
DEBUG - 2026-06-10 00:56:46,544 - jasper.verilog -   Port "fgbe_phy_rx_up_3" is new
DEBUG - 2026-06-10 00:56:46,544 - jasper.verilog - Attempting to add port "gbe_status_vector" (parent sig: True, parent port: False)
DEBUG - 2026-06-10 00:56:46,544 - jasper.verilog -   Port "gbe_status_vector" is new
DEBUG - 2026-06-10 00:56:46,544 - jasper.verilog - Attempting to add port "gmii_clk" (parent sig: True, parent port: False)
DEBUG - 2026-06-10 00:56:46,544 - jasper.verilog -   Port "gmii_clk" is new
DEBUG - 2026-06-10 00:56:46,544 - jasper.verilog - Attempting to add port "gmii_reset_done" (parent sig: True, parent port: False)
DEBUG - 2026-06-10 00:56:46,544 - jasper.verilog -   Port "gmii_reset_done" is new
DEBUG - 2026-06-10 00:56:46,544 - jasper.verilog - Attempting to add port "sync_gmii_fpga_rst_o" (parent sig: True, parent port: False)
DEBUG - 2026-06-10 00:56:46,544 - jasper.verilog -   Port "sync_gmii_fpga_rst_o" is new
DEBUG - 2026-06-10 00:56:46,544 - jasper.verilog - Attempting to add port "gbe_if_present" (parent sig: True, parent port: False)
DEBUG - 2026-06-10 00:56:46,544 - jasper.verilog -   Port "gbe_if_present" is new
DEBUG - 2026-06-10 00:56:46,544 - jasper.verilog - Attempting to add port "fgbe_if_0_present" (parent sig: True, parent port: False)
DEBUG - 2026-06-10 00:56:46,544 - jasper.verilog -   Port "fgbe_if_0_present" is new
DEBUG - 2026-06-10 00:56:46,544 - jasper.verilog - Attempting to add port "fgbe_if_1_present" (parent sig: True, parent port: False)
DEBUG - 2026-06-10 00:56:46,544 - jasper.verilog -   Port "fgbe_if_1_present" is new
DEBUG - 2026-06-10 00:56:46,544 - jasper.verilog - Attempting to add port "fgbe_if_2_present" (parent sig: True, parent port: False)
DEBUG - 2026-06-10 00:56:46,544 - jasper.verilog -   Port "fgbe_if_2_present" is new
DEBUG - 2026-06-10 00:56:46,544 - jasper.verilog - Attempting to add port "fgbe_if_3_present" (parent sig: True, parent port: False)
DEBUG - 2026-06-10 00:56:46,544 - jasper.verilog -   Port "fgbe_if_3_present" is new
DEBUG - 2026-06-10 00:56:46,544 - jasper.verilog - Attempting to add port "xlgmii_txled_0" (parent sig: True, parent port: False)
DEBUG - 2026-06-10 00:56:46,544 - jasper.verilog -   Port "xlgmii_txled_0" is new
DEBUG - 2026-06-10 00:56:46,544 - jasper.verilog - Attempting to add port "xlgmii_rxled_0" (parent sig: True, parent port: False)
DEBUG - 2026-06-10 00:56:46,544 - jasper.verilog -   Port "xlgmii_rxled_0" is new
DEBUG - 2026-06-10 00:56:46,544 - jasper.verilog - Attempting to add port "xlgmii_txled_1" (parent sig: True, parent port: False)
DEBUG - 2026-06-10 00:56:46,544 - jasper.verilog -   Port "xlgmii_txled_1" is new
DEBUG - 2026-06-10 00:56:46,544 - jasper.verilog - Attempting to add port "xlgmii_rxled_1" (parent sig: True, parent port: False)
DEBUG - 2026-06-10 00:56:46,544 - jasper.verilog -   Port "xlgmii_rxled_1" is new
DEBUG - 2026-06-10 00:56:46,544 - jasper.verilog - Attempting to add port "xlgmii_txled_2" (parent sig: True, parent port: False)
DEBUG - 2026-06-10 00:56:46,544 - jasper.verilog -   Port "xlgmii_txled_2" is new
DEBUG - 2026-06-10 00:56:46,544 - jasper.verilog - Attempting to add port "xlgmii_rxled_2" (parent sig: True, parent port: False)
DEBUG - 2026-06-10 00:56:46,544 - jasper.verilog -   Port "xlgmii_rxled_2" is new
DEBUG - 2026-06-10 00:56:46,544 - jasper.verilog - Attempting to add port "xlgmii_txled_3" (parent sig: True, parent port: False)
DEBUG - 2026-06-10 00:56:46,544 - jasper.verilog -   Port "xlgmii_txled_3" is new
DEBUG - 2026-06-10 00:56:46,544 - jasper.verilog - Attempting to add port "xlgmii_rxled_3" (parent sig: True, parent port: False)
DEBUG - 2026-06-10 00:56:46,544 - jasper.verilog -   Port "xlgmii_rxled_3" is new
DEBUG - 2026-06-10 00:56:46,544 - jasper.verilog - Attempting to add port "FPGA_RESET_N" (parent sig: True, parent port: True)
DEBUG - 2026-06-10 00:56:46,544 - jasper.verilog -   Port "FPGA_RESET_N" is new
DEBUG - 2026-06-10 00:56:46,544 - jasper.verilog - Attempting to add port "FPGA_REFCLK_BUF0_P" (parent sig: True, parent port: True)
DEBUG - 2026-06-10 00:56:46,544 - jasper.verilog -   Port "FPGA_REFCLK_BUF0_P" is new
DEBUG - 2026-06-10 00:56:46,544 - jasper.verilog - Attempting to add port "FPGA_REFCLK_BUF0_N" (parent sig: True, parent port: True)
DEBUG - 2026-06-10 00:56:46,544 - jasper.verilog -   Port "FPGA_REFCLK_BUF0_N" is new
DEBUG - 2026-06-10 00:56:46,544 - jasper.verilog - Attempting to add port "FPGA_REFCLK_BUF1_P" (parent sig: True, parent port: True)
DEBUG - 2026-06-10 00:56:46,544 - jasper.verilog -   Port "FPGA_REFCLK_BUF1_P" is new
DEBUG - 2026-06-10 00:56:46,544 - jasper.verilog - Attempting to add port "FPGA_REFCLK_BUF1_N" (parent sig: True, parent port: True)
DEBUG - 2026-06-10 00:56:46,544 - jasper.verilog -   Port "FPGA_REFCLK_BUF1_N" is new
DEBUG - 2026-06-10 00:56:46,544 - jasper.verilog - Attempting to add port "MEZZ0_SDA_IN" (parent sig: True, parent port: False)
DEBUG - 2026-06-10 00:56:46,544 - jasper.verilog -   Port "MEZZ0_SDA_IN" is new
DEBUG - 2026-06-10 00:56:46,544 - jasper.verilog - Attempting to add port "MEZZ0_SDA_OUT" (parent sig: True, parent port: False)
DEBUG - 2026-06-10 00:56:46,544 - jasper.verilog -   Port "MEZZ0_SDA_OUT" is new
DEBUG - 2026-06-10 00:56:46,544 - jasper.verilog - Attempting to add port "MEZZ0_SCL_IN" (parent sig: True, parent port: False)
DEBUG - 2026-06-10 00:56:46,544 - jasper.verilog -   Port "MEZZ0_SCL_IN" is new
DEBUG - 2026-06-10 00:56:46,544 - jasper.verilog - Attempting to add port "MEZZ0_SCL_OUT" (parent sig: True, parent port: False)
DEBUG - 2026-06-10 00:56:46,544 - jasper.verilog -   Port "MEZZ0_SCL_OUT" is new
DEBUG - 2026-06-10 00:56:46,544 - jasper.verilog - Attempting to add port "MEZZ0_INIT_DONE" (parent sig: True, parent port: False)
DEBUG - 2026-06-10 00:56:46,544 - jasper.verilog -   Port "MEZZ0_INIT_DONE" is new
DEBUG - 2026-06-10 00:56:46,544 - jasper.verilog - Attempting to add port "MEZZ0_POST_OK" (parent sig: True, parent port: False)
DEBUG - 2026-06-10 00:56:46,544 - jasper.verilog -   Port "MEZZ0_POST_OK" is new
DEBUG - 2026-06-10 00:56:46,544 - jasper.verilog - Attempting to add port "MEZZ0_ID" (parent sig: True, parent port: False)
DEBUG - 2026-06-10 00:56:46,544 - jasper.verilog -   Port "MEZZ0_ID" is new
DEBUG - 2026-06-10 00:56:46,545 - jasper.verilog - Attempting to add port "MEZZ0_PRESENT" (parent sig: True, parent port: False)
DEBUG - 2026-06-10 00:56:46,545 - jasper.verilog -   Port "MEZZ0_PRESENT" is new
DEBUG - 2026-06-10 00:56:46,545 - jasper.verilog - Attempting to add port "MEZZ1_SDA_IN" (parent sig: True, parent port: False)
DEBUG - 2026-06-10 00:56:46,545 - jasper.verilog -   Port "MEZZ1_SDA_IN" is new
DEBUG - 2026-06-10 00:56:46,545 - jasper.verilog - Attempting to add port "MEZZ1_SDA_OUT" (parent sig: True, parent port: False)
DEBUG - 2026-06-10 00:56:46,545 - jasper.verilog -   Port "MEZZ1_SDA_OUT" is new
DEBUG - 2026-06-10 00:56:46,545 - jasper.verilog - Attempting to add port "MEZZ1_SCL_IN" (parent sig: True, parent port: False)
DEBUG - 2026-06-10 00:56:46,545 - jasper.verilog -   Port "MEZZ1_SCL_IN" is new
DEBUG - 2026-06-10 00:56:46,545 - jasper.verilog - Attempting to add port "MEZZ1_SCL_OUT" (parent sig: True, parent port: False)
DEBUG - 2026-06-10 00:56:46,545 - jasper.verilog -   Port "MEZZ1_SCL_OUT" is new
DEBUG - 2026-06-10 00:56:46,545 - jasper.verilog - Attempting to add port "MEZZ1_INIT_DONE" (parent sig: True, parent port: False)
DEBUG - 2026-06-10 00:56:46,545 - jasper.verilog -   Port "MEZZ1_INIT_DONE" is new
DEBUG - 2026-06-10 00:56:46,545 - jasper.verilog - Attempting to add port "MEZZ1_POST_OK" (parent sig: True, parent port: False)
DEBUG - 2026-06-10 00:56:46,545 - jasper.verilog -   Port "MEZZ1_POST_OK" is new
DEBUG - 2026-06-10 00:56:46,545 - jasper.verilog - Attempting to add port "MEZZ1_ID" (parent sig: True, parent port: False)
DEBUG - 2026-06-10 00:56:46,545 - jasper.verilog -   Port "MEZZ1_ID" is new
DEBUG - 2026-06-10 00:56:46,545 - jasper.verilog - Attempting to add port "MEZZ1_PRESENT" (parent sig: True, parent port: False)
DEBUG - 2026-06-10 00:56:46,545 - jasper.verilog -   Port "MEZZ1_PRESENT" is new
DEBUG - 2026-06-10 00:56:46,545 - jasper.verilog - Attempting to add port "MEZZ2_SDA_IN" (parent sig: True, parent port: False)
DEBUG - 2026-06-10 00:56:46,545 - jasper.verilog -   Port "MEZZ2_SDA_IN" is new
DEBUG - 2026-06-10 00:56:46,545 - jasper.verilog - Attempting to add port "MEZZ2_SDA_OUT" (parent sig: True, parent port: False)
DEBUG - 2026-06-10 00:56:46,545 - jasper.verilog -   Port "MEZZ2_SDA_OUT" is new
DEBUG - 2026-06-10 00:56:46,545 - jasper.verilog - Attempting to add port "MEZZ2_SCL_IN" (parent sig: True, parent port: False)
DEBUG - 2026-06-10 00:56:46,545 - jasper.verilog -   Port "MEZZ2_SCL_IN" is new
DEBUG - 2026-06-10 00:56:46,545 - jasper.verilog - Attempting to add port "MEZZ2_SCL_OUT" (parent sig: True, parent port: False)
DEBUG - 2026-06-10 00:56:46,545 - jasper.verilog -   Port "MEZZ2_SCL_OUT" is new
DEBUG - 2026-06-10 00:56:46,545 - jasper.verilog - Attempting to add port "MEZZ2_INIT_DONE" (parent sig: True, parent port: False)
DEBUG - 2026-06-10 00:56:46,545 - jasper.verilog -   Port "MEZZ2_INIT_DONE" is new
DEBUG - 2026-06-10 00:56:46,545 - jasper.verilog - Attempting to add port "MEZZ2_POST_OK" (parent sig: True, parent port: False)
DEBUG - 2026-06-10 00:56:46,545 - jasper.verilog -   Port "MEZZ2_POST_OK" is new
DEBUG - 2026-06-10 00:56:46,545 - jasper.verilog - Attempting to add port "MEZZ2_ID" (parent sig: True, parent port: False)
DEBUG - 2026-06-10 00:56:46,545 - jasper.verilog -   Port "MEZZ2_ID" is new
DEBUG - 2026-06-10 00:56:46,545 - jasper.verilog - Attempting to add port "MEZZ2_PRESENT" (parent sig: True, parent port: False)
DEBUG - 2026-06-10 00:56:46,545 - jasper.verilog -   Port "MEZZ2_PRESENT" is new
DEBUG - 2026-06-10 00:56:46,545 - jasper.verilog - Attempting to add port "MEZZANINE_0_PRESENT_N" (parent sig: True, parent port: True)
DEBUG - 2026-06-10 00:56:46,545 - jasper.verilog -   Port "MEZZANINE_0_PRESENT_N" is new
DEBUG - 2026-06-10 00:56:46,545 - jasper.verilog - Attempting to add port "MEZZANINE_0_ENABLE_N" (parent sig: True, parent port: True)
DEBUG - 2026-06-10 00:56:46,545 - jasper.verilog -   Port "MEZZANINE_0_ENABLE_N" is new
DEBUG - 2026-06-10 00:56:46,545 - jasper.verilog - Attempting to add port "MEZZANINE_0_FAULT_N" (parent sig: True, parent port: True)
DEBUG - 2026-06-10 00:56:46,545 - jasper.verilog -   Port "MEZZANINE_0_FAULT_N" is new
DEBUG - 2026-06-10 00:56:46,545 - jasper.verilog - Attempting to add port "MEZZANINE_0_ONE_WIRE" (parent sig: True, parent port: True)
DEBUG - 2026-06-10 00:56:46,545 - jasper.verilog -   Port "MEZZANINE_0_ONE_WIRE" is new
DEBUG - 2026-06-10 00:56:46,545 - jasper.verilog - Attempting to add port "MEZZANINE_0_SCL_FPGA" (parent sig: True, parent port: True)
DEBUG - 2026-06-10 00:56:46,545 - jasper.verilog -   Port "MEZZANINE_0_SCL_FPGA" is new
DEBUG - 2026-06-10 00:56:46,545 - jasper.verilog - Attempting to add port "MEZZANINE_0_SDA_FPGA" (parent sig: True, parent port: True)
DEBUG - 2026-06-10 00:56:46,545 - jasper.verilog -   Port "MEZZANINE_0_SDA_FPGA" is new
DEBUG - 2026-06-10 00:56:46,545 - jasper.verilog - Attempting to add port "MEZZANINE_0_INT_N" (parent sig: True, parent port: True)
DEBUG - 2026-06-10 00:56:46,545 - jasper.verilog -   Port "MEZZANINE_0_INT_N" is new
DEBUG - 2026-06-10 00:56:46,545 - jasper.verilog - Attempting to add port "MEZZANINE_0_ONE_WIRE_STRONG_PULLUP_EN_N" (parent sig: True, parent port: True)
DEBUG - 2026-06-10 00:56:46,545 - jasper.verilog -   Port "MEZZANINE_0_ONE_WIRE_STRONG_PULLUP_EN_N" is new
DEBUG - 2026-06-10 00:56:46,545 - jasper.verilog - Attempting to add port "MEZZANINE_1_PRESENT_N" (parent sig: True, parent port: True)
DEBUG - 2026-06-10 00:56:46,545 - jasper.verilog -   Port "MEZZANINE_1_PRESENT_N" is new
DEBUG - 2026-06-10 00:56:46,545 - jasper.verilog - Attempting to add port "MEZZANINE_1_ENABLE_N" (parent sig: True, parent port: True)
DEBUG - 2026-06-10 00:56:46,545 - jasper.verilog -   Port "MEZZANINE_1_ENABLE_N" is new
DEBUG - 2026-06-10 00:56:46,545 - jasper.verilog - Attempting to add port "MEZZANINE_1_FAULT_N" (parent sig: True, parent port: True)
DEBUG - 2026-06-10 00:56:46,545 - jasper.verilog -   Port "MEZZANINE_1_FAULT_N" is new
DEBUG - 2026-06-10 00:56:46,545 - jasper.verilog - Attempting to add port "MEZZANINE_1_ONE_WIRE" (parent sig: True, parent port: True)
DEBUG - 2026-06-10 00:56:46,545 - jasper.verilog -   Port "MEZZANINE_1_ONE_WIRE" is new
DEBUG - 2026-06-10 00:56:46,545 - jasper.verilog - Attempting to add port "MEZZANINE_1_SCL_FPGA" (parent sig: True, parent port: True)
DEBUG - 2026-06-10 00:56:46,545 - jasper.verilog -   Port "MEZZANINE_1_SCL_FPGA" is new
DEBUG - 2026-06-10 00:56:46,545 - jasper.verilog - Attempting to add port "MEZZANINE_1_SDA_FPGA" (parent sig: True, parent port: True)
DEBUG - 2026-06-10 00:56:46,545 - jasper.verilog -   Port "MEZZANINE_1_SDA_FPGA" is new
DEBUG - 2026-06-10 00:56:46,545 - jasper.verilog - Attempting to add port "MEZZANINE_1_INT_N" (parent sig: True, parent port: True)
DEBUG - 2026-06-10 00:56:46,545 - jasper.verilog -   Port "MEZZANINE_1_INT_N" is new
DEBUG - 2026-06-10 00:56:46,545 - jasper.verilog - Attempting to add port "MEZZANINE_1_ONE_WIRE_STRONG_PULLUP_EN_N" (parent sig: True, parent port: True)
DEBUG - 2026-06-10 00:56:46,545 - jasper.verilog -   Port "MEZZANINE_1_ONE_WIRE_STRONG_PULLUP_EN_N" is new
DEBUG - 2026-06-10 00:56:46,545 - jasper.verilog - Attempting to add port "MEZZANINE_2_PRESENT_N" (parent sig: True, parent port: True)
DEBUG - 2026-06-10 00:56:46,545 - jasper.verilog -   Port "MEZZANINE_2_PRESENT_N" is new
DEBUG - 2026-06-10 00:56:46,545 - jasper.verilog - Attempting to add port "MEZZANINE_2_ENABLE_N" (parent sig: True, parent port: True)
DEBUG - 2026-06-10 00:56:46,545 - jasper.verilog -   Port "MEZZANINE_2_ENABLE_N" is new
DEBUG - 2026-06-10 00:56:46,545 - jasper.verilog - Attempting to add port "MEZZANINE_2_FAULT_N" (parent sig: True, parent port: True)
DEBUG - 2026-06-10 00:56:46,545 - jasper.verilog -   Port "MEZZANINE_2_FAULT_N" is new
DEBUG - 2026-06-10 00:56:46,545 - jasper.verilog - Attempting to add port "MEZZANINE_2_ONE_WIRE" (parent sig: True, parent port: True)
DEBUG - 2026-06-10 00:56:46,545 - jasper.verilog -   Port "MEZZANINE_2_ONE_WIRE" is new
DEBUG - 2026-06-10 00:56:46,545 - jasper.verilog - Attempting to add port "MEZZANINE_2_SCL_FPGA" (parent sig: True, parent port: True)
DEBUG - 2026-06-10 00:56:46,545 - jasper.verilog -   Port "MEZZANINE_2_SCL_FPGA" is new
DEBUG - 2026-06-10 00:56:46,545 - jasper.verilog - Attempting to add port "MEZZANINE_2_SDA_FPGA" (parent sig: True, parent port: True)
DEBUG - 2026-06-10 00:56:46,545 - jasper.verilog -   Port "MEZZANINE_2_SDA_FPGA" is new
DEBUG - 2026-06-10 00:56:46,545 - jasper.verilog - Attempting to add port "MEZZANINE_2_INT_N" (parent sig: True, parent port: True)
DEBUG - 2026-06-10 00:56:46,545 - jasper.verilog -   Port "MEZZANINE_2_INT_N" is new
DEBUG - 2026-06-10 00:56:46,545 - jasper.verilog - Attempting to add port "MEZZANINE_2_ONE_WIRE_STRONG_PULLUP_EN_N" (parent sig: True, parent port: True)
DEBUG - 2026-06-10 00:56:46,545 - jasper.verilog -   Port "MEZZANINE_2_ONE_WIRE_STRONG_PULLUP_EN_N" is new
DEBUG - 2026-06-10 00:56:46,545 - jasper.verilog - Attempting to add port "MEZZANINE_3_PRESENT_N" (parent sig: True, parent port: True)
DEBUG - 2026-06-10 00:56:46,545 - jasper.verilog -   Port "MEZZANINE_3_PRESENT_N" is new
DEBUG - 2026-06-10 00:56:46,545 - jasper.verilog - Attempting to add port "MEZZANINE_3_ENABLE_N" (parent sig: True, parent port: True)
DEBUG - 2026-06-10 00:56:46,545 - jasper.verilog -   Port "MEZZANINE_3_ENABLE_N" is new
DEBUG - 2026-06-10 00:56:46,545 - jasper.verilog - Attempting to add port "MEZZANINE_3_RESET" (parent sig: True, parent port: True)
DEBUG - 2026-06-10 00:56:46,545 - jasper.verilog -   Port "MEZZANINE_3_RESET" is new
DEBUG - 2026-06-10 00:56:46,545 - jasper.verilog - Attempting to add port "MEZZANINE_3_FAULT_N" (parent sig: True, parent port: True)
DEBUG - 2026-06-10 00:56:46,545 - jasper.verilog -   Port "MEZZANINE_3_FAULT_N" is new
DEBUG - 2026-06-10 00:56:46,545 - jasper.verilog - Attempting to add port "MEZZANINE_3_ONE_WIRE" (parent sig: True, parent port: True)
DEBUG - 2026-06-10 00:56:46,545 - jasper.verilog -   Port "MEZZANINE_3_ONE_WIRE" is new
DEBUG - 2026-06-10 00:56:46,545 - jasper.verilog - Attempting to add port "MEZZANINE_3_CLK_SEL" (parent sig: True, parent port: True)
DEBUG - 2026-06-10 00:56:46,545 - jasper.verilog -   Port "MEZZANINE_3_CLK_SEL" is new
DEBUG - 2026-06-10 00:56:46,545 - jasper.verilog - Attempting to add port "MEZZANINE_3_SCL_FPGA" (parent sig: True, parent port: True)
DEBUG - 2026-06-10 00:56:46,545 - jasper.verilog -   Port "MEZZANINE_3_SCL_FPGA" is new
DEBUG - 2026-06-10 00:56:46,545 - jasper.verilog - Attempting to add port "MEZZANINE_3_SDA_FPGA" (parent sig: True, parent port: True)
DEBUG - 2026-06-10 00:56:46,545 - jasper.verilog -   Port "MEZZANINE_3_SDA_FPGA" is new
DEBUG - 2026-06-10 00:56:46,545 - jasper.verilog - Attempting to add port "MEZZANINE_3_INT_N" (parent sig: True, parent port: True)
DEBUG - 2026-06-10 00:56:46,545 - jasper.verilog -   Port "MEZZANINE_3_INT_N" is new
DEBUG - 2026-06-10 00:56:46,545 - jasper.verilog - Attempting to add port "MEZZANINE_3_ONE_WIRE_STRONG_PULLUP_EN_N" (parent sig: True, parent port: True)
DEBUG - 2026-06-10 00:56:46,545 - jasper.verilog -   Port "MEZZANINE_3_ONE_WIRE_STRONG_PULLUP_EN_N" is new
DEBUG - 2026-06-10 00:56:46,545 - jasper.verilog - Attempting to add port "ONE_GBE_LINK" (parent sig: True, parent port: True)
DEBUG - 2026-06-10 00:56:46,545 - jasper.verilog -   Port "ONE_GBE_LINK" is new
DEBUG - 2026-06-10 00:56:46,546 - jasper.verilog - Attempting to add port "GBE_INT_N" (parent sig: True, parent port: True)
DEBUG - 2026-06-10 00:56:46,546 - jasper.verilog -   Port "GBE_INT_N" is new
DEBUG - 2026-06-10 00:56:46,546 - jasper.verilog - Attempting to add port "ONE_WIRE_EEPROM" (parent sig: True, parent port: True)
DEBUG - 2026-06-10 00:56:46,546 - jasper.verilog -   Port "ONE_WIRE_EEPROM" is new
DEBUG - 2026-06-10 00:56:46,546 - jasper.verilog - Attempting to add port "ONE_WIRE_EEPROM_STRONG_PULLUP_EN_N" (parent sig: True, parent port: True)
DEBUG - 2026-06-10 00:56:46,546 - jasper.verilog -   Port "ONE_WIRE_EEPROM_STRONG_PULLUP_EN_N" is new
DEBUG - 2026-06-10 00:56:46,546 - jasper.verilog - Attempting to add port "I2C_SCL_FPGA" (parent sig: True, parent port: True)
DEBUG - 2026-06-10 00:56:46,546 - jasper.verilog -   Port "I2C_SCL_FPGA" is new
DEBUG - 2026-06-10 00:56:46,546 - jasper.verilog - Attempting to add port "I2C_SDA_FPGA" (parent sig: True, parent port: True)
DEBUG - 2026-06-10 00:56:46,546 - jasper.verilog -   Port "I2C_SDA_FPGA" is new
DEBUG - 2026-06-10 00:56:46,546 - jasper.verilog - Attempting to add port "I2C_RESET_FPGA" (parent sig: True, parent port: True)
DEBUG - 2026-06-10 00:56:46,546 - jasper.verilog -   Port "I2C_RESET_FPGA" is new
DEBUG - 2026-06-10 00:56:46,546 - jasper.verilog - Attempting to add port "FAN_CONT_RST_N" (parent sig: True, parent port: True)
DEBUG - 2026-06-10 00:56:46,546 - jasper.verilog -   Port "FAN_CONT_RST_N" is new
DEBUG - 2026-06-10 00:56:46,546 - jasper.verilog - Attempting to add port "FAN_CONT_ALERT_N" (parent sig: True, parent port: True)
DEBUG - 2026-06-10 00:56:46,546 - jasper.verilog -   Port "FAN_CONT_ALERT_N" is new
DEBUG - 2026-06-10 00:56:46,546 - jasper.verilog - Attempting to add port "FAN_CONT_FAULT_N" (parent sig: True, parent port: True)
DEBUG - 2026-06-10 00:56:46,546 - jasper.verilog -   Port "FAN_CONT_FAULT_N" is new
DEBUG - 2026-06-10 00:56:46,546 - jasper.verilog - Attempting to add port "MONITOR_ALERT_N" (parent sig: True, parent port: True)
DEBUG - 2026-06-10 00:56:46,546 - jasper.verilog -   Port "MONITOR_ALERT_N" is new
DEBUG - 2026-06-10 00:56:46,546 - jasper.verilog - Attempting to add port "MEZZANINE_COMBINED_FAULT" (parent sig: True, parent port: True)
DEBUG - 2026-06-10 00:56:46,546 - jasper.verilog -   Port "MEZZANINE_COMBINED_FAULT" is new
DEBUG - 2026-06-10 00:56:46,546 - jasper.verilog - Attempting to add port "FPGA_ATX_PSU_KILL" (parent sig: True, parent port: True)
DEBUG - 2026-06-10 00:56:46,546 - jasper.verilog -   Port "FPGA_ATX_PSU_KILL" is new
DEBUG - 2026-06-10 00:56:46,546 - jasper.verilog - Attempting to add port "USB_FPGA" (parent sig: True, parent port: True)
DEBUG - 2026-06-10 00:56:46,546 - jasper.verilog -   Port "USB_FPGA" is new
DEBUG - 2026-06-10 00:56:46,546 - jasper.verilog - Attempting to add port "USB_I2C_CTRL" (parent sig: True, parent port: True)
DEBUG - 2026-06-10 00:56:46,546 - jasper.verilog -   Port "USB_I2C_CTRL" is new
DEBUG - 2026-06-10 00:56:46,546 - jasper.verilog - Attempting to add port "USB_UART_RXD" (parent sig: True, parent port: True)
DEBUG - 2026-06-10 00:56:46,546 - jasper.verilog -   Port "USB_UART_RXD" is new
DEBUG - 2026-06-10 00:56:46,546 - jasper.verilog - Attempting to add port "USB_UART_TXD" (parent sig: True, parent port: True)
DEBUG - 2026-06-10 00:56:46,546 - jasper.verilog -   Port "USB_UART_TXD" is new
DEBUG - 2026-06-10 00:56:46,546 - jasper.verilog - Attempting to add port "PCIE_RST_N" (parent sig: True, parent port: True)
DEBUG - 2026-06-10 00:56:46,546 - jasper.verilog -   Port "PCIE_RST_N" is new
DEBUG - 2026-06-10 00:56:46,546 - jasper.verilog - Attempting to add port "CPU_PWR_BTN_N" (parent sig: True, parent port: True)
DEBUG - 2026-06-10 00:56:46,546 - jasper.verilog -   Port "CPU_PWR_BTN_N" is new
DEBUG - 2026-06-10 00:56:46,546 - jasper.verilog - Attempting to add port "CPU_PWR_OK" (parent sig: True, parent port: True)
DEBUG - 2026-06-10 00:56:46,546 - jasper.verilog -   Port "CPU_PWR_OK" is new
DEBUG - 2026-06-10 00:56:46,546 - jasper.verilog - Attempting to add port "CPU_SYS_RESET_N" (parent sig: True, parent port: True)
DEBUG - 2026-06-10 00:56:46,546 - jasper.verilog -   Port "CPU_SYS_RESET_N" is new
DEBUG - 2026-06-10 00:56:46,546 - jasper.verilog - Attempting to add port "CPU_SUS_S3_N" (parent sig: True, parent port: True)
DEBUG - 2026-06-10 00:56:46,546 - jasper.verilog -   Port "CPU_SUS_S3_N" is new
DEBUG - 2026-06-10 00:56:46,546 - jasper.verilog - Attempting to add port "CPU_SUS_S4_N" (parent sig: True, parent port: True)
DEBUG - 2026-06-10 00:56:46,546 - jasper.verilog -   Port "CPU_SUS_S4_N" is new
DEBUG - 2026-06-10 00:56:46,546 - jasper.verilog - Attempting to add port "CPU_SUS_S5_N" (parent sig: True, parent port: True)
DEBUG - 2026-06-10 00:56:46,546 - jasper.verilog -   Port "CPU_SUS_S5_N" is new
DEBUG - 2026-06-10 00:56:46,546 - jasper.verilog - Attempting to add port "CPU_SUS_STAT_N" (parent sig: True, parent port: True)
DEBUG - 2026-06-10 00:56:46,546 - jasper.verilog -   Port "CPU_SUS_STAT_N" is new
DEBUG - 2026-06-10 00:56:46,546 - jasper.verilog - Attempting to add port "EMCCLK" (parent sig: True, parent port: True)
DEBUG - 2026-06-10 00:56:46,546 - jasper.verilog -   Port "EMCCLK" is new
DEBUG - 2026-06-10 00:56:46,546 - jasper.verilog - Attempting to add port "FPGA_EMCCLK2" (parent sig: True, parent port: True)
DEBUG - 2026-06-10 00:56:46,546 - jasper.verilog -   Port "FPGA_EMCCLK2" is new
DEBUG - 2026-06-10 00:56:46,546 - jasper.verilog - Attempting to add port "FLASH_DQ" (parent sig: True, parent port: True)
DEBUG - 2026-06-10 00:56:46,546 - jasper.verilog -   Port "FLASH_DQ" is new
DEBUG - 2026-06-10 00:56:46,546 - jasper.verilog - Attempting to add port "FLASH_A" (parent sig: True, parent port: True)
DEBUG - 2026-06-10 00:56:46,546 - jasper.verilog -   Port "FLASH_A" is new
DEBUG - 2026-06-10 00:56:46,546 - jasper.verilog - Attempting to add port "FLASH_CS_N" (parent sig: True, parent port: True)
DEBUG - 2026-06-10 00:56:46,546 - jasper.verilog -   Port "FLASH_CS_N" is new
DEBUG - 2026-06-10 00:56:46,546 - jasper.verilog - Attempting to add port "FLASH_OE_N" (parent sig: True, parent port: True)
DEBUG - 2026-06-10 00:56:46,546 - jasper.verilog -   Port "FLASH_OE_N" is new
DEBUG - 2026-06-10 00:56:46,546 - jasper.verilog - Attempting to add port "FLASH_WE_N" (parent sig: True, parent port: True)
DEBUG - 2026-06-10 00:56:46,546 - jasper.verilog -   Port "FLASH_WE_N" is new
DEBUG - 2026-06-10 00:56:46,546 - jasper.verilog - Attempting to add port "FLASH_ADV_N" (parent sig: True, parent port: True)
DEBUG - 2026-06-10 00:56:46,546 - jasper.verilog -   Port "FLASH_ADV_N" is new
DEBUG - 2026-06-10 00:56:46,546 - jasper.verilog - Attempting to add port "FLASH_RS0" (parent sig: True, parent port: True)
DEBUG - 2026-06-10 00:56:46,546 - jasper.verilog -   Port "FLASH_RS0" is new
DEBUG - 2026-06-10 00:56:46,546 - jasper.verilog - Attempting to add port "FLASH_RS1" (parent sig: True, parent port: True)
DEBUG - 2026-06-10 00:56:46,546 - jasper.verilog -   Port "FLASH_RS1" is new
DEBUG - 2026-06-10 00:56:46,546 - jasper.verilog - Attempting to add port "FLASH_WAIT" (parent sig: True, parent port: True)
DEBUG - 2026-06-10 00:56:46,546 - jasper.verilog -   Port "FLASH_WAIT" is new
DEBUG - 2026-06-10 00:56:46,546 - jasper.verilog - Attempting to add port "SPARTAN_CLK" (parent sig: True, parent port: True)
DEBUG - 2026-06-10 00:56:46,546 - jasper.verilog -   Port "SPARTAN_CLK" is new
DEBUG - 2026-06-10 00:56:46,546 - jasper.verilog - Attempting to add port "CONFIG_IO_0" (parent sig: True, parent port: True)
DEBUG - 2026-06-10 00:56:46,546 - jasper.verilog -   Port "CONFIG_IO_0" is new
DEBUG - 2026-06-10 00:56:46,546 - jasper.verilog - Attempting to add port "CONFIG_IO_1" (parent sig: True, parent port: True)
DEBUG - 2026-06-10 00:56:46,546 - jasper.verilog -   Port "CONFIG_IO_1" is new
DEBUG - 2026-06-10 00:56:46,546 - jasper.verilog - Attempting to add port "CONFIG_IO_2" (parent sig: True, parent port: True)
DEBUG - 2026-06-10 00:56:46,546 - jasper.verilog -   Port "CONFIG_IO_2" is new
DEBUG - 2026-06-10 00:56:46,546 - jasper.verilog - Attempting to add port "CONFIG_IO_3" (parent sig: True, parent port: True)
DEBUG - 2026-06-10 00:56:46,546 - jasper.verilog -   Port "CONFIG_IO_3" is new
DEBUG - 2026-06-10 00:56:46,546 - jasper.verilog - Attempting to add port "CONFIG_IO_4" (parent sig: True, parent port: True)
DEBUG - 2026-06-10 00:56:46,546 - jasper.verilog -   Port "CONFIG_IO_4" is new
DEBUG - 2026-06-10 00:56:46,546 - jasper.verilog - Attempting to add port "CONFIG_IO_5" (parent sig: True, parent port: True)
DEBUG - 2026-06-10 00:56:46,546 - jasper.verilog -   Port "CONFIG_IO_5" is new
DEBUG - 2026-06-10 00:56:46,546 - jasper.verilog - Attempting to add port "CONFIG_IO_6" (parent sig: True, parent port: True)
DEBUG - 2026-06-10 00:56:46,546 - jasper.verilog -   Port "CONFIG_IO_6" is new
DEBUG - 2026-06-10 00:56:46,546 - jasper.verilog - Attempting to add port "CONFIG_IO_7" (parent sig: True, parent port: True)
DEBUG - 2026-06-10 00:56:46,546 - jasper.verilog -   Port "CONFIG_IO_7" is new
DEBUG - 2026-06-10 00:56:46,546 - jasper.verilog - Attempting to add port "CONFIG_IO_8" (parent sig: True, parent port: True)
DEBUG - 2026-06-10 00:56:46,546 - jasper.verilog -   Port "CONFIG_IO_8" is new
DEBUG - 2026-06-10 00:56:46,546 - jasper.verilog - Attempting to add port "CONFIG_IO_9" (parent sig: True, parent port: True)
DEBUG - 2026-06-10 00:56:46,546 - jasper.verilog -   Port "CONFIG_IO_9" is new
DEBUG - 2026-06-10 00:56:46,546 - jasper.verilog - Attempting to add port "CONFIG_IO_10" (parent sig: True, parent port: True)
DEBUG - 2026-06-10 00:56:46,546 - jasper.verilog -   Port "CONFIG_IO_10" is new
DEBUG - 2026-06-10 00:56:46,546 - jasper.verilog - Attempting to add port "CONFIG_IO_11" (parent sig: True, parent port: True)
DEBUG - 2026-06-10 00:56:46,546 - jasper.verilog -   Port "CONFIG_IO_11" is new
DEBUG - 2026-06-10 00:56:46,547 - jasper.verilog - Attempting to add port "SPI_MISO" (parent sig: True, parent port: True)
DEBUG - 2026-06-10 00:56:46,547 - jasper.verilog -   Port "SPI_MISO" is new
DEBUG - 2026-06-10 00:56:46,547 - jasper.verilog - Attempting to add port "SPI_MOSI" (parent sig: True, parent port: True)
DEBUG - 2026-06-10 00:56:46,547 - jasper.verilog -   Port "SPI_MOSI" is new
DEBUG - 2026-06-10 00:56:46,547 - jasper.verilog - Attempting to add port "SPI_CSB" (parent sig: True, parent port: True)
DEBUG - 2026-06-10 00:56:46,547 - jasper.verilog -   Port "SPI_CSB" is new
DEBUG - 2026-06-10 00:56:46,547 - jasper.verilog - Attempting to add port "SPI_CLK" (parent sig: True, parent port: True)
DEBUG - 2026-06-10 00:56:46,547 - jasper.verilog -   Port "SPI_CLK" is new
DEBUG - 2026-06-10 00:56:46,547 - jasper.verilog - Attempting to add port "DEBUG_UART_TX" (parent sig: True, parent port: True)
DEBUG - 2026-06-10 00:56:46,547 - jasper.verilog -   Port "DEBUG_UART_TX" is new
DEBUG - 2026-06-10 00:56:46,547 - jasper.verilog - Attempting to add port "DEBUG_UART_RX" (parent sig: True, parent port: True)
DEBUG - 2026-06-10 00:56:46,547 - jasper.verilog -   Port "DEBUG_UART_RX" is new
DEBUG - 2026-06-10 00:56:46,547 - jasper.verilog - Attempting to add port "EMCCLK_FIX" (parent sig: True, parent port: True)
DEBUG - 2026-06-10 00:56:46,547 - jasper.verilog -   Port "EMCCLK_FIX" is new
DEBUG - 2026-06-10 00:56:46,547 - jasper.verilog - Attempting to add port "WB_SLV_CLK_I_top" (parent sig: True, parent port: False)
DEBUG - 2026-06-10 00:56:46,547 - jasper.verilog -   Port "WB_SLV_CLK_I_top" is new
DEBUG - 2026-06-10 00:56:46,547 - jasper.verilog - Attempting to add port "WB_SLV_RST_I_top" (parent sig: True, parent port: False)
DEBUG - 2026-06-10 00:56:46,547 - jasper.verilog -   Port "WB_SLV_RST_I_top" is new
DEBUG - 2026-06-10 00:56:46,547 - jasper.verilog - Attempting to add port "WB_SLV_DAT_I_top" (parent sig: True, parent port: False)
DEBUG - 2026-06-10 00:56:46,547 - jasper.verilog -   Port "WB_SLV_DAT_I_top" is new
DEBUG - 2026-06-10 00:56:46,547 - jasper.verilog - Attempting to add port "WB_SLV_DAT_O_top" (parent sig: True, parent port: False)
DEBUG - 2026-06-10 00:56:46,547 - jasper.verilog -   Port "WB_SLV_DAT_O_top" is new
DEBUG - 2026-06-10 00:56:46,547 - jasper.verilog - Attempting to add port "WB_SLV_ACK_O_top" (parent sig: True, parent port: False)
DEBUG - 2026-06-10 00:56:46,547 - jasper.verilog -   Port "WB_SLV_ACK_O_top" is new
DEBUG - 2026-06-10 00:56:46,547 - jasper.verilog - Attempting to add port "WB_SLV_ADR_I_top" (parent sig: True, parent port: False)
DEBUG - 2026-06-10 00:56:46,547 - jasper.verilog -   Port "WB_SLV_ADR_I_top" is new
DEBUG - 2026-06-10 00:56:46,547 - jasper.verilog - Attempting to add port "WB_SLV_CYC_I_top" (parent sig: True, parent port: False)
DEBUG - 2026-06-10 00:56:46,547 - jasper.verilog -   Port "WB_SLV_CYC_I_top" is new
DEBUG - 2026-06-10 00:56:46,547 - jasper.verilog - Attempting to add port "WB_SLV_SEL_I_top" (parent sig: True, parent port: False)
DEBUG - 2026-06-10 00:56:46,547 - jasper.verilog -   Port "WB_SLV_SEL_I_top" is new
DEBUG - 2026-06-10 00:56:46,547 - jasper.verilog - Attempting to add port "WB_SLV_STB_I_top" (parent sig: True, parent port: False)
DEBUG - 2026-06-10 00:56:46,547 - jasper.verilog -   Port "WB_SLV_STB_I_top" is new
DEBUG - 2026-06-10 00:56:46,547 - jasper.verilog - Attempting to add port "WB_SLV_WE_I_top" (parent sig: True, parent port: False)
DEBUG - 2026-06-10 00:56:46,547 - jasper.verilog -   Port "WB_SLV_WE_I_top" is new
DEBUG - 2026-06-10 00:56:46,547 - jasper.verilog - Attempting to add port "dsp_leds_i" (parent sig: True, parent port: False)
DEBUG - 2026-06-10 00:56:46,547 - jasper.verilog -   Port "dsp_leds_i" is new
DEBUG - 2026-06-10 00:56:46,547 - jasper.verilog - Attempting to add port "fpga_leds_o" (parent sig: True, parent port: True)
DEBUG - 2026-06-10 00:56:46,547 - jasper.verilog -   Port "fpga_leds_o" is new
DEBUG - 2026-06-10 00:56:46,547 - jasper.toolflow - modifying top for obj xps:sys_block0
DEBUG - 2026-06-10 00:56:46,547 - jasper.verilog - Initializing second-layer dictionairies for: sys_block: SKARAB
DEBUG - 2026-06-10 00:56:46,547 - jasper.verilog - Initializing second-layer dictionairies for: default
DEBUG - 2026-06-10 00:56:46,547 - jasper.verilog -   Parameter "BOARD_ID" is new
DEBUG - 2026-06-10 00:56:46,547 - jasper.verilog -   Parameter "REV_MAJ" is new
DEBUG - 2026-06-10 00:56:46,547 - jasper.verilog -   Parameter "REV_MIN" is new
DEBUG - 2026-06-10 00:56:46,547 - jasper.verilog -   Parameter "REV_RCS" is new
DEBUG - 2026-06-10 00:56:46,547 - jasper.verilog - Attempting to add port "user_clk" (parent sig: False, parent port: False)
DEBUG - 2026-06-10 00:56:46,547 - jasper.verilog -   Port "user_clk" is new
DEBUG - 2026-06-10 00:56:46,547 - jasper.verilog - Attempting to add port "wb_clk_i" (parent sig: False, parent port: False)
DEBUG - 2026-06-10 00:56:46,547 - jasper.verilog -   Port "wb_clk_i" is new
DEBUG - 2026-06-10 00:56:46,547 - jasper.verilog - Attempting to add port "wb_rst_i" (parent sig: False, parent port: False)
DEBUG - 2026-06-10 00:56:46,547 - jasper.verilog -   Port "wb_rst_i" is new
DEBUG - 2026-06-10 00:56:46,547 - jasper.verilog - Attempting to add port "wb_cyc_i" (parent sig: False, parent port: False)
DEBUG - 2026-06-10 00:56:46,547 - jasper.verilog -   Port "wb_cyc_i" is new
DEBUG - 2026-06-10 00:56:46,547 - jasper.verilog - Attempting to add port "wb_stb_i" (parent sig: False, parent port: False)
DEBUG - 2026-06-10 00:56:46,547 - jasper.verilog -   Port "wb_stb_i" is new
DEBUG - 2026-06-10 00:56:46,547 - jasper.verilog - Attempting to add port "wb_we_i" (parent sig: False, parent port: False)
DEBUG - 2026-06-10 00:56:46,547 - jasper.verilog -   Port "wb_we_i" is new
DEBUG - 2026-06-10 00:56:46,547 - jasper.verilog - Attempting to add port "wb_sel_i" (parent sig: False, parent port: False)
DEBUG - 2026-06-10 00:56:46,547 - jasper.verilog -   Port "wb_sel_i" is new
DEBUG - 2026-06-10 00:56:46,547 - jasper.verilog - Attempting to add port "wb_adr_i" (parent sig: False, parent port: False)
DEBUG - 2026-06-10 00:56:46,547 - jasper.verilog -   Port "wb_adr_i" is new
DEBUG - 2026-06-10 00:56:46,547 - jasper.verilog - Attempting to add port "wb_dat_i" (parent sig: False, parent port: False)
DEBUG - 2026-06-10 00:56:46,547 - jasper.verilog -   Port "wb_dat_i" is new
DEBUG - 2026-06-10 00:56:46,547 - jasper.verilog - Attempting to add port "wb_dat_o" (parent sig: False, parent port: False)
DEBUG - 2026-06-10 00:56:46,547 - jasper.verilog -   Port "wb_dat_o" is new
DEBUG - 2026-06-10 00:56:46,547 - jasper.verilog - Attempting to add port "wb_ack_o" (parent sig: False, parent port: False)
DEBUG - 2026-06-10 00:56:46,547 - jasper.verilog -   Port "wb_ack_o" is new
DEBUG - 2026-06-10 00:56:46,547 - jasper.verilog - Attempting to add port "wb_err_o" (parent sig: False, parent port: False)
DEBUG - 2026-06-10 00:56:46,547 - jasper.verilog -   Port "wb_err_o" is new
INFO - 2026-06-10 00:56:46,547 - jasper.toolflow - instantiating user_ip
DEBUG - 2026-06-10 00:56:46,547 - jasper.verilog - Initializing second-layer dictionairies for: default
DEBUG - 2026-06-10 00:56:46,547 - jasper.verilog - Initializing second-layer dictionairies for: usermodule: fir_filter
DEBUG - 2026-06-10 00:56:46,547 - jasper.verilog - Attempting to add port "clk" (parent sig: False, parent port: False)
DEBUG - 2026-06-10 00:56:46,547 - jasper.verilog -   Port "clk" is new
