Copyright 1986-2019 Xilinx, Inc. All Rights Reserved.
------------------------------------------------------------------------------------
| Tool Version : Vivado v.2019.1 (lin64) Build 2552052 Fri May 24 14:47:09 MDT 2019
| Date         : Fri Aug  7 15:52:42 2026
| Host         : valmyrsilva07-B760M-AORUS-ELITE running 64-bit Ubuntu 20.04.6 LTS
| Command      : report_clock_utilization -file top_clock_utilization_routed.rpt
| Design       : top
| Device       : 7vx690t-ffg1927
| Speed File   : -2  PRODUCTION 1.11 2014-09-11
| Design State : Routed
------------------------------------------------------------------------------------

Clock Utilization Report

Table of Contents
-----------------
1. Clock Primitive Utilization
2. Global Clock Resources
3. Global Clock Source Details
4. Clock Regions: Key Resource Utilization
5. Clock Regions : Global Clock Summary
6. Device Cell Placement Summary for Global Clock g0
7. Device Cell Placement Summary for Global Clock g1
8. Device Cell Placement Summary for Global Clock g2
9. Device Cell Placement Summary for Global Clock g3
10. Device Cell Placement Summary for Global Clock g4
11. Device Cell Placement Summary for Global Clock g5
12. Device Cell Placement Summary for Global Clock g6
13. Device Cell Placement Summary for Global Clock g7
14. Device Cell Placement Summary for Global Clock g8
15. Device Cell Placement Summary for Global Clock g9
16. Device Cell Placement Summary for Global Clock g10
17. Device Cell Placement Summary for Global Clock g11
18. Clock Region Cell Placement per Global Clock: Region X0Y3
19. Clock Region Cell Placement per Global Clock: Region X1Y3
20. Clock Region Cell Placement per Global Clock: Region X0Y4
21. Clock Region Cell Placement per Global Clock: Region X1Y4
22. Clock Region Cell Placement per Global Clock: Region X0Y5
23. Clock Region Cell Placement per Global Clock: Region X1Y5
24. Clock Region Cell Placement per Global Clock: Region X0Y6
25. Clock Region Cell Placement per Global Clock: Region X1Y6
26. Clock Region Cell Placement per Global Clock: Region X0Y7
27. Clock Region Cell Placement per Global Clock: Region X1Y7
28. Clock Region Cell Placement per Global Clock: Region X0Y8
29. Clock Region Cell Placement per Global Clock: Region X1Y8
30. Clock Region Cell Placement per Global Clock: Region X0Y9
31. Clock Region Cell Placement per Global Clock: Region X1Y9

1. Clock Primitive Utilization
------------------------------

+----------+------+-----------+-----+--------------+--------+
| Type     | Used | Available | LOC | Clock Region | Pblock |
+----------+------+-----------+-----+--------------+--------+
| BUFGCTRL |   11 |        32 |   0 |            0 |      0 |
| BUFH     |    0 |       240 |   0 |            0 |      0 |
| BUFIO    |    0 |        80 |   0 |            0 |      0 |
| BUFMR    |    0 |        40 |   0 |            0 |      0 |
| BUFR     |    1 |        80 |   0 |            0 |      0 |
| MMCM     |    3 |        20 |   0 |            0 |      0 |
| PLL      |    0 |        20 |   0 |            0 |      0 |
+----------+------+-----------+-----+--------------+--------+


2. Global Clock Resources
-------------------------

+-----------+-----------+-----------------+------------+----------------+--------------+-------------------+-------------+-----------------+--------------+--------------------------------------------------------------------------------------------------------------------------------------------------------+------------------------------------------------------------------------------------------------------------------+------------------------------------------------------------------------------------------------------------+
| Global Id | Source Id | Driver Type/Pin | Constraint | Site           | Clock Region | Load Clock Region | Clock Loads | Non-Clock Loads | Clock Period | Clock                                                                                                                                                  | Driver Pin                                                                                                       | Net                                                                                                        |
+-----------+-----------+-----------------+------------+----------------+--------------+-------------------+-------------+-----------------+--------------+--------------------------------------------------------------------------------------------------------------------------------------------------------+------------------------------------------------------------------------------------------------------------------+------------------------------------------------------------------------------------------------------------+
| g0        | src0      | BUFG/O          | None       | BUFGCTRL_X0Y19 | n/a          |                14 |       52803 |               0 |        6.667 | user_clk_mmcm                                                                                                                                          | skarab_infr/user_clk_BUFG_inst/O                                                                                 | skarab_infr/sys_clk                                                                                        |
| g1        | src1      | BUFG/O          | None       | BUFGCTRL_X0Y1  | n/a          |                13 |        9199 |               1 |       25.600 | bsp_clk_mmcm                                                                                                                                           | skarab_infr/bsp_clk_BUFG_inst/O                                                                                  | skarab_infr/wb_clk_i                                                                                       |
| g2        | src1      | BUFG/O          | None       | BUFGCTRL_X0Y0  | n/a          |                 6 |        2718 |               0 |        6.400 | sys_clk_mmcm                                                                                                                                           | skarab_infr/sys_clk_BUFG_inst/O                                                                                  | skarab_infr/board_clk                                                                                      |
| g3        | src2      | BUFG/O          | None       | BUFGCTRL_X0Y20 | n/a          |                 5 |         984 |               0 |        8.000 | clkout0                                                                                                                                                | ethernet_one_gbe_skarab_axi_tx_one_gbe/gmii_to_sgmii_0/U0/core_clocking_i/bufg_userclk2/O                        | ethernet_one_gbe_skarab_axi_tx_one_gbe/gmii_to_sgmii_0/U0/core_clocking_i/userclk2                         |
| g4        | src3      | BUFG/O          | None       | BUFGCTRL_X0Y2  | n/a          |                 2 |         235 |               0 |       33.333 | skarab_infr/cont_microblaze_wrapper_0/cont_microblaze_i/mdm_1/U0/Use_E2.BSCAN_I/Use_E2.BSCANE2_I/DRCK                                                  | skarab_infr/cont_microblaze_wrapper_0/cont_microblaze_i/mdm_1/U0/No_Dbg_Reg_Access.BUFG_DRCK/Using_FPGA.Native/O | skarab_infr/cont_microblaze_wrapper_0/cont_microblaze_i/mdm_1/U0/No_Dbg_Reg_Access.BUFG_DRCK/Ext_JTAG_DRCK |
| g5        | src4      | BUFG/O          | None       | BUFGCTRL_X0Y16 | n/a          |                 1 |         188 |               0 |       16.000 | ethernet_one_gbe_skarab_axi_tx_one_gbe/gmii_to_sgmii_0/U0/pcs_pma_block_i/transceiver_inst/gtwizard_inst/U0/gtwizard_i/gt0_GTWIZARD_i/gthe2_i/RXOUTCLK | ethernet_one_gbe_skarab_axi_tx_one_gbe/gmii_to_sgmii_0/U0/core_clocking_i/rxrecclkbufg/O                         | ethernet_one_gbe_skarab_axi_tx_one_gbe/gmii_to_sgmii_0/U0/core_clocking_i/rxuserclk2                       |
| g6        | src5      | BUFG/O          | None       | BUFGCTRL_X0Y17 | n/a          |                 1 |          76 |               0 |        8.000 | ONE_GBE_MGTREFCLK_P                                                                                                                                    | ethernet_one_gbe_skarab_axi_tx_one_gbe/gmii_to_sgmii_0/U0/core_clocking_i/bufg_gtrefclk/O                        | ethernet_one_gbe_skarab_axi_tx_one_gbe/gmii_to_sgmii_0/U0/core_clocking_i/gtrefclk_bufg                    |
| g7        | src6      | BUFG/O          | None       | BUFGCTRL_X0Y3  | n/a          |                 1 |          70 |               0 |       16.666 | FPGA_EMCCLK2                                                                                                                                           | skarab_infr/emcclk2_BUFG_inst/O                                                                                  | skarab_infr/emcclk2                                                                                        |
| g8        | src2      | BUFG/O          | None       | BUFGCTRL_X0Y18 | n/a          |                 1 |          63 |               0 |       16.000 | clkout1                                                                                                                                                | ethernet_one_gbe_skarab_axi_tx_one_gbe/gmii_to_sgmii_0/U0/core_clocking_i/bufg_userclk/O                         | ethernet_one_gbe_skarab_axi_tx_one_gbe/gmii_to_sgmii_0/U0/core_clocking_i/userclk                          |
| g9        | src3      | BUFG/O          | None       | BUFGCTRL_X0Y4  | n/a          |                 1 |          39 |               0 |       33.333 | skarab_infr/cont_microblaze_wrapper_0/cont_microblaze_i/mdm_1/U0/Use_E2.BSCAN_I/Use_E2.BSCANE2_I/UPDATE                                                | skarab_infr/cont_microblaze_wrapper_0/cont_microblaze_i/mdm_1/U0/Dbg_Update_0_BUFG_inst/O                        | skarab_infr/cont_microblaze_wrapper_0/cont_microblaze_i/mdm_1/U0/Dbg_Update_0                              |
| g10       | src4      | BUFG/O          | None       | BUFGCTRL_X0Y21 | n/a          |                 1 |           1 |               0 |       16.000 | ethernet_one_gbe_skarab_axi_tx_one_gbe/gmii_to_sgmii_0/U0/pcs_pma_block_i/transceiver_inst/gtwizard_inst/U0/gtwizard_i/gt0_GTWIZARD_i/gthe2_i/TXOUTCLK | ethernet_one_gbe_skarab_axi_tx_one_gbe/gmii_to_sgmii_0/U0/core_clocking_i/bufg_txoutclk/O                        | ethernet_one_gbe_skarab_axi_tx_one_gbe/gmii_to_sgmii_0/U0/core_clocking_i/txoutclk_bufg                    |
| g11       | src7      | BUFR/O          | None       | BUFR_X0Y17     | X0Y4         |                 1 |           1 |               2 |      102.400 | icape_clk                                                                                                                                              | skarab_infr/wishbone_flash_sdram_interface_0/icape_controller_0/BUFR_ICAPE2/O                                    | skarab_infr/wishbone_flash_sdram_interface_0/icape_controller_0/icape_clk                                  |
+-----------+-----------+-----------------+------------+----------------+--------------+-------------------+-------------+-----------------+--------------+--------------------------------------------------------------------------------------------------------------------------------------------------------+------------------------------------------------------------------------------------------------------------------+------------------------------------------------------------------------------------------------------------+
* Clock Loads column represents the clock pin loads (pin count)
** Non-Clock Loads column represents the non-clock pin loads (pin count)


3. Global Clock Source Details
------------------------------

+-----------+-----------+------------------------+---------------------+---------------------+--------------+-------------+-----------------+---------------------+--------------------------------------------------------------------------------------------------------------------------------------------------------+--------------------------------------------------------------------------------------------------------------------------------------------------------+------------------------------------------------------------------------------------------------------------------------------------------------+
| Source Id | Global Id | Driver Type/Pin        | Constraint          | Site                | Clock Region | Clock Loads | Non-Clock Loads | Source Clock Period | Source Clock                                                                                                                                           | Driver Pin                                                                                                                                             | Net                                                                                                                                            |
+-----------+-----------+------------------------+---------------------+---------------------+--------------+-------------+-----------------+---------------------+--------------------------------------------------------------------------------------------------------------------------------------------------------+--------------------------------------------------------------------------------------------------------------------------------------------------------+------------------------------------------------------------------------------------------------------------------------------------------------+
| src0      | g0        | MMCME2_ADV/CLKOUT0     | None                | MMCME2_ADV_X1Y5     | X1Y5         |           1 |               0 |               6.667 | user_clk_mmcm                                                                                                                                          | skarab_infr/USER_CLK_MMCM_inst/CLKOUT0                                                                                                                 | skarab_infr/user_clk_mmcm                                                                                                                      |
| src1      | g1        | MMCME2_ADV/CLKOUT1     | None                | MMCME2_ADV_X1Y4     | X1Y4         |           1 |               0 |              25.600 | bsp_clk_mmcm                                                                                                                                           | skarab_infr/SYS_CLK_MMCM_inst/CLKOUT1                                                                                                                  | skarab_infr/bsp_clk_mmcm                                                                                                                       |
| src1      | g2        | MMCME2_ADV/CLKOUT0     | None                | MMCME2_ADV_X1Y4     | X1Y4         |           1 |               0 |               6.400 | sys_clk_mmcm                                                                                                                                           | skarab_infr/SYS_CLK_MMCM_inst/CLKOUT0                                                                                                                  | skarab_infr/sys_clk_mmcm                                                                                                                       |
| src2      | g3        | MMCME2_ADV/CLKOUT0     | None                | MMCME2_ADV_X0Y9     | X0Y9         |           1 |               0 |               8.000 | clkout0                                                                                                                                                | ethernet_one_gbe_skarab_axi_tx_one_gbe/gmii_to_sgmii_0/U0/core_clocking_i/mmcm_adv_inst/CLKOUT0                                                        | ethernet_one_gbe_skarab_axi_tx_one_gbe/gmii_to_sgmii_0/U0/core_clocking_i/clkout0                                                              |
| src2      | g8        | MMCME2_ADV/CLKOUT1     | None                | MMCME2_ADV_X0Y9     | X0Y9         |           1 |               0 |              16.000 | clkout1                                                                                                                                                | ethernet_one_gbe_skarab_axi_tx_one_gbe/gmii_to_sgmii_0/U0/core_clocking_i/mmcm_adv_inst/CLKOUT1                                                        | ethernet_one_gbe_skarab_axi_tx_one_gbe/gmii_to_sgmii_0/U0/core_clocking_i/clkout1                                                              |
| src3      | g4        | BSCANE2/DRCK           | None                | BSCAN_X0Y1          | X0Y4         |           1 |               0 |              33.333 | skarab_infr/cont_microblaze_wrapper_0/cont_microblaze_i/mdm_1/U0/Use_E2.BSCAN_I/Use_E2.BSCANE2_I/DRCK                                                  | skarab_infr/cont_microblaze_wrapper_0/cont_microblaze_i/mdm_1/U0/Use_E2.BSCAN_I/Use_E2.BSCANE2_I/DRCK                                                  | skarab_infr/cont_microblaze_wrapper_0/cont_microblaze_i/mdm_1/U0/Use_E2.BSCAN_I/DRCK                                                           |
| src3      | g9        | BSCANE2/UPDATE         | None                | BSCAN_X0Y1          | X0Y4         |           1 |               1 |              33.333 | skarab_infr/cont_microblaze_wrapper_0/cont_microblaze_i/mdm_1/U0/Use_E2.BSCAN_I/Use_E2.BSCANE2_I/UPDATE                                                | skarab_infr/cont_microblaze_wrapper_0/cont_microblaze_i/mdm_1/U0/Use_E2.BSCAN_I/Use_E2.BSCANE2_I/UPDATE                                                | skarab_infr/cont_microblaze_wrapper_0/cont_microblaze_i/mdm_1/U0/Use_E2.BSCAN_I/Dbg_Update_0                                                   |
| src4      | g5        | GTHE2_CHANNEL/RXOUTCLK | GTHE2_CHANNEL_X1Y39 | GTHE2_CHANNEL_X1Y39 | X1Y9         |           1 |               0 |              16.000 | ethernet_one_gbe_skarab_axi_tx_one_gbe/gmii_to_sgmii_0/U0/pcs_pma_block_i/transceiver_inst/gtwizard_inst/U0/gtwizard_i/gt0_GTWIZARD_i/gthe2_i/RXOUTCLK | ethernet_one_gbe_skarab_axi_tx_one_gbe/gmii_to_sgmii_0/U0/pcs_pma_block_i/transceiver_inst/gtwizard_inst/U0/gtwizard_i/gt0_GTWIZARD_i/gthe2_i/RXOUTCLK | ethernet_one_gbe_skarab_axi_tx_one_gbe/gmii_to_sgmii_0/U0/pcs_pma_block_i/transceiver_inst/gtwizard_inst/U0/gtwizard_i/gt0_GTWIZARD_i/rxoutclk |
| src4      | g10       | GTHE2_CHANNEL/TXOUTCLK | GTHE2_CHANNEL_X1Y39 | GTHE2_CHANNEL_X1Y39 | X1Y9         |           1 |               0 |              16.000 | ethernet_one_gbe_skarab_axi_tx_one_gbe/gmii_to_sgmii_0/U0/pcs_pma_block_i/transceiver_inst/gtwizard_inst/U0/gtwizard_i/gt0_GTWIZARD_i/gthe2_i/TXOUTCLK | ethernet_one_gbe_skarab_axi_tx_one_gbe/gmii_to_sgmii_0/U0/pcs_pma_block_i/transceiver_inst/gtwizard_inst/U0/gtwizard_i/gt0_GTWIZARD_i/gthe2_i/TXOUTCLK | ethernet_one_gbe_skarab_axi_tx_one_gbe/gmii_to_sgmii_0/U0/pcs_pma_block_i/transceiver_inst/gtwizard_inst/U0/gtwizard_i/gt0_GTWIZARD_i/txoutclk |
| src5      | g6        | IBUFDS_GTE2/O          | IBUFDS_GTE2_X1Y18   | IBUFDS_GTE2_X1Y18   | X1Y9         |           3 |               0 |               8.000 | ONE_GBE_MGTREFCLK_P                                                                                                                                    | ethernet_one_gbe_skarab_axi_tx_one_gbe/gmii_to_sgmii_0/U0/core_clocking_i/ibufds_gtrefclk/O                                                            | ethernet_one_gbe_skarab_axi_tx_one_gbe/gmii_to_sgmii_0/U0/core_clocking_i/gtrefclk_out                                                         |
| src6      | g7        | IBUF/O                 | IOB_X0Y226          | IOB_X0Y226          | X0Y4         |           1 |               0 |              16.666 | FPGA_EMCCLK2                                                                                                                                           | FPGA_EMCCLK2_IBUF_inst/O                                                                                                                               | FPGA_EMCCLK2_IBUF                                                                                                                              |
| src7      | g11       | BUFG/O                 | None                | BUFGCTRL_X0Y1       | n/a          |        9605 |               0 |              25.600 | bsp_clk_mmcm                                                                                                                                           | skarab_infr/bsp_clk_BUFG_inst/O                                                                                                                        | skarab_infr/wb_clk_i                                                                                                                           |
+-----------+-----------+------------------------+---------------------+---------------------+--------------+-------------+-----------------+---------------------+--------------------------------------------------------------------------------------------------------------------------------------------------------+--------------------------------------------------------------------------------------------------------------------------------------------------------+------------------------------------------------------------------------------------------------------------------------------------------------+
* Clock Loads column represents the clock pin loads (pin count)
** Non-Clock Loads column represents the non-clock pin loads (pin count)


4. Clock Regions: Key Resource Utilization
------------------------------------------

+-------------------+--------------+--------------+--------------+--------------+--------------+--------------+--------------+--------------+--------------+--------------+---------------+--------------+--------------+--------------+--------------+
|                   | Global Clock |     BUFRs    |    BUFMRs    |    BUFIOs    |     MMCM     |      PLL     |      GT      |      PCI     |    ILOGIC    |    OLOGIC    |       FF      |     LUTM     |    RAMB18    |    RAMB36    |    DSP48E2   |
+-------------------+------+-------+------+-------+------+-------+------+-------+------+-------+------+-------+------+-------+------+-------+------+-------+------+-------+-------+-------+------+-------+------+-------+------+-------+------+-------+
| Clock Region Name | Used | Avail | Used | Avail | Used | Avail | Used | Avail | Used | Avail | Used | Avail | Used | Avail | Used | Avail | Used | Avail | Used | Avail | Used  | Avail | Used | Avail | Used | Avail | Used | Avail | Used | Avail |
+-------------------+------+-------+------+-------+------+-------+------+-------+------+-------+------+-------+------+-------+------+-------+------+-------+------+-------+-------+-------+------+-------+------+-------+------+-------+------+-------+
| X0Y0              |    0 |    12 |    0 |     4 |    0 |     2 |    0 |     4 |    0 |     1 |    0 |     1 |    0 |     4 |    0 |     0 |    0 |    50 |    0 |    50 |     0 |  5300 |    0 |  1850 |    0 |   140 |    0 |    70 |    0 |   140 |
| X1Y0              |    0 |    12 |    0 |     4 |    0 |     2 |    0 |     4 |    0 |     1 |    0 |     1 |    0 |     4 |    0 |     0 |    0 |    50 |    0 |    50 |     0 |  5800 |    0 |  2550 |    0 |   160 |    0 |    80 |    0 |   220 |
| X0Y1              |    0 |    12 |    0 |     4 |    0 |     2 |    0 |     4 |    0 |     1 |    0 |     1 |    0 |     4 |    0 |     0 |    0 |    50 |    0 |    50 |     0 |  5300 |    0 |  1850 |    0 |   140 |    0 |    70 |    0 |   140 |
| X1Y1              |    0 |    12 |    0 |     4 |    0 |     2 |    0 |     4 |    0 |     1 |    0 |     1 |    0 |     4 |    0 |     0 |    0 |    50 |    0 |    50 |     0 |  5550 |    0 |  2475 |    0 |   150 |    0 |    75 |    0 |   220 |
| X0Y2              |    0 |    12 |    0 |     4 |    0 |     2 |    0 |     4 |    0 |     1 |    0 |     1 |    0 |     4 |    0 |     0 |    0 |    50 |    0 |    50 |     0 |  5300 |    0 |  1850 |    0 |   140 |    0 |    70 |    0 |   140 |
| X1Y2              |    0 |    12 |    0 |     4 |    0 |     2 |    0 |     4 |    0 |     1 |    0 |     1 |    0 |     4 |    0 |     1 |    0 |    50 |    0 |    50 |     0 |  5550 |    0 |  2475 |    0 |   150 |    0 |    75 |    0 |   220 |
| X0Y3              |    3 |    12 |    0 |     4 |    0 |     2 |    0 |     4 |    0 |     1 |    0 |     1 |    0 |     4 |    0 |     0 |    0 |    50 |    0 |    50 |   145 |  5300 |  140 |  1850 |    0 |   140 |   15 |    70 |    0 |   140 |
| X1Y3              |    1 |    12 |    0 |     4 |    0 |     2 |    0 |     4 |    0 |     1 |    0 |     1 |    0 |     4 |    0 |     0 |    0 |    50 |    0 |    50 |   575 |  5800 |  575 |  2550 |    0 |   160 |    0 |    80 |    0 |   220 |
| X0Y4              |    6 |    12 |    1 |     4 |    0 |     2 |    0 |     4 |    0 |     1 |    0 |     1 |    0 |     4 |    0 |     0 |    0 |    50 |    0 |    50 |  5179 |  4700 | 2616 |  1850 |    0 |   140 |   48 |    70 |    0 |   140 |
| X1Y4              |    2 |    12 |    0 |     4 |    0 |     2 |    0 |     4 |    0 |     1 |    0 |     1 |    0 |     4 |    0 |     0 |    0 |    50 |    0 |    50 |  4409 |  5550 | 4336 |  2475 |    0 |   150 |    0 |    75 |    0 |   220 |
| X0Y5              |    3 |    12 |    0 |     4 |    0 |     2 |    0 |     4 |    0 |     1 |    0 |     1 |    0 |     4 |    0 |     0 |    0 |    50 |    0 |    50 |  4067 |  4700 | 3365 |  1850 |    0 |   140 |    1 |    70 |    0 |   140 |
| X1Y5              |    2 |    12 |    0 |     4 |    0 |     2 |    0 |     4 |    0 |     1 |    0 |     1 |    0 |     4 |    0 |     1 |    0 |    50 |    0 |    50 |  5352 |  5550 | 5028 |  2475 |    0 |   150 |    0 |    75 |    0 |   220 |
| X0Y6              |    3 |    12 |    0 |     4 |    0 |     2 |    0 |     4 |    0 |     1 |    0 |     1 |    0 |     4 |    0 |     0 |    0 |    50 |    0 |    50 |  5293 |  5300 | 4946 |  1850 |    0 |   140 |    0 |    70 |    0 |   140 |
| X1Y6              |    2 |    12 |    0 |     4 |    0 |     2 |    0 |     4 |    0 |     1 |    0 |     1 |    0 |     4 |    0 |     0 |    0 |    50 |    0 |    50 |  4347 |  5800 | 4277 |  2550 |    0 |   160 |    0 |    80 |    0 |   220 |
| X0Y7              |    4 |    12 |    0 |     4 |    0 |     2 |    0 |     4 |    0 |     1 |    0 |     1 |    0 |     4 |    0 |     0 |    0 |    50 |    0 |    50 |  5397 |  5300 | 4864 |  1850 |    0 |   140 |   40 |    70 |    0 |   140 |
| X1Y7              |    2 |    12 |    0 |     4 |    0 |     2 |    0 |     4 |    0 |     1 |    0 |     1 |    0 |     4 |    0 |     0 |    0 |    50 |    0 |    50 |  2267 |  5550 | 2243 |  2475 |    0 |   150 |   26 |    75 |    0 |   220 |
| X0Y8              |    4 |    12 |    0 |     4 |    0 |     2 |    0 |     4 |    0 |     1 |    0 |     1 |    0 |     4 |    0 |     0 |    0 |    50 |    0 |    50 | 12962 |  5300 | 4887 |  1850 |    0 |   140 |   59 |    70 |    5 |   140 |
| X1Y8              |    3 |    12 |    0 |     4 |    0 |     2 |    0 |     4 |    0 |     1 |    0 |     1 |    0 |     4 |    0 |     1 |    0 |    50 |    0 |    50 |   552 |  5550 |  429 |  2475 |    0 |   150 |   42 |    75 |    0 |   220 |
| X0Y9              |    5 |    12 |    0 |     4 |    0 |     2 |    0 |     4 |    1 |     1 |    0 |     1 |    0 |     4 |    0 |     0 |    0 |    50 |    0 |    50 |  1322 |  5300 |  590 |  1850 |    0 |   140 |   35 |    70 |    0 |   140 |
| X1Y9              |    7 |    12 |    0 |     4 |    0 |     2 |    0 |     4 |    0 |     1 |    0 |     1 |    1 |     4 |    0 |     0 |    0 |    50 |    0 |    50 |  1181 |  5800 |  427 |  2550 |    0 |   160 |    5 |    80 |    0 |   220 |
+-------------------+------+-------+------+-------+------+-------+------+-------+------+-------+------+-------+------+-------+------+-------+------+-------+------+-------+-------+-------+------+-------+------+-------+------+-------+------+-------+
* Global Clock column represents track count; while other columns represents cell counts


5. Clock Regions : Global Clock Summary
---------------------------------------

All Modules
+----+----+----+
|    | X0 | X1 |
+----+----+----+
| Y9 |  5 |  7 |
| Y8 |  4 |  3 |
| Y7 |  4 |  2 |
| Y6 |  3 |  2 |
| Y5 |  3 |  2 |
| Y4 |  6 |  2 |
| Y3 |  3 |  1 |
| Y2 |  0 |  0 |
| Y1 |  0 |  0 |
| Y0 |  0 |  0 |
+----+----+----+


6. Device Cell Placement Summary for Global Clock g0
----------------------------------------------------

+-----------+-----------------+-------------------+---------------+-------------+---------------+-------------+----------+----------------+----------+---------------------+
| Global Id | Driver Type/Pin | Driver Region (D) | Clock         | Period (ns) | Waveform (ns) | Slice Loads | IO Loads | Clocking Loads | GT Loads | Net                 |
+-----------+-----------------+-------------------+---------------+-------------+---------------+-------------+----------+----------------+----------+---------------------+
| g0        | BUFG/O          | n/a               | user_clk_mmcm |       6.667 | {0.000 3.333} |       40504 |        0 |              0 |        0 | skarab_infr/sys_clk |
+-----------+-----------------+-------------------+---------------+-------------+---------------+-------------+----------+----------------+----------+---------------------+
* Slice Loads column represents load cell count of all cell types other than IO, GT and clock resources
** IO Loads column represents load cell count of IO types
*** Clocking Loads column represents load cell count that are clock resources (global clock buffer, MMCM, PLL, etc)
**** GT Loads column represents load cell count of GT types


+----+-------+-------+
|    | X0    | X1    |
+----+-------+-------+
| Y9 |   733 |     5 |
| Y8 |  7636 |   309 |
| Y7 |  5021 |  2291 |
| Y6 |  5243 |  4345 |
| Y5 |  3207 |  5348 |
| Y4 |  1259 |  4406 |
| Y3 |   126 |   575 |
| Y2 |     0 |     0 |
| Y1 |     0 |     0 |
| Y0 |     0 |     0 |
+----+-------+-------+


7. Device Cell Placement Summary for Global Clock g1
----------------------------------------------------

+-----------+-----------------+-------------------+--------------+-------------+----------------+-------------+----------+----------------+----------+----------------------+
| Global Id | Driver Type/Pin | Driver Region (D) | Clock        | Period (ns) | Waveform (ns)  | Slice Loads | IO Loads | Clocking Loads | GT Loads | Net                  |
+-----------+-----------------+-------------------+--------------+-------------+----------------+-------------+----------+----------------+----------+----------------------+
| g1        | BUFG/O          | n/a               | bsp_clk_mmcm |      25.600 | {0.000 12.800} |        9004 |        0 |              1 |        0 | skarab_infr/wb_clk_i |
+-----------+-----------------+-------------------+--------------+-------------+----------------+-------------+----------+----------------+----------+----------------------+
* Slice Loads column represents load cell count of all cell types other than IO, GT and clock resources
** IO Loads column represents load cell count of IO types
*** Clocking Loads column represents load cell count that are clock resources (global clock buffer, MMCM, PLL, etc)
**** GT Loads column represents load cell count of GT types


+----+-------+------+
|    | X0    | X1   |
+----+-------+------+
| Y9 |   613 |    5 |
| Y8 |  3175 |  320 |
| Y7 |   139 |   28 |
| Y6 |    38 |    2 |
| Y5 |   894 |    4 |
| Y4 |  3763 |    3 |
| Y3 |    21 |    0 |
| Y2 |     0 |    0 |
| Y1 |     0 |    0 |
| Y0 |     0 |    0 |
+----+-------+------+


8. Device Cell Placement Summary for Global Clock g2
----------------------------------------------------

+-----------+-----------------+-------------------+--------------+-------------+---------------+-------------+----------+----------------+----------+-----------------------+
| Global Id | Driver Type/Pin | Driver Region (D) | Clock        | Period (ns) | Waveform (ns) | Slice Loads | IO Loads | Clocking Loads | GT Loads | Net                   |
+-----------+-----------------+-------------------+--------------+-------------+---------------+-------------+----------+----------------+----------+-----------------------+
| g2        | BUFG/O          | n/a               | sys_clk_mmcm |       6.400 | {0.000 3.200} |        2684 |        0 |              0 |        2 | skarab_infr/board_clk |
+-----------+-----------------+-------------------+--------------+-------------+---------------+-------------+----------+----------------+----------+-----------------------+
* Slice Loads column represents load cell count of all cell types other than IO, GT and clock resources
** IO Loads column represents load cell count of IO types
*** Clocking Loads column represents load cell count that are clock resources (global clock buffer, MMCM, PLL, etc)
**** GT Loads column represents load cell count of GT types


+----+-------+------+
|    | X0    | X1   |
+----+-------+------+
| Y9 |    45 |  268 |
| Y8 |  2201 |    0 |
| Y7 |   153 |    0 |
| Y6 |    12 |    0 |
| Y5 |     7 |    0 |
| Y4 |     0 |    0 |
| Y3 |     0 |    0 |
| Y2 |     0 |    0 |
| Y1 |     0 |    0 |
| Y0 |     0 |    0 |
+----+-------+------+


9. Device Cell Placement Summary for Global Clock g3
----------------------------------------------------

+-----------+-----------------+-------------------+---------+-------------+---------------+-------------+----------+----------------+----------+------------------------------------------------------------------------------------+
| Global Id | Driver Type/Pin | Driver Region (D) | Clock   | Period (ns) | Waveform (ns) | Slice Loads | IO Loads | Clocking Loads | GT Loads | Net                                                                                |
+-----------+-----------------+-------------------+---------+-------------+---------------+-------------+----------+----------------+----------+------------------------------------------------------------------------------------+
| g3        | BUFG/O          | n/a               | clkout0 |       8.000 | {0.000 4.000} |         981 |        0 |              0 |        0 | ethernet_one_gbe_skarab_axi_tx_one_gbe/gmii_to_sgmii_0/U0/core_clocking_i/userclk2 |
+-----------+-----------------+-------------------+---------+-------------+---------------+-------------+----------+----------------+----------+------------------------------------------------------------------------------------+
* Slice Loads column represents load cell count of all cell types other than IO, GT and clock resources
** IO Loads column represents load cell count of IO types
*** Clocking Loads column represents load cell count that are clock resources (global clock buffer, MMCM, PLL, etc)
**** GT Loads column represents load cell count of GT types


+----+------+------+
|    | X0   | X1   |
+----+------+------+
| Y9 |    1 |  618 |
| Y8 |  191 |    7 |
| Y7 |  164 |    0 |
| Y6 |    0 |    0 |
| Y5 |    0 |    0 |
| Y4 |    0 |    0 |
| Y3 |    0 |    0 |
| Y2 |    0 |    0 |
| Y1 |    0 |    0 |
| Y0 |    0 |    0 |
+----+------+------+


10. Device Cell Placement Summary for Global Clock g4
-----------------------------------------------------

+-----------+-----------------+-------------------+-------------------------------------------------------------------------------------------------------+-------------+----------------+-------------+----------+----------------+----------+------------------------------------------------------------------------------------------------------------+
| Global Id | Driver Type/Pin | Driver Region (D) | Clock                                                                                                 | Period (ns) | Waveform (ns)  | Slice Loads | IO Loads | Clocking Loads | GT Loads | Net                                                                                                        |
+-----------+-----------------+-------------------+-------------------------------------------------------------------------------------------------------+-------------+----------------+-------------+----------+----------------+----------+------------------------------------------------------------------------------------------------------------+
| g4        | BUFG/O          | n/a               | skarab_infr/cont_microblaze_wrapper_0/cont_microblaze_i/mdm_1/U0/Use_E2.BSCAN_I/Use_E2.BSCANE2_I/DRCK |      33.333 | {0.000 16.667} |         235 |        0 |              0 |        0 | skarab_infr/cont_microblaze_wrapper_0/cont_microblaze_i/mdm_1/U0/No_Dbg_Reg_Access.BUFG_DRCK/Ext_JTAG_DRCK |
+-----------+-----------------+-------------------+-------------------------------------------------------------------------------------------------------+-------------+----------------+-------------+----------+----------------+----------+------------------------------------------------------------------------------------------------------------+
* Slice Loads column represents load cell count of all cell types other than IO, GT and clock resources
** IO Loads column represents load cell count of IO types
*** Clocking Loads column represents load cell count that are clock resources (global clock buffer, MMCM, PLL, etc)
**** GT Loads column represents load cell count of GT types


+----+------+----+
|    | X0   | X1 |
+----+------+----+
| Y9 |    0 |  0 |
| Y8 |    0 |  0 |
| Y7 |    0 |  0 |
| Y6 |    0 |  0 |
| Y5 |    0 |  0 |
| Y4 |  222 |  0 |
| Y3 |   13 |  0 |
| Y2 |    0 |  0 |
| Y1 |    0 |  0 |
| Y0 |    0 |  0 |
+----+------+----+


11. Device Cell Placement Summary for Global Clock g5
-----------------------------------------------------

+-----------+-----------------+-------------------+--------------------------------------------------------------------------------------------------------------------------------------------------------+-------------+---------------+-------------+----------+----------------+----------+--------------------------------------------------------------------------------------+
| Global Id | Driver Type/Pin | Driver Region (D) | Clock                                                                                                                                                  | Period (ns) | Waveform (ns) | Slice Loads | IO Loads | Clocking Loads | GT Loads | Net                                                                                  |
+-----------+-----------------+-------------------+--------------------------------------------------------------------------------------------------------------------------------------------------------+-------------+---------------+-------------+----------+----------------+----------+--------------------------------------------------------------------------------------+
| g5        | BUFG/O          | n/a               | ethernet_one_gbe_skarab_axi_tx_one_gbe/gmii_to_sgmii_0/U0/pcs_pma_block_i/transceiver_inst/gtwizard_inst/U0/gtwizard_i/gt0_GTWIZARD_i/gthe2_i/RXOUTCLK |      16.000 | {0.000 8.000} |         176 |        0 |              0 |        1 | ethernet_one_gbe_skarab_axi_tx_one_gbe/gmii_to_sgmii_0/U0/core_clocking_i/rxuserclk2 |
+-----------+-----------------+-------------------+--------------------------------------------------------------------------------------------------------------------------------------------------------+-------------+---------------+-------------+----------+----------------+----------+--------------------------------------------------------------------------------------+
* Slice Loads column represents load cell count of all cell types other than IO, GT and clock resources
** IO Loads column represents load cell count of IO types
*** Clocking Loads column represents load cell count that are clock resources (global clock buffer, MMCM, PLL, etc)
**** GT Loads column represents load cell count of GT types


+----+----+------+
|    | X0 | X1   |
+----+----+------+
| Y9 |  0 |  177 |
| Y8 |  0 |    0 |
| Y7 |  0 |    0 |
| Y6 |  0 |    0 |
| Y5 |  0 |    0 |
| Y4 |  0 |    0 |
| Y3 |  0 |    0 |
| Y2 |  0 |    0 |
| Y1 |  0 |    0 |
| Y0 |  0 |    0 |
+----+----+------+


12. Device Cell Placement Summary for Global Clock g6
-----------------------------------------------------

+-----------+-----------------+-------------------+---------------------+-------------+---------------+-------------+----------+----------------+----------+-----------------------------------------------------------------------------------------+
| Global Id | Driver Type/Pin | Driver Region (D) | Clock               | Period (ns) | Waveform (ns) | Slice Loads | IO Loads | Clocking Loads | GT Loads | Net                                                                                     |
+-----------+-----------------+-------------------+---------------------+-------------+---------------+-------------+----------+----------------+----------+-----------------------------------------------------------------------------------------+
| g6        | BUFG/O          | n/a               | ONE_GBE_MGTREFCLK_P |       8.000 | {0.000 4.000} |          75 |        0 |              0 |        1 | ethernet_one_gbe_skarab_axi_tx_one_gbe/gmii_to_sgmii_0/U0/core_clocking_i/gtrefclk_bufg |
+-----------+-----------------+-------------------+---------------------+-------------+---------------+-------------+----------+----------------+----------+-----------------------------------------------------------------------------------------+
* Slice Loads column represents load cell count of all cell types other than IO, GT and clock resources
** IO Loads column represents load cell count of IO types
*** Clocking Loads column represents load cell count that are clock resources (global clock buffer, MMCM, PLL, etc)
**** GT Loads column represents load cell count of GT types


+----+----+-----+
|    | X0 | X1  |
+----+----+-----+
| Y9 |  0 |  76 |
| Y8 |  0 |   0 |
| Y7 |  0 |   0 |
| Y6 |  0 |   0 |
| Y5 |  0 |   0 |
| Y4 |  0 |   0 |
| Y3 |  0 |   0 |
| Y2 |  0 |   0 |
| Y1 |  0 |   0 |
| Y0 |  0 |   0 |
+----+----+-----+


13. Device Cell Placement Summary for Global Clock g7
-----------------------------------------------------

+-----------+-----------------+-------------------+--------------+-------------+---------------+-------------+----------+----------------+----------+---------------------+
| Global Id | Driver Type/Pin | Driver Region (D) | Clock        | Period (ns) | Waveform (ns) | Slice Loads | IO Loads | Clocking Loads | GT Loads | Net                 |
+-----------+-----------------+-------------------+--------------+-------------+---------------+-------------+----------+----------------+----------+---------------------+
| g7        | BUFG/O          | n/a               | FPGA_EMCCLK2 |      16.666 | {0.000 8.333} |          70 |        0 |              0 |        0 | skarab_infr/emcclk2 |
+-----------+-----------------+-------------------+--------------+-------------+---------------+-------------+----------+----------------+----------+---------------------+
* Slice Loads column represents load cell count of all cell types other than IO, GT and clock resources
** IO Loads column represents load cell count of IO types
*** Clocking Loads column represents load cell count that are clock resources (global clock buffer, MMCM, PLL, etc)
**** GT Loads column represents load cell count of GT types


+----+-----+----+
|    | X0  | X1 |
+----+-----+----+
| Y9 |   0 |  0 |
| Y8 |   0 |  0 |
| Y7 |   0 |  0 |
| Y6 |   0 |  0 |
| Y5 |   0 |  0 |
| Y4 |  70 |  0 |
| Y3 |   0 |  0 |
| Y2 |   0 |  0 |
| Y1 |   0 |  0 |
| Y0 |   0 |  0 |
+----+-----+----+


14. Device Cell Placement Summary for Global Clock g8
-----------------------------------------------------

+-----------+-----------------+-------------------+---------+-------------+---------------+-------------+----------+----------------+----------+-----------------------------------------------------------------------------------+
| Global Id | Driver Type/Pin | Driver Region (D) | Clock   | Period (ns) | Waveform (ns) | Slice Loads | IO Loads | Clocking Loads | GT Loads | Net                                                                               |
+-----------+-----------------+-------------------+---------+-------------+---------------+-------------+----------+----------------+----------+-----------------------------------------------------------------------------------+
| g8        | BUFG/O          | n/a               | clkout1 |      16.000 | {0.000 8.000} |          61 |        0 |              0 |        1 | ethernet_one_gbe_skarab_axi_tx_one_gbe/gmii_to_sgmii_0/U0/core_clocking_i/userclk |
+-----------+-----------------+-------------------+---------+-------------+---------------+-------------+----------+----------------+----------+-----------------------------------------------------------------------------------+
* Slice Loads column represents load cell count of all cell types other than IO, GT and clock resources
** IO Loads column represents load cell count of IO types
*** Clocking Loads column represents load cell count that are clock resources (global clock buffer, MMCM, PLL, etc)
**** GT Loads column represents load cell count of GT types


+----+----+-----+
|    | X0 | X1  |
+----+----+-----+
| Y9 |  0 |  62 |
| Y8 |  0 |   0 |
| Y7 |  0 |   0 |
| Y6 |  0 |   0 |
| Y5 |  0 |   0 |
| Y4 |  0 |   0 |
| Y3 |  0 |   0 |
| Y2 |  0 |   0 |
| Y1 |  0 |   0 |
| Y0 |  0 |   0 |
+----+----+-----+


15. Device Cell Placement Summary for Global Clock g9
-----------------------------------------------------

+-----------+-----------------+-------------------+---------------------------------------------------------------------------------------------------------+-------------+----------------+-------------+----------+----------------+----------+-------------------------------------------------------------------------------+
| Global Id | Driver Type/Pin | Driver Region (D) | Clock                                                                                                   | Period (ns) | Waveform (ns)  | Slice Loads | IO Loads | Clocking Loads | GT Loads | Net                                                                           |
+-----------+-----------------+-------------------+---------------------------------------------------------------------------------------------------------+-------------+----------------+-------------+----------+----------------+----------+-------------------------------------------------------------------------------+
| g9        | BUFG/O          | n/a               | skarab_infr/cont_microblaze_wrapper_0/cont_microblaze_i/mdm_1/U0/Use_E2.BSCAN_I/Use_E2.BSCANE2_I/UPDATE |      33.333 | {0.000 16.667} |          39 |        0 |              0 |        0 | skarab_infr/cont_microblaze_wrapper_0/cont_microblaze_i/mdm_1/U0/Dbg_Update_0 |
+-----------+-----------------+-------------------+---------------------------------------------------------------------------------------------------------+-------------+----------------+-------------+----------+----------------+----------+-------------------------------------------------------------------------------+
* Slice Loads column represents load cell count of all cell types other than IO, GT and clock resources
** IO Loads column represents load cell count of IO types
*** Clocking Loads column represents load cell count that are clock resources (global clock buffer, MMCM, PLL, etc)
**** GT Loads column represents load cell count of GT types


+----+-----+----+
|    | X0  | X1 |
+----+-----+----+
| Y9 |   0 |  0 |
| Y8 |   0 |  0 |
| Y7 |   0 |  0 |
| Y6 |   0 |  0 |
| Y5 |   0 |  0 |
| Y4 |  39 |  0 |
| Y3 |   0 |  0 |
| Y2 |   0 |  0 |
| Y1 |   0 |  0 |
| Y0 |   0 |  0 |
+----+-----+----+


16. Device Cell Placement Summary for Global Clock g10
------------------------------------------------------

+-----------+-----------------+-------------------+--------------------------------------------------------------------------------------------------------------------------------------------------------+-------------+---------------+-------------+----------+----------------+----------+-----------------------------------------------------------------------------------------+
| Global Id | Driver Type/Pin | Driver Region (D) | Clock                                                                                                                                                  | Period (ns) | Waveform (ns) | Slice Loads | IO Loads | Clocking Loads | GT Loads | Net                                                                                     |
+-----------+-----------------+-------------------+--------------------------------------------------------------------------------------------------------------------------------------------------------+-------------+---------------+-------------+----------+----------------+----------+-----------------------------------------------------------------------------------------+
| g10       | BUFG/O          | n/a               | ethernet_one_gbe_skarab_axi_tx_one_gbe/gmii_to_sgmii_0/U0/pcs_pma_block_i/transceiver_inst/gtwizard_inst/U0/gtwizard_i/gt0_GTWIZARD_i/gthe2_i/TXOUTCLK |      16.000 | {0.000 8.000} |           0 |        0 |              1 |        0 | ethernet_one_gbe_skarab_axi_tx_one_gbe/gmii_to_sgmii_0/U0/core_clocking_i/txoutclk_bufg |
+-----------+-----------------+-------------------+--------------------------------------------------------------------------------------------------------------------------------------------------------+-------------+---------------+-------------+----------+----------------+----------+-----------------------------------------------------------------------------------------+
* Slice Loads column represents load cell count of all cell types other than IO, GT and clock resources
** IO Loads column represents load cell count of IO types
*** Clocking Loads column represents load cell count that are clock resources (global clock buffer, MMCM, PLL, etc)
**** GT Loads column represents load cell count of GT types


+----+----+----+
|    | X0 | X1 |
+----+----+----+
| Y9 |  1 |  0 |
| Y8 |  0 |  0 |
| Y7 |  0 |  0 |
| Y6 |  0 |  0 |
| Y5 |  0 |  0 |
| Y4 |  0 |  0 |
| Y3 |  0 |  0 |
| Y2 |  0 |  0 |
| Y1 |  0 |  0 |
| Y0 |  0 |  0 |
+----+----+----+


17. Device Cell Placement Summary for Global Clock g11
------------------------------------------------------

+-----------+-----------------+-------------------+-----------+-------------+----------------+-------------+----------+----------------+----------+---------------------------------------------------------------------------+
| Global Id | Driver Type/Pin | Driver Region (D) | Clock     | Period (ns) | Waveform (ns)  | Slice Loads | IO Loads | Clocking Loads | GT Loads | Net                                                                       |
+-----------+-----------------+-------------------+-----------+-------------+----------------+-------------+----------+----------------+----------+---------------------------------------------------------------------------+
| g11       | BUFR/O          | X0Y4              | icape_clk |     102.400 | {0.000 51.200} |           3 |        0 |              0 |        0 | skarab_infr/wishbone_flash_sdram_interface_0/icape_controller_0/icape_clk |
+-----------+-----------------+-------------------+-----------+-------------+----------------+-------------+----------+----------------+----------+---------------------------------------------------------------------------+
* Slice Loads column represents load cell count of all cell types other than IO, GT and clock resources
** IO Loads column represents load cell count of IO types
*** Clocking Loads column represents load cell count that are clock resources (global clock buffer, MMCM, PLL, etc)
**** GT Loads column represents load cell count of GT types


+----+--------+----+
|    | X0     | X1 |
+----+--------+----+
| Y9 |      0 |  0 |
| Y8 |      0 |  0 |
| Y7 |      0 |  0 |
| Y6 |      0 |  0 |
| Y5 |      0 |  0 |
| Y4 |  (D) 3 |  0 |
| Y3 |      0 |  0 |
| Y2 |      0 |  0 |
| Y1 |      0 |  0 |
| Y0 |      0 |  0 |
+----+--------+----+


18. Clock Region Cell Placement per Global Clock: Region X0Y3
-------------------------------------------------------------

+-----------+-------+-----------------+------------+-------------+-----------------+-----+--------+------+-----+----+------+-----+---------+------------------------------------------------------------------------------------------------------------+
| Global Id | Track | Driver Type/Pin | Constraint | Clock Loads | Non-Clock Loads | FF  | LUTRAM | RAMB | DSP | GT | MMCM | PLL | Hard IP | Net                                                                                                        |
+-----------+-------+-----------------+------------+-------------+-----------------+-----+--------+------+-----+----+------+-----+---------+------------------------------------------------------------------------------------------------------------+
| g0        | n/a   | BUFG/O          | None       |         126 |               0 | 126 |      0 |    0 |   0 |  0 |    0 |   0 |       0 | skarab_infr/sys_clk                                                                                        |
| g1        | n/a   | BUFG/O          | None       |          21 |               0 |   6 |      0 |   15 |   0 |  0 |    0 |   0 |       0 | skarab_infr/wb_clk_i                                                                                       |
| g4        | n/a   | BUFG/O          | None       |          13 |               0 |  13 |      0 |    0 |   0 |  0 |    0 |   0 |       0 | skarab_infr/cont_microblaze_wrapper_0/cont_microblaze_i/mdm_1/U0/No_Dbg_Reg_Access.BUFG_DRCK/Ext_JTAG_DRCK |
+-----------+-------+-----------------+------------+-------------+-----------------+-----+--------+------+-----+----+------+-----+---------+------------------------------------------------------------------------------------------------------------+
* Clock Loads column represents the clock pin loads (pin count)
** Non-Clock Loads column represents the non-clock pin loads (pin count)
*** Columns FF, LUTRAM, RAMB through 'Hard IP' represents load cell counts


19. Clock Region Cell Placement per Global Clock: Region X1Y3
-------------------------------------------------------------

+-----------+-------+-----------------+------------+-------------+-----------------+-----+--------+------+-----+----+------+-----+---------+---------------------+
| Global Id | Track | Driver Type/Pin | Constraint | Clock Loads | Non-Clock Loads | FF  | LUTRAM | RAMB | DSP | GT | MMCM | PLL | Hard IP | Net                 |
+-----------+-------+-----------------+------------+-------------+-----------------+-----+--------+------+-----+----+------+-----+---------+---------------------+
| g0        | n/a   | BUFG/O          | None       |         575 |               0 | 575 |      0 |    0 |   0 |  0 |    0 |   0 |       0 | skarab_infr/sys_clk |
+-----------+-------+-----------------+------------+-------------+-----------------+-----+--------+------+-----+----+------+-----+---------+---------------------+
* Clock Loads column represents the clock pin loads (pin count)
** Non-Clock Loads column represents the non-clock pin loads (pin count)
*** Columns FF, LUTRAM, RAMB through 'Hard IP' represents load cell counts


20. Clock Region Cell Placement per Global Clock: Region X0Y4
-------------------------------------------------------------

+-----------+-------+-----------------+------------+-------------+-----------------+------+--------+------+-----+----+------+-----+---------+------------------------------------------------------------------------------------------------------------+
| Global Id | Track | Driver Type/Pin | Constraint | Clock Loads | Non-Clock Loads | FF   | LUTRAM | RAMB | DSP | GT | MMCM | PLL | Hard IP | Net                                                                                                        |
+-----------+-------+-----------------+------------+-------------+-----------------+------+--------+------+-----+----+------+-----+---------+------------------------------------------------------------------------------------------------------------+
| g0        | n/a   | BUFG/O          | None       |        1259 |               0 | 1259 |      0 |    0 |   0 |  0 |    0 |   0 |       0 | skarab_infr/sys_clk                                                                                        |
| g1        | n/a   | BUFG/O          | None       |        3762 |               1 | 3614 |    100 |   48 |   0 |  0 |    0 |   0 |       0 | skarab_infr/wb_clk_i                                                                                       |
| g4        | n/a   | BUFG/O          | None       |         222 |               0 |  199 |     23 |    0 |   0 |  0 |    0 |   0 |       0 | skarab_infr/cont_microblaze_wrapper_0/cont_microblaze_i/mdm_1/U0/No_Dbg_Reg_Access.BUFG_DRCK/Ext_JTAG_DRCK |
| g7        | n/a   | BUFG/O          | None       |          70 |               0 |   68 |      1 |    0 |   0 |  0 |    0 |   0 |       0 | skarab_infr/emcclk2                                                                                        |
| g9        | n/a   | BUFG/O          | None       |          39 |               0 |   39 |      0 |    0 |   0 |  0 |    0 |   0 |       0 | skarab_infr/cont_microblaze_wrapper_0/cont_microblaze_i/mdm_1/U0/Dbg_Update_0                              |
| g11       | n/a   | BUFR/O          | None       |           1 |               2 |    1 |      0 |    0 |   0 |  0 |    0 |   0 |       0 | skarab_infr/wishbone_flash_sdram_interface_0/icape_controller_0/icape_clk                                  |
+-----------+-------+-----------------+------------+-------------+-----------------+------+--------+------+-----+----+------+-----+---------+------------------------------------------------------------------------------------------------------------+
* Clock Loads column represents the clock pin loads (pin count)
** Non-Clock Loads column represents the non-clock pin loads (pin count)
*** Columns FF, LUTRAM, RAMB through 'Hard IP' represents load cell counts


21. Clock Region Cell Placement per Global Clock: Region X1Y4
-------------------------------------------------------------

+-----------+-------+-----------------+------------+-------------+-----------------+------+--------+------+-----+----+------+-----+---------+----------------------+
| Global Id | Track | Driver Type/Pin | Constraint | Clock Loads | Non-Clock Loads | FF   | LUTRAM | RAMB | DSP | GT | MMCM | PLL | Hard IP | Net                  |
+-----------+-------+-----------------+------------+-------------+-----------------+------+--------+------+-----+----+------+-----+---------+----------------------+
| g0        | n/a   | BUFG/O          | None       |        4406 |               0 | 4406 |      0 |    0 |   0 |  0 |    0 |   0 |       0 | skarab_infr/sys_clk  |
| g1        | n/a   | BUFG/O          | None       |           3 |               0 |    3 |      0 |    0 |   0 |  0 |    0 |   0 |       0 | skarab_infr/wb_clk_i |
+-----------+-------+-----------------+------------+-------------+-----------------+------+--------+------+-----+----+------+-----+---------+----------------------+
* Clock Loads column represents the clock pin loads (pin count)
** Non-Clock Loads column represents the non-clock pin loads (pin count)
*** Columns FF, LUTRAM, RAMB through 'Hard IP' represents load cell counts


22. Clock Region Cell Placement per Global Clock: Region X0Y5
-------------------------------------------------------------

+-----------+-------+-----------------+------------+-------------+-----------------+------+--------+------+-----+----+------+-----+---------+-----------------------+
| Global Id | Track | Driver Type/Pin | Constraint | Clock Loads | Non-Clock Loads | FF   | LUTRAM | RAMB | DSP | GT | MMCM | PLL | Hard IP | Net                   |
+-----------+-------+-----------------+------------+-------------+-----------------+------+--------+------+-----+----+------+-----+---------+-----------------------+
| g0        | n/a   | BUFG/O          | None       |        3207 |               0 | 3207 |      0 |    0 |   0 |  0 |    0 |   0 |       0 | skarab_infr/sys_clk   |
| g1        | n/a   | BUFG/O          | None       |         894 |               0 |  853 |     39 |    1 |   0 |  0 |    0 |   0 |       0 | skarab_infr/wb_clk_i  |
| g2        | n/a   | BUFG/O          | None       |           7 |               0 |    7 |      0 |    0 |   0 |  0 |    0 |   0 |       0 | skarab_infr/board_clk |
+-----------+-------+-----------------+------------+-------------+-----------------+------+--------+------+-----+----+------+-----+---------+-----------------------+
* Clock Loads column represents the clock pin loads (pin count)
** Non-Clock Loads column represents the non-clock pin loads (pin count)
*** Columns FF, LUTRAM, RAMB through 'Hard IP' represents load cell counts


23. Clock Region Cell Placement per Global Clock: Region X1Y5
-------------------------------------------------------------

+-----------+-------+-----------------+------------+-------------+-----------------+------+--------+------+-----+----+------+-----+---------+----------------------+
| Global Id | Track | Driver Type/Pin | Constraint | Clock Loads | Non-Clock Loads | FF   | LUTRAM | RAMB | DSP | GT | MMCM | PLL | Hard IP | Net                  |
+-----------+-------+-----------------+------------+-------------+-----------------+------+--------+------+-----+----+------+-----+---------+----------------------+
| g0        | n/a   | BUFG/O          | None       |        5348 |               0 | 5348 |      0 |    0 |   0 |  0 |    0 |   0 |       0 | skarab_infr/sys_clk  |
| g1        | n/a   | BUFG/O          | None       |           4 |               0 |    4 |      0 |    0 |   0 |  0 |    0 |   0 |       0 | skarab_infr/wb_clk_i |
+-----------+-------+-----------------+------------+-------------+-----------------+------+--------+------+-----+----+------+-----+---------+----------------------+
* Clock Loads column represents the clock pin loads (pin count)
** Non-Clock Loads column represents the non-clock pin loads (pin count)
*** Columns FF, LUTRAM, RAMB through 'Hard IP' represents load cell counts


24. Clock Region Cell Placement per Global Clock: Region X0Y6
-------------------------------------------------------------

+-----------+-------+-----------------+------------+-------------+-----------------+------+--------+------+-----+----+------+-----+---------+-----------------------+
| Global Id | Track | Driver Type/Pin | Constraint | Clock Loads | Non-Clock Loads | FF   | LUTRAM | RAMB | DSP | GT | MMCM | PLL | Hard IP | Net                   |
+-----------+-------+-----------------+------------+-------------+-----------------+------+--------+------+-----+----+------+-----+---------+-----------------------+
| g0        | n/a   | BUFG/O          | None       |        5243 |               0 | 5243 |      0 |    0 |   0 |  0 |    0 |   0 |       0 | skarab_infr/sys_clk   |
| g1        | n/a   | BUFG/O          | None       |          38 |               0 |   38 |      0 |    0 |   0 |  0 |    0 |   0 |       0 | skarab_infr/wb_clk_i  |
| g2        | n/a   | BUFG/O          | None       |          12 |               0 |   12 |      0 |    0 |   0 |  0 |    0 |   0 |       0 | skarab_infr/board_clk |
+-----------+-------+-----------------+------------+-------------+-----------------+------+--------+------+-----+----+------+-----+---------+-----------------------+
* Clock Loads column represents the clock pin loads (pin count)
** Non-Clock Loads column represents the non-clock pin loads (pin count)
*** Columns FF, LUTRAM, RAMB through 'Hard IP' represents load cell counts


25. Clock Region Cell Placement per Global Clock: Region X1Y6
-------------------------------------------------------------

+-----------+-------+-----------------+------------+-------------+-----------------+------+--------+------+-----+----+------+-----+---------+----------------------+
| Global Id | Track | Driver Type/Pin | Constraint | Clock Loads | Non-Clock Loads | FF   | LUTRAM | RAMB | DSP | GT | MMCM | PLL | Hard IP | Net                  |
+-----------+-------+-----------------+------------+-------------+-----------------+------+--------+------+-----+----+------+-----+---------+----------------------+
| g0        | n/a   | BUFG/O          | None       |        4345 |               0 | 4345 |      0 |    0 |   0 |  0 |    0 |   0 |       0 | skarab_infr/sys_clk  |
| g1        | n/a   | BUFG/O          | None       |           2 |               0 |    2 |      0 |    0 |   0 |  0 |    0 |   0 |       0 | skarab_infr/wb_clk_i |
+-----------+-------+-----------------+------------+-------------+-----------------+------+--------+------+-----+----+------+-----+---------+----------------------+
* Clock Loads column represents the clock pin loads (pin count)
** Non-Clock Loads column represents the non-clock pin loads (pin count)
*** Columns FF, LUTRAM, RAMB through 'Hard IP' represents load cell counts


26. Clock Region Cell Placement per Global Clock: Region X0Y7
-------------------------------------------------------------

+-----------+-------+-----------------+------------+-------------+-----------------+------+--------+------+-----+----+------+-----+---------+------------------------------------------------------------------------------------+
| Global Id | Track | Driver Type/Pin | Constraint | Clock Loads | Non-Clock Loads | FF   | LUTRAM | RAMB | DSP | GT | MMCM | PLL | Hard IP | Net                                                                                |
+-----------+-------+-----------------+------------+-------------+-----------------+------+--------+------+-----+----+------+-----+---------+------------------------------------------------------------------------------------+
| g0        | n/a   | BUFG/O          | None       |        5021 |               0 | 4998 |      0 |   23 |   0 |  0 |    0 |   0 |       0 | skarab_infr/sys_clk                                                                |
| g1        | n/a   | BUFG/O          | None       |         139 |               0 |  111 |      0 |   28 |   0 |  0 |    0 |   0 |       0 | skarab_infr/wb_clk_i                                                               |
| g2        | n/a   | BUFG/O          | None       |         153 |               0 |  136 |      0 |   17 |   0 |  0 |    0 |   0 |       0 | skarab_infr/board_clk                                                              |
| g3        | n/a   | BUFG/O          | None       |         164 |               0 |  152 |      0 |   12 |   0 |  0 |    0 |   0 |       0 | ethernet_one_gbe_skarab_axi_tx_one_gbe/gmii_to_sgmii_0/U0/core_clocking_i/userclk2 |
+-----------+-------+-----------------+------------+-------------+-----------------+------+--------+------+-----+----+------+-----+---------+------------------------------------------------------------------------------------+
* Clock Loads column represents the clock pin loads (pin count)
** Non-Clock Loads column represents the non-clock pin loads (pin count)
*** Columns FF, LUTRAM, RAMB through 'Hard IP' represents load cell counts


27. Clock Region Cell Placement per Global Clock: Region X1Y7
-------------------------------------------------------------

+-----------+-------+-----------------+------------+-------------+-----------------+------+--------+------+-----+----+------+-----+---------+----------------------+
| Global Id | Track | Driver Type/Pin | Constraint | Clock Loads | Non-Clock Loads | FF   | LUTRAM | RAMB | DSP | GT | MMCM | PLL | Hard IP | Net                  |
+-----------+-------+-----------------+------------+-------------+-----------------+------+--------+------+-----+----+------+-----+---------+----------------------+
| g0        | n/a   | BUFG/O          | None       |        2291 |               0 | 2265 |      0 |   26 |   0 |  0 |    0 |   0 |       0 | skarab_infr/sys_clk  |
| g1        | n/a   | BUFG/O          | None       |          28 |               0 |    2 |      0 |   26 |   0 |  0 |    0 |   0 |       0 | skarab_infr/wb_clk_i |
+-----------+-------+-----------------+------------+-------------+-----------------+------+--------+------+-----+----+------+-----+---------+----------------------+
* Clock Loads column represents the clock pin loads (pin count)
** Non-Clock Loads column represents the non-clock pin loads (pin count)
*** Columns FF, LUTRAM, RAMB through 'Hard IP' represents load cell counts


28. Clock Region Cell Placement per Global Clock: Region X0Y8
-------------------------------------------------------------

+-----------+-------+-----------------+------------+-------------+-----------------+------+--------+------+-----+----+------+-----+---------+------------------------------------------------------------------------------------+
| Global Id | Track | Driver Type/Pin | Constraint | Clock Loads | Non-Clock Loads | FF   | LUTRAM | RAMB | DSP | GT | MMCM | PLL | Hard IP | Net                                                                                |
+-----------+-------+-----------------+------------+-------------+-----------------+------+--------+------+-----+----+------+-----+---------+------------------------------------------------------------------------------------+
| g0        | n/a   | BUFG/O          | None       |        7636 |               0 | 7581 |      1 |   49 |   5 |  0 |    0 |   0 |       0 | skarab_infr/sys_clk                                                                |
| g1        | n/a   | BUFG/O          | None       |        3175 |               0 | 3017 |    108 |   49 |   0 |  0 |    0 |   0 |       0 | skarab_infr/wb_clk_i                                                               |
| g2        | n/a   | BUFG/O          | None       |        2201 |               0 | 2178 |      8 |   14 |   0 |  0 |    0 |   0 |       0 | skarab_infr/board_clk                                                              |
| g3        | n/a   | BUFG/O          | None       |         191 |               0 |  186 |      1 |    4 |   0 |  0 |    0 |   0 |       0 | ethernet_one_gbe_skarab_axi_tx_one_gbe/gmii_to_sgmii_0/U0/core_clocking_i/userclk2 |
+-----------+-------+-----------------+------------+-------------+-----------------+------+--------+------+-----+----+------+-----+---------+------------------------------------------------------------------------------------+
* Clock Loads column represents the clock pin loads (pin count)
** Non-Clock Loads column represents the non-clock pin loads (pin count)
*** Columns FF, LUTRAM, RAMB through 'Hard IP' represents load cell counts


29. Clock Region Cell Placement per Global Clock: Region X1Y8
-------------------------------------------------------------

+-----------+-------+-----------------+------------+-------------+-----------------+-----+--------+------+-----+----+------+-----+---------+------------------------------------------------------------------------------------+
| Global Id | Track | Driver Type/Pin | Constraint | Clock Loads | Non-Clock Loads | FF  | LUTRAM | RAMB | DSP | GT | MMCM | PLL | Hard IP | Net                                                                                |
+-----------+-------+-----------------+------------+-------------+-----------------+-----+--------+------+-----+----+------+-----+---------+------------------------------------------------------------------------------------+
| g0        | n/a   | BUFG/O          | None       |         309 |               0 | 267 |      0 |   42 |   0 |  0 |    0 |   0 |       0 | skarab_infr/sys_clk                                                                |
| g1        | n/a   | BUFG/O          | None       |         320 |               0 | 278 |      0 |   42 |   0 |  0 |    0 |   0 |       0 | skarab_infr/wb_clk_i                                                               |
| g3        | n/a   | BUFG/O          | None       |           7 |               0 |   7 |      0 |    0 |   0 |  0 |    0 |   0 |       0 | ethernet_one_gbe_skarab_axi_tx_one_gbe/gmii_to_sgmii_0/U0/core_clocking_i/userclk2 |
+-----------+-------+-----------------+------------+-------------+-----------------+-----+--------+------+-----+----+------+-----+---------+------------------------------------------------------------------------------------+
* Clock Loads column represents the clock pin loads (pin count)
** Non-Clock Loads column represents the non-clock pin loads (pin count)
*** Columns FF, LUTRAM, RAMB through 'Hard IP' represents load cell counts


30. Clock Region Cell Placement per Global Clock: Region X0Y9
-------------------------------------------------------------

+-----------+-------+-----------------+------------+-------------+-----------------+-----+--------+------+-----+----+------+-----+---------+-----------------------------------------------------------------------------------------+
| Global Id | Track | Driver Type/Pin | Constraint | Clock Loads | Non-Clock Loads | FF  | LUTRAM | RAMB | DSP | GT | MMCM | PLL | Hard IP | Net                                                                                     |
+-----------+-------+-----------------+------------+-------------+-----------------+-----+--------+------+-----+----+------+-----+---------+-----------------------------------------------------------------------------------------+
| g0        | n/a   | BUFG/O          | None       |         733 |               0 | 698 |      0 |   35 |   0 |  0 |    0 |   0 |       0 | skarab_infr/sys_clk                                                                     |
| g1        | n/a   | BUFG/O          | None       |         613 |               0 | 578 |      0 |   35 |   0 |  0 |    0 |   0 |       0 | skarab_infr/wb_clk_i                                                                    |
| g2        | n/a   | BUFG/O          | None       |          45 |               0 |  45 |      0 |    0 |   0 |  0 |    0 |   0 |       0 | skarab_infr/board_clk                                                                   |
| g3        | n/a   | BUFG/O          | None       |           1 |               0 |   1 |      0 |    0 |   0 |  0 |    0 |   0 |       0 | ethernet_one_gbe_skarab_axi_tx_one_gbe/gmii_to_sgmii_0/U0/core_clocking_i/userclk2      |
| g10       | n/a   | BUFG/O          | None       |           1 |               0 |   0 |      0 |    0 |   0 |  0 |    1 |   0 |       0 | ethernet_one_gbe_skarab_axi_tx_one_gbe/gmii_to_sgmii_0/U0/core_clocking_i/txoutclk_bufg |
+-----------+-------+-----------------+------------+-------------+-----------------+-----+--------+------+-----+----+------+-----+---------+-----------------------------------------------------------------------------------------+
* Clock Loads column represents the clock pin loads (pin count)
** Non-Clock Loads column represents the non-clock pin loads (pin count)
*** Columns FF, LUTRAM, RAMB through 'Hard IP' represents load cell counts


31. Clock Region Cell Placement per Global Clock: Region X1Y9
-------------------------------------------------------------

+-----------+-------+-----------------+------------+-------------+-----------------+-----+--------+------+-----+----+------+-----+---------+-----------------------------------------------------------------------------------------+
| Global Id | Track | Driver Type/Pin | Constraint | Clock Loads | Non-Clock Loads | FF  | LUTRAM | RAMB | DSP | GT | MMCM | PLL | Hard IP | Net                                                                                     |
+-----------+-------+-----------------+------------+-------------+-----------------+-----+--------+------+-----+----+------+-----+---------+-----------------------------------------------------------------------------------------+
| g0        | n/a   | BUFG/O          | None       |           5 |               0 |   0 |      0 |    5 |   0 |  0 |    0 |   0 |       0 | skarab_infr/sys_clk                                                                     |
| g1        | n/a   | BUFG/O          | None       |           5 |               0 |   0 |      0 |    5 |   0 |  0 |    0 |   0 |       0 | skarab_infr/wb_clk_i                                                                    |
| g2        | n/a   | BUFG/O          | None       |         268 |               0 | 266 |      0 |    0 |   0 |  1 |    0 |   0 |       0 | skarab_infr/board_clk                                                                   |
| g3        | n/a   | BUFG/O          | None       |         618 |               0 | 610 |      8 |    0 |   0 |  0 |    0 |   0 |       0 | ethernet_one_gbe_skarab_axi_tx_one_gbe/gmii_to_sgmii_0/U0/core_clocking_i/userclk2      |
| g5        | n/a   | BUFG/O          | None       |         177 |               0 | 176 |      0 |    0 |   0 |  1 |    0 |   0 |       0 | ethernet_one_gbe_skarab_axi_tx_one_gbe/gmii_to_sgmii_0/U0/core_clocking_i/rxuserclk2    |
| g6        | n/a   | BUFG/O          | None       |          76 |               0 |  68 |      7 |    0 |   0 |  1 |    0 |   0 |       0 | ethernet_one_gbe_skarab_axi_tx_one_gbe/gmii_to_sgmii_0/U0/core_clocking_i/gtrefclk_bufg |
| g8        | n/a   | BUFG/O          | None       |          62 |               0 |  61 |      0 |    0 |   0 |  1 |    0 |   0 |       0 | ethernet_one_gbe_skarab_axi_tx_one_gbe/gmii_to_sgmii_0/U0/core_clocking_i/userclk       |
+-----------+-------+-----------------+------------+-------------+-----------------+-----+--------+------+-----+----+------+-----+---------+-----------------------------------------------------------------------------------------+
* Clock Loads column represents the clock pin loads (pin count)
** Non-Clock Loads column represents the non-clock pin loads (pin count)
*** Columns FF, LUTRAM, RAMB through 'Hard IP' represents load cell counts



# Location of BUFG Primitives 
set_property LOC BUFGCTRL_X0Y1 [get_cells skarab_infr/bsp_clk_BUFG_inst]
set_property LOC BUFGCTRL_X0Y19 [get_cells skarab_infr/user_clk_BUFG_inst]
set_property LOC BUFGCTRL_X0Y3 [get_cells skarab_infr/emcclk2_BUFG_inst]
set_property LOC BUFGCTRL_X0Y2 [get_cells skarab_infr/cont_microblaze_wrapper_0/cont_microblaze_i/mdm_1/U0/No_Dbg_Reg_Access.BUFG_DRCK/Using_FPGA.Native]
set_property LOC BUFGCTRL_X0Y4 [get_cells skarab_infr/cont_microblaze_wrapper_0/cont_microblaze_i/mdm_1/U0/Dbg_Update_0_BUFG_inst]
set_property LOC BUFGCTRL_X0Y0 [get_cells skarab_infr/sys_clk_BUFG_inst]
set_property LOC BUFGCTRL_X0Y20 [get_cells ethernet_one_gbe_skarab_axi_tx_one_gbe/gmii_to_sgmii_0/U0/core_clocking_i/bufg_userclk2]
set_property LOC BUFGCTRL_X0Y18 [get_cells ethernet_one_gbe_skarab_axi_tx_one_gbe/gmii_to_sgmii_0/U0/core_clocking_i/bufg_userclk]
set_property LOC BUFGCTRL_X0Y21 [get_cells ethernet_one_gbe_skarab_axi_tx_one_gbe/gmii_to_sgmii_0/U0/core_clocking_i/bufg_txoutclk]
set_property LOC BUFGCTRL_X0Y16 [get_cells ethernet_one_gbe_skarab_axi_tx_one_gbe/gmii_to_sgmii_0/U0/core_clocking_i/rxrecclkbufg]
set_property LOC BUFGCTRL_X0Y17 [get_cells ethernet_one_gbe_skarab_axi_tx_one_gbe/gmii_to_sgmii_0/U0/core_clocking_i/bufg_gtrefclk]

# Location of BUFR Primitives 
set_property LOC BUFR_X0Y17 [get_cells skarab_infr/wishbone_flash_sdram_interface_0/icape_controller_0/BUFR_ICAPE2]

# Location of IO Primitives which is load of clock spine

# Location of clock ports
set_property LOC IOB_X0Y226 [get_ports FPGA_EMCCLK2]
set_property LOC IOB_X1Y225 [get_ports FPGA_REFCLK_BUF0_N]
set_property LOC IOB_X1Y226 [get_ports FPGA_REFCLK_BUF0_P]
set_property LOC IPAD_X2Y285 [get_ports ONE_GBE_MGTREFCLK_N]
set_property LOC IPAD_X2Y284 [get_ports ONE_GBE_MGTREFCLK_P]

# Clock net "skarab_infr/wishbone_flash_sdram_interface_0/icape_controller_0/icape_clk" driven by instance "skarab_infr/wishbone_flash_sdram_interface_0/icape_controller_0/BUFR_ICAPE2" located at site "BUFR_X0Y17"
#startgroup
create_pblock {CLKAG_skarab_infr/wishbone_flash_sdram_interface_0/icape_controller_0/icape_clk}
add_cells_to_pblock [get_pblocks  {CLKAG_skarab_infr/wishbone_flash_sdram_interface_0/icape_controller_0/icape_clk}] [get_cells -filter { PRIMITIVE_GROUP != I/O && IS_PRIMITIVE==1 && PRIMITIVE_LEVEL !=INTERNAL } -of_object [get_pins -filter {DIRECTION==IN} -of_objects [get_nets -hierarchical -filter {PARENT=="skarab_infr/wishbone_flash_sdram_interface_0/icape_controller_0/icape_clk"}]]]
resize_pblock [get_pblocks {CLKAG_skarab_infr/wishbone_flash_sdram_interface_0/icape_controller_0/icape_clk}] -add {CLOCKREGION_X0Y4:CLOCKREGION_X0Y4}
#endgroup

# Clock net "skarab_infr/wb_clk_i" driven by instance "skarab_infr/bsp_clk_BUFG_inst" located at site "BUFGCTRL_X0Y1"
#startgroup
create_pblock {CLKAG_skarab_infr/wb_clk_i}
add_cells_to_pblock [get_pblocks  {CLKAG_skarab_infr/wb_clk_i}] [get_cells -filter { PRIMITIVE_GROUP != I/O && IS_PRIMITIVE==1 && PRIMITIVE_LEVEL !=INTERNAL && NAME!=skarab_infr/wishbone_flash_sdram_interface_0/icape_controller_0/BUFR_ICAPE2} -of_object [get_pins -filter {DIRECTION==IN} -of_objects [get_nets -hierarchical -filter {PARENT=="skarab_infr/wb_clk_i"}]]]
resize_pblock [get_pblocks {CLKAG_skarab_infr/wb_clk_i}] -add {CLOCKREGION_X0Y3:CLOCKREGION_X0Y3 CLOCKREGION_X0Y4:CLOCKREGION_X0Y4 CLOCKREGION_X0Y5:CLOCKREGION_X0Y5 CLOCKREGION_X0Y6:CLOCKREGION_X0Y6 CLOCKREGION_X0Y7:CLOCKREGION_X0Y7 CLOCKREGION_X0Y8:CLOCKREGION_X0Y8 CLOCKREGION_X0Y9:CLOCKREGION_X0Y9 CLOCKREGION_X1Y4:CLOCKREGION_X1Y4 CLOCKREGION_X1Y5:CLOCKREGION_X1Y5 CLOCKREGION_X1Y6:CLOCKREGION_X1Y6 CLOCKREGION_X1Y7:CLOCKREGION_X1Y7 CLOCKREGION_X1Y8:CLOCKREGION_X1Y8 CLOCKREGION_X1Y9:CLOCKREGION_X1Y9}
#endgroup

# Clock net "skarab_infr/sys_clk" driven by instance "skarab_infr/user_clk_BUFG_inst" located at site "BUFGCTRL_X0Y19"
#startgroup
create_pblock {CLKAG_skarab_infr/sys_clk}
add_cells_to_pblock [get_pblocks  {CLKAG_skarab_infr/sys_clk}] [get_cells -filter { PRIMITIVE_GROUP != I/O && IS_PRIMITIVE==1 && PRIMITIVE_LEVEL !=INTERNAL } -of_object [get_pins -filter {DIRECTION==IN} -of_objects [get_nets -hierarchical -filter {PARENT=="skarab_infr/sys_clk"}]]]
resize_pblock [get_pblocks {CLKAG_skarab_infr/sys_clk}] -add {CLOCKREGION_X0Y3:CLOCKREGION_X0Y3 CLOCKREGION_X0Y4:CLOCKREGION_X0Y4 CLOCKREGION_X0Y5:CLOCKREGION_X0Y5 CLOCKREGION_X0Y6:CLOCKREGION_X0Y6 CLOCKREGION_X0Y7:CLOCKREGION_X0Y7 CLOCKREGION_X0Y8:CLOCKREGION_X0Y8 CLOCKREGION_X0Y9:CLOCKREGION_X0Y9 CLOCKREGION_X1Y3:CLOCKREGION_X1Y3 CLOCKREGION_X1Y4:CLOCKREGION_X1Y4 CLOCKREGION_X1Y5:CLOCKREGION_X1Y5 CLOCKREGION_X1Y6:CLOCKREGION_X1Y6 CLOCKREGION_X1Y7:CLOCKREGION_X1Y7 CLOCKREGION_X1Y8:CLOCKREGION_X1Y8 CLOCKREGION_X1Y9:CLOCKREGION_X1Y9}
#endgroup

# Clock net "skarab_infr/emcclk2" driven by instance "skarab_infr/emcclk2_BUFG_inst" located at site "BUFGCTRL_X0Y3"
#startgroup
create_pblock {CLKAG_skarab_infr/emcclk2}
add_cells_to_pblock [get_pblocks  {CLKAG_skarab_infr/emcclk2}] [get_cells -filter { PRIMITIVE_GROUP != I/O && IS_PRIMITIVE==1 && PRIMITIVE_LEVEL !=INTERNAL } -of_object [get_pins -filter {DIRECTION==IN} -of_objects [get_nets -hierarchical -filter {PARENT=="skarab_infr/emcclk2"}]]]
resize_pblock [get_pblocks {CLKAG_skarab_infr/emcclk2}] -add {CLOCKREGION_X0Y4:CLOCKREGION_X0Y4}
#endgroup

# Clock net "skarab_infr/cont_microblaze_wrapper_0/cont_microblaze_i/mdm_1/U0/No_Dbg_Reg_Access.BUFG_DRCK/Ext_JTAG_DRCK" driven by instance "skarab_infr/cont_microblaze_wrapper_0/cont_microblaze_i/mdm_1/U0/No_Dbg_Reg_Access.BUFG_DRCK/Using_FPGA.Native" located at site "BUFGCTRL_X0Y2"
#startgroup
create_pblock {CLKAG_skarab_infr/cont_microblaze_wrapper_0/cont_microblaze_i/mdm_1/U0/No_Dbg_Reg_Access.BUFG_DRCK/Ext_JTAG_DRCK}
add_cells_to_pblock [get_pblocks  {CLKAG_skarab_infr/cont_microblaze_wrapper_0/cont_microblaze_i/mdm_1/U0/No_Dbg_Reg_Access.BUFG_DRCK/Ext_JTAG_DRCK}] [get_cells -filter { PRIMITIVE_GROUP != I/O && IS_PRIMITIVE==1 && PRIMITIVE_LEVEL !=INTERNAL } -of_object [get_pins -filter {DIRECTION==IN} -of_objects [get_nets -hierarchical -filter {PARENT=="skarab_infr/cont_microblaze_wrapper_0/cont_microblaze_i/mdm_1/U0/No_Dbg_Reg_Access.BUFG_DRCK/Ext_JTAG_DRCK"}]]]
resize_pblock [get_pblocks {CLKAG_skarab_infr/cont_microblaze_wrapper_0/cont_microblaze_i/mdm_1/U0/No_Dbg_Reg_Access.BUFG_DRCK/Ext_JTAG_DRCK}] -add {CLOCKREGION_X0Y3:CLOCKREGION_X0Y3 CLOCKREGION_X0Y4:CLOCKREGION_X0Y4}
#endgroup

# Clock net "skarab_infr/cont_microblaze_wrapper_0/cont_microblaze_i/mdm_1/U0/Dbg_Update_0" driven by instance "skarab_infr/cont_microblaze_wrapper_0/cont_microblaze_i/mdm_1/U0/Dbg_Update_0_BUFG_inst" located at site "BUFGCTRL_X0Y4"
#startgroup
create_pblock {CLKAG_skarab_infr/cont_microblaze_wrapper_0/cont_microblaze_i/mdm_1/U0/Dbg_Update_0}
add_cells_to_pblock [get_pblocks  {CLKAG_skarab_infr/cont_microblaze_wrapper_0/cont_microblaze_i/mdm_1/U0/Dbg_Update_0}] [get_cells -filter { PRIMITIVE_GROUP != I/O && IS_PRIMITIVE==1 && PRIMITIVE_LEVEL !=INTERNAL } -of_object [get_pins -filter {DIRECTION==IN} -of_objects [get_nets -hierarchical -filter {PARENT=="skarab_infr/cont_microblaze_wrapper_0/cont_microblaze_i/mdm_1/U0/Dbg_Update_0"}]]]
resize_pblock [get_pblocks {CLKAG_skarab_infr/cont_microblaze_wrapper_0/cont_microblaze_i/mdm_1/U0/Dbg_Update_0}] -add {CLOCKREGION_X0Y4:CLOCKREGION_X0Y4}
#endgroup

# Clock net "skarab_infr/board_clk" driven by instance "skarab_infr/sys_clk_BUFG_inst" located at site "BUFGCTRL_X0Y0"
#startgroup
create_pblock {CLKAG_skarab_infr/board_clk}
add_cells_to_pblock [get_pblocks  {CLKAG_skarab_infr/board_clk}] [get_cells -filter { PRIMITIVE_GROUP != I/O && IS_PRIMITIVE==1 && PRIMITIVE_LEVEL !=INTERNAL } -of_object [get_pins -filter {DIRECTION==IN} -of_objects [get_nets -hierarchical -filter {PARENT=="skarab_infr/board_clk"}]]]
resize_pblock [get_pblocks {CLKAG_skarab_infr/board_clk}] -add {CLOCKREGION_X0Y5:CLOCKREGION_X0Y5 CLOCKREGION_X0Y6:CLOCKREGION_X0Y6 CLOCKREGION_X0Y7:CLOCKREGION_X0Y7 CLOCKREGION_X0Y8:CLOCKREGION_X0Y8 CLOCKREGION_X0Y9:CLOCKREGION_X0Y9 CLOCKREGION_X1Y9:CLOCKREGION_X1Y9}
#endgroup

# Clock net "ethernet_one_gbe_skarab_axi_tx_one_gbe/gmii_to_sgmii_0/U0/core_clocking_i/userclk2" driven by instance "ethernet_one_gbe_skarab_axi_tx_one_gbe/gmii_to_sgmii_0/U0/core_clocking_i/bufg_userclk2" located at site "BUFGCTRL_X0Y20"
#startgroup
create_pblock {CLKAG_ethernet_one_gbe_skarab_axi_tx_one_gbe/gmii_to_sgmii_0/U0/core_clocking_i/userclk2}
add_cells_to_pblock [get_pblocks  {CLKAG_ethernet_one_gbe_skarab_axi_tx_one_gbe/gmii_to_sgmii_0/U0/core_clocking_i/userclk2}] [get_cells -filter { PRIMITIVE_GROUP != I/O && IS_PRIMITIVE==1 && PRIMITIVE_LEVEL !=INTERNAL } -of_object [get_pins -filter {DIRECTION==IN} -of_objects [get_nets -hierarchical -filter {PARENT=="ethernet_one_gbe_skarab_axi_tx_one_gbe/gmii_to_sgmii_0/U0/core_clocking_i/userclk2"}]]]
resize_pblock [get_pblocks {CLKAG_ethernet_one_gbe_skarab_axi_tx_one_gbe/gmii_to_sgmii_0/U0/core_clocking_i/userclk2}] -add {CLOCKREGION_X0Y7:CLOCKREGION_X0Y7 CLOCKREGION_X0Y8:CLOCKREGION_X0Y8 CLOCKREGION_X0Y9:CLOCKREGION_X0Y9 CLOCKREGION_X1Y8:CLOCKREGION_X1Y8 CLOCKREGION_X1Y9:CLOCKREGION_X1Y9}
#endgroup

# Clock net "ethernet_one_gbe_skarab_axi_tx_one_gbe/gmii_to_sgmii_0/U0/core_clocking_i/userclk" driven by instance "ethernet_one_gbe_skarab_axi_tx_one_gbe/gmii_to_sgmii_0/U0/core_clocking_i/bufg_userclk" located at site "BUFGCTRL_X0Y18"
#startgroup
create_pblock {CLKAG_ethernet_one_gbe_skarab_axi_tx_one_gbe/gmii_to_sgmii_0/U0/core_clocking_i/userclk}
add_cells_to_pblock [get_pblocks  {CLKAG_ethernet_one_gbe_skarab_axi_tx_one_gbe/gmii_to_sgmii_0/U0/core_clocking_i/userclk}] [get_cells -filter { PRIMITIVE_GROUP != I/O && IS_PRIMITIVE==1 && PRIMITIVE_LEVEL !=INTERNAL } -of_object [get_pins -filter {DIRECTION==IN} -of_objects [get_nets -hierarchical -filter {PARENT=="ethernet_one_gbe_skarab_axi_tx_one_gbe/gmii_to_sgmii_0/U0/core_clocking_i/userclk"}]]]
resize_pblock [get_pblocks {CLKAG_ethernet_one_gbe_skarab_axi_tx_one_gbe/gmii_to_sgmii_0/U0/core_clocking_i/userclk}] -add {CLOCKREGION_X1Y9:CLOCKREGION_X1Y9}
#endgroup

# Clock net "ethernet_one_gbe_skarab_axi_tx_one_gbe/gmii_to_sgmii_0/U0/core_clocking_i/rxuserclk2" driven by instance "ethernet_one_gbe_skarab_axi_tx_one_gbe/gmii_to_sgmii_0/U0/core_clocking_i/rxrecclkbufg" located at site "BUFGCTRL_X0Y16"
#startgroup
create_pblock {CLKAG_ethernet_one_gbe_skarab_axi_tx_one_gbe/gmii_to_sgmii_0/U0/core_clocking_i/rxuserclk2}
add_cells_to_pblock [get_pblocks  {CLKAG_ethernet_one_gbe_skarab_axi_tx_one_gbe/gmii_to_sgmii_0/U0/core_clocking_i/rxuserclk2}] [get_cells -filter { PRIMITIVE_GROUP != I/O && IS_PRIMITIVE==1 && PRIMITIVE_LEVEL !=INTERNAL } -of_object [get_pins -filter {DIRECTION==IN} -of_objects [get_nets -hierarchical -filter {PARENT=="ethernet_one_gbe_skarab_axi_tx_one_gbe/gmii_to_sgmii_0/U0/core_clocking_i/rxuserclk2"}]]]
resize_pblock [get_pblocks {CLKAG_ethernet_one_gbe_skarab_axi_tx_one_gbe/gmii_to_sgmii_0/U0/core_clocking_i/rxuserclk2}] -add {CLOCKREGION_X1Y9:CLOCKREGION_X1Y9}
#endgroup

# Clock net "ethernet_one_gbe_skarab_axi_tx_one_gbe/gmii_to_sgmii_0/U0/core_clocking_i/gtrefclk_bufg" driven by instance "ethernet_one_gbe_skarab_axi_tx_one_gbe/gmii_to_sgmii_0/U0/core_clocking_i/bufg_gtrefclk" located at site "BUFGCTRL_X0Y17"
#startgroup
create_pblock {CLKAG_ethernet_one_gbe_skarab_axi_tx_one_gbe/gmii_to_sgmii_0/U0/core_clocking_i/gtrefclk_bufg}
add_cells_to_pblock [get_pblocks  {CLKAG_ethernet_one_gbe_skarab_axi_tx_one_gbe/gmii_to_sgmii_0/U0/core_clocking_i/gtrefclk_bufg}] [get_cells -filter { PRIMITIVE_GROUP != I/O && IS_PRIMITIVE==1 && PRIMITIVE_LEVEL !=INTERNAL } -of_object [get_pins -filter {DIRECTION==IN} -of_objects [get_nets -hierarchical -filter {PARENT=="ethernet_one_gbe_skarab_axi_tx_one_gbe/gmii_to_sgmii_0/U0/core_clocking_i/gtrefclk_bufg"}]]]
resize_pblock [get_pblocks {CLKAG_ethernet_one_gbe_skarab_axi_tx_one_gbe/gmii_to_sgmii_0/U0/core_clocking_i/gtrefclk_bufg}] -add {CLOCKREGION_X1Y9:CLOCKREGION_X1Y9}
#endgroup
