--------------------------------- Version Log ----------------------------------
Version                                 Path
System Generator 2019.1                 /tools/Xilinx/Vivado/2019.1
Matlab 9.4.0.813654 (R2018a)            /usr/local/MATLAB/R2018a
Vivado 2019.1                           /tools/Xilinx/Vivado/2019.1
--------------------------------------------------------------------------------
Summary of Errors:
Error 0001: Undriven input port
     Block: 'fir_filter/one_gbe/convert_rx_ack'
Error 0002: Undriven input port
     Block: 'fir_filter/one_gbe/convert_rx_rst'
Error 0003: Undriven input port
     Block: 'fir_filter/one_gbe/convert_tx_data'
Error 0004: Undriven input port
     Block: 'fir_filter/one_gbe/convert_tx_dest_ip'
Error 0005: Undriven input port
     Block: 'fir_filter/one_gbe/convert_tx_end_of_frame'
Error 0006: Undriven input port
     Block: 'fir_filter/one_gbe/convert_tx_port'
Error 0007: Undriven input port
     Block: 'fir_filter/one_gbe/convert_tx_rst'
Error 0008: Undriven input port
     Block: 'fir_filter/one_gbe/convert_tx_valid'
--------------------------------------------------------------------------------

Error 0001:

Reported by:
  'fir_filter/one_gbe/convert_rx_ack'

Details:
The input ports on this block must be driven by other Xilinx blocks
--------------------------------------------------------------------------------

Error 0001:

Reported by:
  'fir_filter/one_gbe/convert_rx_rst'

Details:
The input ports on this block must be driven by other Xilinx blocks
--------------------------------------------------------------------------------

Error 0001:

Reported by:
  'fir_filter/one_gbe/convert_tx_data'

Details:
The input ports on this block must be driven by other Xilinx blocks
--------------------------------------------------------------------------------

Error 0001:

Reported by:
  'fir_filter/one_gbe/convert_tx_dest_ip'

Details:
The input ports on this block must be driven by other Xilinx blocks
--------------------------------------------------------------------------------

Error 0001:

Reported by:
  'fir_filter/one_gbe/convert_tx_end_of_frame'

Details:
The input ports on this block must be driven by other Xilinx blocks
--------------------------------------------------------------------------------

Error 0001:

Reported by:
  'fir_filter/one_gbe/convert_tx_port'

Details:
The input ports on this block must be driven by other Xilinx blocks
--------------------------------------------------------------------------------

Error 0001:

Reported by:
  'fir_filter/one_gbe/convert_tx_rst'

Details:
The input ports on this block must be driven by other Xilinx blocks
--------------------------------------------------------------------------------

Error 0001:

Reported by:
  'fir_filter/one_gbe/convert_tx_valid'

Details:
The input ports on this block must be driven by other Xilinx blocks
--------------------------------------------------------------------------------
