
*** Running vivado
    with args -log ethernet_one_gbe_skarab_axi_fir_compiler_v7_2_i0.vds -m64 -product Vivado -mode batch -messageDb vivado.pb -notrace -source ethernet_one_gbe_skarab_axi_fir_compiler_v7_2_i0.tcl


****** Vivado v2019.1 (64-bit)
  **** SW Build 2552052 on Fri May 24 14:47:09 MDT 2019
  **** IP Build 2548770 on Fri May 24 18:01:18 MDT 2019
    ** Copyright 1986-2019 Xilinx, Inc. All Rights Reserved.

WARNING: [Runs 36-547] Tool Strategy 'Vivado Synthesis Defaults' from file '/usr/local/Xilinx/Vivado/2019.1/strategies/VDS2014.psg' discarded because strategy with same name already parsed from '/usr/local/Xilinx/Vivado/2019.1/strategies/VDS2014.psg'
WARNING: [Runs 36-547] Tool Strategy 'Flow_RuntimeOptimized' from file '/usr/local/Xilinx/Vivado/2019.1/strategies/VDS2014.psg' discarded because strategy with same name already parsed from '/usr/local/Xilinx/Vivado/2019.1/strategies/VDS2014.psg'
WARNING: [Runs 36-547] Tool Strategy 'Flow_AreaOptimized_High' from file '/usr/local/Xilinx/Vivado/2019.1/strategies/VDS2014.psg' discarded because strategy with same name already parsed from '/usr/local/Xilinx/Vivado/2019.1/strategies/VDS2014.psg'
WARNING: [Runs 36-547] Tool Strategy 'Flow_PerfOptimized_High' from file '/usr/local/Xilinx/Vivado/2019.1/strategies/VDS2014.psg' discarded because strategy with same name already parsed from '/usr/local/Xilinx/Vivado/2019.1/strategies/VDS2014.psg'
WARNING: [Runs 36-547] Tool Strategy 'Vivado Implementation Defaults' from file '/usr/local/Xilinx/Vivado/2019.1/strategies/VDI2014.psg' discarded because strategy with same name already parsed from '/usr/local/Xilinx/Vivado/2019.1/strategies/VDI2014.psg'
WARNING: [Runs 36-547] Tool Strategy 'Performance_Explore' from file '/usr/local/Xilinx/Vivado/2019.1/strategies/VDI2014.psg' discarded because strategy with same name already parsed from '/usr/local/Xilinx/Vivado/2019.1/strategies/VDI2014.psg'
WARNING: [Runs 36-547] Tool Strategy 'Performance_ExplorePostRoutePhysOpt' from file '/usr/local/Xilinx/Vivado/2019.1/strategies/VDI2014.psg' discarded because strategy with same name already parsed from '/usr/local/Xilinx/Vivado/2019.1/strategies/VDI2014.psg'
WARNING: [Runs 36-547] Tool Strategy 'Performance_RefinePlacement' from file '/usr/local/Xilinx/Vivado/2019.1/strategies/VDI2014.psg' discarded because strategy with same name already parsed from '/usr/local/Xilinx/Vivado/2019.1/strategies/VDI2014.psg'
WARNING: [Runs 36-547] Tool Strategy 'Performance_WLBlockPlacement' from file '/usr/local/Xilinx/Vivado/2019.1/strategies/VDI2014.psg' discarded because strategy with same name already parsed from '/usr/local/Xilinx/Vivado/2019.1/strategies/VDI2014.psg'
WARNING: [Runs 36-547] Tool Strategy 'Performance_WLBlockPlacementFanoutOpt' from file '/usr/local/Xilinx/Vivado/2019.1/strategies/VDI2014.psg' discarded because strategy with same name already parsed from '/usr/local/Xilinx/Vivado/2019.1/strategies/VDI2014.psg'
WARNING: [Runs 36-547] Tool Strategy 'Performance_LateBlockPlacement' from file '/usr/local/Xilinx/Vivado/2019.1/strategies/VDI2014.psg' discarded because strategy with same name already parsed from '/usr/local/Xilinx/Vivado/2019.1/strategies/VDI2014.psg'
WARNING: [Runs 36-547] Tool Strategy 'Performance_NetDelay_high' from file '/usr/local/Xilinx/Vivado/2019.1/strategies/VDI2014.psg' discarded because strategy with same name already parsed from '/usr/local/Xilinx/Vivado/2019.1/strategies/VDI2014.psg'
WARNING: [Runs 36-547] Tool Strategy 'Performance_NetDelay_medium' from file '/usr/local/Xilinx/Vivado/2019.1/strategies/VDI2014.psg' discarded because strategy with same name already parsed from '/usr/local/Xilinx/Vivado/2019.1/strategies/VDI2014.psg'
WARNING: [Runs 36-547] Tool Strategy 'Performance_NetDelay_low' from file '/usr/local/Xilinx/Vivado/2019.1/strategies/VDI2014.psg' discarded because strategy with same name already parsed from '/usr/local/Xilinx/Vivado/2019.1/strategies/VDI2014.psg'
WARNING: [Runs 36-547] Tool Strategy 'Performance_ExploreSLLs' from file '/usr/local/Xilinx/Vivado/2019.1/strategies/VDI2014.psg' discarded because strategy with same name already parsed from '/usr/local/Xilinx/Vivado/2019.1/strategies/VDI2014.psg'
WARNING: [Runs 36-547] Tool Strategy 'Performance_Retiming' from file '/usr/local/Xilinx/Vivado/2019.1/strategies/VDI2014.psg' discarded because strategy with same name already parsed from '/usr/local/Xilinx/Vivado/2019.1/strategies/VDI2014.psg'
WARNING: [Runs 36-547] Tool Strategy 'Area_Explore' from file '/usr/local/Xilinx/Vivado/2019.1/strategies/VDI2014.psg' discarded because strategy with same name already parsed from '/usr/local/Xilinx/Vivado/2019.1/strategies/VDI2014.psg'
WARNING: [Runs 36-547] Tool Strategy 'Power_DefaultOpt' from file '/usr/local/Xilinx/Vivado/2019.1/strategies/VDI2014.psg' discarded because strategy with same name already parsed from '/usr/local/Xilinx/Vivado/2019.1/strategies/VDI2014.psg'
WARNING: [Runs 36-547] Tool Strategy 'Flow_RunPhysOpt' from file '/usr/local/Xilinx/Vivado/2019.1/strategies/VDI2014.psg' discarded because strategy with same name already parsed from '/usr/local/Xilinx/Vivado/2019.1/strategies/VDI2014.psg'
WARNING: [Runs 36-547] Tool Strategy 'Flow_RunPostRoutePhysOpt' from file '/usr/local/Xilinx/Vivado/2019.1/strategies/VDI2014.psg' discarded because strategy with same name already parsed from '/usr/local/Xilinx/Vivado/2019.1/strategies/VDI2014.psg'
WARNING: [Runs 36-547] Tool Strategy 'Flow_RuntimeOptimized' from file '/usr/local/Xilinx/Vivado/2019.1/strategies/VDI2014.psg' discarded because strategy with same name already parsed from '/usr/local/Xilinx/Vivado/2019.1/strategies/VDI2014.psg'
WARNING: [Runs 36-547] Tool Strategy 'Flow_Quick' from file '/usr/local/Xilinx/Vivado/2019.1/strategies/VDI2014.psg' discarded because strategy with same name already parsed from '/usr/local/Xilinx/Vivado/2019.1/strategies/VDI2014.psg'
WARNING: [Runs 36-547] Tool Strategy 'Congestion_SpreadLogic_high' from file '/usr/local/Xilinx/Vivado/2019.1/strategies/VDI2014.psg' discarded because strategy with same name already parsed from '/usr/local/Xilinx/Vivado/2019.1/strategies/VDI2014.psg'
WARNING: [Runs 36-547] Tool Strategy 'Congestion_SpreadLogic_medium' from file '/usr/local/Xilinx/Vivado/2019.1/strategies/VDI2014.psg' discarded because strategy with same name already parsed from '/usr/local/Xilinx/Vivado/2019.1/strategies/VDI2014.psg'
WARNING: [Runs 36-547] Tool Strategy 'Congestion_SpreadLogic_low' from file '/usr/local/Xilinx/Vivado/2019.1/strategies/VDI2014.psg' discarded because strategy with same name already parsed from '/usr/local/Xilinx/Vivado/2019.1/strategies/VDI2014.psg'
WARNING: [Runs 36-547] Tool Strategy 'Congestion_SpreadLogicSLLs' from file '/usr/local/Xilinx/Vivado/2019.1/strategies/VDI2014.psg' discarded because strategy with same name already parsed from '/usr/local/Xilinx/Vivado/2019.1/strategies/VDI2014.psg'
WARNING: [Runs 36-547] Tool Strategy 'Congestion_BalanceSLLs' from file '/usr/local/Xilinx/Vivado/2019.1/strategies/VDI2014.psg' discarded because strategy with same name already parsed from '/usr/local/Xilinx/Vivado/2019.1/strategies/VDI2014.psg'
WARNING: [Runs 36-547] Tool Strategy 'Congestion_BalanceSLRs' from file '/usr/local/Xilinx/Vivado/2019.1/strategies/VDI2014.psg' discarded because strategy with same name already parsed from '/usr/local/Xilinx/Vivado/2019.1/strategies/VDI2014.psg'
WARNING: [Runs 36-547] Tool Strategy 'Congestion_CompressSLRs' from file '/usr/local/Xilinx/Vivado/2019.1/strategies/VDI2014.psg' discarded because strategy with same name already parsed from '/usr/local/Xilinx/Vivado/2019.1/strategies/VDI2014.psg'
WARNING: [Runs 36-547] Tool Strategy 'Vivado Synthesis Defaults' from file '/usr/local/Xilinx/Vivado/2019.1/strategies/VDS2018.psg' discarded because strategy with same name already parsed from '/usr/local/Xilinx/Vivado/2019.1/strategies/VDS2018.psg'
WARNING: [Runs 36-547] Tool Strategy 'Flow_AreaOptimized_high' from file '/usr/local/Xilinx/Vivado/2019.1/strategies/VDS2018.psg' discarded because strategy with same name already parsed from '/usr/local/Xilinx/Vivado/2019.1/strategies/VDS2018.psg'
WARNING: [Runs 36-547] Tool Strategy 'Flow_AreaOptimized_medium' from file '/usr/local/Xilinx/Vivado/2019.1/strategies/VDS2018.psg' discarded because strategy with same name already parsed from '/usr/local/Xilinx/Vivado/2019.1/strategies/VDS2018.psg'
WARNING: [Runs 36-547] Tool Strategy 'Flow_AreaMultThresholdDSP' from file '/usr/local/Xilinx/Vivado/2019.1/strategies/VDS2018.psg' discarded because strategy with same name already parsed from '/usr/local/Xilinx/Vivado/2019.1/strategies/VDS2018.psg'
WARNING: [Runs 36-547] Tool Strategy 'Flow_AlternateRoutability' from file '/usr/local/Xilinx/Vivado/2019.1/strategies/VDS2018.psg' discarded because strategy with same name already parsed from '/usr/local/Xilinx/Vivado/2019.1/strategies/VDS2018.psg'
WARNING: [Runs 36-547] Tool Strategy 'Flow_PerfOptimized_high' from file '/usr/local/Xilinx/Vivado/2019.1/strategies/VDS2018.psg' discarded because strategy with same name already parsed from '/usr/local/Xilinx/Vivado/2019.1/strategies/VDS2018.psg'
WARNING: [Runs 36-547] Tool Strategy 'Flow_PerfThresholdCarry' from file '/usr/local/Xilinx/Vivado/2019.1/strategies/VDS2018.psg' discarded because strategy with same name already parsed from '/usr/local/Xilinx/Vivado/2019.1/strategies/VDS2018.psg'
WARNING: [Runs 36-547] Tool Strategy 'Flow_RuntimeOptimized' from file '/usr/local/Xilinx/Vivado/2019.1/strategies/VDS2018.psg' discarded because strategy with same name already parsed from '/usr/local/Xilinx/Vivado/2019.1/strategies/VDS2018.psg'
WARNING: [Runs 36-547] Tool Strategy 'Rodin Implementation Defaults' from file '/usr/local/Xilinx/Vivado/2019.1/strategies/RDI13.psg' discarded because strategy with same name already parsed from '/usr/local/Xilinx/Vivado/2019.1/strategies/RDI13.psg'
WARNING: [Runs 36-547] Tool Strategy 'Vivado Synthesis Defaults' from file '/usr/local/Xilinx/Vivado/2019.1/strategies/VDS2019.psg' discarded because strategy with same name already parsed from '/usr/local/Xilinx/Vivado/2019.1/strategies/VDS2019.psg'
WARNING: [Runs 36-547] Tool Strategy 'Flow_AreaOptimized_high' from file '/usr/local/Xilinx/Vivado/2019.1/strategies/VDS2019.psg' discarded because strategy with same name already parsed from '/usr/local/Xilinx/Vivado/2019.1/strategies/VDS2019.psg'
WARNING: [Runs 36-547] Tool Strategy 'Flow_AreaOptimized_medium' from file '/usr/local/Xilinx/Vivado/2019.1/strategies/VDS2019.psg' discarded because strategy with same name already parsed from '/usr/local/Xilinx/Vivado/2019.1/strategies/VDS2019.psg'
WARNING: [Runs 36-547] Tool Strategy 'Flow_AreaMultThresholdDSP' from file '/usr/local/Xilinx/Vivado/2019.1/strategies/VDS2019.psg' discarded because strategy with same name already parsed from '/usr/local/Xilinx/Vivado/2019.1/strategies/VDS2019.psg'
WARNING: [Runs 36-547] Tool Strategy 'Flow_AlternateRoutability' from file '/usr/local/Xilinx/Vivado/2019.1/strategies/VDS2019.psg' discarded because strategy with same name already parsed from '/usr/local/Xilinx/Vivado/2019.1/strategies/VDS2019.psg'
WARNING: [Runs 36-547] Tool Strategy 'Flow_PerfOptimized_high' from file '/usr/local/Xilinx/Vivado/2019.1/strategies/VDS2019.psg' discarded because strategy with same name already parsed from '/usr/local/Xilinx/Vivado/2019.1/strategies/VDS2019.psg'
WARNING: [Runs 36-547] Tool Strategy 'Flow_PerfThresholdCarry' from file '/usr/local/Xilinx/Vivado/2019.1/strategies/VDS2019.psg' discarded because strategy with same name already parsed from '/usr/local/Xilinx/Vivado/2019.1/strategies/VDS2019.psg'
WARNING: [Runs 36-547] Tool Strategy 'Flow_RuntimeOptimized' from file '/usr/local/Xilinx/Vivado/2019.1/strategies/VDS2019.psg' discarded because strategy with same name already parsed from '/usr/local/Xilinx/Vivado/2019.1/strategies/VDS2019.psg'
WARNING: [Runs 36-547] Tool Strategy 'HLS Compile C Defaults' from file '/usr/local/Xilinx/Vivado/2019.1/strategies/CC2015.psg' discarded because strategy with same name already parsed from '/usr/local/Xilinx/Vivado/2019.1/strategies/CC2015.psg'
WARNING: [Runs 36-547] Tool Strategy 'Vivado Synthesis Defaults' from file '/usr/local/Xilinx/Vivado/2019.1/strategies/VDS2013.psg' discarded because strategy with same name already parsed from '/usr/local/Xilinx/Vivado/2019.1/strategies/VDS2013.psg'
WARNING: [Runs 36-547] Tool Strategy 'Flow_RuntimeOptimized' from file '/usr/local/Xilinx/Vivado/2019.1/strategies/VDS2013.psg' discarded because strategy with same name already parsed from '/usr/local/Xilinx/Vivado/2019.1/strategies/VDS2013.psg'
WARNING: [Runs 36-547] Tool Strategy 'Vivado Implementation Defaults' from file '/usr/local/Xilinx/Vivado/2019.1/strategies/VDI2013.psg' discarded because strategy with same name already parsed from '/usr/local/Xilinx/Vivado/2019.1/strategies/VDI2013.psg'
WARNING: [Runs 36-547] Tool Strategy 'Performance_Explore' from file '/usr/local/Xilinx/Vivado/2019.1/strategies/VDI2013.psg' discarded because strategy with same name already parsed from '/usr/local/Xilinx/Vivado/2019.1/strategies/VDI2013.psg'
WARNING: [Runs 36-547] Tool Strategy 'Performance_RefinePlacement' from file '/usr/local/Xilinx/Vivado/2019.1/strategies/VDI2013.psg' discarded because strategy with same name already parsed from '/usr/local/Xilinx/Vivado/2019.1/strategies/VDI2013.psg'
WARNING: [Runs 36-547] Tool Strategy 'Performance_WLBlockPlacement' from file '/usr/local/Xilinx/Vivado/2019.1/strategies/VDI2013.psg' discarded because strategy with same name already parsed from '/usr/local/Xilinx/Vivado/2019.1/strategies/VDI2013.psg'
WARNING: [Runs 36-547] Tool Strategy 'Performance_WLBlockPlacementFanoutOpt' from file '/usr/local/Xilinx/Vivado/2019.1/strategies/VDI2013.psg' discarded because strategy with same name already parsed from '/usr/local/Xilinx/Vivado/2019.1/strategies/VDI2013.psg'
WARNING: [Runs 36-547] Tool Strategy 'Performance_LateBlockPlacement' from file '/usr/local/Xilinx/Vivado/2019.1/strategies/VDI2013.psg' discarded because strategy with same name already parsed from '/usr/local/Xilinx/Vivado/2019.1/strategies/VDI2013.psg'
WARNING: [Runs 36-547] Tool Strategy 'Performance_NetDelay_high' from file '/usr/local/Xilinx/Vivado/2019.1/strategies/VDI2013.psg' discarded because strategy with same name already parsed from '/usr/local/Xilinx/Vivado/2019.1/strategies/VDI2013.psg'
WARNING: [Runs 36-547] Tool Strategy 'Performance_NetDelay_medium' from file '/usr/local/Xilinx/Vivado/2019.1/strategies/VDI2013.psg' discarded because strategy with same name already parsed from '/usr/local/Xilinx/Vivado/2019.1/strategies/VDI2013.psg'
WARNING: [Runs 36-547] Tool Strategy 'Performance_NetDelay_low' from file '/usr/local/Xilinx/Vivado/2019.1/strategies/VDI2013.psg' discarded because strategy with same name already parsed from '/usr/local/Xilinx/Vivado/2019.1/strategies/VDI2013.psg'
WARNING: [Runs 36-547] Tool Strategy 'Performance_ExploreSLLs' from file '/usr/local/Xilinx/Vivado/2019.1/strategies/VDI2013.psg' discarded because strategy with same name already parsed from '/usr/local/Xilinx/Vivado/2019.1/strategies/VDI2013.psg'
WARNING: [Runs 36-547] Tool Strategy 'Area_Explore' from file '/usr/local/Xilinx/Vivado/2019.1/strategies/VDI2013.psg' discarded because strategy with same name already parsed from '/usr/local/Xilinx/Vivado/2019.1/strategies/VDI2013.psg'
WARNING: [Runs 36-547] Tool Strategy 'Power_DefaultOpt' from file '/usr/local/Xilinx/Vivado/2019.1/strategies/VDI2013.psg' discarded because strategy with same name already parsed from '/usr/local/Xilinx/Vivado/2019.1/strategies/VDI2013.psg'
WARNING: [Runs 36-547] Tool Strategy 'Flow_RunPhysOpt' from file '/usr/local/Xilinx/Vivado/2019.1/strategies/VDI2013.psg' discarded because strategy with same name already parsed from '/usr/local/Xilinx/Vivado/2019.1/strategies/VDI2013.psg'
WARNING: [Runs 36-547] Tool Strategy 'Flow_RuntimeOptimized' from file '/usr/local/Xilinx/Vivado/2019.1/strategies/VDI2013.psg' discarded because strategy with same name already parsed from '/usr/local/Xilinx/Vivado/2019.1/strategies/VDI2013.psg'
WARNING: [Runs 36-547] Tool Strategy 'Flow_Quick' from file '/usr/local/Xilinx/Vivado/2019.1/strategies/VDI2013.psg' discarded because strategy with same name already parsed from '/usr/local/Xilinx/Vivado/2019.1/strategies/VDI2013.psg'
WARNING: [Runs 36-547] Tool Strategy 'Congestion_SpreadLogic_high' from file '/usr/local/Xilinx/Vivado/2019.1/strategies/VDI2013.psg' discarded because strategy with same name already parsed from '/usr/local/Xilinx/Vivado/2019.1/strategies/VDI2013.psg'
WARNING: [Runs 36-547] Tool Strategy 'Congestion_SpreadLogic_medium' from file '/usr/local/Xilinx/Vivado/2019.1/strategies/VDI2013.psg' discarded because strategy with same name already parsed from '/usr/local/Xilinx/Vivado/2019.1/strategies/VDI2013.psg'
WARNING: [Runs 36-547] Tool Strategy 'Congestion_SpreadLogic_low' from file '/usr/local/Xilinx/Vivado/2019.1/strategies/VDI2013.psg' discarded because strategy with same name already parsed from '/usr/local/Xilinx/Vivado/2019.1/strategies/VDI2013.psg'
WARNING: [Runs 36-547] Tool Strategy 'Congestion_SpreadLogicSLLs' from file '/usr/local/Xilinx/Vivado/2019.1/strategies/VDI2013.psg' discarded because strategy with same name already parsed from '/usr/local/Xilinx/Vivado/2019.1/strategies/VDI2013.psg'
WARNING: [Runs 36-547] Tool Strategy 'Congestion_BalanceSLLs' from file '/usr/local/Xilinx/Vivado/2019.1/strategies/VDI2013.psg' discarded because strategy with same name already parsed from '/usr/local/Xilinx/Vivado/2019.1/strategies/VDI2013.psg'
WARNING: [Runs 36-547] Tool Strategy 'Congestion_BalanceSLRs' from file '/usr/local/Xilinx/Vivado/2019.1/strategies/VDI2013.psg' discarded because strategy with same name already parsed from '/usr/local/Xilinx/Vivado/2019.1/strategies/VDI2013.psg'
WARNING: [Runs 36-547] Tool Strategy 'Congestion_CompressSLRs' from file '/usr/local/Xilinx/Vivado/2019.1/strategies/VDI2013.psg' discarded because strategy with same name already parsed from '/usr/local/Xilinx/Vivado/2019.1/strategies/VDI2013.psg'
WARNING: [Runs 36-547] Tool Strategy 'Vivado Synthesis Defaults' from file '/usr/local/Xilinx/Vivado/2019.1/strategies/VDS2012.psg' discarded because strategy with same name already parsed from '/usr/local/Xilinx/Vivado/2019.1/strategies/VDS2012.psg'
WARNING: [Runs 36-547] Tool Strategy 'Vivado Implementation Defaults' from file '/usr/local/Xilinx/Vivado/2019.1/strategies/VDI2016.psg' discarded because strategy with same name already parsed from '/usr/local/Xilinx/Vivado/2019.1/strategies/VDI2016.psg'
WARNING: [Runs 36-547] Tool Strategy 'Performance_Explore' from file '/usr/local/Xilinx/Vivado/2019.1/strategies/VDI2016.psg' discarded because strategy with same name already parsed from '/usr/local/Xilinx/Vivado/2019.1/strategies/VDI2016.psg'
WARNING: [Runs 36-547] Tool Strategy 'Performance_ExplorePostRoutePhysOpt' from file '/usr/local/Xilinx/Vivado/2019.1/strategies/VDI2016.psg' discarded because strategy with same name already parsed from '/usr/local/Xilinx/Vivado/2019.1/strategies/VDI2016.psg'
WARNING: [Runs 36-547] Tool Strategy 'Performance_WLBlockPlacement' from file '/usr/local/Xilinx/Vivado/2019.1/strategies/VDI2016.psg' discarded because strategy with same name already parsed from '/usr/local/Xilinx/Vivado/2019.1/strategies/VDI2016.psg'
WARNING: [Runs 36-547] Tool Strategy 'Performance_WLBlockPlacementFanoutOpt' from file '/usr/local/Xilinx/Vivado/2019.1/strategies/VDI2016.psg' discarded because strategy with same name already parsed from '/usr/local/Xilinx/Vivado/2019.1/strategies/VDI2016.psg'
WARNING: [Runs 36-547] Tool Strategy 'Performance_NetDelay_high' from file '/usr/local/Xilinx/Vivado/2019.1/strategies/VDI2016.psg' discarded because strategy with same name already parsed from '/usr/local/Xilinx/Vivado/2019.1/strategies/VDI2016.psg'
WARNING: [Runs 36-547] Tool Strategy 'Performance_NetDelay_low' from file '/usr/local/Xilinx/Vivado/2019.1/strategies/VDI2016.psg' discarded because strategy with same name already parsed from '/usr/local/Xilinx/Vivado/2019.1/strategies/VDI2016.psg'
WARNING: [Runs 36-547] Tool Strategy 'Performance_Retiming' from file '/usr/local/Xilinx/Vivado/2019.1/strategies/VDI2016.psg' discarded because strategy with same name already parsed from '/usr/local/Xilinx/Vivado/2019.1/strategies/VDI2016.psg'
WARNING: [Runs 36-547] Tool Strategy 'Performance_ExtraTimingOpt' from file '/usr/local/Xilinx/Vivado/2019.1/strategies/VDI2016.psg' discarded because strategy with same name already parsed from '/usr/local/Xilinx/Vivado/2019.1/strategies/VDI2016.psg'
WARNING: [Runs 36-547] Tool Strategy 'Performance_RefinePlacement' from file '/usr/local/Xilinx/Vivado/2019.1/strategies/VDI2016.psg' discarded because strategy with same name already parsed from '/usr/local/Xilinx/Vivado/2019.1/strategies/VDI2016.psg'
WARNING: [Runs 36-547] Tool Strategy 'Performance_SpreadSLLs' from file '/usr/local/Xilinx/Vivado/2019.1/strategies/VDI2016.psg' discarded because strategy with same name already parsed from '/usr/local/Xilinx/Vivado/2019.1/strategies/VDI2016.psg'
WARNING: [Runs 36-547] Tool Strategy 'Performance_BalanceSLLs' from file '/usr/local/Xilinx/Vivado/2019.1/strategies/VDI2016.psg' discarded because strategy with same name already parsed from '/usr/local/Xilinx/Vivado/2019.1/strategies/VDI2016.psg'
WARNING: [Runs 36-547] Tool Strategy 'Congestion_SpreadLogic_high' from file '/usr/local/Xilinx/Vivado/2019.1/strategies/VDI2016.psg' discarded because strategy with same name already parsed from '/usr/local/Xilinx/Vivado/2019.1/strategies/VDI2016.psg'
WARNING: [Runs 36-547] Tool Strategy 'Congestion_SpreadLogic_medium' from file '/usr/local/Xilinx/Vivado/2019.1/strategies/VDI2016.psg' discarded because strategy with same name already parsed from '/usr/local/Xilinx/Vivado/2019.1/strategies/VDI2016.psg'
WARNING: [Runs 36-547] Tool Strategy 'Congestion_SpreadLogic_low' from file '/usr/local/Xilinx/Vivado/2019.1/strategies/VDI2016.psg' discarded because strategy with same name already parsed from '/usr/local/Xilinx/Vivado/2019.1/strategies/VDI2016.psg'
WARNING: [Runs 36-547] Tool Strategy 'Congestion_SpreadLogic_Explore' from file '/usr/local/Xilinx/Vivado/2019.1/strategies/VDI2016.psg' discarded because strategy with same name already parsed from '/usr/local/Xilinx/Vivado/2019.1/strategies/VDI2016.psg'
WARNING: [Runs 36-547] Tool Strategy 'Congestion_SSI_SpreadLogic_high' from file '/usr/local/Xilinx/Vivado/2019.1/strategies/VDI2016.psg' discarded because strategy with same name already parsed from '/usr/local/Xilinx/Vivado/2019.1/strategies/VDI2016.psg'
WARNING: [Runs 36-547] Tool Strategy 'Congestion_SSI_SpreadLogic_low' from file '/usr/local/Xilinx/Vivado/2019.1/strategies/VDI2016.psg' discarded because strategy with same name already parsed from '/usr/local/Xilinx/Vivado/2019.1/strategies/VDI2016.psg'
WARNING: [Runs 36-547] Tool Strategy 'Congestion_SSI_SpreadLogic_Explore' from file '/usr/local/Xilinx/Vivado/2019.1/strategies/VDI2016.psg' discarded because strategy with same name already parsed from '/usr/local/Xilinx/Vivado/2019.1/strategies/VDI2016.psg'
WARNING: [Runs 36-547] Tool Strategy 'Area_Explore' from file '/usr/local/Xilinx/Vivado/2019.1/strategies/VDI2016.psg' discarded because strategy with same name already parsed from '/usr/local/Xilinx/Vivado/2019.1/strategies/VDI2016.psg'
WARNING: [Runs 36-547] Tool Strategy 'Area_ExploreSequential' from file '/usr/local/Xilinx/Vivado/2019.1/strategies/VDI2016.psg' discarded because strategy with same name already parsed from '/usr/local/Xilinx/Vivado/2019.1/strategies/VDI2016.psg'
WARNING: [Runs 36-547] Tool Strategy 'Area_ExploreWithRemap' from file '/usr/local/Xilinx/Vivado/2019.1/strategies/VDI2016.psg' discarded because strategy with same name already parsed from '/usr/local/Xilinx/Vivado/2019.1/strategies/VDI2016.psg'
WARNING: [Runs 36-547] Tool Strategy 'Power_DefaultOpt' from file '/usr/local/Xilinx/Vivado/2019.1/strategies/VDI2016.psg' discarded because strategy with same name already parsed from '/usr/local/Xilinx/Vivado/2019.1/strategies/VDI2016.psg'
WARNING: [Runs 36-547] Tool Strategy 'Power_ExploreArea' from file '/usr/local/Xilinx/Vivado/2019.1/strategies/VDI2016.psg' discarded because strategy with same name already parsed from '/usr/local/Xilinx/Vivado/2019.1/strategies/VDI2016.psg'
WARNING: [Runs 36-547] Tool Strategy 'Flow_RunPhysOpt' from file '/usr/local/Xilinx/Vivado/2019.1/strategies/VDI2016.psg' discarded because strategy with same name already parsed from '/usr/local/Xilinx/Vivado/2019.1/strategies/VDI2016.psg'
WARNING: [Runs 36-547] Tool Strategy 'Flow_RunPostRoutePhysOpt' from file '/usr/local/Xilinx/Vivado/2019.1/strategies/VDI2016.psg' discarded because strategy with same name already parsed from '/usr/local/Xilinx/Vivado/2019.1/strategies/VDI2016.psg'
WARNING: [Runs 36-547] Tool Strategy 'Flow_RuntimeOptimized' from file '/usr/local/Xilinx/Vivado/2019.1/strategies/VDI2016.psg' discarded because strategy with same name already parsed from '/usr/local/Xilinx/Vivado/2019.1/strategies/VDI2016.psg'
WARNING: [Runs 36-547] Tool Strategy 'Flow_Quick' from file '/usr/local/Xilinx/Vivado/2019.1/strategies/VDI2016.psg' discarded because strategy with same name already parsed from '/usr/local/Xilinx/Vivado/2019.1/strategies/VDI2016.psg'
INFO: [Common 17-14] Message 'Runs 36-547' appears 100 times and further instances of the messages will be disabled. Use the Tcl command set_msg_config to change the current settings.
WARNING: [Runs 36-546] Tool Report Strategy 'Vivado Synthesis Default Reports' from file '/usr/local/Xilinx/Vivado/2019.1/reportstrategies/VRS2019.psg' discarded because strategy with same name already parsed from '/usr/local/Xilinx/Vivado/2019.1/reportstrategies/VRS2019.psg'
WARNING: [Runs 36-546] Tool Report Strategy 'No Reports' from file '/usr/local/Xilinx/Vivado/2019.1/reportstrategies/VRS2019.psg' discarded because strategy with same name already parsed from '/usr/local/Xilinx/Vivado/2019.1/reportstrategies/VRS2019.psg'
WARNING: [Runs 36-546] Tool Report Strategy 'Vivado Implementation Default Reports' from file '/usr/local/Xilinx/Vivado/2019.1/reportstrategies/VRI2018.psg' discarded because strategy with same name already parsed from '/usr/local/Xilinx/Vivado/2019.1/reportstrategies/VRI2018.psg'
WARNING: [Runs 36-546] Tool Report Strategy 'UltraFast Design Methodology Reports' from file '/usr/local/Xilinx/Vivado/2019.1/reportstrategies/VRI2018.psg' discarded because strategy with same name already parsed from '/usr/local/Xilinx/Vivado/2019.1/reportstrategies/VRI2018.psg'
WARNING: [Runs 36-546] Tool Report Strategy 'Performance Explore Reports' from file '/usr/local/Xilinx/Vivado/2019.1/reportstrategies/VRI2018.psg' discarded because strategy with same name already parsed from '/usr/local/Xilinx/Vivado/2019.1/reportstrategies/VRI2018.psg'
WARNING: [Runs 36-546] Tool Report Strategy 'Timing Closure Reports' from file '/usr/local/Xilinx/Vivado/2019.1/reportstrategies/VRI2018.psg' discarded because strategy with same name already parsed from '/usr/local/Xilinx/Vivado/2019.1/reportstrategies/VRI2018.psg'
WARNING: [Runs 36-546] Tool Report Strategy 'No Reports' from file '/usr/local/Xilinx/Vivado/2019.1/reportstrategies/VRI2018.psg' discarded because strategy with same name already parsed from '/usr/local/Xilinx/Vivado/2019.1/reportstrategies/VRI2018.psg'
WARNING: [Runs 36-546] Tool Report Strategy 'Vivado Synthesis Default Reports' from file '/usr/local/Xilinx/Vivado/2019.1/reportstrategies/VRS2017.psg' discarded because strategy with same name already parsed from '/usr/local/Xilinx/Vivado/2019.1/reportstrategies/VRS2017.psg'
WARNING: [Runs 36-546] Tool Report Strategy 'No Reports' from file '/usr/local/Xilinx/Vivado/2019.1/reportstrategies/VRS2017.psg' discarded because strategy with same name already parsed from '/usr/local/Xilinx/Vivado/2019.1/reportstrategies/VRS2017.psg'
WARNING: [Runs 36-546] Tool Report Strategy 'Vivado Synthesis Default Reports' from file '/usr/local/Xilinx/Vivado/2019.1/reportstrategies/VRS2018.psg' discarded because strategy with same name already parsed from '/usr/local/Xilinx/Vivado/2019.1/reportstrategies/VRS2018.psg'
WARNING: [Runs 36-546] Tool Report Strategy 'No Reports' from file '/usr/local/Xilinx/Vivado/2019.1/reportstrategies/VRS2018.psg' discarded because strategy with same name already parsed from '/usr/local/Xilinx/Vivado/2019.1/reportstrategies/VRS2018.psg'
WARNING: [Runs 36-546] Tool Report Strategy 'Vivado Implementation Default Reports' from file '/usr/local/Xilinx/Vivado/2019.1/reportstrategies/VRI2017.psg' discarded because strategy with same name already parsed from '/usr/local/Xilinx/Vivado/2019.1/reportstrategies/VRI2017.psg'
WARNING: [Runs 36-546] Tool Report Strategy 'UltraFast Design Methodology Reports' from file '/usr/local/Xilinx/Vivado/2019.1/reportstrategies/VRI2017.psg' discarded because strategy with same name already parsed from '/usr/local/Xilinx/Vivado/2019.1/reportstrategies/VRI2017.psg'
WARNING: [Runs 36-546] Tool Report Strategy 'Performance Explore Reports' from file '/usr/local/Xilinx/Vivado/2019.1/reportstrategies/VRI2017.psg' discarded because strategy with same name already parsed from '/usr/local/Xilinx/Vivado/2019.1/reportstrategies/VRI2017.psg'
WARNING: [Runs 36-546] Tool Report Strategy 'Timing Closure Reports' from file '/usr/local/Xilinx/Vivado/2019.1/reportstrategies/VRI2017.psg' discarded because strategy with same name already parsed from '/usr/local/Xilinx/Vivado/2019.1/reportstrategies/VRI2017.psg'
WARNING: [Runs 36-546] Tool Report Strategy 'No Reports' from file '/usr/local/Xilinx/Vivado/2019.1/reportstrategies/VRI2017.psg' discarded because strategy with same name already parsed from '/usr/local/Xilinx/Vivado/2019.1/reportstrategies/VRI2017.psg'
WARNING: [Runs 36-546] Tool Report Strategy 'Vivado Implementation Default Reports' from file '/usr/local/Xilinx/Vivado/2019.1/reportstrategies/VRI2019.psg' discarded because strategy with same name already parsed from '/usr/local/Xilinx/Vivado/2019.1/reportstrategies/VRI2019.psg'
WARNING: [Runs 36-546] Tool Report Strategy 'UltraFast Design Methodology Reports' from file '/usr/local/Xilinx/Vivado/2019.1/reportstrategies/VRI2019.psg' discarded because strategy with same name already parsed from '/usr/local/Xilinx/Vivado/2019.1/reportstrategies/VRI2019.psg'
WARNING: [Runs 36-546] Tool Report Strategy 'Performance Explore Reports' from file '/usr/local/Xilinx/Vivado/2019.1/reportstrategies/VRI2019.psg' discarded because strategy with same name already parsed from '/usr/local/Xilinx/Vivado/2019.1/reportstrategies/VRI2019.psg'
WARNING: [Runs 36-546] Tool Report Strategy 'Timing Closure Reports' from file '/usr/local/Xilinx/Vivado/2019.1/reportstrategies/VRI2019.psg' discarded because strategy with same name already parsed from '/usr/local/Xilinx/Vivado/2019.1/reportstrategies/VRI2019.psg'
WARNING: [Runs 36-546] Tool Report Strategy 'No Reports' from file '/usr/local/Xilinx/Vivado/2019.1/reportstrategies/VRI2019.psg' discarded because strategy with same name already parsed from '/usr/local/Xilinx/Vivado/2019.1/reportstrategies/VRI2019.psg'
source ethernet_one_gbe_skarab_axi_fir_compiler_v7_2_i0.tcl -notrace
INFO: [IP_Flow 19-234] Refreshing IP repositories
INFO: [IP_Flow 19-1700] Loaded user IP repository '/skarab/tutorials_devel/skarab/mlib_devel/jasper_library/hdl_sources/skarab_infr/cont_microblaze/ipshared/peralex.com'.
INFO: [IP_Flow 19-2313] Loaded Vivado IP repository '/usr/local/Xilinx/Vivado/2019.1/data/ip'.
Command: synth_design -top ethernet_one_gbe_skarab_axi_fir_compiler_v7_2_i0 -part xc7vx690tffg1927-2 -mode out_of_context
Starting synth_design
Attempting to get a license for feature 'Synthesis' and/or device 'xc7vx690t'
INFO: [Common 17-349] Got license for feature 'Synthesis' and/or device 'xc7vx690t'
INFO: [Device 21-403] Loading part xc7vx690tffg1927-2
INFO: Launching helper process for spawning children vivado processes
INFO: Helper process launched with PID 10458 
---------------------------------------------------------------------------------
Starting RTL Elaboration : Time (s): cpu = 00:00:02 ; elapsed = 00:00:03 . Memory (MB): peak = 2200.375 ; gain = 152.688 ; free physical = 24919 ; free virtual = 61427
---------------------------------------------------------------------------------
INFO: [Synth 8-638] synthesizing module 'ethernet_one_gbe_skarab_axi_fir_compiler_v7_2_i0' [/skarab/skarab-gbe-control/fpgs/ethernet_one_gbe_skarab_control/ethernet_one_gbe_skarab_axi/myproj/myproj.srcs/sources_1/ip/ethernet_one_gbe_skarab_axi_fir_compiler_v7_2_i0/synth/ethernet_one_gbe_skarab_axi_fir_compiler_v7_2_i0.vhd:73]
	Parameter C_XDEVICEFAMILY bound to: virtex7 - type: string 
	Parameter C_ELABORATION_DIR bound to: ./ - type: string 
	Parameter C_COMPONENT_NAME bound to: ethernet_one_gbe_skarab_axi_fir_compiler_v7_2_i0 - type: string 
	Parameter C_COEF_FILE bound to: ethernet_one_gbe_skarab_axi_fir_compiler_v7_2_i0.mif - type: string 
	Parameter C_COEF_FILE_LINES bound to: 129 - type: integer 
	Parameter C_FILTER_TYPE bound to: 0 - type: integer 
	Parameter C_INTERP_RATE bound to: 1 - type: integer 
	Parameter C_DECIM_RATE bound to: 1 - type: integer 
	Parameter C_ZERO_PACKING_FACTOR bound to: 1 - type: integer 
	Parameter C_SYMMETRY bound to: 1 - type: integer 
	Parameter C_NUM_FILTS bound to: 1 - type: integer 
	Parameter C_NUM_TAPS bound to: 257 - type: integer 
	Parameter C_NUM_CHANNELS bound to: 1 - type: integer 
	Parameter C_CHANNEL_PATTERN bound to: fixed - type: string 
	Parameter C_ROUND_MODE bound to: 0 - type: integer 
	Parameter C_COEF_RELOAD bound to: 0 - type: integer 
	Parameter C_NUM_RELOAD_SLOTS bound to: 1 - type: integer 
	Parameter C_COL_MODE bound to: 1 - type: integer 
	Parameter C_COL_PIPE_LEN bound to: 4 - type: integer 
	Parameter C_COL_CONFIG bound to: 129 - type: string 
	Parameter C_OPTIMIZATION bound to: 0 - type: integer 
	Parameter C_DATA_PATH_WIDTHS bound to: 16 - type: string 
	Parameter C_DATA_IP_PATH_WIDTHS bound to: 16 - type: string 
	Parameter C_DATA_PX_PATH_WIDTHS bound to: 16 - type: string 
	Parameter C_DATA_WIDTH bound to: 16 - type: integer 
	Parameter C_COEF_PATH_WIDTHS bound to: 16 - type: string 
	Parameter C_COEF_WIDTH bound to: 16 - type: integer 
	Parameter C_DATA_PATH_SRC bound to: 0 - type: string 
	Parameter C_COEF_PATH_SRC bound to: 0 - type: string 
	Parameter C_PX_PATH_SRC bound to: 0 - type: string 
	Parameter C_DATA_PATH_SIGN bound to: 0 - type: string 
	Parameter C_COEF_PATH_SIGN bound to: 0 - type: string 
	Parameter C_ACCUM_PATH_WIDTHS bound to: 33 - type: string 
	Parameter C_OUTPUT_WIDTH bound to: 33 - type: integer 
	Parameter C_OUTPUT_PATH_WIDTHS bound to: 33 - type: string 
	Parameter C_ACCUM_OP_PATH_WIDTHS bound to: 33 - type: string 
	Parameter C_EXT_MULT_CNFG bound to: none - type: string 
	Parameter C_DATA_PATH_PSAMP_SRC bound to: 0 - type: string 
	Parameter C_OP_PATH_PSAMP_SRC bound to: 0 - type: string 
	Parameter C_NUM_MADDS bound to: 129 - type: integer 
	Parameter C_OPT_MADDS bound to: none - type: string 
	Parameter C_OVERSAMPLING_RATE bound to: 1 - type: integer 
	Parameter C_INPUT_RATE bound to: 1 - type: integer 
	Parameter C_OUTPUT_RATE bound to: 1 - type: integer 
	Parameter C_DATA_MEMTYPE bound to: 0 - type: integer 
	Parameter C_COEF_MEMTYPE bound to: 2 - type: integer 
	Parameter C_IPBUFF_MEMTYPE bound to: 0 - type: integer 
	Parameter C_OPBUFF_MEMTYPE bound to: 0 - type: integer 
	Parameter C_DATAPATH_MEMTYPE bound to: 0 - type: integer 
	Parameter C_MEM_ARRANGEMENT bound to: 1 - type: integer 
	Parameter C_DATA_MEM_PACKING bound to: 0 - type: integer 
	Parameter C_COEF_MEM_PACKING bound to: 0 - type: integer 
	Parameter C_FILTS_PACKED bound to: 0 - type: integer 
	Parameter C_LATENCY bound to: 135 - type: integer 
	Parameter C_HAS_ARESETn bound to: 0 - type: integer 
	Parameter C_HAS_ACLKEN bound to: 1 - type: integer 
	Parameter C_DATA_HAS_TLAST bound to: 2 - type: integer 
	Parameter C_S_DATA_HAS_FIFO bound to: 0 - type: integer 
	Parameter C_S_DATA_HAS_TUSER bound to: 0 - type: integer 
	Parameter C_S_DATA_TDATA_WIDTH bound to: 16 - type: integer 
	Parameter C_S_DATA_TUSER_WIDTH bound to: 1 - type: integer 
	Parameter C_M_DATA_HAS_TREADY bound to: 0 - type: integer 
	Parameter C_M_DATA_HAS_TUSER bound to: 0 - type: integer 
	Parameter C_M_DATA_TDATA_WIDTH bound to: 40 - type: integer 
	Parameter C_M_DATA_TUSER_WIDTH bound to: 1 - type: integer 
	Parameter C_HAS_CONFIG_CHANNEL bound to: 0 - type: integer 
	Parameter C_CONFIG_SYNC_MODE bound to: 0 - type: integer 
	Parameter C_CONFIG_PACKET_SIZE bound to: 0 - type: integer 
	Parameter C_CONFIG_TDATA_WIDTH bound to: 1 - type: integer 
	Parameter C_RELOAD_TDATA_WIDTH bound to: 1 - type: integer 
INFO: [Synth 8-3491] module 'fir_compiler_v7_2_12' declared at '/skarab/skarab-gbe-control/fpgs/ethernet_one_gbe_skarab_control/ethernet_one_gbe_skarab_axi/myproj/myproj.srcs/sources_1/ip/ethernet_one_gbe_skarab_axi_fir_compiler_v7_2_i0/hdl/fir_compiler_v7_2_vh_rfs.vhd:61264' bound to instance 'U0' of component 'fir_compiler_v7_2_12' [/skarab/skarab-gbe-control/fpgs/ethernet_one_gbe_skarab_control/ethernet_one_gbe_skarab_axi/myproj/myproj.srcs/sources_1/ip/ethernet_one_gbe_skarab_axi_fir_compiler_v7_2_i0/synth/ethernet_one_gbe_skarab_axi_fir_compiler_v7_2_i0.vhd:205]
WARNING: [Synth 8-5858] RAM p_casc_reg from Abstract Data Type (record/struct) for this pattern/configuration is not supported. This will most likely be implemented in registers
WARNING: [Synth 8-5858] RAM p_path_out_reg from Abstract Data Type (record/struct) for this pattern/configuration is not supported. This will most likely be implemented in registers
INFO: [Synth 8-256] done synthesizing module 'ethernet_one_gbe_skarab_axi_fir_compiler_v7_2_i0' (11#1) [/skarab/skarab-gbe-control/fpgs/ethernet_one_gbe_skarab_control/ethernet_one_gbe_skarab_axi/myproj/myproj.srcs/sources_1/ip/ethernet_one_gbe_skarab_axi_fir_compiler_v7_2_i0/synth/ethernet_one_gbe_skarab_axi_fir_compiler_v7_2_i0.vhd:73]
WARNING: [Synth 8-3331] design delay__parameterized132 has unconnected port SCLR
WARNING: [Synth 8-3331] design delay__parameterized132 has unconnected port SCLR_ALT
WARNING: [Synth 8-3331] design buff__parameterized0 has unconnected port RE
WARNING: [Synth 8-3331] design buff__parameterized0 has unconnected port SCLR
WARNING: [Synth 8-3331] design delay__parameterized2 has unconnected port SCLR_ALT
WARNING: [Synth 8-3331] design buff has unconnected port RE
WARNING: [Synth 8-3331] design buff has unconnected port SCLR
WARNING: [Synth 8-3331] design delay__parameterized135 has unconnected port WE
WARNING: [Synth 8-3331] design delay__parameterized135 has unconnected port CE
WARNING: [Synth 8-3331] design delay__parameterized135 has unconnected port SCLR
WARNING: [Synth 8-3331] design delay__parameterized135 has unconnected port SCLR_ALT
WARNING: [Synth 8-3331] design delay__parameterized135 has unconnected port CLK
WARNING: [Synth 8-3331] design delay__parameterized134 has unconnected port WE
WARNING: [Synth 8-3331] design delay__parameterized134 has unconnected port CE
WARNING: [Synth 8-3331] design delay__parameterized134 has unconnected port SCLR
WARNING: [Synth 8-3331] design delay__parameterized134 has unconnected port SCLR_ALT
WARNING: [Synth 8-3331] design delay__parameterized134 has unconnected port CLK
WARNING: [Synth 8-3331] design calc has unconnected port PRE_ADDSUB
WARNING: [Synth 8-3331] design calc has unconnected port CED
WARNING: [Synth 8-3331] design delay__parameterized133 has unconnected port WE
WARNING: [Synth 8-3331] design delay__parameterized133 has unconnected port CE
WARNING: [Synth 8-3331] design delay__parameterized133 has unconnected port SCLR
WARNING: [Synth 8-3331] design delay__parameterized133 has unconnected port SCLR_ALT
WARNING: [Synth 8-3331] design delay__parameterized133 has unconnected port CLK
WARNING: [Synth 8-3331] design addsub_mult_add__parameterized0 has unconnected port POUT[fab][57]
WARNING: [Synth 8-3331] design addsub_mult_add__parameterized0 has unconnected port POUT[fab][56]
WARNING: [Synth 8-3331] design addsub_mult_add__parameterized0 has unconnected port POUT[fab][55]
WARNING: [Synth 8-3331] design addsub_mult_add__parameterized0 has unconnected port POUT[fab][54]
WARNING: [Synth 8-3331] design addsub_mult_add__parameterized0 has unconnected port POUT[fab][53]
WARNING: [Synth 8-3331] design addsub_mult_add__parameterized0 has unconnected port POUT[fab][52]
WARNING: [Synth 8-3331] design addsub_mult_add__parameterized0 has unconnected port POUT[fab][51]
WARNING: [Synth 8-3331] design addsub_mult_add__parameterized0 has unconnected port POUT[fab][50]
WARNING: [Synth 8-3331] design addsub_mult_add__parameterized0 has unconnected port POUT[fab][49]
WARNING: [Synth 8-3331] design addsub_mult_add__parameterized0 has unconnected port POUT[fab][48]
WARNING: [Synth 8-3331] design addsub_mult_add__parameterized0 has unconnected port POUT[casc][62]
WARNING: [Synth 8-3331] design addsub_mult_add__parameterized0 has unconnected port POUT[casc][61]
WARNING: [Synth 8-3331] design addsub_mult_add__parameterized0 has unconnected port POUT[casc][60]
WARNING: [Synth 8-3331] design addsub_mult_add__parameterized0 has unconnected port POUT[casc][59]
WARNING: [Synth 8-3331] design addsub_mult_add__parameterized0 has unconnected port POUT[casc][58]
WARNING: [Synth 8-3331] design addsub_mult_add__parameterized0 has unconnected port POUT[casc][57]
WARNING: [Synth 8-3331] design addsub_mult_add__parameterized0 has unconnected port POUT[casc][56]
WARNING: [Synth 8-3331] design addsub_mult_add__parameterized0 has unconnected port POUT[casc][55]
WARNING: [Synth 8-3331] design addsub_mult_add__parameterized0 has unconnected port POUT[casc][54]
WARNING: [Synth 8-3331] design addsub_mult_add__parameterized0 has unconnected port POUT[casc][53]
WARNING: [Synth 8-3331] design addsub_mult_add__parameterized0 has unconnected port POUT[casc][52]
WARNING: [Synth 8-3331] design addsub_mult_add__parameterized0 has unconnected port POUT[casc][51]
WARNING: [Synth 8-3331] design addsub_mult_add__parameterized0 has unconnected port POUT[casc][50]
WARNING: [Synth 8-3331] design addsub_mult_add__parameterized0 has unconnected port POUT[casc][49]
WARNING: [Synth 8-3331] design addsub_mult_add__parameterized0 has unconnected port POUT[casc][48]
WARNING: [Synth 8-3331] design addsub_mult_add__parameterized0 has unconnected port P_EN
WARNING: [Synth 8-3331] design addsub_mult_add__parameterized0 has unconnected port OPCODE[9]
WARNING: [Synth 8-3331] design addsub_mult_add__parameterized0 has unconnected port OPCODE[8]
WARNING: [Synth 8-3331] design addsub_mult_add__parameterized0 has unconnected port OPCODE[7]
WARNING: [Synth 8-3331] design addsub_mult_add__parameterized0 has unconnected port OPCODE[6]
WARNING: [Synth 8-3331] design addsub_mult_add__parameterized0 has unconnected port OPCODE[5]
WARNING: [Synth 8-3331] design addsub_mult_add__parameterized0 has unconnected port OPCODE[4]
WARNING: [Synth 8-3331] design addsub_mult_add__parameterized0 has unconnected port OPCODE[3]
WARNING: [Synth 8-3331] design addsub_mult_add__parameterized0 has unconnected port OPCODE[2]
WARNING: [Synth 8-3331] design addsub_mult_add__parameterized0 has unconnected port OPCODE[1]
WARNING: [Synth 8-3331] design addsub_mult_add__parameterized0 has unconnected port OPCODE[0]
WARNING: [Synth 8-3331] design addsub_mult_add__parameterized0 has unconnected port CIN[32]
WARNING: [Synth 8-3331] design addsub_mult_add__parameterized0 has unconnected port CIN[31]
WARNING: [Synth 8-3331] design addsub_mult_add__parameterized0 has unconnected port CIN[30]
WARNING: [Synth 8-3331] design addsub_mult_add__parameterized0 has unconnected port CIN[29]
WARNING: [Synth 8-3331] design addsub_mult_add__parameterized0 has unconnected port CIN[28]
WARNING: [Synth 8-3331] design addsub_mult_add__parameterized0 has unconnected port CIN[27]
WARNING: [Synth 8-3331] design addsub_mult_add__parameterized0 has unconnected port CIN[26]
WARNING: [Synth 8-3331] design addsub_mult_add__parameterized0 has unconnected port CIN[25]
WARNING: [Synth 8-3331] design addsub_mult_add__parameterized0 has unconnected port CIN[24]
WARNING: [Synth 8-3331] design addsub_mult_add__parameterized0 has unconnected port CIN[23]
WARNING: [Synth 8-3331] design addsub_mult_add__parameterized0 has unconnected port CIN[22]
WARNING: [Synth 8-3331] design addsub_mult_add__parameterized0 has unconnected port CIN[21]
WARNING: [Synth 8-3331] design addsub_mult_add__parameterized0 has unconnected port CIN[20]
WARNING: [Synth 8-3331] design addsub_mult_add__parameterized0 has unconnected port CIN[19]
WARNING: [Synth 8-3331] design addsub_mult_add__parameterized0 has unconnected port CIN[18]
WARNING: [Synth 8-3331] design addsub_mult_add__parameterized0 has unconnected port CIN[17]
WARNING: [Synth 8-3331] design addsub_mult_add__parameterized0 has unconnected port CIN[16]
WARNING: [Synth 8-3331] design addsub_mult_add__parameterized0 has unconnected port CIN[15]
WARNING: [Synth 8-3331] design addsub_mult_add__parameterized0 has unconnected port CIN[14]
WARNING: [Synth 8-3331] design addsub_mult_add__parameterized0 has unconnected port CIN[13]
WARNING: [Synth 8-3331] design addsub_mult_add__parameterized0 has unconnected port CIN[12]
WARNING: [Synth 8-3331] design addsub_mult_add__parameterized0 has unconnected port CIN[11]
WARNING: [Synth 8-3331] design addsub_mult_add__parameterized0 has unconnected port CIN[10]
WARNING: [Synth 8-3331] design addsub_mult_add__parameterized0 has unconnected port CIN[9]
WARNING: [Synth 8-3331] design addsub_mult_add__parameterized0 has unconnected port CIN[8]
WARNING: [Synth 8-3331] design addsub_mult_add__parameterized0 has unconnected port CIN[7]
WARNING: [Synth 8-3331] design addsub_mult_add__parameterized0 has unconnected port CIN[6]
WARNING: [Synth 8-3331] design addsub_mult_add__parameterized0 has unconnected port CIN[5]
WARNING: [Synth 8-3331] design addsub_mult_add__parameterized0 has unconnected port CIN[4]
WARNING: [Synth 8-3331] design addsub_mult_add__parameterized0 has unconnected port CIN[3]
WARNING: [Synth 8-3331] design addsub_mult_add__parameterized0 has unconnected port CIN[2]
WARNING: [Synth 8-3331] design addsub_mult_add__parameterized0 has unconnected port CIN[1]
WARNING: [Synth 8-3331] design addsub_mult_add__parameterized0 has unconnected port CIN[0]
WARNING: [Synth 8-3331] design addsub_mult_add__parameterized0 has unconnected port PIN[fab][57]
WARNING: [Synth 8-3331] design addsub_mult_add__parameterized0 has unconnected port PIN[fab][56]
WARNING: [Synth 8-3331] design addsub_mult_add__parameterized0 has unconnected port PIN[fab][55]
WARNING: [Synth 8-3331] design addsub_mult_add__parameterized0 has unconnected port PIN[fab][54]
WARNING: [Synth 8-3331] design addsub_mult_add__parameterized0 has unconnected port PIN[fab][53]
WARNING: [Synth 8-3331] design addsub_mult_add__parameterized0 has unconnected port PIN[fab][52]
WARNING: [Synth 8-3331] design addsub_mult_add__parameterized0 has unconnected port PIN[fab][51]
INFO: [Common 17-14] Message 'Synth 8-3331' appears 100 times and further instances of the messages will be disabled. Use the Tcl command set_msg_config to change the current settings.
---------------------------------------------------------------------------------
Finished RTL Elaboration : Time (s): cpu = 00:00:09 ; elapsed = 00:00:11 . Memory (MB): peak = 2471.664 ; gain = 423.977 ; free physical = 24245 ; free virtual = 60791
---------------------------------------------------------------------------------

Report Check Netlist: 
+------+------------------+-------+---------+-------+------------------+
|      |Item              |Errors |Warnings |Status |Description       |
+------+------------------+-------+---------+-------+------------------+
|1     |multi_driven_nets |      0|        0|Passed |Multi driven nets |
+------+------------------+-------+---------+-------+------------------+
---------------------------------------------------------------------------------
Start Handling Custom Attributes
---------------------------------------------------------------------------------
---------------------------------------------------------------------------------
Finished Handling Custom Attributes : Time (s): cpu = 00:00:09 ; elapsed = 00:00:12 . Memory (MB): peak = 2489.477 ; gain = 441.789 ; free physical = 27540 ; free virtual = 64080
---------------------------------------------------------------------------------
---------------------------------------------------------------------------------
Finished RTL Optimization Phase 1 : Time (s): cpu = 00:00:09 ; elapsed = 00:00:12 . Memory (MB): peak = 2489.477 ; gain = 441.789 ; free physical = 27539 ; free virtual = 64080
---------------------------------------------------------------------------------
INFO: [Netlist 29-17] Analyzing 129 Unisim elements for replacement
INFO: [Netlist 29-28] Unisim Transformation completed in 0 CPU seconds
INFO: [Project 1-570] Preparing netlist for logic optimization

Processing XDC Constraints
Initializing timing engine
Parsing XDC File [/skarab/skarab-gbe-control/fpgs/ethernet_one_gbe_skarab_control/ethernet_one_gbe_skarab_axi/myproj/myproj.srcs/sources_1/ip/ethernet_one_gbe_skarab_axi_fir_compiler_v7_2_i0/ethernet_one_gbe_skarab_axi_fir_compiler_v7_2_i0_ooc.xdc] for cell 'U0'
Finished Parsing XDC File [/skarab/skarab-gbe-control/fpgs/ethernet_one_gbe_skarab_control/ethernet_one_gbe_skarab_axi/myproj/myproj.srcs/sources_1/ip/ethernet_one_gbe_skarab_axi_fir_compiler_v7_2_i0/ethernet_one_gbe_skarab_axi_fir_compiler_v7_2_i0_ooc.xdc] for cell 'U0'
Parsing XDC File [/skarab/skarab-gbe-control/fpgs/ethernet_one_gbe_skarab_control/ethernet_one_gbe_skarab_axi/myproj/myproj.srcs/sources_1/ip/ethernet_one_gbe_skarab_axi_fir_compiler_v7_2_i0/constraints/fir_compiler_v7_2.xdc] for cell 'U0'
Finished Parsing XDC File [/skarab/skarab-gbe-control/fpgs/ethernet_one_gbe_skarab_control/ethernet_one_gbe_skarab_axi/myproj/myproj.srcs/sources_1/ip/ethernet_one_gbe_skarab_axi_fir_compiler_v7_2_i0/constraints/fir_compiler_v7_2.xdc] for cell 'U0'
Parsing XDC File [/skarab/skarab-gbe-control/fpgs/ethernet_one_gbe_skarab_control/ethernet_one_gbe_skarab_axi/myproj/myproj.runs/ethernet_one_gbe_skarab_axi_fir_compiler_v7_2_i0_synth_1/dont_touch.xdc]
Finished Parsing XDC File [/skarab/skarab-gbe-control/fpgs/ethernet_one_gbe_skarab_control/ethernet_one_gbe_skarab_axi/myproj/myproj.runs/ethernet_one_gbe_skarab_axi_fir_compiler_v7_2_i0_synth_1/dont_touch.xdc]
Completed Processing XDC Constraints

Netlist sorting complete. Time (s): cpu = 00:00:00 ; elapsed = 00:00:00 . Memory (MB): peak = 2884.406 ; gain = 0.000 ; free physical = 29757 ; free virtual = 66443
INFO: [Project 1-111] Unisim Transformation Summary:
No Unisim elements were transformed.

Constraint Validation Runtime : Time (s): cpu = 00:00:01 ; elapsed = 00:00:00.62 . Memory (MB): peak = 2916.406 ; gain = 32.000 ; free physical = 29694 ; free virtual = 66390
---------------------------------------------------------------------------------
Finished Constraint Validation : Time (s): cpu = 00:00:22 ; elapsed = 00:00:23 . Memory (MB): peak = 2916.406 ; gain = 868.719 ; free physical = 29855 ; free virtual = 66651
---------------------------------------------------------------------------------
---------------------------------------------------------------------------------
Start Loading Part and Timing Information
---------------------------------------------------------------------------------
Loading part: xc7vx690tffg1927-2
---------------------------------------------------------------------------------
Finished Loading Part and Timing Information : Time (s): cpu = 00:00:22 ; elapsed = 00:00:23 . Memory (MB): peak = 2916.406 ; gain = 868.719 ; free physical = 29855 ; free virtual = 66651
---------------------------------------------------------------------------------
---------------------------------------------------------------------------------
Start Applying 'set_property' XDC Constraints
---------------------------------------------------------------------------------
Applied set_property DONT_TOUCH = true for U0. (constraint file  /skarab/skarab-gbe-control/fpgs/ethernet_one_gbe_skarab_control/ethernet_one_gbe_skarab_axi/myproj/myproj.runs/ethernet_one_gbe_skarab_axi_fir_compiler_v7_2_i0_synth_1/dont_touch.xdc, line 9).
---------------------------------------------------------------------------------
Finished applying 'set_property' XDC Constraints : Time (s): cpu = 00:00:22 ; elapsed = 00:00:23 . Memory (MB): peak = 2916.406 ; gain = 868.719 ; free physical = 29855 ; free virtual = 66651
---------------------------------------------------------------------------------
---------------------------------------------------------------------------------
Finished RTL Optimization Phase 2 : Time (s): cpu = 00:00:27 ; elapsed = 00:00:29 . Memory (MB): peak = 2916.406 ; gain = 868.719 ; free physical = 28565 ; free virtual = 65680
---------------------------------------------------------------------------------

Report RTL Partitions: 
+------+-----------------+------------+----------+
|      |RTL Partition    |Replication |Instances |
+------+-----------------+------------+----------+
|1     |single_rate__GB0 |           1|     33947|
|2     |single_rate__GB1 |           1|      9748|
|3     |single_rate__GB2 |           1|     11341|
|4     |single_rate__GB3 |           1|     14729|
|5     |single_rate__GB4 |           1|     17590|
|6     |single_rate__GB5 |           1|     22510|
|7     |single_rate__GB6 |           1|     29651|
+------+-----------------+------------+----------+
---------------------------------------------------------------------------------
Start RTL Component Statistics 
---------------------------------------------------------------------------------
---------------------------------------------------------------------------------
Finished RTL Component Statistics 
---------------------------------------------------------------------------------
---------------------------------------------------------------------------------
Start RTL Hierarchical Component Statistics 
---------------------------------------------------------------------------------
---------------------------------------------------------------------------------
Finished RTL Hierarchical Component Statistics
---------------------------------------------------------------------------------
---------------------------------------------------------------------------------
Start Part Resource Summary
---------------------------------------------------------------------------------
Part Resources:
DSPs: 3600 (col length:200)
BRAMs: 2940 (col length: RAMB18 200 RAMB36 100)
---------------------------------------------------------------------------------
Finished Part Resource Summary
---------------------------------------------------------------------------------
INFO: [Synth 8-5580] Multithreading enabled for synth_design using a maximum of 4 processes.
---------------------------------------------------------------------------------
Start Cross Boundary and Area Optimization
---------------------------------------------------------------------------------
INFO: [Synth 8-3917] design single_rate__GB0 has port POUT[fab][57] driven by constant 0
INFO: [Synth 8-3917] design single_rate__GB0 has port POUT[fab][56] driven by constant 0
INFO: [Synth 8-3917] design single_rate__GB0 has port POUT[fab][55] driven by constant 0
INFO: [Synth 8-3917] design single_rate__GB0 has port POUT[fab][54] driven by constant 0
INFO: [Synth 8-3917] design single_rate__GB0 has port POUT[fab][53] driven by constant 0
INFO: [Synth 8-3917] design single_rate__GB0 has port POUT[fab][52] driven by constant 0
INFO: [Synth 8-3917] design single_rate__GB0 has port POUT[fab][51] driven by constant 0
INFO: [Synth 8-3917] design single_rate__GB0 has port POUT[fab][50] driven by constant 0
INFO: [Synth 8-3917] design single_rate__GB0 has port POUT[fab][49] driven by constant 0
INFO: [Synth 8-3917] design single_rate__GB0 has port POUT[fab][48] driven by constant 0
INFO: [Synth 8-3917] design single_rate__GB0 has port POUT[casc][62] driven by constant 0
INFO: [Synth 8-3917] design single_rate__GB0 has port POUT[casc][61] driven by constant 0
INFO: [Synth 8-3917] design single_rate__GB0 has port POUT[casc][60] driven by constant 0
INFO: [Synth 8-3917] design single_rate__GB0 has port POUT[casc][59] driven by constant 0
INFO: [Synth 8-3917] design single_rate__GB0 has port POUT[casc][58] driven by constant 0
INFO: [Synth 8-3917] design single_rate__GB0 has port POUT[casc][57] driven by constant 0
INFO: [Synth 8-3917] design single_rate__GB0 has port POUT[casc][56] driven by constant 0
INFO: [Synth 8-3917] design single_rate__GB0 has port POUT[casc][55] driven by constant 0
INFO: [Synth 8-3917] design single_rate__GB0 has port POUT[casc][54] driven by constant 0
INFO: [Synth 8-3917] design single_rate__GB0 has port POUT[casc][53] driven by constant 0
INFO: [Synth 8-3917] design single_rate__GB0 has port POUT[casc][52] driven by constant 0
INFO: [Synth 8-3917] design single_rate__GB0 has port POUT[casc][51] driven by constant 0
INFO: [Synth 8-3917] design single_rate__GB0 has port POUT[casc][50] driven by constant 0
INFO: [Synth 8-3917] design single_rate__GB0 has port POUT[casc][49] driven by constant 0
INFO: [Synth 8-3917] design single_rate__GB0 has port POUT[casc][48] driven by constant 0
INFO: [Common 17-14] Message 'Synth 8-3331' appears 100 times and further instances of the messages will be disabled. Use the Tcl command set_msg_config to change the current settings.
INFO: [Synth 8-3886] merging instance 'g_m_data_chan_no_fifo.m_axis_data_tdata_int_reg[32]' (FDRE) to 'g_m_data_chan_no_fifo.m_axis_data_tdata_int_reg[33]'
INFO: [Synth 8-3886] merging instance 'g_m_data_chan_no_fifo.m_axis_data_tdata_int_reg[33]' (FDRE) to 'g_m_data_chan_no_fifo.m_axis_data_tdata_int_reg[34]'
INFO: [Synth 8-3886] merging instance 'g_m_data_chan_no_fifo.m_axis_data_tdata_int_reg[34]' (FDRE) to 'g_m_data_chan_no_fifo.m_axis_data_tdata_int_reg[35]'
INFO: [Synth 8-3886] merging instance 'g_m_data_chan_no_fifo.m_axis_data_tdata_int_reg[35]' (FDRE) to 'g_m_data_chan_no_fifo.m_axis_data_tdata_int_reg[36]'
INFO: [Synth 8-3886] merging instance 'g_m_data_chan_no_fifo.m_axis_data_tdata_int_reg[36]' (FDRE) to 'g_m_data_chan_no_fifo.m_axis_data_tdata_int_reg[37]'
INFO: [Synth 8-3886] merging instance 'g_m_data_chan_no_fifo.m_axis_data_tdata_int_reg[37]' (FDRE) to 'g_m_data_chan_no_fifo.m_axis_data_tdata_int_reg[38]'
INFO: [Synth 8-3886] merging instance 'g_m_data_chan_no_fifo.m_axis_data_tdata_int_reg[38]' (FDRE) to 'g_m_data_chan_no_fifo.m_axis_data_tdata_int_reg[39]'
---------------------------------------------------------------------------------
Finished Cross Boundary and Area Optimization : Time (s): cpu = 00:00:31 ; elapsed = 00:00:51 . Memory (MB): peak = 2916.406 ; gain = 868.719 ; free physical = 21093 ; free virtual = 59625
---------------------------------------------------------------------------------

Report RTL Partitions: 
+------+-----------------+------------+----------+
|      |RTL Partition    |Replication |Instances |
+------+-----------------+------------+----------+
|1     |single_rate__GB0 |           1|     33735|
|2     |single_rate__GB1 |           1|      9675|
|3     |single_rate__GB2 |           1|     11313|
|4     |single_rate__GB3 |           1|     14705|
|5     |single_rate__GB4 |           1|     17553|
|6     |single_rate__GB5 |           1|     22483|
|7     |single_rate__GB6 |           1|     29611|
+------+-----------------+------------+----------+
---------------------------------------------------------------------------------
Start Applying XDC Timing Constraints
---------------------------------------------------------------------------------
---------------------------------------------------------------------------------
Finished Applying XDC Timing Constraints : Time (s): cpu = 00:00:35 ; elapsed = 00:00:55 . Memory (MB): peak = 2916.406 ; gain = 868.719 ; free physical = 20248 ; free virtual = 59018
---------------------------------------------------------------------------------
---------------------------------------------------------------------------------
Start Timing Optimization
---------------------------------------------------------------------------------
---------------------------------------------------------------------------------
Finished Timing Optimization : Time (s): cpu = 00:00:46 ; elapsed = 00:01:06 . Memory (MB): peak = 2916.406 ; gain = 868.719 ; free physical = 19792 ; free virtual = 58679
---------------------------------------------------------------------------------

Report RTL Partitions: 
+------+-----------------------------+------------+----------+
|      |RTL Partition                |Replication |Instances |
+------+-----------------------------+------------+----------+
|1     |single_rate__GB2             |           1|     11313|
|2     |single_rate__GB3             |           1|     14705|
|3     |single_rate__GB4             |           1|     17553|
|4     |single_rate__GB5             |           1|     22481|
|5     |single_rate__GB6             |           1|     29607|
|6     |fir_compiler_v7_2_12_viv_GT0 |           1|     26731|
|7     |fir_compiler_v7_2_12_viv_GT1 |           1|     16582|
+------+-----------------------------+------------+----------+
---------------------------------------------------------------------------------
Start Technology Mapping
---------------------------------------------------------------------------------
---------------------------------------------------------------------------------
Finished Technology Mapping : Time (s): cpu = 00:00:51 ; elapsed = 00:01:16 . Memory (MB): peak = 2916.406 ; gain = 868.719 ; free physical = 18113 ; free virtual = 57432
---------------------------------------------------------------------------------

Report RTL Partitions: 
+------+-----------------------------+------------+----------+
|      |RTL Partition                |Replication |Instances |
+------+-----------------------------+------------+----------+
|1     |single_rate__GB2             |           1|     11313|
|2     |single_rate__GB3             |           1|     14705|
|3     |single_rate__GB4             |           1|     17553|
|4     |single_rate__GB5             |           1|     22481|
|5     |single_rate__GB6             |           1|     29606|
|6     |fir_compiler_v7_2_12_viv_GT0 |           1|     26731|
|7     |fir_compiler_v7_2_12_viv_GT1 |           1|     16582|
+------+-----------------------------+------------+----------+
---------------------------------------------------------------------------------
Start IO Insertion
---------------------------------------------------------------------------------
---------------------------------------------------------------------------------
Start Flattening Before IO Insertion
---------------------------------------------------------------------------------
---------------------------------------------------------------------------------
Finished Flattening Before IO Insertion
---------------------------------------------------------------------------------
---------------------------------------------------------------------------------
Start Final Netlist Cleanup
---------------------------------------------------------------------------------
INFO: [Synth 8-3886] merging instance 'U0/i_synth/g_single_rate.i_single_rate/g_parallel.i_latch_op/gen_dly.gen_shiftreg.gen_rtl_delay.delay_bus_reg[0][0]' (FDE) to 'U0/i_synth/g_single_rate.i_single_rate/g_parallel.i_cntrl_src/gen_reg.d_reg_reg[0]'
---------------------------------------------------------------------------------
Finished Final Netlist Cleanup
---------------------------------------------------------------------------------
---------------------------------------------------------------------------------
Finished IO Insertion : Time (s): cpu = 00:00:55 ; elapsed = 00:01:20 . Memory (MB): peak = 2916.406 ; gain = 868.719 ; free physical = 17254 ; free virtual = 56850
---------------------------------------------------------------------------------

Report Check Netlist: 
+------+------------------+-------+---------+-------+------------------+
|      |Item              |Errors |Warnings |Status |Description       |
+------+------------------+-------+---------+-------+------------------+
|1     |multi_driven_nets |      0|        0|Passed |Multi driven nets |
+------+------------------+-------+---------+-------+------------------+
---------------------------------------------------------------------------------
Start Renaming Generated Instances
---------------------------------------------------------------------------------
---------------------------------------------------------------------------------
Finished Renaming Generated Instances : Time (s): cpu = 00:00:55 ; elapsed = 00:01:20 . Memory (MB): peak = 2916.406 ; gain = 868.719 ; free physical = 17255 ; free virtual = 56852
---------------------------------------------------------------------------------

Report RTL Partitions: 
+-+--------------+------------+----------+
| |RTL Partition |Replication |Instances |
+-+--------------+------------+----------+
+-+--------------+------------+----------+
---------------------------------------------------------------------------------
Start Rebuilding User Hierarchy
---------------------------------------------------------------------------------
---------------------------------------------------------------------------------
Finished Rebuilding User Hierarchy : Time (s): cpu = 00:00:56 ; elapsed = 00:01:21 . Memory (MB): peak = 2916.406 ; gain = 868.719 ; free physical = 17054 ; free virtual = 56692
---------------------------------------------------------------------------------
---------------------------------------------------------------------------------
Start Renaming Generated Ports
---------------------------------------------------------------------------------
---------------------------------------------------------------------------------
Finished Renaming Generated Ports : Time (s): cpu = 00:00:56 ; elapsed = 00:01:21 . Memory (MB): peak = 2916.406 ; gain = 868.719 ; free physical = 17049 ; free virtual = 56687
---------------------------------------------------------------------------------
---------------------------------------------------------------------------------
Start Handling Custom Attributes
---------------------------------------------------------------------------------
---------------------------------------------------------------------------------
Finished Handling Custom Attributes : Time (s): cpu = 00:00:56 ; elapsed = 00:01:21 . Memory (MB): peak = 2916.406 ; gain = 868.719 ; free physical = 17036 ; free virtual = 56679
---------------------------------------------------------------------------------
---------------------------------------------------------------------------------
Start Renaming Generated Nets
---------------------------------------------------------------------------------
---------------------------------------------------------------------------------
Finished Renaming Generated Nets : Time (s): cpu = 00:00:56 ; elapsed = 00:01:21 . Memory (MB): peak = 2916.406 ; gain = 868.719 ; free physical = 17029 ; free virtual = 56673
---------------------------------------------------------------------------------
---------------------------------------------------------------------------------
Start Writing Synthesis Report
---------------------------------------------------------------------------------

Report BlackBoxes: 
+-+--------------+----------+
| |BlackBox name |Instances |
+-+--------------+----------+
+-+--------------+----------+

Report Cell Usage: 
+------+--------+------+
|      |Cell    |Count |
+------+--------+------+
|1     |DSP48E1 |   129|
|2     |LUT2    |   131|
|3     |LUT5    |     1|
|4     |SRL16E  |  2320|
|5     |SRLC32E |  4810|
|6     |FDRE    |  6328|
+------+--------+------+
---------------------------------------------------------------------------------
Finished Writing Synthesis Report : Time (s): cpu = 00:00:56 ; elapsed = 00:01:21 . Memory (MB): peak = 2916.406 ; gain = 868.719 ; free physical = 17029 ; free virtual = 56674
---------------------------------------------------------------------------------
Synthesis finished with 0 errors, 0 critical warnings and 109 warnings.
Synthesis Optimization Runtime : Time (s): cpu = 00:00:46 ; elapsed = 00:01:13 . Memory (MB): peak = 2916.406 ; gain = 441.789 ; free physical = 21569 ; free virtual = 61239
Synthesis Optimization Complete : Time (s): cpu = 00:00:57 ; elapsed = 00:01:22 . Memory (MB): peak = 2916.406 ; gain = 868.719 ; free physical = 21622 ; free virtual = 61240
INFO: [Project 1-571] Translating synthesized netlist
INFO: [Netlist 29-17] Analyzing 129 Unisim elements for replacement
INFO: [Netlist 29-28] Unisim Transformation completed in 0 CPU seconds
INFO: [Project 1-570] Preparing netlist for logic optimization
INFO: [Opt 31-138] Pushed 0 inverter(s) to 0 load pin(s).
Netlist sorting complete. Time (s): cpu = 00:00:00 ; elapsed = 00:00:00 . Memory (MB): peak = 2940.418 ; gain = 0.000 ; free physical = 21420 ; free virtual = 61089
INFO: [Project 1-111] Unisim Transformation Summary:
No Unisim elements were transformed.

INFO: [Common 17-83] Releasing license: Synthesis
55 Infos, 102 Warnings, 0 Critical Warnings and 0 Errors encountered.
synth_design completed successfully
synth_design: Time (s): cpu = 00:01:03 ; elapsed = 00:01:28 . Memory (MB): peak = 2940.418 ; gain = 1278.297 ; free physical = 21548 ; free virtual = 61227
Netlist sorting complete. Time (s): cpu = 00:00:00 ; elapsed = 00:00:00 . Memory (MB): peak = 2940.418 ; gain = 0.000 ; free physical = 21547 ; free virtual = 61226
WARNING: [Constraints 18-5210] No constraints selected for write.
Resolution: This message can indicate that there are no constraints for the design, or it can indicate that the used_in flags are set such that the constraints are ignored. This later case is used when running synth_design to not write synthesis constraints to the resulting checkpoint. Instead, project constraints are read when the synthesized design is opened.
INFO: [Common 17-1381] The checkpoint '/skarab/skarab-gbe-control/fpgs/ethernet_one_gbe_skarab_control/ethernet_one_gbe_skarab_axi/myproj/myproj.runs/ethernet_one_gbe_skarab_axi_fir_compiler_v7_2_i0_synth_1/ethernet_one_gbe_skarab_axi_fir_compiler_v7_2_i0.dcp' has been generated.
WARNING: [Common 17-576] 'use_project_ipc' is deprecated. This option is deprecated and no longer used.
INFO: [Coretcl 2-1648] Added synthesis output to IP cache for IP ethernet_one_gbe_skarab_axi_fir_compiler_v7_2_i0, cache-ID = 5cef2495348619b0
INFO: [Coretcl 2-1174] Renamed 905 cell refs.
Netlist sorting complete. Time (s): cpu = 00:00:00 ; elapsed = 00:00:00 . Memory (MB): peak = 2964.430 ; gain = 0.000 ; free physical = 21184 ; free virtual = 61054
WARNING: [Constraints 18-5210] No constraints selected for write.
Resolution: This message can indicate that there are no constraints for the design, or it can indicate that the used_in flags are set such that the constraints are ignored. This later case is used when running synth_design to not write synthesis constraints to the resulting checkpoint. Instead, project constraints are read when the synthesized design is opened.
INFO: [Common 17-1381] The checkpoint '/skarab/skarab-gbe-control/fpgs/ethernet_one_gbe_skarab_control/ethernet_one_gbe_skarab_axi/myproj/myproj.runs/ethernet_one_gbe_skarab_axi_fir_compiler_v7_2_i0_synth_1/ethernet_one_gbe_skarab_axi_fir_compiler_v7_2_i0.dcp' has been generated.
INFO: [runtcl-4] Executing : report_utilization -file ethernet_one_gbe_skarab_axi_fir_compiler_v7_2_i0_utilization_synth.rpt -pb ethernet_one_gbe_skarab_axi_fir_compiler_v7_2_i0_utilization_synth.pb
INFO: [Common 17-206] Exiting Vivado at Thu Aug 20 13:12:36 2026...
