#-----------------------------------------------------------
# Vivado v2019.1 (64-bit)
# SW Build 2552052 on Fri May 24 14:47:09 MDT 2019
# IP Build 2548770 on Fri May 24 18:01:18 MDT 2019
# Start of session at: Mon Jun  8 20:26:07 2026
# Process ID: 1352011
# Current directory: /home/valmyrsilva07/virtex7/skarab-virtex7-toolflow/fpgs/fir_filter/fir_filter/myproj/myproj.runs/fir_filter_c_addsub_v12_0_i1_synth_1
# Command line: vivado -log fir_filter_c_addsub_v12_0_i1.vds -product Vivado -mode batch -messageDb vivado.pb -notrace -source fir_filter_c_addsub_v12_0_i1.tcl
# Log file: /home/valmyrsilva07/virtex7/skarab-virtex7-toolflow/fpgs/fir_filter/fir_filter/myproj/myproj.runs/fir_filter_c_addsub_v12_0_i1_synth_1/fir_filter_c_addsub_v12_0_i1.vds
# Journal file: /home/valmyrsilva07/virtex7/skarab-virtex7-toolflow/fpgs/fir_filter/fir_filter/myproj/myproj.runs/fir_filter_c_addsub_v12_0_i1_synth_1/vivado.jou
#-----------------------------------------------------------
source fir_filter_c_addsub_v12_0_i1.tcl -notrace
