Copyright 1986-2022 Xilinx, Inc. All Rights Reserved. Copyright 2022-2025 Advanced Micro Devices, Inc. All Rights Reserved.
---------------------------------------------------------------------------------------------------------------------------------------------
| Tool Version : Vivado v.2025.2 (lin64) Build 6299465 Fri Nov 14 12:34:56 MST 2025
| Date         : Fri Jul 31 19:04:13 2026
| Host         : valmyrsilva07-B760M-AORUS-ELITE running 64-bit Ubuntu 20.04.6 LTS
| Command      : report_control_sets -verbose -file buffer_in_ethernet_control_sets_placed.rpt
| Design       : buffer_in_ethernet
| Device       : xc7vx485t
---------------------------------------------------------------------------------------------------------------------------------------------

Control Set Information

Table of Contents
-----------------
1. Summary
2. Histogram
3. Flip-Flop Distribution
4. Detailed Control Set Information

1. Summary
----------

+----------------------------------------------------------+-------+
|                          Status                          | Count |
+----------------------------------------------------------+-------+
| Total control sets                                       |   259 |
|    Minimum number of control sets                        |   259 |
|    Addition due to synthesis replication                 |     0 |
|    Addition due to physical synthesis replication        |     0 |
| Unused register locations in slices containing registers |    13 |
+----------------------------------------------------------+-------+
* Control sets can be merged at opt_design using control_set_merge or merge_equivalent_drivers
** Run report_qor_suggestions for automated merging and remapping suggestions


2. Histogram
------------

+--------------------+-------+
|       Fanout       | Count |
+--------------------+-------+
| Total control sets |   259 |
| >= 0 to < 4        |     0 |
| >= 4 to < 6        |     0 |
| >= 6 to < 8        |     0 |
| >= 8 to < 10       |   257 |
| >= 10 to < 12      |     0 |
| >= 12 to < 14      |     0 |
| >= 14 to < 16      |     0 |
| >= 16              |     2 |
+--------------------+-------+
* Control sets can be remapped at either synth_design or opt_design


3. Flip-Flop Distribution
-------------------------

+--------------+-----------------------+------------------------+-----------------+--------------+
| Clock Enable | Synchronous Set/Reset | Asynchronous Set/Reset | Total Registers | Total Slices |
+--------------+-----------------------+------------------------+-----------------+--------------+
| No           | No                    | No                     |               0 |            0 |
| No           | No                    | Yes                    |              25 |           16 |
| No           | Yes                   | No                     |               0 |            0 |
| Yes          | No                    | No                     |            2048 |          890 |
| Yes          | No                    | Yes                    |              34 |           11 |
| Yes          | Yes                   | No                     |               0 |            0 |
+--------------+-----------------------+------------------------+-----------------+--------------+


4. Detailed Control Set Information
-----------------------------------

+----------------+-----------------------------+------------------------------------+------------------+----------------+--------------+
|  Clock Signal  |        Enable Signal        |          Set/Reset Signal          | Slice Load Count | Bel Load Count | Bels / Slice |
+----------------+-----------------------------+------------------------------------+------------------+----------------+--------------+
|  clk_IBUF_BUFG | mem[24][7]_i_1_n_0          |                                    |                3 |              8 |         2.67 |
|  clk_IBUF_BUFG | mem[26][7]_i_1_n_0          |                                    |                4 |              8 |         2.00 |
|  clk_IBUF_BUFG | mem[25][7]_i_1_n_0          |                                    |                7 |              8 |         1.14 |
|  clk_IBUF_BUFG | mem[255][7]_i_1_n_0         |                                    |                7 |              8 |         1.14 |
|  clk_IBUF_BUFG | mem[254][7]_i_1_n_0         |                                    |                6 |              8 |         1.33 |
|  clk_IBUF_BUFG | mem[253][7]_i_1_n_0         |                                    |                3 |              8 |         2.67 |
|  clk_IBUF_BUFG | mem[252][7]_i_1_n_0         |                                    |                1 |              8 |         8.00 |
|  clk_IBUF_BUFG | mem[251][7]_i_1_n_0         |                                    |                2 |              8 |         4.00 |
|  clk_IBUF_BUFG | mem[250][7]_i_1_n_0         |                                    |                5 |              8 |         1.60 |
|  clk_IBUF_BUFG | mem[27][7]_i_1_n_0          |                                    |                3 |              8 |         2.67 |
|  clk_IBUF_BUFG | mem[249][7]_i_1_n_0         |                                    |                2 |              8 |         4.00 |
|  clk_IBUF_BUFG | mem[248][7]_i_1_n_0         |                                    |                1 |              8 |         8.00 |
|  clk_IBUF_BUFG | mem[247][7]_i_1_n_0         |                                    |                3 |              8 |         2.67 |
|  clk_IBUF_BUFG | mem[246][7]_i_1_n_0         |                                    |                4 |              8 |         2.00 |
|  clk_IBUF_BUFG | mem[245][7]_i_1_n_0         |                                    |                2 |              8 |         4.00 |
|  clk_IBUF_BUFG | mem[244][7]_i_1_n_0         |                                    |                2 |              8 |         4.00 |
|  clk_IBUF_BUFG | mem[243][7]_i_1_n_0         |                                    |                4 |              8 |         2.00 |
|  clk_IBUF_BUFG | mem[242][7]_i_1_n_0         |                                    |                3 |              8 |         2.67 |
|  clk_IBUF_BUFG | mem[28][7]_i_1_n_0          |                                    |                7 |              8 |         1.14 |
|  clk_IBUF_BUFG | mem[29][7]_i_1_n_0          |                                    |                4 |              8 |         2.00 |
|  clk_IBUF_BUFG | mem[2][7]_i_1_n_0           |                                    |                2 |              8 |         4.00 |
|  clk_IBUF_BUFG | mem[30][7]_i_1_n_0          |                                    |                7 |              8 |         1.14 |
|  clk_IBUF_BUFG | mem[31][7]_i_1_n_0          |                                    |                7 |              8 |         1.14 |
|  clk_IBUF_BUFG | mem[32][7]_i_1_n_0          |                                    |                6 |              8 |         1.33 |
|  clk_IBUF_BUFG | mem[33][7]_i_1_n_0          |                                    |                2 |              8 |         4.00 |
|  clk_IBUF_BUFG | mem[34][7]_i_1_n_0          |                                    |                1 |              8 |         8.00 |
|  clk_IBUF_BUFG | mem[35][7]_i_1_n_0          |                                    |                2 |              8 |         4.00 |
|  clk_IBUF_BUFG | mem[36][7]_i_1_n_0          |                                    |                3 |              8 |         2.67 |
|  clk_IBUF_BUFG | mem[37][7]_i_1_n_0          |                                    |                1 |              8 |         8.00 |
|  clk_IBUF_BUFG | mem[38][7]_i_1_n_0          |                                    |                5 |              8 |         1.60 |
|  clk_IBUF_BUFG | mem[39][7]_i_1_n_0          |                                    |                7 |              8 |         1.14 |
|  clk_IBUF_BUFG | mem[3][7]_i_1_n_0           |                                    |                5 |              8 |         1.60 |
|  clk_IBUF_BUFG | mem[40][7]_i_1_n_0          |                                    |                1 |              8 |         8.00 |
|  clk_IBUF_BUFG | mem[228][7]_i_1_n_0         |                                    |                1 |              8 |         8.00 |
|  clk_IBUF_BUFG | mem[214][7]_i_1_n_0         |                                    |                4 |              8 |         2.00 |
|  clk_IBUF_BUFG | mem[215][7]_i_1_n_0         |                                    |                5 |              8 |         1.60 |
|  clk_IBUF_BUFG | mem[216][7]_i_1_n_0         |                                    |                3 |              8 |         2.67 |
|  clk_IBUF_BUFG | mem[217][7]_i_1_n_0         |                                    |                4 |              8 |         2.00 |
|  clk_IBUF_BUFG | mem[218][7]_i_1_n_0         |                                    |                2 |              8 |         4.00 |
|  clk_IBUF_BUFG | mem[219][7]_i_1_n_0         |                                    |                2 |              8 |         4.00 |
|  clk_IBUF_BUFG | mem[21][7]_i_1_n_0          |                                    |                1 |              8 |         8.00 |
|  clk_IBUF_BUFG | mem[220][7]_i_1_n_0         |                                    |                6 |              8 |         1.33 |
|  clk_IBUF_BUFG | mem[221][7]_i_1_n_0         |                                    |                4 |              8 |         2.00 |
|  clk_IBUF_BUFG | mem[222][7]_i_1_n_0         |                                    |                7 |              8 |         1.14 |
|  clk_IBUF_BUFG | mem[223][7]_i_1_n_0         |                                    |                7 |              8 |         1.14 |
|  clk_IBUF_BUFG | mem[224][7]_i_1_n_0         |                                    |                3 |              8 |         2.67 |
|  clk_IBUF_BUFG | mem[225][7]_i_1_n_0         |                                    |                2 |              8 |         4.00 |
|  clk_IBUF_BUFG | mem[226][7]_i_1_n_0         |                                    |                2 |              8 |         4.00 |
|  clk_IBUF_BUFG | mem[227][7]_i_1_n_0         |                                    |                4 |              8 |         2.00 |
|  clk_IBUF_BUFG | mem[41][7]_i_1_n_0          |                                    |                2 |              8 |         4.00 |
|  clk_IBUF_BUFG | mem[229][7]_i_1_n_0         |                                    |                2 |              8 |         4.00 |
|  clk_IBUF_BUFG | mem[22][7]_i_1_n_0          |                                    |                3 |              8 |         2.67 |
|  clk_IBUF_BUFG | mem[230][7]_i_1_n_0         |                                    |                5 |              8 |         1.60 |
|  clk_IBUF_BUFG | mem[231][7]_i_1_n_0         |                                    |                1 |              8 |         8.00 |
|  clk_IBUF_BUFG | mem[232][7]_i_1_n_0         |                                    |                1 |              8 |         8.00 |
|  clk_IBUF_BUFG | mem[233][7]_i_1_n_0         |                                    |                1 |              8 |         8.00 |
|  clk_IBUF_BUFG | mem[234][7]_i_1_n_0         |                                    |                3 |              8 |         2.67 |
|  clk_IBUF_BUFG | mem[235][7]_i_1_n_0         |                                    |                4 |              8 |         2.00 |
|  clk_IBUF_BUFG | mem[236][7]_i_1_n_0         |                                    |                8 |              8 |         1.00 |
|  clk_IBUF_BUFG | mem[237][7]_i_1_n_0         |                                    |                3 |              8 |         2.67 |
|  clk_IBUF_BUFG | mem[238][7]_i_1_n_0         |                                    |                6 |              8 |         1.33 |
|  clk_IBUF_BUFG | mem[239][7]_i_1_n_0         |                                    |                3 |              8 |         2.67 |
|  clk_IBUF_BUFG | mem[23][7]_i_1_n_0          |                                    |                4 |              8 |         2.00 |
|  clk_IBUF_BUFG | mem[240][7]_i_1_n_0         |                                    |                5 |              8 |         1.60 |
|  clk_IBUF_BUFG | mem[241][7]_i_1_n_0         |                                    |                2 |              8 |         4.00 |
|  clk_IBUF_BUFG | mem[78][7]_i_1_n_0          |                                    |                8 |              8 |         1.00 |
|  clk_IBUF_BUFG | mem[85][7]_i_1_n_0          |                                    |                1 |              8 |         8.00 |
|  clk_IBUF_BUFG | mem[84][7]_i_1_n_0          |                                    |                2 |              8 |         4.00 |
|  clk_IBUF_BUFG | mem[83][7]_i_1_n_0          |                                    |                2 |              8 |         4.00 |
|  clk_IBUF_BUFG | mem[82][7]_i_1_n_0          |                                    |                2 |              8 |         4.00 |
|  clk_IBUF_BUFG | mem[81][7]_i_1_n_0          |                                    |                1 |              8 |         8.00 |
|  clk_IBUF_BUFG | mem[80][7]_i_1_n_0          |                                    |                3 |              8 |         2.67 |
|  clk_IBUF_BUFG | mem[7][7]_i_1_n_0           |                                    |                2 |              8 |         4.00 |
|  clk_IBUF_BUFG | mem[79][7]_i_1_n_0          |                                    |                6 |              8 |         1.33 |
|  clk_IBUF_BUFG | mem[86][7]_i_1_n_0          |                                    |                1 |              8 |         8.00 |
|  clk_IBUF_BUFG | mem[77][7]_i_1_n_0          |                                    |                3 |              8 |         2.67 |
|  clk_IBUF_BUFG | mem[76][7]_i_1_n_0          |                                    |                8 |              8 |         1.00 |
|  clk_IBUF_BUFG | mem[75][7]_i_1_n_0          |                                    |                5 |              8 |         1.60 |
|  clk_IBUF_BUFG | mem[74][7]_i_1_n_0          |                                    |                2 |              8 |         4.00 |
|  clk_IBUF_BUFG | mem[73][7]_i_1_n_0          |                                    |                1 |              8 |         8.00 |
|  clk_IBUF_BUFG | mem[72][7]_i_1_n_0          |                                    |                2 |              8 |         4.00 |
|  clk_IBUF_BUFG | mem[71][7]_i_1_n_0          |                                    |                4 |              8 |         2.00 |
|  clk_IBUF_BUFG | mem[70][7]_i_1_n_0          |                                    |                3 |              8 |         2.67 |
|  clk_IBUF_BUFG | mem[87][7]_i_1_n_0          |                                    |                2 |              8 |         4.00 |
|  clk_IBUF_BUFG | mem[88][7]_i_1_n_0          |                                    |                2 |              8 |         4.00 |
|  clk_IBUF_BUFG | mem[89][7]_i_1_n_0          |                                    |                2 |              8 |         4.00 |
|  clk_IBUF_BUFG | mem[8][7]_i_1_n_0           |                                    |                6 |              8 |         1.33 |
|  clk_IBUF_BUFG | mem[90][7]_i_1_n_0          |                                    |                2 |              8 |         4.00 |
|  clk_IBUF_BUFG | mem[91][7]_i_1_n_0          |                                    |                1 |              8 |         8.00 |
|  clk_IBUF_BUFG | mem[92][7]_i_1_n_0          |                                    |                1 |              8 |         8.00 |
|  clk_IBUF_BUFG | mem[93][7]_i_1_n_0          |                                    |                6 |              8 |         1.33 |
|  clk_IBUF_BUFG | mem[94][7]_i_1_n_0          |                                    |                8 |              8 |         1.00 |
|  clk_IBUF_BUFG | mem[95][7]_i_1_n_0          |                                    |                6 |              8 |         1.33 |
|  clk_IBUF_BUFG | mem[96][7]_i_1_n_0          |                                    |                2 |              8 |         4.00 |
|  clk_IBUF_BUFG | mem[97][7]_i_1_n_0          |                                    |                5 |              8 |         1.60 |
|  clk_IBUF_BUFG | mem[98][7]_i_1_n_0          |                                    |                6 |              8 |         1.33 |
|  clk_IBUF_BUFG | mem[99][7]_i_1_n_0          |                                    |                6 |              8 |         1.33 |
|  clk_IBUF_BUFG | mem[9][7]_i_1_n_0           |                                    |                4 |              8 |         2.00 |
|  clk_IBUF_BUFG | mem[56][7]_i_1_n_0          |                                    |                2 |              8 |         4.00 |
|  clk_IBUF_BUFG | mem[42][7]_i_1_n_0          |                                    |                3 |              8 |         2.67 |
|  clk_IBUF_BUFG | mem[43][7]_i_1_n_0          |                                    |                4 |              8 |         2.00 |
|  clk_IBUF_BUFG | mem[44][7]_i_1_n_0          |                                    |                4 |              8 |         2.00 |
|  clk_IBUF_BUFG | mem[45][7]_i_1_n_0          |                                    |                4 |              8 |         2.00 |
|  clk_IBUF_BUFG | mem[46][7]_i_1_n_0          |                                    |                6 |              8 |         1.33 |
|  clk_IBUF_BUFG | mem[47][7]_i_1_n_0          |                                    |                5 |              8 |         1.60 |
|  clk_IBUF_BUFG | mem[48][7]_i_1_n_0          |                                    |                3 |              8 |         2.67 |
|  clk_IBUF_BUFG | mem[49][7]_i_1_n_0          |                                    |                7 |              8 |         1.14 |
|  clk_IBUF_BUFG | mem[4][7]_i_1_n_0           |                                    |                7 |              8 |         1.14 |
|  clk_IBUF_BUFG | mem[50][7]_i_1_n_0          |                                    |                6 |              8 |         1.33 |
|  clk_IBUF_BUFG | mem[51][7]_i_1_n_0          |                                    |                2 |              8 |         4.00 |
|  clk_IBUF_BUFG | mem[52][7]_i_1_n_0          |                                    |                3 |              8 |         2.67 |
|  clk_IBUF_BUFG | mem[53][7]_i_1_n_0          |                                    |                3 |              8 |         2.67 |
|  clk_IBUF_BUFG | mem[54][7]_i_1_n_0          |                                    |                2 |              8 |         4.00 |
|  clk_IBUF_BUFG | mem[55][7]_i_1_n_0          |                                    |                4 |              8 |         2.00 |
|  clk_IBUF_BUFG | mem[213][7]_i_1_n_0         |                                    |                5 |              8 |         1.60 |
|  clk_IBUF_BUFG | mem[57][7]_i_1_n_0          |                                    |                4 |              8 |         2.00 |
|  clk_IBUF_BUFG | mem[58][7]_i_1_n_0          |                                    |                1 |              8 |         8.00 |
|  clk_IBUF_BUFG | mem[59][7]_i_1_n_0          |                                    |                4 |              8 |         2.00 |
|  clk_IBUF_BUFG | mem[5][7]_i_1_n_0           |                                    |                3 |              8 |         2.67 |
|  clk_IBUF_BUFG | mem[60][7]_i_1_n_0          |                                    |                5 |              8 |         1.60 |
|  clk_IBUF_BUFG | mem[61][7]_i_1_n_0          |                                    |                6 |              8 |         1.33 |
|  clk_IBUF_BUFG | mem[62][7]_i_1_n_0          |                                    |                4 |              8 |         2.00 |
|  clk_IBUF_BUFG | mem[63][7]_i_1_n_0          |                                    |                6 |              8 |         1.33 |
|  clk_IBUF_BUFG | mem[64][7]_i_1_n_0          |                                    |                3 |              8 |         2.67 |
|  clk_IBUF_BUFG | mem[65][7]_i_1_n_0          |                                    |                1 |              8 |         8.00 |
|  clk_IBUF_BUFG | mem[66][7]_i_1_n_0          |                                    |                1 |              8 |         8.00 |
|  clk_IBUF_BUFG | mem[67][7]_i_1_n_0          |                                    |                4 |              8 |         2.00 |
|  clk_IBUF_BUFG | mem[68][7]_i_1_n_0          |                                    |                1 |              8 |         8.00 |
|  clk_IBUF_BUFG | mem[69][7]_i_1_n_0          |                                    |                1 |              8 |         8.00 |
|  clk_IBUF_BUFG | mem[6][7]_i_1_n_0           |                                    |                5 |              8 |         1.60 |
|  clk_IBUF_BUFG | mem[141][7]_i_1_n_0         |                                    |                4 |              8 |         2.00 |
|  clk_IBUF_BUFG | mem[128][7]_i_1_n_0         |                                    |                2 |              8 |         4.00 |
|  clk_IBUF_BUFG | mem[129][7]_i_1_n_0         |                                    |                3 |              8 |         2.67 |
|  clk_IBUF_BUFG | mem[12][7]_i_1_n_0          |                                    |                4 |              8 |         2.00 |
|  clk_IBUF_BUFG | mem[130][7]_i_1_n_0         |                                    |                3 |              8 |         2.67 |
|  clk_IBUF_BUFG | mem[131][7]_i_1_n_0         |                                    |                2 |              8 |         4.00 |
|  clk_IBUF_BUFG | mem[132][7]_i_1_n_0         |                                    |                3 |              8 |         2.67 |
|  clk_IBUF_BUFG | mem[133][7]_i_1_n_0         |                                    |                3 |              8 |         2.67 |
|  clk_IBUF_BUFG | mem[134][7]_i_1_n_0         |                                    |                3 |              8 |         2.67 |
|  clk_IBUF_BUFG | mem[135][7]_i_1_n_0         |                                    |                2 |              8 |         4.00 |
|  clk_IBUF_BUFG | mem[136][7]_i_1_n_0         |                                    |                2 |              8 |         4.00 |
|  clk_IBUF_BUFG | mem[137][7]_i_1_n_0         |                                    |                2 |              8 |         4.00 |
|  clk_IBUF_BUFG | mem[138][7]_i_1_n_0         |                                    |                2 |              8 |         4.00 |
|  clk_IBUF_BUFG | mem[139][7]_i_1_n_0         |                                    |                4 |              8 |         2.00 |
|  clk_IBUF_BUFG | mem[13][7]_i_1_n_0          |                                    |                6 |              8 |         1.33 |
|  clk_IBUF_BUFG | mem[140][7]_i_1_n_0         |                                    |                4 |              8 |         2.00 |
|  clk_IBUF_BUFG | mem[127][7]_i_1_n_0         |                                    |                8 |              8 |         1.00 |
|  clk_IBUF_BUFG | mem[142][7]_i_1_n_0         |                                    |                7 |              8 |         1.14 |
|  clk_IBUF_BUFG | mem[143][7]_i_1_n_0         |                                    |                8 |              8 |         1.00 |
|  clk_IBUF_BUFG | mem[144][7]_i_1_n_0         |                                    |                2 |              8 |         4.00 |
|  clk_IBUF_BUFG | mem[145][7]_i_1_n_0         |                                    |                2 |              8 |         4.00 |
|  clk_IBUF_BUFG | mem[146][7]_i_1_n_0         |                                    |                2 |              8 |         4.00 |
|  clk_IBUF_BUFG | mem[147][7]_i_1_n_0         |                                    |                4 |              8 |         2.00 |
|  clk_IBUF_BUFG | mem[148][7]_i_1_n_0         |                                    |                4 |              8 |         2.00 |
|  clk_IBUF_BUFG | mem[149][7]_i_1_n_0         |                                    |                5 |              8 |         1.60 |
|  clk_IBUF_BUFG | mem[14][7]_i_1_n_0          |                                    |                3 |              8 |         2.67 |
|  clk_IBUF_BUFG | mem[150][7]_i_1_n_0         |                                    |                3 |              8 |         2.67 |
|  clk_IBUF_BUFG | mem[151][7]_i_1_n_0         |                                    |                2 |              8 |         4.00 |
|  clk_IBUF_BUFG | mem[152][7]_i_1_n_0         |                                    |                3 |              8 |         2.67 |
|  clk_IBUF_BUFG | mem[153][7]_i_1_n_0         |                                    |                6 |              8 |         1.33 |
|  clk_IBUF_BUFG | mem[154][7]_i_1_n_0         |                                    |                4 |              8 |         2.00 |
|  clk_IBUF_BUFG | mem[155][7]_i_1_n_0         |                                    |                2 |              8 |         4.00 |
|  clk_IBUF_BUFG | mem[112][7]_i_1_n_0         |                                    |                1 |              8 |         8.00 |
|  clk_IBUF_BUFG | counter[7]_i_1_n_0          | cmd_frame_transmission/a_sync_nrst |                2 |              8 |         4.00 |
|  clk_IBUF_BUFG | mem[0][7]_i_1_n_0           |                                    |                2 |              8 |         4.00 |
|  clk_IBUF_BUFG | mem[100][7]_i_1_n_0         |                                    |                4 |              8 |         2.00 |
|  clk_IBUF_BUFG | mem[101][7]_i_1_n_0         |                                    |                2 |              8 |         4.00 |
|  clk_IBUF_BUFG | mem[102][7]_i_1_n_0         |                                    |                3 |              8 |         2.67 |
|  clk_IBUF_BUFG | mem[103][7]_i_1_n_0         |                                    |                3 |              8 |         2.67 |
|  clk_IBUF_BUFG | mem[104][7]_i_1_n_0         |                                    |                1 |              8 |         8.00 |
|  clk_IBUF_BUFG | mem[105][7]_i_1_n_0         |                                    |                3 |              8 |         2.67 |
|  clk_IBUF_BUFG | mem[106][7]_i_1_n_0         |                                    |                5 |              8 |         1.60 |
|  clk_IBUF_BUFG | mem[107][7]_i_1_n_0         |                                    |                2 |              8 |         4.00 |
|  clk_IBUF_BUFG | mem[108][7]_i_1_n_0         |                                    |                2 |              8 |         4.00 |
|  clk_IBUF_BUFG | mem[109][7]_i_1_n_0         |                                    |                4 |              8 |         2.00 |
|  clk_IBUF_BUFG | mem[10][7]_i_1_n_0          |                                    |                2 |              8 |         4.00 |
|  clk_IBUF_BUFG | mem[110][7]_i_1_n_0         |                                    |                5 |              8 |         1.60 |
|  clk_IBUF_BUFG | mem[111][7]_i_1_n_0         |                                    |                3 |              8 |         2.67 |
|  clk_IBUF_BUFG | mem[212][7]_i_1_n_0         |                                    |                4 |              8 |         2.00 |
|  clk_IBUF_BUFG | mem[113][7]_i_1_n_0         |                                    |                1 |              8 |         8.00 |
|  clk_IBUF_BUFG | mem[114][7]_i_1_n_0         |                                    |                4 |              8 |         2.00 |
|  clk_IBUF_BUFG | mem[115][7]_i_1_n_0         |                                    |                6 |              8 |         1.33 |
|  clk_IBUF_BUFG | mem[116][7]_i_1_n_0         |                                    |                2 |              8 |         4.00 |
|  clk_IBUF_BUFG | mem[117][7]_i_1_n_0         |                                    |                3 |              8 |         2.67 |
|  clk_IBUF_BUFG | mem[118][7]_i_1_n_0         |                                    |                2 |              8 |         4.00 |
|  clk_IBUF_BUFG | mem[119][7]_i_1_n_0         |                                    |                3 |              8 |         2.67 |
|  clk_IBUF_BUFG | mem[11][7]_i_1_n_0          |                                    |                2 |              8 |         4.00 |
|  clk_IBUF_BUFG | mem[120][7]_i_1_n_0         |                                    |                3 |              8 |         2.67 |
|  clk_IBUF_BUFG | mem[121][7]_i_1_n_0         |                                    |                4 |              8 |         2.00 |
|  clk_IBUF_BUFG | mem[122][7]_i_1_n_0         |                                    |                1 |              8 |         8.00 |
|  clk_IBUF_BUFG | mem[123][7]_i_1_n_0         |                                    |                1 |              8 |         8.00 |
|  clk_IBUF_BUFG | mem[124][7]_i_1_n_0         |                                    |                2 |              8 |         4.00 |
|  clk_IBUF_BUFG | mem[125][7]_i_1_n_0         |                                    |                7 |              8 |         1.14 |
|  clk_IBUF_BUFG | mem[126][7]_i_1_n_0         |                                    |                7 |              8 |         1.14 |
|  clk_IBUF_BUFG | mem[199][7]_i_1_n_0         |                                    |                3 |              8 |         2.67 |
|  clk_IBUF_BUFG | mem[185][7]_i_1_n_0         |                                    |                2 |              8 |         4.00 |
|  clk_IBUF_BUFG | mem[186][7]_i_1_n_0         |                                    |                4 |              8 |         2.00 |
|  clk_IBUF_BUFG | mem[187][7]_i_1_n_0         |                                    |                2 |              8 |         4.00 |
|  clk_IBUF_BUFG | mem[188][7]_i_1_n_0         |                                    |                2 |              8 |         4.00 |
|  clk_IBUF_BUFG | mem[189][7]_i_1_n_0         |                                    |                4 |              8 |         2.00 |
|  clk_IBUF_BUFG | mem[18][7]_i_1_n_0          |                                    |                7 |              8 |         1.14 |
|  clk_IBUF_BUFG | mem[190][7]_i_1_n_0         |                                    |                5 |              8 |         1.60 |
|  clk_IBUF_BUFG | mem[191][7]_i_1_n_0         |                                    |                7 |              8 |         1.14 |
|  clk_IBUF_BUFG | mem[192][7]_i_1_n_0         |                                    |                6 |              8 |         1.33 |
|  clk_IBUF_BUFG | mem[193][7]_i_1_n_0         |                                    |                2 |              8 |         4.00 |
|  clk_IBUF_BUFG | mem[194][7]_i_1_n_0         |                                    |                5 |              8 |         1.60 |
|  clk_IBUF_BUFG | mem[195][7]_i_1_n_0         |                                    |                2 |              8 |         4.00 |
|  clk_IBUF_BUFG | mem[196][7]_i_1_n_0         |                                    |                6 |              8 |         1.33 |
|  clk_IBUF_BUFG | mem[197][7]_i_1_n_0         |                                    |                4 |              8 |         2.00 |
|  clk_IBUF_BUFG | mem[198][7]_i_1_n_0         |                                    |                2 |              8 |         4.00 |
|  clk_IBUF_BUFG | mem[157][7]_i_1_n_0         |                                    |                3 |              8 |         2.67 |
|  clk_IBUF_BUFG | mem[19][7]_i_1_n_0          |                                    |                1 |              8 |         8.00 |
|  clk_IBUF_BUFG | mem[1][7]_i_1_n_0           |                                    |                2 |              8 |         4.00 |
|  clk_IBUF_BUFG | mem[200][7]_i_1_n_0         |                                    |                2 |              8 |         4.00 |
|  clk_IBUF_BUFG | mem[201][7]_i_1_n_0         |                                    |                4 |              8 |         2.00 |
|  clk_IBUF_BUFG | mem[202][7]_i_1_n_0         |                                    |                6 |              8 |         1.33 |
|  clk_IBUF_BUFG | mem[203][7]_i_1_n_0         |                                    |                4 |              8 |         2.00 |
|  clk_IBUF_BUFG | mem[204][7]_i_1_n_0         |                                    |                2 |              8 |         4.00 |
|  clk_IBUF_BUFG | mem[205][7]_i_1_n_0         |                                    |                4 |              8 |         2.00 |
|  clk_IBUF_BUFG | mem[206][7]_i_1_n_0         |                                    |                8 |              8 |         1.00 |
|  clk_IBUF_BUFG | mem[207][7]_i_1_n_0         |                                    |                5 |              8 |         1.60 |
|  clk_IBUF_BUFG | mem[208][7]_i_1_n_0         |                                    |                3 |              8 |         2.67 |
|  clk_IBUF_BUFG | mem[209][7]_i_1_n_0         |                                    |                5 |              8 |         1.60 |
|  clk_IBUF_BUFG | mem[20][7]_i_1_n_0          |                                    |                1 |              8 |         8.00 |
|  clk_IBUF_BUFG | mem[210][7]_i_1_n_0         |                                    |                2 |              8 |         4.00 |
|  clk_IBUF_BUFG | mem[211][7]_i_1_n_0         |                                    |                2 |              8 |         4.00 |
|  clk_IBUF_BUFG | mem[183][7]_i_1_n_0         |                                    |                3 |              8 |         2.67 |
|  clk_IBUF_BUFG | mem[156][7]_i_1_n_0         |                                    |                2 |              8 |         4.00 |
|  clk_IBUF_BUFG | mem[158][7]_i_1_n_0         |                                    |                4 |              8 |         2.00 |
|  clk_IBUF_BUFG | mem[159][7]_i_1_n_0         |                                    |                4 |              8 |         2.00 |
|  clk_IBUF_BUFG | mem[15][7]_i_1_n_0          |                                    |                1 |              8 |         8.00 |
|  clk_IBUF_BUFG | mem[160][7]_i_1_n_0         |                                    |                3 |              8 |         2.67 |
|  clk_IBUF_BUFG | mem[161][7]_i_1_n_0         |                                    |                3 |              8 |         2.67 |
|  clk_IBUF_BUFG | mem[162][7]_i_1_n_0         |                                    |                2 |              8 |         4.00 |
|  clk_IBUF_BUFG | mem[163][7]_i_1_n_0         |                                    |                1 |              8 |         8.00 |
|  clk_IBUF_BUFG | mem[164][7]_i_1_n_0         |                                    |                2 |              8 |         4.00 |
|  clk_IBUF_BUFG | mem[165][7]_i_1_n_0         |                                    |                5 |              8 |         1.60 |
|  clk_IBUF_BUFG | mem[166][7]_i_1_n_0         |                                    |                1 |              8 |         8.00 |
|  clk_IBUF_BUFG | mem[167][7]_i_1_n_0         |                                    |                3 |              8 |         2.67 |
|  clk_IBUF_BUFG | mem[168][7]_i_1_n_0         |                                    |                2 |              8 |         4.00 |
|  clk_IBUF_BUFG | mem[169][7]_i_1_n_0         |                                    |                4 |              8 |         2.00 |
|  clk_IBUF_BUFG | mem[16][7]_i_1_n_0          |                                    |                1 |              8 |         8.00 |
|  clk_IBUF_BUFG | mem[171][7]_i_1_n_0         |                                    |                5 |              8 |         1.60 |
|  clk_IBUF_BUFG | mem[184][7]_i_1_n_0         |                                    |                2 |              8 |         4.00 |
|  clk_IBUF_BUFG | mem[182][7]_i_1_n_0         |                                    |                1 |              8 |         8.00 |
|  clk_IBUF_BUFG | mem[181][7]_i_1_n_0         |                                    |                3 |              8 |         2.67 |
|  clk_IBUF_BUFG | mem[180][7]_i_1_n_0         |                                    |                2 |              8 |         4.00 |
|  clk_IBUF_BUFG | mem[17][7]_i_1_n_0          |                                    |                3 |              8 |         2.67 |
|  clk_IBUF_BUFG | mem[179][7]_i_1_n_0         |                                    |                4 |              8 |         2.00 |
|  clk_IBUF_BUFG | mem[178][7]_i_1_n_0         |                                    |                2 |              8 |         4.00 |
|  clk_IBUF_BUFG | mem[177][7]_i_1_n_0         |                                    |                3 |              8 |         2.67 |
|  clk_IBUF_BUFG | mem[176][7]_i_1_n_0         |                                    |                3 |              8 |         2.67 |
|  clk_IBUF_BUFG | mem[175][7]_i_1_n_0         |                                    |                7 |              8 |         1.14 |
|  clk_IBUF_BUFG | mem[174][7]_i_1_n_0         |                                    |                8 |              8 |         1.00 |
|  clk_IBUF_BUFG | mem[173][7]_i_1_n_0         |                                    |                4 |              8 |         2.00 |
|  clk_IBUF_BUFG | mem[172][7]_i_1_n_0         |                                    |                6 |              8 |         1.33 |
|  clk_IBUF_BUFG | mem[170][7]_i_1_n_0         |                                    |                5 |              8 |         1.60 |
|  clk_IBUF_BUFG |                             | cmd_frame_transmission/a_sync_nrst |               16 |             25 |         1.56 |
|  clk_IBUF_BUFG | addr_data_local[10]_i_1_n_0 | cmd_frame_transmission/a_sync_nrst |                9 |             26 |         2.89 |
+----------------+-----------------------------+------------------------------------+------------------+----------------+--------------+


