Copyright 1986-2022 Xilinx, Inc. All Rights Reserved. Copyright 2022-2025 Advanced Micro Devices, Inc. All Rights Reserved.
---------------------------------------------------------------------------------------------------------------------------------------------------------------------------------------------------------------------------------------------------
| Tool Version : Vivado v.2025.2 (lin64) Build 6299465 Fri Nov 14 12:34:56 MST 2025
| Date         : Fri Jul 31 19:04:36 2026
| Host         : valmyrsilva07-B760M-AORUS-ELITE running 64-bit Ubuntu 20.04.6 LTS
| Command      : report_timing_summary -max_paths 10 -report_unconstrained -file buffer_in_ethernet_timing_summary_routed.rpt -pb buffer_in_ethernet_timing_summary_routed.pb -rpx buffer_in_ethernet_timing_summary_routed.rpx -warn_on_violation
| Design       : buffer_in_ethernet
| Device       : 7vx485t-ffg1157
| Speed File   : -1  PRODUCTION 1.12 2014-09-11
| Design State : Routed
---------------------------------------------------------------------------------------------------------------------------------------------------------------------------------------------------------------------------------------------------

Timing Summary Report

------------------------------------------------------------------------------------------------
| Timer Settings
| --------------
------------------------------------------------------------------------------------------------

  Enable Multi Corner Analysis               :  Yes
  Enable Pessimism Removal                   :  Yes
  Pessimism Removal Resolution               :  Nearest Common Node
  Enable Input Delay Default Clock           :  No
  Enable Preset / Clear Arcs                 :  No
  Disable Flight Delays                      :  No
  Ignore I/O Paths                           :  No
  Timing Early Launch at Borrowing Latches   :  No
  Borrow Time for Max Delay Exceptions       :  Yes
  Merge Timing Exceptions                    :  Yes
  Inter-SLR Compensation                     :  Conservative

  Corner  Analyze    Analyze    
  Name    Max Paths  Min Paths  
  ------  ---------  ---------  
  Slow    Yes        Yes        
  Fast    Yes        Yes        


------------------------------------------------------------------------------------------------
| Report Methodology
| ------------------
------------------------------------------------------------------------------------------------

Rule       Severity          Description                  Violations  
---------  ----------------  ---------------------------  ----------  
TIMING-17  Critical Warning  Non-clocked sequential cell  1000        

Note: This report is based on the most recent report_methodology run and may not be up-to-date. Run report_methodology on the current design for the latest report.



check_timing report

Table of Contents
-----------------
1. checking no_clock (2107)
2. checking constant_clock (0)
3. checking pulse_width_clock (0)
4. checking unconstrained_internal_endpoints (4248)
5. checking no_input_delay (20)
6. checking no_output_delay (19)
7. checking multiple_clock (0)
8. checking generated_clocks (0)
9. checking loops (0)
10. checking partial_input_delay (0)
11. checking partial_output_delay (0)
12. checking latch_loops (0)

1. checking no_clock (2107)
---------------------------
 There are 2107 register/latch pins with no clock driven by root clock pin: clk (HIGH)


2. checking constant_clock (0)
------------------------------
 There are 0 register/latch pins with constant_clock.


3. checking pulse_width_clock (0)
---------------------------------
 There are 0 register/latch pins which need pulse_width check


4. checking unconstrained_internal_endpoints (4248)
---------------------------------------------------
 There are 4248 pins that are not constrained for maximum delay. (HIGH)

 There are 0 pins that are not constrained for maximum delay due to constant clock.


5. checking no_input_delay (20)
-------------------------------
 There are 20 input ports with no input delay specified. (HIGH)

 There are 0 input ports with no input delay but user has a false path constraint.


6. checking no_output_delay (19)
--------------------------------
 There are 19 ports with no output delay specified. (HIGH)

 There are 0 ports with no output delay but user has a false path constraint

 There are 0 ports with no output delay but with a timing clock defined on it or propagating through it


7. checking multiple_clock (0)
------------------------------
 There are 0 register/latch pins with multiple clocks.


8. checking generated_clocks (0)
--------------------------------
 There are 0 generated clocks that are not connected to a clock source.


9. checking loops (0)
---------------------
 There are 0 combinational loops in the design.


10. checking partial_input_delay (0)
------------------------------------
 There are 0 input ports with partial input delay specified.


11. checking partial_output_delay (0)
-------------------------------------
 There are 0 ports with partial output delay specified.


12. checking latch_loops (0)
----------------------------
 There are 0 combinational latch loops in the design through latch input



------------------------------------------------------------------------------------------------
| Design Timing Summary
| ---------------------
------------------------------------------------------------------------------------------------

    WNS(ns)      TNS(ns)  TNS Failing Endpoints  TNS Total Endpoints      WHS(ns)      THS(ns)  THS Failing Endpoints  THS Total Endpoints     WPWS(ns)     TPWS(ns)  TPWS Failing Endpoints  TPWS Total Endpoints  
    -------      -------  ---------------------  -------------------      -------      -------  ---------------------  -------------------     --------     --------  ----------------------  --------------------  
        inf        0.000                      0                 4267          inf        0.000                      0                 4267           NA           NA                      NA                    NA  


There are no user specified timing constraints.


------------------------------------------------------------------------------------------------
| Clock Summary
| -------------
------------------------------------------------------------------------------------------------


------------------------------------------------------------------------------------------------
| Intra Clock Table
| -----------------
------------------------------------------------------------------------------------------------

Clock             WNS(ns)      TNS(ns)  TNS Failing Endpoints  TNS Total Endpoints      WHS(ns)      THS(ns)  THS Failing Endpoints  THS Total Endpoints     WPWS(ns)     TPWS(ns)  TPWS Failing Endpoints  TPWS Total Endpoints  
-----             -------      -------  ---------------------  -------------------      -------      -------  ---------------------  -------------------     --------     --------  ----------------------  --------------------  


------------------------------------------------------------------------------------------------
| Inter Clock Table
| -----------------
------------------------------------------------------------------------------------------------

From Clock    To Clock          WNS(ns)      TNS(ns)  TNS Failing Endpoints  TNS Total Endpoints      WHS(ns)      THS(ns)  THS Failing Endpoints  THS Total Endpoints  
----------    --------          -------      -------  ---------------------  -------------------      -------      -------  ---------------------  -------------------  


------------------------------------------------------------------------------------------------
| Other Path Groups Table
| -----------------------
------------------------------------------------------------------------------------------------

Path Group    From Clock    To Clock          WNS(ns)      TNS(ns)  TNS Failing Endpoints  TNS Total Endpoints      WHS(ns)      THS(ns)  THS Failing Endpoints  THS Total Endpoints  
----------    ----------    --------          -------      -------  ---------------------  -------------------      -------      -------  ---------------------  -------------------  


------------------------------------------------------------------------------------------------
| User Ignored Path Table
| -----------------------
------------------------------------------------------------------------------------------------

Path Group    From Clock    To Clock    
----------    ----------    --------    


------------------------------------------------------------------------------------------------
| Unconstrained Path Table
| ------------------------
------------------------------------------------------------------------------------------------

Path Group    From Clock    To Clock    
----------    ----------    --------    
(none)                                    


------------------------------------------------------------------------------------------------
| Timing Details
| --------------
------------------------------------------------------------------------------------------------


--------------------------------------------------------------------------------------
Path Group:  (none)
From Clock:  
  To Clock:  

Max Delay          4267 Endpoints
Min Delay          4267 Endpoints
--------------------------------------------------------------------------------------


Max Delay Paths
--------------------------------------------------------------------------------------
Slack:                    inf
  Source:                 addr_data[0]
                            (input port)
  Destination:            debug_rx_data[3]
                            (output port)
  Path Group:             (none)
  Path Type:              Max at Slow Process Corner
  Data Path Delay:        20.023ns  (logic 3.779ns (18.875%)  route 16.244ns (81.125%))
  Logic Levels:           8  (IBUF=1 LUT6=2 MUXF7=2 MUXF8=2 OBUF=1)

    Location             Delay type                Incr(ns)  Path(ns)    Netlist Resource(s)
  -------------------------------------------------------------------    -------------------
    AN29                                              0.000     0.000 r  addr_data[0] (IN)
                         net (fo=0)                   0.000     0.000    addr_data[0]
    AN29                 IBUF (Prop_ibuf_I_O)         0.750     0.750 r  addr_data_IBUF[0]_inst/O
                         net (fo=512, routed)        12.092    12.842    addr_data_IBUF[0]
    SLICE_X38Y37         LUT6 (Prop_lut6_I4_O)        0.053    12.895 r  debug_rx_data_OBUF[3]_inst_i_64/O
                         net (fo=1, routed)           0.000    12.895    debug_rx_data_OBUF[3]_inst_i_64_n_0
    SLICE_X38Y37         MUXF7 (Prop_muxf7_I0_O)      0.136    13.031 r  debug_rx_data_OBUF[3]_inst_i_28/O
                         net (fo=1, routed)           0.000    13.031    debug_rx_data_OBUF[3]_inst_i_28_n_0
    SLICE_X38Y37         MUXF8 (Prop_muxf8_I0_O)      0.057    13.088 r  debug_rx_data_OBUF[3]_inst_i_10/O
                         net (fo=1, routed)           1.272    14.360    debug_rx_data_OBUF[3]_inst_i_10_n_0
    SLICE_X51Y45         LUT6 (Prop_lut6_I3_O)        0.156    14.516 r  debug_rx_data_OBUF[3]_inst_i_4/O
                         net (fo=1, routed)           0.000    14.516    debug_rx_data_OBUF[3]_inst_i_4_n_0
    SLICE_X51Y45         MUXF7 (Prop_muxf7_I0_O)      0.143    14.659 r  debug_rx_data_OBUF[3]_inst_i_2/O
                         net (fo=1, routed)           0.000    14.659    debug_rx_data_OBUF[3]_inst_i_2_n_0
    SLICE_X51Y45         MUXF8 (Prop_muxf8_I0_O)      0.056    14.715 r  debug_rx_data_OBUF[3]_inst_i_1/O
                         net (fo=1, routed)           2.880    17.595    debug_rx_data_OBUF[3]
    AM32                 OBUF (Prop_obuf_I_O)         2.429    20.023 r  debug_rx_data_OBUF[3]_inst/O
                         net (fo=0)                   0.000    20.023    debug_rx_data[3]
    AM32                                                              r  debug_rx_data[3] (OUT)
  -------------------------------------------------------------------    -------------------

Slack:                    inf
  Source:                 addr_data[0]
                            (input port)
  Destination:            debug_rx_data[1]
                            (output port)
  Path Group:             (none)
  Path Type:              Max at Slow Process Corner
  Data Path Delay:        19.552ns  (logic 3.775ns (19.306%)  route 15.777ns (80.694%))
  Logic Levels:           8  (IBUF=1 LUT6=2 MUXF7=2 MUXF8=2 OBUF=1)

    Location             Delay type                Incr(ns)  Path(ns)    Netlist Resource(s)
  -------------------------------------------------------------------    -------------------
    AN29                                              0.000     0.000 r  addr_data[0] (IN)
                         net (fo=0)                   0.000     0.000    addr_data[0]
    AN29                 IBUF (Prop_ibuf_I_O)         0.750     0.750 r  addr_data_IBUF[0]_inst/O
                         net (fo=512, routed)        12.075    12.825    addr_data_IBUF[0]
    SLICE_X45Y26         LUT6 (Prop_lut6_I4_O)        0.053    12.878 r  debug_rx_data_OBUF[1]_inst_i_61/O
                         net (fo=1, routed)           0.000    12.878    debug_rx_data_OBUF[1]_inst_i_61_n_0
    SLICE_X45Y26         MUXF7 (Prop_muxf7_I1_O)      0.145    13.023 r  debug_rx_data_OBUF[1]_inst_i_26/O
                         net (fo=1, routed)           0.000    13.023    debug_rx_data_OBUF[1]_inst_i_26_n_0
    SLICE_X45Y26         MUXF8 (Prop_muxf8_I0_O)      0.056    13.079 r  debug_rx_data_OBUF[1]_inst_i_9/O
                         net (fo=1, routed)           1.132    14.210    debug_rx_data_OBUF[1]_inst_i_9_n_0
    SLICE_X49Y42         LUT6 (Prop_lut6_I1_O)        0.153    14.363 r  debug_rx_data_OBUF[1]_inst_i_4/O
                         net (fo=1, routed)           0.000    14.363    debug_rx_data_OBUF[1]_inst_i_4_n_0
    SLICE_X49Y42         MUXF7 (Prop_muxf7_I0_O)      0.143    14.506 r  debug_rx_data_OBUF[1]_inst_i_2/O
                         net (fo=1, routed)           0.000    14.506    debug_rx_data_OBUF[1]_inst_i_2_n_0
    SLICE_X49Y42         MUXF8 (Prop_muxf8_I0_O)      0.056    14.562 r  debug_rx_data_OBUF[1]_inst_i_1/O
                         net (fo=1, routed)           2.570    17.133    debug_rx_data_OBUF[1]
    AL33                 OBUF (Prop_obuf_I_O)         2.419    19.552 r  debug_rx_data_OBUF[1]_inst/O
                         net (fo=0)                   0.000    19.552    debug_rx_data[1]
    AL33                                                              r  debug_rx_data[1] (OUT)
  -------------------------------------------------------------------    -------------------

Slack:                    inf
  Source:                 addr_data[0]
                            (input port)
  Destination:            debug_rx_data[4]
                            (output port)
  Path Group:             (none)
  Path Type:              Max at Slow Process Corner
  Data Path Delay:        19.500ns  (logic 3.775ns (19.357%)  route 15.725ns (80.643%))
  Logic Levels:           8  (IBUF=1 LUT6=2 MUXF7=2 MUXF8=2 OBUF=1)

    Location             Delay type                Incr(ns)  Path(ns)    Netlist Resource(s)
  -------------------------------------------------------------------    -------------------
    AN29                                              0.000     0.000 r  addr_data[0] (IN)
                         net (fo=0)                   0.000     0.000    addr_data[0]
    AN29                 IBUF (Prop_ibuf_I_O)         0.750     0.750 r  addr_data_IBUF[0]_inst/O
                         net (fo=512, routed)        11.914    12.664    addr_data_IBUF[0]
    SLICE_X39Y35         LUT6 (Prop_lut6_I4_O)        0.053    12.717 r  debug_rx_data_OBUF[4]_inst_i_65/O
                         net (fo=1, routed)           0.000    12.717    debug_rx_data_OBUF[4]_inst_i_65_n_0
    SLICE_X39Y35         MUXF7 (Prop_muxf7_I1_O)      0.145    12.862 r  debug_rx_data_OBUF[4]_inst_i_28/O
                         net (fo=1, routed)           0.000    12.862    debug_rx_data_OBUF[4]_inst_i_28_n_0
    SLICE_X39Y35         MUXF8 (Prop_muxf8_I0_O)      0.056    12.918 r  debug_rx_data_OBUF[4]_inst_i_10/O
                         net (fo=1, routed)           1.291    14.209    debug_rx_data_OBUF[4]_inst_i_10_n_0
    SLICE_X51Y44         LUT6 (Prop_lut6_I3_O)        0.153    14.362 r  debug_rx_data_OBUF[4]_inst_i_4/O
                         net (fo=1, routed)           0.000    14.362    debug_rx_data_OBUF[4]_inst_i_4_n_0
    SLICE_X51Y44         MUXF7 (Prop_muxf7_I0_O)      0.143    14.505 r  debug_rx_data_OBUF[4]_inst_i_2/O
                         net (fo=1, routed)           0.000    14.505    debug_rx_data_OBUF[4]_inst_i_2_n_0
    SLICE_X51Y44         MUXF8 (Prop_muxf8_I0_O)      0.056    14.561 r  debug_rx_data_OBUF[4]_inst_i_1/O
                         net (fo=1, routed)           2.520    17.081    debug_rx_data_OBUF[4]
    AK33                 OBUF (Prop_obuf_I_O)         2.419    19.500 r  debug_rx_data_OBUF[4]_inst/O
                         net (fo=0)                   0.000    19.500    debug_rx_data[4]
    AK33                                                              r  debug_rx_data[4] (OUT)
  -------------------------------------------------------------------    -------------------

Slack:                    inf
  Source:                 addr_data[0]
                            (input port)
  Destination:            debug_rx_data[5]
                            (output port)
  Path Group:             (none)
  Path Type:              Max at Slow Process Corner
  Data Path Delay:        19.497ns  (logic 3.775ns (19.360%)  route 15.722ns (80.640%))
  Logic Levels:           8  (IBUF=1 LUT6=2 MUXF7=2 MUXF8=2 OBUF=1)

    Location             Delay type                Incr(ns)  Path(ns)    Netlist Resource(s)
  -------------------------------------------------------------------    -------------------
    AN29                                              0.000     0.000 r  addr_data[0] (IN)
                         net (fo=0)                   0.000     0.000    addr_data[0]
    AN29                 IBUF (Prop_ibuf_I_O)         0.750     0.750 r  addr_data_IBUF[0]_inst/O
                         net (fo=512, routed)        11.719    12.469    addr_data_IBUF[0]
    SLICE_X39Y32         LUT6 (Prop_lut6_I4_O)        0.053    12.522 r  debug_rx_data_OBUF[5]_inst_i_65/O
                         net (fo=1, routed)           0.000    12.522    debug_rx_data_OBUF[5]_inst_i_65_n_0
    SLICE_X39Y32         MUXF7 (Prop_muxf7_I1_O)      0.145    12.667 r  debug_rx_data_OBUF[5]_inst_i_28/O
                         net (fo=1, routed)           0.000    12.667    debug_rx_data_OBUF[5]_inst_i_28_n_0
    SLICE_X39Y32         MUXF8 (Prop_muxf8_I0_O)      0.056    12.723 r  debug_rx_data_OBUF[5]_inst_i_10/O
                         net (fo=1, routed)           1.319    14.042    debug_rx_data_OBUF[5]_inst_i_10_n_0
    SLICE_X49Y38         LUT6 (Prop_lut6_I3_O)        0.153    14.195 r  debug_rx_data_OBUF[5]_inst_i_4/O
                         net (fo=1, routed)           0.000    14.195    debug_rx_data_OBUF[5]_inst_i_4_n_0
    SLICE_X49Y38         MUXF7 (Prop_muxf7_I0_O)      0.143    14.338 r  debug_rx_data_OBUF[5]_inst_i_2/O
                         net (fo=1, routed)           0.000    14.338    debug_rx_data_OBUF[5]_inst_i_2_n_0
    SLICE_X49Y38         MUXF8 (Prop_muxf8_I0_O)      0.056    14.394 r  debug_rx_data_OBUF[5]_inst_i_1/O
                         net (fo=1, routed)           2.684    17.078    debug_rx_data_OBUF[5]
    AK32                 OBUF (Prop_obuf_I_O)         2.419    19.497 r  debug_rx_data_OBUF[5]_inst/O
                         net (fo=0)                   0.000    19.497    debug_rx_data[5]
    AK32                                                              r  debug_rx_data[5] (OUT)
  -------------------------------------------------------------------    -------------------

Slack:                    inf
  Source:                 addr_data[0]
                            (input port)
  Destination:            debug_rx_data[2]
                            (output port)
  Path Group:             (none)
  Path Type:              Max at Slow Process Corner
  Data Path Delay:        19.336ns  (logic 3.774ns (19.516%)  route 15.562ns (80.484%))
  Logic Levels:           8  (IBUF=1 LUT6=2 MUXF7=2 MUXF8=2 OBUF=1)

    Location             Delay type                Incr(ns)  Path(ns)    Netlist Resource(s)
  -------------------------------------------------------------------    -------------------
    AN29                                              0.000     0.000 r  addr_data[0] (IN)
                         net (fo=0)                   0.000     0.000    addr_data[0]
    AN29                 IBUF (Prop_ibuf_I_O)         0.750     0.750 r  addr_data_IBUF[0]_inst/O
                         net (fo=512, routed)        11.610    12.360    addr_data_IBUF[0]
    SLICE_X43Y25         LUT6 (Prop_lut6_I4_O)        0.053    12.413 r  debug_rx_data_OBUF[2]_inst_i_63/O
                         net (fo=1, routed)           0.000    12.413    debug_rx_data_OBUF[2]_inst_i_63_n_0
    SLICE_X43Y25         MUXF7 (Prop_muxf7_I1_O)      0.129    12.542 r  debug_rx_data_OBUF[2]_inst_i_27/O
                         net (fo=1, routed)           0.000    12.542    debug_rx_data_OBUF[2]_inst_i_27_n_0
    SLICE_X43Y25         MUXF8 (Prop_muxf8_I1_O)      0.054    12.596 r  debug_rx_data_OBUF[2]_inst_i_9/O
                         net (fo=1, routed)           1.193    13.789    debug_rx_data_OBUF[2]_inst_i_9_n_0
    SLICE_X49Y39         LUT6 (Prop_lut6_I1_O)        0.153    13.942 r  debug_rx_data_OBUF[2]_inst_i_4/O
                         net (fo=1, routed)           0.000    13.942    debug_rx_data_OBUF[2]_inst_i_4_n_0
    SLICE_X49Y39         MUXF7 (Prop_muxf7_I0_O)      0.143    14.085 r  debug_rx_data_OBUF[2]_inst_i_2/O
                         net (fo=1, routed)           0.000    14.085    debug_rx_data_OBUF[2]_inst_i_2_n_0
    SLICE_X49Y39         MUXF8 (Prop_muxf8_I0_O)      0.056    14.141 r  debug_rx_data_OBUF[2]_inst_i_1/O
                         net (fo=1, routed)           2.759    16.900    debug_rx_data_OBUF[2]
    AN32                 OBUF (Prop_obuf_I_O)         2.436    19.336 r  debug_rx_data_OBUF[2]_inst/O
                         net (fo=0)                   0.000    19.336    debug_rx_data[2]
    AN32                                                              r  debug_rx_data[2] (OUT)
  -------------------------------------------------------------------    -------------------

Slack:                    inf
  Source:                 addr_data[0]
                            (input port)
  Destination:            debug_rx_data[6]
                            (output port)
  Path Group:             (none)
  Path Type:              Max at Slow Process Corner
  Data Path Delay:        19.192ns  (logic 3.786ns (19.725%)  route 15.407ns (80.275%))
  Logic Levels:           8  (IBUF=1 LUT6=2 MUXF7=2 MUXF8=2 OBUF=1)

    Location             Delay type                Incr(ns)  Path(ns)    Netlist Resource(s)
  -------------------------------------------------------------------    -------------------
    AN29                                              0.000     0.000 r  addr_data[0] (IN)
                         net (fo=0)                   0.000     0.000    addr_data[0]
    AN29                 IBUF (Prop_ibuf_I_O)         0.750     0.750 r  addr_data_IBUF[0]_inst/O
                         net (fo=512, routed)        11.473    12.223    addr_data_IBUF[0]
    SLICE_X43Y32         LUT6 (Prop_lut6_I4_O)        0.053    12.276 r  debug_rx_data_OBUF[6]_inst_i_66/O
                         net (fo=1, routed)           0.000    12.276    debug_rx_data_OBUF[6]_inst_i_66_n_0
    SLICE_X43Y32         MUXF7 (Prop_muxf7_I0_O)      0.127    12.403 r  debug_rx_data_OBUF[6]_inst_i_29/O
                         net (fo=1, routed)           0.000    12.403    debug_rx_data_OBUF[6]_inst_i_29_n_0
    SLICE_X43Y32         MUXF8 (Prop_muxf8_I1_O)      0.054    12.457 r  debug_rx_data_OBUF[6]_inst_i_10/O
                         net (fo=1, routed)           1.204    13.661    debug_rx_data_OBUF[6]_inst_i_10_n_0
    SLICE_X51Y40         LUT6 (Prop_lut6_I3_O)        0.153    13.814 r  debug_rx_data_OBUF[6]_inst_i_4/O
                         net (fo=1, routed)           0.000    13.814    debug_rx_data_OBUF[6]_inst_i_4_n_0
    SLICE_X51Y40         MUXF7 (Prop_muxf7_I0_O)      0.143    13.957 r  debug_rx_data_OBUF[6]_inst_i_2/O
                         net (fo=1, routed)           0.000    13.957    debug_rx_data_OBUF[6]_inst_i_2_n_0
    SLICE_X51Y40         MUXF8 (Prop_muxf8_I0_O)      0.056    14.013 r  debug_rx_data_OBUF[6]_inst_i_1/O
                         net (fo=1, routed)           2.730    16.742    debug_rx_data_OBUF[6]
    AP33                 OBUF (Prop_obuf_I_O)         2.450    19.192 r  debug_rx_data_OBUF[6]_inst/O
                         net (fo=0)                   0.000    19.192    debug_rx_data[6]
    AP33                                                              r  debug_rx_data[6] (OUT)
  -------------------------------------------------------------------    -------------------

Slack:                    inf
  Source:                 addr_data[0]
                            (input port)
  Destination:            debug_rx_data[7]
                            (output port)
  Path Group:             (none)
  Path Type:              Max at Slow Process Corner
  Data Path Delay:        19.128ns  (logic 3.782ns (19.774%)  route 15.346ns (80.226%))
  Logic Levels:           8  (IBUF=1 LUT6=2 MUXF7=2 MUXF8=2 OBUF=1)

    Location             Delay type                Incr(ns)  Path(ns)    Netlist Resource(s)
  -------------------------------------------------------------------    -------------------
    AN29                                              0.000     0.000 r  addr_data[0] (IN)
                         net (fo=0)                   0.000     0.000    addr_data[0]
    AN29                 IBUF (Prop_ibuf_I_O)         0.750     0.750 r  addr_data_IBUF[0]_inst/O
                         net (fo=512, routed)        11.696    12.445    addr_data_IBUF[0]
    SLICE_X43Y29         LUT6 (Prop_lut6_I4_O)        0.053    12.498 r  debug_rx_data_OBUF[7]_inst_i_63/O
                         net (fo=1, routed)           0.000    12.498    debug_rx_data_OBUF[7]_inst_i_63_n_0
    SLICE_X43Y29         MUXF7 (Prop_muxf7_I1_O)      0.129    12.627 r  debug_rx_data_OBUF[7]_inst_i_27/O
                         net (fo=1, routed)           0.000    12.627    debug_rx_data_OBUF[7]_inst_i_27_n_0
    SLICE_X43Y29         MUXF8 (Prop_muxf8_I1_O)      0.054    12.681 r  debug_rx_data_OBUF[7]_inst_i_9/O
                         net (fo=1, routed)           1.089    13.771    debug_rx_data_OBUF[7]_inst_i_9_n_0
    SLICE_X48Y39         LUT6 (Prop_lut6_I1_O)        0.153    13.924 r  debug_rx_data_OBUF[7]_inst_i_4/O
                         net (fo=1, routed)           0.000    13.924    debug_rx_data_OBUF[7]_inst_i_4_n_0
    SLICE_X48Y39         MUXF7 (Prop_muxf7_I0_O)      0.136    14.060 r  debug_rx_data_OBUF[7]_inst_i_2/O
                         net (fo=1, routed)           0.000    14.060    debug_rx_data_OBUF[7]_inst_i_2_n_0
    SLICE_X48Y39         MUXF8 (Prop_muxf8_I0_O)      0.057    14.117 r  debug_rx_data_OBUF[7]_inst_i_1/O
                         net (fo=1, routed)           2.561    16.678    debug_rx_data_OBUF[7]
    AP32                 OBUF (Prop_obuf_I_O)         2.451    19.128 r  debug_rx_data_OBUF[7]_inst/O
                         net (fo=0)                   0.000    19.128    debug_rx_data[7]
    AP32                                                              r  debug_rx_data[7] (OUT)
  -------------------------------------------------------------------    -------------------

Slack:                    inf
  Source:                 addr_data[0]
                            (input port)
  Destination:            debug_rx_data[0]
                            (output port)
  Path Group:             (none)
  Path Type:              Max at Slow Process Corner
  Data Path Delay:        18.479ns  (logic 3.787ns (20.494%)  route 14.692ns (79.506%))
  Logic Levels:           8  (IBUF=1 LUT6=2 MUXF7=2 MUXF8=2 OBUF=1)

    Location             Delay type                Incr(ns)  Path(ns)    Netlist Resource(s)
  -------------------------------------------------------------------    -------------------
    AN29                                              0.000     0.000 r  addr_data[0] (IN)
                         net (fo=0)                   0.000     0.000    addr_data[0]
    AN29                 IBUF (Prop_ibuf_I_O)         0.750     0.750 r  addr_data_IBUF[0]_inst/O
                         net (fo=512, routed)        10.961    11.711    addr_data_IBUF[0]
    SLICE_X43Y35         LUT6 (Prop_lut6_I4_O)        0.053    11.764 r  debug_rx_data_OBUF[0]_inst_i_65/O
                         net (fo=1, routed)           0.000    11.764    debug_rx_data_OBUF[0]_inst_i_65_n_0
    SLICE_X43Y35         MUXF7 (Prop_muxf7_I1_O)      0.145    11.909 r  debug_rx_data_OBUF[0]_inst_i_28/O
                         net (fo=1, routed)           0.000    11.909    debug_rx_data_OBUF[0]_inst_i_28_n_0
    SLICE_X43Y35         MUXF8 (Prop_muxf8_I0_O)      0.056    11.965 r  debug_rx_data_OBUF[0]_inst_i_10/O
                         net (fo=1, routed)           1.311    13.276    debug_rx_data_OBUF[0]_inst_i_10_n_0
    SLICE_X51Y41         LUT6 (Prop_lut6_I3_O)        0.153    13.429 r  debug_rx_data_OBUF[0]_inst_i_4/O
                         net (fo=1, routed)           0.000    13.429    debug_rx_data_OBUF[0]_inst_i_4_n_0
    SLICE_X51Y41         MUXF7 (Prop_muxf7_I0_O)      0.143    13.572 r  debug_rx_data_OBUF[0]_inst_i_2/O
                         net (fo=1, routed)           0.000    13.572    debug_rx_data_OBUF[0]_inst_i_2_n_0
    SLICE_X51Y41         MUXF8 (Prop_muxf8_I0_O)      0.056    13.628 r  debug_rx_data_OBUF[0]_inst_i_1/O
                         net (fo=1, routed)           2.420    16.048    debug_rx_data_OBUF[0]
    AM33                 OBUF (Prop_obuf_I_O)         2.431    18.479 r  debug_rx_data_OBUF[0]_inst/O
                         net (fo=0)                   0.000    18.479    debug_rx_data[0]
    AM33                                                              r  debug_rx_data[0] (OUT)
  -------------------------------------------------------------------    -------------------

Slack:                    inf
  Source:                 in_data_rx_ethernet[5]
                            (input port)
  Destination:            mem_reg[192][5]/D
  Path Group:             (none)
  Path Type:              Max at Slow Process Corner
  Data Path Delay:        11.667ns  (logic 0.727ns (6.234%)  route 10.940ns (93.766%))
  Logic Levels:           1  (IBUF=1)

    Location             Delay type                Incr(ns)  Path(ns)    Netlist Resource(s)
  -------------------------------------------------------------------    -------------------
    AL28                                              0.000     0.000 r  in_data_rx_ethernet[5] (IN)
                         net (fo=0)                   0.000     0.000    in_data_rx_ethernet[5]
    AL28                 IBUF (Prop_ibuf_I_O)         0.727     0.727 r  in_data_rx_ethernet_IBUF[5]_inst/O
                         net (fo=262, routed)        10.940    11.667    in_data_rx_ethernet_IBUF[5]
    SLICE_X52Y56         FDRE                                         r  mem_reg[192][5]/D
  -------------------------------------------------------------------    -------------------

Slack:                    inf
  Source:                 in_data_rx_ethernet[5]
                            (input port)
  Destination:            mem_reg[200][5]/D
  Path Group:             (none)
  Path Type:              Max at Slow Process Corner
  Data Path Delay:        11.640ns  (logic 0.727ns (6.248%)  route 10.912ns (93.752%))
  Logic Levels:           1  (IBUF=1)

    Location             Delay type                Incr(ns)  Path(ns)    Netlist Resource(s)
  -------------------------------------------------------------------    -------------------
    AL28                                              0.000     0.000 r  in_data_rx_ethernet[5] (IN)
                         net (fo=0)                   0.000     0.000    in_data_rx_ethernet[5]
    AL28                 IBUF (Prop_ibuf_I_O)         0.727     0.727 r  in_data_rx_ethernet_IBUF[5]_inst/O
                         net (fo=262, routed)        10.912    11.640    in_data_rx_ethernet_IBUF[5]
    SLICE_X55Y55         FDRE                                         r  mem_reg[200][5]/D
  -------------------------------------------------------------------    -------------------





Min Delay Paths
--------------------------------------------------------------------------------------
Slack:                    inf
  Source:                 addr_data_local_reg[0]_rep__5/C
                            (rising edge-triggered cell FDCE)
  Destination:            addr_data_local_reg[0]_rep__4/D
  Path Group:             (none)
  Path Type:              Min at Fast Process Corner
  Data Path Delay:        0.216ns  (logic 0.128ns (59.376%)  route 0.088ns (40.624%))
  Logic Levels:           2  (FDCE=1 LUT6=1)

    Location             Delay type                Incr(ns)  Path(ns)    Netlist Resource(s)
  -------------------------------------------------------------------    -------------------
    SLICE_X44Y56         FDCE                         0.000     0.000 r  addr_data_local_reg[0]_rep__5/C
    SLICE_X44Y56         FDCE (Prop_fdce_C_Q)         0.100     0.100 f  addr_data_local_reg[0]_rep__5/Q
                         net (fo=11, routed)          0.088     0.188    addr_data_local_reg[0]_rep__5_n_0
    SLICE_X45Y56         LUT6 (Prop_lut6_I5_O)        0.028     0.216 r  addr_data_local[0]_rep__4_i_1/O
                         net (fo=1, routed)           0.000     0.216    addr_data_local[0]_rep__4_i_1_n_0
    SLICE_X45Y56         FDCE                                         r  addr_data_local_reg[0]_rep__4/D
  -------------------------------------------------------------------    -------------------

Slack:                    inf
  Source:                 cmd_start_frame_reception/FSM_sequential_current_state_reg[2]/C
                            (rising edge-triggered cell FDCE)
  Destination:            cmd_start_frame_reception/FSM_sequential_current_state_reg[1]/D
  Path Group:             (none)
  Path Type:              Min at Fast Process Corner
  Data Path Delay:        0.229ns  (logic 0.157ns (68.608%)  route 0.072ns (31.392%))
  Logic Levels:           2  (FDCE=1 LUT6=1)

    Location             Delay type                Incr(ns)  Path(ns)    Netlist Resource(s)
  -------------------------------------------------------------------    -------------------
    SLICE_X45Y68         FDCE                         0.000     0.000 r  cmd_start_frame_reception/FSM_sequential_current_state_reg[2]/C
    SLICE_X45Y68         FDCE (Prop_fdce_C_Q)         0.091     0.091 f  cmd_start_frame_reception/FSM_sequential_current_state_reg[2]/Q
                         net (fo=4, routed)           0.072     0.163    cmd_start_frame_reception/current_state[2]
    SLICE_X45Y68         LUT6 (Prop_lut6_I5_O)        0.066     0.229 r  cmd_start_frame_reception/FSM_sequential_current_state[1]_i_1/O
                         net (fo=1, routed)           0.000     0.229    cmd_start_frame_reception/next_state[1]
    SLICE_X45Y68         FDCE                                         r  cmd_start_frame_reception/FSM_sequential_current_state_reg[1]/D
  -------------------------------------------------------------------    -------------------

Slack:                    inf
  Source:                 addr_data_local_reg[0]_rep__1/C
                            (rising edge-triggered cell FDCE)
  Destination:            addr_data_local_reg[1]_rep__1/D
  Path Group:             (none)
  Path Type:              Min at Fast Process Corner
  Data Path Delay:        0.230ns  (logic 0.128ns (55.535%)  route 0.102ns (44.465%))
  Logic Levels:           2  (FDCE=1 LUT3=1)

    Location             Delay type                Incr(ns)  Path(ns)    Netlist Resource(s)
  -------------------------------------------------------------------    -------------------
    SLICE_X44Y56         FDCE                         0.000     0.000 r  addr_data_local_reg[0]_rep__1/C
    SLICE_X44Y56         FDCE (Prop_fdce_C_Q)         0.100     0.100 r  addr_data_local_reg[0]_rep__1/Q
                         net (fo=65, routed)          0.102     0.202    addr_data_local_reg[0]_rep__1_n_0
    SLICE_X45Y56         LUT3 (Prop_lut3_I1_O)        0.028     0.230 r  addr_data_local[1]_rep__1_i_1/O
                         net (fo=1, routed)           0.000     0.230    addr_data_local[1]_rep__1_i_1_n_0
    SLICE_X45Y56         FDCE                                         r  addr_data_local_reg[1]_rep__1/D
  -------------------------------------------------------------------    -------------------

Slack:                    inf
  Source:                 addr_data_local_reg[0]/C
                            (rising edge-triggered cell FDCE)
  Destination:            addr_data_local_reg[1]_rep__4/D
  Path Group:             (none)
  Path Type:              Min at Fast Process Corner
  Data Path Delay:        0.242ns  (logic 0.128ns (52.848%)  route 0.114ns (47.152%))
  Logic Levels:           2  (FDCE=1 LUT3=1)

    Location             Delay type                Incr(ns)  Path(ns)    Netlist Resource(s)
  -------------------------------------------------------------------    -------------------
    SLICE_X44Y56         FDCE                         0.000     0.000 r  addr_data_local_reg[0]/C
    SLICE_X44Y56         FDCE (Prop_fdce_C_Q)         0.100     0.100 r  addr_data_local_reg[0]/Q
                         net (fo=89, routed)          0.114     0.214    addr_data_local_reg[0]
    SLICE_X45Y56         LUT3 (Prop_lut3_I1_O)        0.028     0.242 r  addr_data_local[1]_rep__4_i_1/O
                         net (fo=1, routed)           0.000     0.242    addr_data_local[1]_rep__4_i_1_n_0
    SLICE_X45Y56         FDCE                                         r  addr_data_local_reg[1]_rep__4/D
  -------------------------------------------------------------------    -------------------

Slack:                    inf
  Source:                 cmd_start_frame_reception/event_cmd_out_reg/C
                            (rising edge-triggered cell FDCE)
  Destination:            sync_reg_start_frame_reception_reg/D
  Path Group:             (none)
  Path Type:              Min at Fast Process Corner
  Data Path Delay:        0.266ns  (logic 0.100ns (37.603%)  route 0.166ns (62.397%))
  Logic Levels:           1  (FDCE=1)

    Location             Delay type                Incr(ns)  Path(ns)    Netlist Resource(s)
  -------------------------------------------------------------------    -------------------
    SLICE_X45Y68         FDCE                         0.000     0.000 r  cmd_start_frame_reception/event_cmd_out_reg/C
    SLICE_X45Y68         FDCE (Prop_fdce_C_Q)         0.100     0.100 r  cmd_start_frame_reception/event_cmd_out_reg/Q
                         net (fo=1, routed)           0.166     0.266    start_frame_reception
    SLICE_X44Y68         FDCE                                         r  sync_reg_start_frame_reception_reg/D
  -------------------------------------------------------------------    -------------------

Slack:                    inf
  Source:                 cmd_frame_transmission/FSM_sequential_current_state_reg[1]/C
                            (rising edge-triggered cell FDCE)
  Destination:            cmd_frame_transmission/FSM_sequential_current_state_reg[2]/D
  Path Group:             (none)
  Path Type:              Min at Fast Process Corner
  Data Path Delay:        0.266ns  (logic 0.128ns (48.037%)  route 0.138ns (51.963%))
  Logic Levels:           2  (FDCE=1 LUT5=1)

    Location             Delay type                Incr(ns)  Path(ns)    Netlist Resource(s)
  -------------------------------------------------------------------    -------------------
    SLICE_X44Y69         FDCE                         0.000     0.000 r  cmd_frame_transmission/FSM_sequential_current_state_reg[1]/C
    SLICE_X44Y69         FDCE (Prop_fdce_C_Q)         0.100     0.100 r  cmd_frame_transmission/FSM_sequential_current_state_reg[1]/Q
                         net (fo=4, routed)           0.138     0.238    cmd_frame_transmission/current_state[1]
    SLICE_X44Y69         LUT5 (Prop_lut5_I1_O)        0.028     0.266 r  cmd_frame_transmission/FSM_sequential_current_state[2]_i_1__0/O
                         net (fo=1, routed)           0.000     0.266    cmd_frame_transmission/next_state[2]
    SLICE_X44Y69         FDCE                                         r  cmd_frame_transmission/FSM_sequential_current_state_reg[2]/D
  -------------------------------------------------------------------    -------------------

Slack:                    inf
  Source:                 counter_reg[6]/C
                            (rising edge-triggered cell FDCE)
  Destination:            counter_reg[6]/D
  Path Group:             (none)
  Path Type:              Min at Fast Process Corner
  Data Path Delay:        0.269ns  (logic 0.128ns (47.623%)  route 0.141ns (52.377%))
  Logic Levels:           2  (FDCE=1 LUT4=1)

    Location             Delay type                Incr(ns)  Path(ns)    Netlist Resource(s)
  -------------------------------------------------------------------    -------------------
    SLICE_X43Y54         FDCE                         0.000     0.000 r  counter_reg[6]/C
    SLICE_X43Y54         FDCE (Prop_fdce_C_Q)         0.100     0.100 r  counter_reg[6]/Q
                         net (fo=90, routed)          0.141     0.241    counter_reg[6]
    SLICE_X43Y54         LUT4 (Prop_lut4_I0_O)        0.028     0.269 r  counter[6]_i_1/O
                         net (fo=1, routed)           0.000     0.269    p_0_in[6]
    SLICE_X43Y54         FDCE                                         r  counter_reg[6]/D
  -------------------------------------------------------------------    -------------------

Slack:                    inf
  Source:                 cmd_frame_transmission/FSM_sequential_current_state_reg[0]/C
                            (rising edge-triggered cell FDCE)
  Destination:            cmd_frame_transmission/FSM_sequential_current_state_reg[0]/D
  Path Group:             (none)
  Path Type:              Min at Fast Process Corner
  Data Path Delay:        0.271ns  (logic 0.128ns (47.271%)  route 0.143ns (52.729%))
  Logic Levels:           2  (FDCE=1 LUT6=1)

    Location             Delay type                Incr(ns)  Path(ns)    Netlist Resource(s)
  -------------------------------------------------------------------    -------------------
    SLICE_X44Y69         FDCE                         0.000     0.000 r  cmd_frame_transmission/FSM_sequential_current_state_reg[0]/C
    SLICE_X44Y69         FDCE (Prop_fdce_C_Q)         0.100     0.100 r  cmd_frame_transmission/FSM_sequential_current_state_reg[0]/Q
                         net (fo=5, routed)           0.143     0.243    cmd_frame_transmission/current_state[0]
    SLICE_X44Y69         LUT6 (Prop_lut6_I4_O)        0.028     0.271 r  cmd_frame_transmission/FSM_sequential_current_state[0]_i_1__0/O
                         net (fo=1, routed)           0.000     0.271    cmd_frame_transmission/next_state[0]
    SLICE_X44Y69         FDCE                                         r  cmd_frame_transmission/FSM_sequential_current_state_reg[0]/D
  -------------------------------------------------------------------    -------------------

Slack:                    inf
  Source:                 cmd_start_frame_reception/FSM_sequential_current_state_reg[0]/C
                            (rising edge-triggered cell FDCE)
  Destination:            cmd_start_frame_reception/FSM_sequential_current_state_reg[0]/D
  Path Group:             (none)
  Path Type:              Min at Fast Process Corner
  Data Path Delay:        0.279ns  (logic 0.128ns (45.868%)  route 0.151ns (54.132%))
  Logic Levels:           2  (FDCE=1 LUT5=1)

    Location             Delay type                Incr(ns)  Path(ns)    Netlist Resource(s)
  -------------------------------------------------------------------    -------------------
    SLICE_X45Y68         FDCE                         0.000     0.000 r  cmd_start_frame_reception/FSM_sequential_current_state_reg[0]/C
    SLICE_X45Y68         FDCE (Prop_fdce_C_Q)         0.100     0.100 r  cmd_start_frame_reception/FSM_sequential_current_state_reg[0]/Q
                         net (fo=4, routed)           0.151     0.251    cmd_start_frame_reception/current_state[0]
    SLICE_X45Y68         LUT5 (Prop_lut5_I3_O)        0.028     0.279 r  cmd_start_frame_reception/FSM_sequential_current_state[0]_i_1/O
                         net (fo=1, routed)           0.000     0.279    cmd_start_frame_reception/next_state[0]
    SLICE_X45Y68         FDCE                                         r  cmd_start_frame_reception/FSM_sequential_current_state_reg[0]/D
  -------------------------------------------------------------------    -------------------

Slack:                    inf
  Source:                 cmd_start_frame_reception/FSM_sequential_current_state_reg[0]/C
                            (rising edge-triggered cell FDCE)
  Destination:            cmd_start_frame_reception/FSM_sequential_current_state_reg[2]/D
  Path Group:             (none)
  Path Type:              Min at Fast Process Corner
  Data Path Delay:        0.280ns  (logic 0.129ns (46.062%)  route 0.151ns (53.938%))
  Logic Levels:           2  (FDCE=1 LUT5=1)

    Location             Delay type                Incr(ns)  Path(ns)    Netlist Resource(s)
  -------------------------------------------------------------------    -------------------
    SLICE_X45Y68         FDCE                         0.000     0.000 r  cmd_start_frame_reception/FSM_sequential_current_state_reg[0]/C
    SLICE_X45Y68         FDCE (Prop_fdce_C_Q)         0.100     0.100 r  cmd_start_frame_reception/FSM_sequential_current_state_reg[0]/Q
                         net (fo=4, routed)           0.151     0.251    cmd_start_frame_reception/current_state[0]
    SLICE_X45Y68         LUT5 (Prop_lut5_I4_O)        0.029     0.280 r  cmd_start_frame_reception/FSM_sequential_current_state[2]_i_1/O
                         net (fo=1, routed)           0.000     0.280    cmd_start_frame_reception/next_state[2]
    SLICE_X45Y68         FDCE                                         r  cmd_start_frame_reception/FSM_sequential_current_state_reg[2]/D
  -------------------------------------------------------------------    -------------------





