#
# An unexpected error has occurred (11) Segmentation fault
#
Stack:
/lib/x86_64-linux-gnu/libc.so.6(+0x43090) [0x7f4b22760090]
/media/valmyrsilva07/243aad91-22c0-42a8-ba29-06c4e186c14c/xmen/Music/2025.2/Vivado/lib/lnx64.o/libxv_device.so(HDDMNodeIterator::getNextGroup()+0x411) [0x7f4af2a47c79]
/media/valmyrsilva07/243aad91-22c0-42a8-ba29-06c4e186c14c/xmen/Music/2025.2/Vivado/lib/lnx64.o/libxv_route_legacy.so(+0x764eeb) [0x7f4b0e55beeb]
/media/valmyrsilva07/243aad91-22c0-42a8-ba29-06c4e186c14c/xmen/Music/2025.2/Vivado/lib/lnx64.o/libxv_route_legacy.so(rt::legacy::HARTNodeGraphBldrBase::collectNodeExitData(unsigned int, unsigned int, rt::legacy::HARTNodeExitData&)+0x2cf) [0x7f4b0e555f9f]
/media/valmyrsilva07/243aad91-22c0-42a8-ba29-06c4e186c14c/xmen/Music/2025.2/Vivado/lib/lnx64.o/libxv_route_legacy.so(rt::legacy::HARTNodeGraphBldrBase::buildNodeExitOffsets()+0x72) [0x7f4b0e556c62]
/media/valmyrsilva07/243aad91-22c0-42a8-ba29-06c4e186c14c/xmen/Music/2025.2/Vivado/lib/lnx64.o/libxv_route_legacy.so(rt::legacy::HARTNodeGraphBldrBase::buildNodeExitOffsetsMT()+0x9) [0x7f4b0e556d69]
/media/valmyrsilva07/243aad91-22c0-42a8-ba29-06c4e186c14c/xmen/Music/2025.2/Vivado/lib/lnx64.o/libxv_route_legacy.so(rt::legacy::HARTNodeGraphBldrBase::buildNodeGraph()+0xb7f) [0x7f4b0e559b6f]
/media/valmyrsilva07/243aad91-22c0-42a8-ba29-06c4e186c14c/xmen/Music/2025.2/Vivado/lib/lnx64.o/libxv_route_legacy.so(rt::legacy::HARTArchHelperV7::buildNodeGraph(rt::legacy::HDRTNodeGraph&, HDARPart const*, bool) const+0x270) [0x7f4b0ed490c0]
/media/valmyrsilva07/243aad91-22c0-42a8-ba29-06c4e186c14c/xmen/Music/2025.2/Vivado/lib/lnx64.o/libxv_route_legacy.so(rt::legacy::HARTArchHelper::buildNodeGraph(rt::legacy::HDRTNodeGraph&, HDARPart const*, bool) const+0x19) [0x7f4b0eb6b729]
/media/valmyrsilva07/243aad91-22c0-42a8-ba29-06c4e186c14c/xmen/Music/2025.2/Vivado/lib/lnx64.o/libxv_route_legacy.so(rt::legacy::HARTDesign::buildNodeGraph(bool, unsigned int, unsigned int, unsigned int, unsigned int)+0x44f) [0x7f4b0e6a21cf]
/media/valmyrsilva07/243aad91-22c0-42a8-ba29-06c4e186c14c/xmen/Music/2025.2/Vivado/lib/lnx64.o/libxv_route_legacy.so(+0x8ab3f1) [0x7f4b0e6a23f1]
/media/valmyrsilva07/243aad91-22c0-42a8-ba29-06c4e186c14c/xmen/Music/2025.2/Vivado/lib/lnx64.o/libxv_common.so(xm::detail::ThreadPool::Impl::runTask(xm::detail::PackagedTask<void>) const+0x67) [0x7f4b2cd1b769]
/media/valmyrsilva07/243aad91-22c0-42a8-ba29-06c4e186c14c/xmen/Music/2025.2/Vivado/lib/lnx64.o/libxv_common.so(xm::detail::ThreadPool::Impl::runWorker(unsigned int)+0x3b5) [0x7f4b2cd1d6fb]
/media/valmyrsilva07/243aad91-22c0-42a8-ba29-06c4e186c14c/xmen/Music/2025.2/Vivado/lib/lnx64.o/libxv_common.so(+0x8fcd06) [0x7f4b2cd1dd06]
/media/valmyrsilva07/243aad91-22c0-42a8-ba29-06c4e186c14c/xmen/Music/2025.2/Vivado/lib/lnx64.o/Ubuntu/20/libstdc++.so.6(+0xd6de4) [0x7f4b22c19de4]
/lib/x86_64-linux-gnu/libpthread.so.0(+0x8609) [0x7f4b22702609]
/lib/x86_64-linux-gnu/libc.so.6(clone+0x43) [0x7f4b2283c353]
