
*** Running vivado
    with args -log control_axi_stream_gbe.vdi -applog -m64 -product Vivado -messageDb vivado.pb -mode batch -source control_axi_stream_gbe.tcl -notrace


****** Vivado v2025.2 (64-bit)
  **** SW Build 6299465 on Fri Nov 14 12:34:56 MST 2025
  **** IP Build 6300035 on Fri Nov 14 10:48:45 MST 2025
  **** SharedData Build 6298862 on Thu Nov 13 04:50:51 MST 2025
  **** Start of session at: Wed Jul 29 01:46:07 2026
    ** Copyright 1986-2022 Xilinx, Inc. All Rights Reserved.
    ** Copyright 2022-2025 Advanced Micro Devices, Inc. All Rights Reserved.

source control_axi_stream_gbe.tcl -notrace
Command: link_design -top control_axi_stream_gbe -part xc7vx485tffg1157-1
Design is defaulting to srcset: sources_1
Design is defaulting to constrset: constrs_1
INFO: [Device 21-403] Loading part xc7vx485tffg1157-1
Netlist sorting complete. Time (s): cpu = 00:00:00.01 ; elapsed = 00:00:00.01 . Memory (MB): peak = 2031.605 ; gain = 0.000 ; free physical = 36535 ; free virtual = 47889
INFO: [Netlist 29-17] Analyzing 1625 Unisim elements for replacement
INFO: [Netlist 29-28] Unisim Transformation completed in 0 CPU seconds
WARNING: [Netlist 29-101] Netlist 'control_axi_stream_gbe' is not ideal for floorplanning, since the cellview 'control_axi_stream_gbe' contains a large number of primitives.  Please consider enabling hierarchy in synthesis if you want to do floorplanning.
INFO: [Project 1-479] Netlist was created with Vivado 2025.2
INFO: [Project 1-570] Preparing netlist for logic optimization
Read ShapeDB Complete: Time (s): cpu = 00:00:00 ; elapsed = 00:00:00.01 . Memory (MB): peak = 2121.293 ; gain = 1.000 ; free physical = 36406 ; free virtual = 47760
Netlist sorting complete. Time (s): cpu = 00:00:00 ; elapsed = 00:00:00 . Memory (MB): peak = 2121.293 ; gain = 0.000 ; free physical = 36398 ; free virtual = 47752
INFO: [Project 1-111] Unisim Transformation Summary:
No Unisim elements were transformed.

6 Infos, 1 Warnings, 0 Critical Warnings and 0 Errors encountered.
link_design completed successfully
link_design: Time (s): cpu = 00:00:05 ; elapsed = 00:00:05 . Memory (MB): peak = 2149.141 ; gain = 524.754 ; free physical = 36396 ; free virtual = 47750
Command: opt_design
Attempting to get a license for feature 'Implementation' and/or device 'xc7vx485t'
INFO: [Common 17-349] Got license for feature 'Implementation' and/or device 'xc7vx485t'
Running DRC as a precondition to command opt_design

Starting DRC Task
INFO: [DRC 23-27] Running DRC with 8 threads
INFO: [Project 1-461] DRC finished with 0 Errors
INFO: [Project 1-462] Please refer to the DRC report (report_drc) for more information.

Time (s): cpu = 00:00:00.29 ; elapsed = 00:00:00.14 . Memory (MB): peak = 2306.398 ; gain = 157.258 ; free physical = 36351 ; free virtual = 47705

Starting Cache Timing Information Task
INFO: [Timing 38-35] Done setting XDC timing constraints.
Ending Cache Timing Information Task | Checksum: 1fee9308d

Time (s): cpu = 00:00:03 ; elapsed = 00:00:03 . Memory (MB): peak = 2832.258 ; gain = 525.859 ; free physical = 35813 ; free virtual = 47195

Starting Logic Optimization Task

Phase 1 Initialization

Phase 1.1 Core Generation And Design Setup
Phase 1.1 Core Generation And Design Setup | Checksum: 1fee9308d

Time (s): cpu = 00:00:00 ; elapsed = 00:00:00 . Memory (MB): peak = 3207.008 ; gain = 0.000 ; free physical = 35431 ; free virtual = 46813

Phase 1.2 Setup Constraints And Sort Netlist
Phase 1.2 Setup Constraints And Sort Netlist | Checksum: 1fee9308d

Time (s): cpu = 00:00:00 ; elapsed = 00:00:00.01 . Memory (MB): peak = 3207.008 ; gain = 0.000 ; free physical = 35431 ; free virtual = 46813
Phase 1 Initialization | Checksum: 1fee9308d

Time (s): cpu = 00:00:00 ; elapsed = 00:00:00.01 . Memory (MB): peak = 3207.008 ; gain = 0.000 ; free physical = 35431 ; free virtual = 46813

Phase 2 Timer Update And Timing Data Collection

Phase 2.1 Detect if minReqCache needed
Phase 2.1 Detect if minReqCache needed | Checksum: 1fee9308d

Time (s): cpu = 00:00:00 ; elapsed = 00:00:00.01 . Memory (MB): peak = 3207.008 ; gain = 0.000 ; free physical = 35430 ; free virtual = 46812

Phase 2.2 Timer Update
Phase 2.2 Timer Update | Checksum: 1fee9308d

Time (s): cpu = 00:00:00.09 ; elapsed = 00:00:00.03 . Memory (MB): peak = 3207.008 ; gain = 0.000 ; free physical = 35430 ; free virtual = 46812

Phase 2.3 Timing Data Collection
Phase 2.3 Timing Data Collection | Checksum: 1fee9308d

Time (s): cpu = 00:00:00.09 ; elapsed = 00:00:00.04 . Memory (MB): peak = 3207.008 ; gain = 0.000 ; free physical = 35430 ; free virtual = 46812
Phase 2 Timer Update And Timing Data Collection | Checksum: 1fee9308d

Time (s): cpu = 00:00:00.09 ; elapsed = 00:00:00.04 . Memory (MB): peak = 3207.008 ; gain = 0.000 ; free physical = 35430 ; free virtual = 46812

Phase 3 Retarget
INFO: [Opt 31-1851] Number of loadless carry chains removed were: 0
INFO: [Opt 31-1834] Total Chains To Be Transformed Were: 0 AND Number of Transformed insts Created are: 0
INFO: [Opt 31-138] Pushed 0 inverter(s) to 0 load pin(s).
INFO: [Opt 31-49] Retargeted 0 cell(s).
Phase 3 Retarget | Checksum: 1fee9308d

Time (s): cpu = 00:00:00.15 ; elapsed = 00:00:00.09 . Memory (MB): peak = 3207.008 ; gain = 0.000 ; free physical = 35428 ; free virtual = 46810
Retarget | Checksum: 1fee9308d
INFO: [Opt 31-389] Phase Retarget created 0 cells and removed 0 cells

Phase 4 Constant propagation
INFO: [Opt 31-138] Pushed 0 inverter(s) to 0 load pin(s).
Phase 4 Constant propagation | Checksum: 1645d3e5d

Time (s): cpu = 00:00:00.17 ; elapsed = 00:00:00.11 . Memory (MB): peak = 3207.008 ; gain = 0.000 ; free physical = 35428 ; free virtual = 46810
Constant propagation | Checksum: 1645d3e5d
INFO: [Opt 31-389] Phase Constant propagation created 12 cells and removed 13 cells

Phase 5 Sweep
INFO: [Constraints 18-11670] Building netlist checker database with flags, 0x8
Done building netlist checker database: Time (s): cpu = 00:00:00 ; elapsed = 00:00:00 . Memory (MB): peak = 3207.008 ; gain = 0.000 ; free physical = 35428 ; free virtual = 46810
Phase 5 Sweep | Checksum: 16515c7ba

Time (s): cpu = 00:00:00.18 ; elapsed = 00:00:00.13 . Memory (MB): peak = 3207.008 ; gain = 0.000 ; free physical = 35423 ; free virtual = 46805
Sweep | Checksum: 16515c7ba
INFO: [Opt 31-389] Phase Sweep created 0 cells and removed 0 cells

Phase 6 BUFG optimization
Phase 6 BUFG optimization | Checksum: 16515c7ba

Time (s): cpu = 00:00:00.22 ; elapsed = 00:00:00.15 . Memory (MB): peak = 3239.023 ; gain = 32.016 ; free physical = 35426 ; free virtual = 46808
BUFG optimization | Checksum: 16515c7ba
INFO: [Opt 31-662] Phase BUFG optimization created 0 cells of which 0 are BUFGs and removed 0 cells.

Phase 7 Shift Register Optimization
INFO: [Opt 31-1064] SRL Remap converted 0 SRLs to 0 registers and converted 0 registers of register chains to 0 SRLs
Phase 7 Shift Register Optimization | Checksum: 16515c7ba

Time (s): cpu = 00:00:00.23 ; elapsed = 00:00:00.15 . Memory (MB): peak = 3239.023 ; gain = 32.016 ; free physical = 35426 ; free virtual = 46808
Shift Register Optimization | Checksum: 16515c7ba
INFO: [Opt 31-389] Phase Shift Register Optimization created 0 cells and removed 0 cells

Phase 8 Post Processing Netlist
Phase 8 Post Processing Netlist | Checksum: 16515c7ba

Time (s): cpu = 00:00:00.23 ; elapsed = 00:00:00.16 . Memory (MB): peak = 3239.023 ; gain = 32.016 ; free physical = 35426 ; free virtual = 46808
Post Processing Netlist | Checksum: 16515c7ba
INFO: [Opt 31-389] Phase Post Processing Netlist created 0 cells and removed 0 cells

Phase 9 Finalization

Phase 9.1 Finalizing Design Cores and Updating Shapes
Phase 9.1 Finalizing Design Cores and Updating Shapes | Checksum: 14f96e4b6

Time (s): cpu = 00:00:00.28 ; elapsed = 00:00:00.18 . Memory (MB): peak = 3263.035 ; gain = 56.027 ; free physical = 35425 ; free virtual = 46808

Phase 9.2 Verifying Netlist Connectivity

Starting Connectivity Check Task

Time (s): cpu = 00:00:00.04 ; elapsed = 00:00:00.01 . Memory (MB): peak = 3263.035 ; gain = 0.000 ; free physical = 35425 ; free virtual = 46808
Phase 9.2 Verifying Netlist Connectivity | Checksum: 14f96e4b6

Time (s): cpu = 00:00:00.33 ; elapsed = 00:00:00.19 . Memory (MB): peak = 3263.035 ; gain = 56.027 ; free physical = 35425 ; free virtual = 46808
Phase 9 Finalization | Checksum: 14f96e4b6

Time (s): cpu = 00:00:00.33 ; elapsed = 00:00:00.19 . Memory (MB): peak = 3263.035 ; gain = 56.027 ; free physical = 35425 ; free virtual = 46808
Opt_design Change Summary
=========================


-------------------------------------------------------------------------------------------------------------------------
|  Phase                        |  #Cells created  |  #Cells Removed  |  #Constrained objects preventing optimizations  |
-------------------------------------------------------------------------------------------------------------------------
|  Retarget                     |               0  |               0  |                                              0  |
|  Constant propagation         |              12  |              13  |                                              0  |
|  Sweep                        |               0  |               0  |                                              0  |
|  BUFG optimization            |               0  |               0  |                                              0  |
|  Shift Register Optimization  |               0  |               0  |                                              0  |
|  Post Processing Netlist      |               0  |               0  |                                              0  |
-------------------------------------------------------------------------------------------------------------------------


Ending Logic Optimization Task | Checksum: 14f96e4b6

Time (s): cpu = 00:00:00.33 ; elapsed = 00:00:00.19 . Memory (MB): peak = 3263.035 ; gain = 56.027 ; free physical = 35425 ; free virtual = 46808

Starting Power Optimization Task
INFO: [Pwropt 34-132] Skipping clock gating for clocks with a period < 2.00 ns.
Ending Power Optimization Task | Checksum: 14f96e4b6

Time (s): cpu = 00:00:00.01 ; elapsed = 00:00:00.01 . Memory (MB): peak = 3263.035 ; gain = 0.000 ; free physical = 35425 ; free virtual = 46808

Starting Final Cleanup Task
Ending Final Cleanup Task | Checksum: 14f96e4b6

Time (s): cpu = 00:00:00 ; elapsed = 00:00:00 . Memory (MB): peak = 3263.035 ; gain = 0.000 ; free physical = 35425 ; free virtual = 46808
Netlist sorting complete. Time (s): cpu = 00:00:00 ; elapsed = 00:00:00 . Memory (MB): peak = 3263.035 ; gain = 0.000 ; free physical = 35425 ; free virtual = 46808
INFO: [Common 17-83] Releasing license: Implementation
26 Infos, 1 Warnings, 0 Critical Warnings and 0 Errors encountered.
opt_design completed successfully
INFO: [Vivado 12-24828] Executing command : report_drc -file control_axi_stream_gbe_drc_opted.rpt -pb control_axi_stream_gbe_drc_opted.pb -rpx control_axi_stream_gbe_drc_opted.rpx
Command: report_drc -file control_axi_stream_gbe_drc_opted.rpt -pb control_axi_stream_gbe_drc_opted.pb -rpx control_axi_stream_gbe_drc_opted.rpx
INFO: [IP_Flow 19-234] Refreshing IP repositories
INFO: [IP_Flow 19-1704] No user IP repositories specified
INFO: [IP_Flow 19-2313] Loaded Vivado IP repository '/media/valmyrsilva07/243aad91-22c0-42a8-ba29-06c4e186c14c/xmen/Music/2025.2/data/ip'.
INFO: [DRC 23-27] Running DRC with 8 threads
INFO: [Vivado_Tcl 2-168] The results of DRC are in file /home/valmyrsilva07/virtex7/skarab-virtex7-toolflow/model/skrab_one.runs/impl_1/control_axi_stream_gbe_drc_opted.rpt.
report_drc completed successfully
Write ShapeDB Complete: Time (s): cpu = 00:00:00.01 ; elapsed = 00:00:00 . Memory (MB): peak = 3295.051 ; gain = 0.000 ; free physical = 35416 ; free virtual = 46800
INFO: [Common 17-1381] The checkpoint '/home/valmyrsilva07/virtex7/skarab-virtex7-toolflow/model/skrab_one.runs/impl_1/control_axi_stream_gbe_opt.dcp' has been generated.
Command: place_design
Attempting to get a license for feature 'Implementation' and/or device 'xc7vx485t'
INFO: [Common 17-349] Got license for feature 'Implementation' and/or device 'xc7vx485t'
INFO: [Common 17-83] Releasing license: Implementation
INFO: [DRC 23-27] Running DRC with 8 threads
INFO: [Vivado_Tcl 4-198] DRC finished with 0 Errors
INFO: [Vivado_Tcl 4-199] Please refer to the DRC report (report_drc) for more information.
INFO: [Timing 38-35] Done setting XDC timing constraints.
Running DRC as a precondition to command place_design
INFO: [DRC 23-27] Running DRC with 8 threads
INFO: [Vivado_Tcl 4-198] DRC finished with 0 Errors
INFO: [Vivado_Tcl 4-199] Please refer to the DRC report (report_drc) for more information.
INFO: [Place 30-611] Multithreading enabled for place_design using a maximum of 8 CPUs

Starting Placer Task

Phase 1 Placer Initialization

Phase 1.1 Placer Initialization Netlist Sorting
Netlist sorting complete. Time (s): cpu = 00:00:00 ; elapsed = 00:00:00 . Memory (MB): peak = 3295.051 ; gain = 0.000 ; free physical = 35417 ; free virtual = 46801
Phase 1.1 Placer Initialization Netlist Sorting | Checksum: cea82065

Time (s): cpu = 00:00:00 ; elapsed = 00:00:00.03 . Memory (MB): peak = 3295.051 ; gain = 0.000 ; free physical = 35417 ; free virtual = 46801
Netlist sorting complete. Time (s): cpu = 00:00:00 ; elapsed = 00:00:00 . Memory (MB): peak = 3295.051 ; gain = 0.000 ; free physical = 35417 ; free virtual = 46801

Phase 1.2 IO Placement/ Clock Placement/ Build Placer Device
Phase 1.2 IO Placement/ Clock Placement/ Build Placer Device | Checksum: 22b65305f

Time (s): cpu = 00:00:01 ; elapsed = 00:00:00.54 . Memory (MB): peak = 3295.051 ; gain = 0.000 ; free physical = 35412 ; free virtual = 46800

Phase 1.3 Build Placer Netlist Model
Phase 1.3 Build Placer Netlist Model | Checksum: 243e36d0a

Time (s): cpu = 00:00:01 ; elapsed = 00:00:00.65 . Memory (MB): peak = 3295.051 ; gain = 0.000 ; free physical = 35411 ; free virtual = 46799

Phase 1.4 Constrain Clocks/Macros
Phase 1.4 Constrain Clocks/Macros | Checksum: 243e36d0a

Time (s): cpu = 00:00:01 ; elapsed = 00:00:00.66 . Memory (MB): peak = 3295.051 ; gain = 0.000 ; free physical = 35410 ; free virtual = 46799
Phase 1 Placer Initialization | Checksum: 243e36d0a

Time (s): cpu = 00:00:01 ; elapsed = 00:00:00.67 . Memory (MB): peak = 3295.051 ; gain = 0.000 ; free physical = 35410 ; free virtual = 46799

Phase 2 Global Placement

Phase 2.1 Floorplanning
Phase 2.1 Floorplanning | Checksum: 243e36d0a

Time (s): cpu = 00:00:01 ; elapsed = 00:00:00.68 . Memory (MB): peak = 3295.051 ; gain = 0.000 ; free physical = 35410 ; free virtual = 46799

Phase 2.2 Update Timing before SLR Path Opt
Phase 2.2 Update Timing before SLR Path Opt | Checksum: 243e36d0a

Time (s): cpu = 00:00:01 ; elapsed = 00:00:00.68 . Memory (MB): peak = 3295.051 ; gain = 0.000 ; free physical = 35410 ; free virtual = 46799

Phase 2.3 Post-Processing in Floorplanning
Phase 2.3 Post-Processing in Floorplanning | Checksum: 243e36d0a

Time (s): cpu = 00:00:01 ; elapsed = 00:00:00.68 . Memory (MB): peak = 3295.051 ; gain = 0.000 ; free physical = 35410 ; free virtual = 46799

Phase 2.4 Global Place Phase1
Phase 2.4 Global Place Phase1 | Checksum: 26b531ba3

Time (s): cpu = 00:00:05 ; elapsed = 00:00:02 . Memory (MB): peak = 3335.070 ; gain = 40.020 ; free physical = 35382 ; free virtual = 46770

Phase 2.5 Global Place Phase2
WARNING: [Place 46-29] Timing had been disabled during Placer and, therefore, physical synthesis in Placer will be skipped.
Phase 2.5 Global Place Phase2 | Checksum: 29c8ba558

Time (s): cpu = 00:00:06 ; elapsed = 00:00:02 . Memory (MB): peak = 3335.070 ; gain = 40.020 ; free physical = 35369 ; free virtual = 46757
Phase 2 Global Placement | Checksum: 29c8ba558

Time (s): cpu = 00:00:06 ; elapsed = 00:00:02 . Memory (MB): peak = 3335.070 ; gain = 40.020 ; free physical = 35369 ; free virtual = 46757

Phase 3 Detail Placement

Phase 3.1 Commit Multi Column Macros
Phase 3.1 Commit Multi Column Macros | Checksum: 29c8ba558

Time (s): cpu = 00:00:06 ; elapsed = 00:00:02 . Memory (MB): peak = 3335.070 ; gain = 40.020 ; free physical = 35365 ; free virtual = 46753

Phase 3.2 Commit Most Macros & LUTRAMs
Phase 3.2 Commit Most Macros & LUTRAMs | Checksum: 22678411e

Time (s): cpu = 00:00:06 ; elapsed = 00:00:02 . Memory (MB): peak = 3335.070 ; gain = 40.020 ; free physical = 35354 ; free virtual = 46742

Phase 3.3 Area Swap Optimization
Phase 3.3 Area Swap Optimization | Checksum: 1df7fc9e8

Time (s): cpu = 00:00:06 ; elapsed = 00:00:02 . Memory (MB): peak = 3335.070 ; gain = 40.020 ; free physical = 35353 ; free virtual = 46741

Phase 3.4 Pipeline Register Optimization
Phase 3.4 Pipeline Register Optimization | Checksum: 1df7fc9e8

Time (s): cpu = 00:00:06 ; elapsed = 00:00:02 . Memory (MB): peak = 3335.070 ; gain = 40.020 ; free physical = 35353 ; free virtual = 46741

Phase 3.5 Small Shape Detail Placement
Phase 3.5 Small Shape Detail Placement | Checksum: 2ba49b294

Time (s): cpu = 00:00:07 ; elapsed = 00:00:03 . Memory (MB): peak = 3335.070 ; gain = 40.020 ; free physical = 35335 ; free virtual = 46726

Phase 3.6 Re-assign LUT pins
Phase 3.6 Re-assign LUT pins | Checksum: 2ba49b294

Time (s): cpu = 00:00:07 ; elapsed = 00:00:03 . Memory (MB): peak = 3335.070 ; gain = 40.020 ; free physical = 35336 ; free virtual = 46727

Phase 3.7 Pipeline Register Optimization
Phase 3.7 Pipeline Register Optimization | Checksum: 2ba49b294

Time (s): cpu = 00:00:07 ; elapsed = 00:00:03 . Memory (MB): peak = 3335.070 ; gain = 40.020 ; free physical = 35336 ; free virtual = 46727
Phase 3 Detail Placement | Checksum: 2ba49b294

Time (s): cpu = 00:00:07 ; elapsed = 00:00:03 . Memory (MB): peak = 3335.070 ; gain = 40.020 ; free physical = 35336 ; free virtual = 46727

Phase 4 Post Placement Optimization and Clean-Up

Phase 4.1 Post Commit Optimization
Phase 4.1 Post Commit Optimization | Checksum: 2ba49b294

Time (s): cpu = 00:00:07 ; elapsed = 00:00:03 . Memory (MB): peak = 3335.070 ; gain = 40.020 ; free physical = 35338 ; free virtual = 46728

Phase 4.2 Post Placement Cleanup
Phase 4.2 Post Placement Cleanup | Checksum: 2ba49b294

Time (s): cpu = 00:00:08 ; elapsed = 00:00:03 . Memory (MB): peak = 3335.070 ; gain = 40.020 ; free physical = 35338 ; free virtual = 46728

Phase 4.3 Placer Reporting

Phase 4.3.1 Print Estimated Congestion
INFO: [Place 30-612] Post-Placement Estimated Congestion 
 ____________________________________________________
|           | Global Congestion | Short Congestion  |
| Direction | Region Size       | Region Size       |
|___________|___________________|___________________|
|      North|                1x1|                1x1|
|___________|___________________|___________________|
|      South|                1x1|                1x1|
|___________|___________________|___________________|
|       East|                1x1|                1x1|
|___________|___________________|___________________|
|       West|                1x1|                1x1|
|___________|___________________|___________________|

Phase 4.3.1 Print Estimated Congestion | Checksum: 2ba49b294

Time (s): cpu = 00:00:08 ; elapsed = 00:00:03 . Memory (MB): peak = 3335.070 ; gain = 40.020 ; free physical = 35338 ; free virtual = 46728
Phase 4.3 Placer Reporting | Checksum: 2ba49b294

Time (s): cpu = 00:00:08 ; elapsed = 00:00:03 . Memory (MB): peak = 3335.070 ; gain = 40.020 ; free physical = 35338 ; free virtual = 46728

Phase 4.4 Final Placement Cleanup
Netlist sorting complete. Time (s): cpu = 00:00:00 ; elapsed = 00:00:00 . Memory (MB): peak = 3335.070 ; gain = 0.000 ; free physical = 35338 ; free virtual = 46728

Time (s): cpu = 00:00:08 ; elapsed = 00:00:03 . Memory (MB): peak = 3335.070 ; gain = 40.020 ; free physical = 35338 ; free virtual = 46728
Phase 4 Post Placement Optimization and Clean-Up | Checksum: 27b566215

Time (s): cpu = 00:00:08 ; elapsed = 00:00:03 . Memory (MB): peak = 3335.070 ; gain = 40.020 ; free physical = 35337 ; free virtual = 46728
Ending Placer Task | Checksum: 1e2af3e83

Time (s): cpu = 00:00:08 ; elapsed = 00:00:03 . Memory (MB): peak = 3335.070 ; gain = 40.020 ; free physical = 35337 ; free virtual = 46728
44 Infos, 2 Warnings, 0 Critical Warnings and 0 Errors encountered.
place_design completed successfully
INFO: [Vivado 12-24838] Running report commands "report_control_sets, report_io, report_utilization" in parallel.
Running report generation with 3 threads.
INFO: [Vivado 12-24828] Executing command : report_control_sets -verbose -file control_axi_stream_gbe_control_sets_placed.rpt
report_control_sets: Time (s): cpu = 00:00:00.16 ; elapsed = 00:00:00.08 . Memory (MB): peak = 3335.070 ; gain = 0.000 ; free physical = 35328 ; free virtual = 46720
INFO: [Vivado 12-24828] Executing command : report_utilization -file control_axi_stream_gbe_utilization_placed.rpt -pb control_axi_stream_gbe_utilization_placed.pb
INFO: [Vivado 12-24828] Executing command : report_io -file control_axi_stream_gbe_io_placed.rpt
report_io: Time (s): cpu = 00:00:00.32 ; elapsed = 00:00:00.2 . Memory (MB): peak = 3335.070 ; gain = 0.000 ; free physical = 35343 ; free virtual = 46734
Wrote PlaceDB: Time (s): cpu = 00:00:00 ; elapsed = 00:00:00 . Memory (MB): peak = 3335.070 ; gain = 0.000 ; free physical = 35343 ; free virtual = 46734
Wrote PulsedLatchDB: Time (s): cpu = 00:00:00 ; elapsed = 00:00:00 . Memory (MB): peak = 3335.070 ; gain = 0.000 ; free physical = 35343 ; free virtual = 46734
Writing XDEF routing.
Write ShapeDB Complete: Time (s): cpu = 00:00:00.01 ; elapsed = 00:00:00 . Memory (MB): peak = 3335.070 ; gain = 0.000 ; free physical = 35343 ; free virtual = 46735
Writing XDEF routing logical nets.
Writing XDEF routing special nets.
Wrote RouteStorage: Time (s): cpu = 00:00:00.12 ; elapsed = 00:00:00.04 . Memory (MB): peak = 3335.070 ; gain = 0.000 ; free physical = 35342 ; free virtual = 46734
Wrote PlaceStorage: Time (s): cpu = 00:00:00.13 ; elapsed = 00:00:00.12 . Memory (MB): peak = 3335.070 ; gain = 0.000 ; free physical = 35337 ; free virtual = 46734
Wrote Netlist Cache: Time (s): cpu = 00:00:00 ; elapsed = 00:00:00 . Memory (MB): peak = 3335.070 ; gain = 0.000 ; free physical = 35337 ; free virtual = 46735
Wrote Device Cache: Time (s): cpu = 00:00:00 ; elapsed = 00:00:00.01 . Memory (MB): peak = 3335.070 ; gain = 0.000 ; free physical = 35335 ; free virtual = 46735
Write Physdb Complete: Time (s): cpu = 00:00:00.26 ; elapsed = 00:00:00.17 . Memory (MB): peak = 3335.070 ; gain = 0.000 ; free physical = 35335 ; free virtual = 46735
INFO: [Common 17-1381] The checkpoint '/home/valmyrsilva07/virtex7/skarab-virtex7-toolflow/model/skrab_one.runs/impl_1/control_axi_stream_gbe_placed.dcp' has been generated.
Command: phys_opt_design
Attempting to get a license for feature 'Implementation' and/or device 'xc7vx485t'
INFO: [Common 17-349] Got license for feature 'Implementation' and/or device 'xc7vx485t'

Starting Initial Update Timing Task

Time (s): cpu = 00:00:00.19 ; elapsed = 00:00:00.16 . Memory (MB): peak = 3335.070 ; gain = 0.000 ; free physical = 35334 ; free virtual = 46727
INFO: [Vivado_Tcl 4-235] No timing constraint found. The netlist was not modified.
INFO: [Common 17-83] Releasing license: Implementation
52 Infos, 2 Warnings, 0 Critical Warnings and 0 Errors encountered.
phys_opt_design completed successfully
Wrote PlaceDB: Time (s): cpu = 00:00:00 ; elapsed = 00:00:00 . Memory (MB): peak = 3335.070 ; gain = 0.000 ; free physical = 35333 ; free virtual = 46726
Wrote PulsedLatchDB: Time (s): cpu = 00:00:00 ; elapsed = 00:00:00 . Memory (MB): peak = 3335.070 ; gain = 0.000 ; free physical = 35333 ; free virtual = 46726
Writing XDEF routing.
Write ShapeDB Complete: Time (s): cpu = 00:00:00.01 ; elapsed = 00:00:00 . Memory (MB): peak = 3335.070 ; gain = 0.000 ; free physical = 35333 ; free virtual = 46726
Writing XDEF routing logical nets.
Writing XDEF routing special nets.
Wrote RouteStorage: Time (s): cpu = 00:00:00.06 ; elapsed = 00:00:00.02 . Memory (MB): peak = 3335.070 ; gain = 0.000 ; free physical = 35333 ; free virtual = 46726
Wrote PlaceStorage: Time (s): cpu = 00:00:00.18 ; elapsed = 00:00:00.12 . Memory (MB): peak = 3335.070 ; gain = 0.000 ; free physical = 35332 ; free virtual = 46731
Wrote Netlist Cache: Time (s): cpu = 00:00:00.01 ; elapsed = 00:00:00 . Memory (MB): peak = 3335.070 ; gain = 0.000 ; free physical = 35332 ; free virtual = 46732
Wrote Device Cache: Time (s): cpu = 00:00:00 ; elapsed = 00:00:00.01 . Memory (MB): peak = 3335.070 ; gain = 0.000 ; free physical = 35330 ; free virtual = 46732
Write Physdb Complete: Time (s): cpu = 00:00:00.25 ; elapsed = 00:00:00.15 . Memory (MB): peak = 3335.070 ; gain = 0.000 ; free physical = 35330 ; free virtual = 46731
INFO: [Common 17-1381] The checkpoint '/home/valmyrsilva07/virtex7/skarab-virtex7-toolflow/model/skrab_one.runs/impl_1/control_axi_stream_gbe_physopt.dcp' has been generated.
Command: route_design
Attempting to get a license for feature 'Implementation' and/or device 'xc7vx485t'
INFO: [Common 17-349] Got license for feature 'Implementation' and/or device 'xc7vx485t'


Starting Routing Task
INFO: [Route 35-254] Multithreading enabled for route_design using a maximum of 8 CPUs

Phase 1 Build RT Design
Checksum: PlaceDB: cb9a126f ConstDB: 0 ShapeSum: 9133efb1 RouteDB: 85e13c63
Abnormal program termination (11)
Please check '/home/valmyrsilva07/virtex7/skarab-virtex7-toolflow/model/skrab_one.runs/impl_1/hs_err_pid1679083.log' for details
segfault in /media/valmyrsilva07/243aad91-22c0-42a8-ba29-06c4e186c14c/xmen/Music/2025.2/Vivado/bin/unwrapped/lnx64.o/vivado -exec vivado -log control_axi_stream_gbe.vdi -applog -m64 -product Vivado -messageDb vivado.pb -mode batch -source control_axi_stream_gbe.tcl -notrace, exiting...
