Copyright 1986-2022 Xilinx, Inc. All Rights Reserved. Copyright 2022-2025 Advanced Micro Devices, Inc. All Rights Reserved.
------------------------------------------------------------------------------------------------------------------------------------------------------------------------------------------------------------------
| Tool Version : Vivado v.2025.2 (lin64) Build 6299465 Fri Nov 14 12:34:56 MST 2025
| Date         : Mon Aug 10 12:14:11 2026
| Host         : valmyrsilva07-B760M-AORUS-ELITE running 64-bit Ubuntu 20.04.6 LTS
| Command      : report_timing_summary -max_paths 10 -report_unconstrained -file top_dut_timing_summary_routed.rpt -pb top_dut_timing_summary_routed.pb -rpx top_dut_timing_summary_routed.rpx -warn_on_violation
| Design       : top_dut
| Device       : 7vx485t-ffg1157
| Speed File   : -1  PRODUCTION 1.12 2014-09-11
| Design State : Routed
------------------------------------------------------------------------------------------------------------------------------------------------------------------------------------------------------------------

Timing Summary Report

------------------------------------------------------------------------------------------------
| Timer Settings
| --------------
------------------------------------------------------------------------------------------------

  Enable Multi Corner Analysis               :  Yes
  Enable Pessimism Removal                   :  Yes
  Pessimism Removal Resolution               :  Nearest Common Node
  Enable Input Delay Default Clock           :  No
  Enable Preset / Clear Arcs                 :  No
  Disable Flight Delays                      :  No
  Ignore I/O Paths                           :  No
  Timing Early Launch at Borrowing Latches   :  No
  Borrow Time for Max Delay Exceptions       :  Yes
  Merge Timing Exceptions                    :  Yes
  Inter-SLR Compensation                     :  Conservative

  Corner  Analyze    Analyze    
  Name    Max Paths  Min Paths  
  ------  ---------  ---------  
  Slow    Yes        Yes        
  Fast    Yes        Yes        


------------------------------------------------------------------------------------------------
| Report Methodology
| ------------------
------------------------------------------------------------------------------------------------

Rule       Severity          Description                  Violations  
---------  ----------------  ---------------------------  ----------  
TIMING-17  Critical Warning  Non-clocked sequential cell  776         

Note: This report is based on the most recent report_methodology run and may not be up-to-date. Run report_methodology on the current design for the latest report.



check_timing report

Table of Contents
-----------------
1. checking no_clock (776)
2. checking constant_clock (0)
3. checking pulse_width_clock (0)
4. checking unconstrained_internal_endpoints (7021)
5. checking no_input_delay (10)
6. checking no_output_delay (10)
7. checking multiple_clock (0)
8. checking generated_clocks (0)
9. checking loops (0)
10. checking partial_input_delay (0)
11. checking partial_output_delay (0)
12. checking latch_loops (0)

1. checking no_clock (776)
--------------------------
 There are 776 register/latch pins with no clock driven by root clock pin: clk (HIGH)


2. checking constant_clock (0)
------------------------------
 There are 0 register/latch pins with constant_clock.


3. checking pulse_width_clock (0)
---------------------------------
 There are 0 register/latch pins which need pulse_width check


4. checking unconstrained_internal_endpoints (7021)
---------------------------------------------------
 There are 7021 pins that are not constrained for maximum delay. (HIGH)

 There are 0 pins that are not constrained for maximum delay due to constant clock.


5. checking no_input_delay (10)
-------------------------------
 There are 10 input ports with no input delay specified. (HIGH)

 There are 0 input ports with no input delay but user has a false path constraint.


6. checking no_output_delay (10)
--------------------------------
 There are 10 ports with no output delay specified. (HIGH)

 There are 0 ports with no output delay but user has a false path constraint

 There are 0 ports with no output delay but with a timing clock defined on it or propagating through it


7. checking multiple_clock (0)
------------------------------
 There are 0 register/latch pins with multiple clocks.


8. checking generated_clocks (0)
--------------------------------
 There are 0 generated clocks that are not connected to a clock source.


9. checking loops (0)
---------------------
 There are 0 combinational loops in the design.


10. checking partial_input_delay (0)
------------------------------------
 There are 0 input ports with partial input delay specified.


11. checking partial_output_delay (0)
-------------------------------------
 There are 0 ports with partial output delay specified.


12. checking latch_loops (0)
----------------------------
 There are 0 combinational latch loops in the design through latch input



------------------------------------------------------------------------------------------------
| Design Timing Summary
| ---------------------
------------------------------------------------------------------------------------------------

    WNS(ns)      TNS(ns)  TNS Failing Endpoints  TNS Total Endpoints      WHS(ns)      THS(ns)  THS Failing Endpoints  THS Total Endpoints     WPWS(ns)     TPWS(ns)  TPWS Failing Endpoints  TPWS Total Endpoints  
    -------      -------  ---------------------  -------------------      -------      -------  ---------------------  -------------------     --------     --------  ----------------------  --------------------  
        inf        0.000                      0                 7033          inf        0.000                      0                 7033           NA           NA                      NA                    NA  


All user specified timing constraints are met.


------------------------------------------------------------------------------------------------
| Clock Summary
| -------------
------------------------------------------------------------------------------------------------


------------------------------------------------------------------------------------------------
| Intra Clock Table
| -----------------
------------------------------------------------------------------------------------------------

Clock             WNS(ns)      TNS(ns)  TNS Failing Endpoints  TNS Total Endpoints      WHS(ns)      THS(ns)  THS Failing Endpoints  THS Total Endpoints     WPWS(ns)     TPWS(ns)  TPWS Failing Endpoints  TPWS Total Endpoints  
-----             -------      -------  ---------------------  -------------------      -------      -------  ---------------------  -------------------     --------     --------  ----------------------  --------------------  


------------------------------------------------------------------------------------------------
| Inter Clock Table
| -----------------
------------------------------------------------------------------------------------------------

From Clock    To Clock          WNS(ns)      TNS(ns)  TNS Failing Endpoints  TNS Total Endpoints      WHS(ns)      THS(ns)  THS Failing Endpoints  THS Total Endpoints  
----------    --------          -------      -------  ---------------------  -------------------      -------      -------  ---------------------  -------------------  


------------------------------------------------------------------------------------------------
| Other Path Groups Table
| -----------------------
------------------------------------------------------------------------------------------------

Path Group    From Clock    To Clock          WNS(ns)      TNS(ns)  TNS Failing Endpoints  TNS Total Endpoints      WHS(ns)      THS(ns)  THS Failing Endpoints  THS Total Endpoints  
----------    ----------    --------          -------      -------  ---------------------  -------------------      -------      -------  ---------------------  -------------------  


------------------------------------------------------------------------------------------------
| User Ignored Path Table
| -----------------------
------------------------------------------------------------------------------------------------

Path Group    From Clock    To Clock    
----------    ----------    --------    
(none)                                    


------------------------------------------------------------------------------------------------
| Unconstrained Path Table
| ------------------------
------------------------------------------------------------------------------------------------

Path Group    From Clock    To Clock    
----------    ----------    --------    
(none)                                    


------------------------------------------------------------------------------------------------
| Timing Details
| --------------
------------------------------------------------------------------------------------------------


--------------------------------------------------------------------------------------
Path Group:  (none)
From Clock:  
  To Clock:  

Max Delay             2 Endpoints
Min Delay             2 Endpoints
--------------------------------------------------------------------------------------


Max Delay Paths
--------------------------------------------------------------------------------------
Slack:                    inf
  Source:                 a_sync_nrst
                            (input port)
  Destination:            matlab_fifo0/inst/gen_fifo.xpm_fifo_axis_inst/gaxis_rst_sync.xpm_cdc_sync_rst_inst/syncstages_ff_reg[0]/D
  Path Group:             (none)
  Path Type:              Max at Slow Process Corner
  Data Path Delay:        2.597ns  (logic 0.779ns (30.001%)  route 1.818ns (69.999%))
  Logic Levels:           2  (IBUF=1 LUT1=1)
  Timing Exception:       False Path

    Location             Delay type                Incr(ns)  Path(ns)    Netlist Resource(s)
  -------------------------------------------------------------------    -------------------
    AM25                                              0.000     0.000 f  a_sync_nrst (IN)
                         net (fo=0)                   0.000     0.000    a_sync_nrst
    AM25                 IBUF (Prop_ibuf_I_O)         0.726     0.726 f  a_sync_nrst_IBUF_inst/O
                         net (fo=3, routed)           1.000     1.727    matlab_fifo0/inst/gen_fifo.xpm_fifo_axis_inst/s_aresetn
    SLICE_X47Y59         LUT1 (Prop_lut1_I0_O)        0.053     1.780 r  matlab_fifo0/inst/gen_fifo.xpm_fifo_axis_inst/gaxis_rst_sync.xpm_cdc_sync_rst_inst_i_1/O
                         net (fo=1, routed)           0.817     2.597    matlab_fifo0/inst/gen_fifo.xpm_fifo_axis_inst/gaxis_rst_sync.xpm_cdc_sync_rst_inst/src_rst
    SLICE_X46Y59         FDRE                                         r  matlab_fifo0/inst/gen_fifo.xpm_fifo_axis_inst/gaxis_rst_sync.xpm_cdc_sync_rst_inst/syncstages_ff_reg[0]/D
  -------------------------------------------------------------------    -------------------

Slack:                    inf
  Source:                 a_sync_nrst
                            (input port)
  Destination:            matlab_fifo1/inst/gen_fifo.xpm_fifo_axis_inst/gaxis_rst_sync.xpm_cdc_sync_rst_inst/syncstages_ff_reg[0]/D
  Path Group:             (none)
  Path Type:              Max at Slow Process Corner
  Data Path Delay:        2.247ns  (logic 0.779ns (34.681%)  route 1.467ns (65.319%))
  Logic Levels:           2  (IBUF=1 LUT1=1)
  Timing Exception:       False Path

    Location             Delay type                Incr(ns)  Path(ns)    Netlist Resource(s)
  -------------------------------------------------------------------    -------------------
    AM25                                              0.000     0.000 f  a_sync_nrst (IN)
                         net (fo=0)                   0.000     0.000    a_sync_nrst
    AM25                 IBUF (Prop_ibuf_I_O)         0.726     0.726 f  a_sync_nrst_IBUF_inst/O
                         net (fo=3, routed)           1.189     1.915    matlab_fifo1/inst/gen_fifo.xpm_fifo_axis_inst/s_aresetn
    SLICE_X47Y59         LUT1 (Prop_lut1_I0_O)        0.053     1.968 r  matlab_fifo1/inst/gen_fifo.xpm_fifo_axis_inst/gaxis_rst_sync.xpm_cdc_sync_rst_inst_i_1/O
                         net (fo=1, routed)           0.278     2.247    matlab_fifo1/inst/gen_fifo.xpm_fifo_axis_inst/gaxis_rst_sync.xpm_cdc_sync_rst_inst/src_rst
    SLICE_X46Y59         FDRE                                         r  matlab_fifo1/inst/gen_fifo.xpm_fifo_axis_inst/gaxis_rst_sync.xpm_cdc_sync_rst_inst/syncstages_ff_reg[0]/D
  -------------------------------------------------------------------    -------------------





Min Delay Paths
--------------------------------------------------------------------------------------
Slack:                    inf
  Source:                 a_sync_nrst
                            (input port)
  Destination:            matlab_fifo1/inst/gen_fifo.xpm_fifo_axis_inst/gaxis_rst_sync.xpm_cdc_sync_rst_inst/syncstages_ff_reg[0]/D
  Path Group:             (none)
  Path Type:              Min at Fast Process Corner
  Data Path Delay:        0.846ns  (logic 0.155ns (18.299%)  route 0.691ns (81.701%))
  Logic Levels:           2  (IBUF=1 LUT1=1)
  Timing Exception:       False Path

    Location             Delay type                Incr(ns)  Path(ns)    Netlist Resource(s)
  -------------------------------------------------------------------    -------------------
    AM25                                              0.000     0.000 f  a_sync_nrst (IN)
                         net (fo=0)                   0.000     0.000    a_sync_nrst
    AM25                 IBUF (Prop_ibuf_I_O)         0.127     0.127 f  a_sync_nrst_IBUF_inst/O
                         net (fo=3, routed)           0.583     0.710    matlab_fifo1/inst/gen_fifo.xpm_fifo_axis_inst/s_aresetn
    SLICE_X47Y59         LUT1 (Prop_lut1_I0_O)        0.028     0.738 r  matlab_fifo1/inst/gen_fifo.xpm_fifo_axis_inst/gaxis_rst_sync.xpm_cdc_sync_rst_inst_i_1/O
                         net (fo=1, routed)           0.108     0.846    matlab_fifo1/inst/gen_fifo.xpm_fifo_axis_inst/gaxis_rst_sync.xpm_cdc_sync_rst_inst/src_rst
    SLICE_X46Y59         FDRE                                         r  matlab_fifo1/inst/gen_fifo.xpm_fifo_axis_inst/gaxis_rst_sync.xpm_cdc_sync_rst_inst/syncstages_ff_reg[0]/D
  -------------------------------------------------------------------    -------------------

Slack:                    inf
  Source:                 a_sync_nrst
                            (input port)
  Destination:            matlab_fifo0/inst/gen_fifo.xpm_fifo_axis_inst/gaxis_rst_sync.xpm_cdc_sync_rst_inst/syncstages_ff_reg[0]/D
  Path Group:             (none)
  Path Type:              Min at Fast Process Corner
  Data Path Delay:        1.208ns  (logic 0.155ns (12.822%)  route 1.053ns (87.178%))
  Logic Levels:           2  (IBUF=1 LUT1=1)
  Timing Exception:       False Path

    Location             Delay type                Incr(ns)  Path(ns)    Netlist Resource(s)
  -------------------------------------------------------------------    -------------------
    AM25                                              0.000     0.000 f  a_sync_nrst (IN)
                         net (fo=0)                   0.000     0.000    a_sync_nrst
    AM25                 IBUF (Prop_ibuf_I_O)         0.127     0.127 f  a_sync_nrst_IBUF_inst/O
                         net (fo=3, routed)           0.508     0.635    matlab_fifo0/inst/gen_fifo.xpm_fifo_axis_inst/s_aresetn
    SLICE_X47Y59         LUT1 (Prop_lut1_I0_O)        0.028     0.663 r  matlab_fifo0/inst/gen_fifo.xpm_fifo_axis_inst/gaxis_rst_sync.xpm_cdc_sync_rst_inst_i_1/O
                         net (fo=1, routed)           0.544     1.208    matlab_fifo0/inst/gen_fifo.xpm_fifo_axis_inst/gaxis_rst_sync.xpm_cdc_sync_rst_inst/src_rst
    SLICE_X46Y59         FDRE                                         r  matlab_fifo0/inst/gen_fifo.xpm_fifo_axis_inst/gaxis_rst_sync.xpm_cdc_sync_rst_inst/syncstages_ff_reg[0]/D
  -------------------------------------------------------------------    -------------------





--------------------------------------------------------------------------------------
Path Group:  (none)
From Clock:  
  To Clock:  

Max Delay          7031 Endpoints
Min Delay          7031 Endpoints
--------------------------------------------------------------------------------------


Max Delay Paths
--------------------------------------------------------------------------------------
Slack:                    inf
  Source:                 matlab_fifo1/inst/gen_fifo.xpm_fifo_axis_inst/xpm_fifo_base_inst/xpm_fifo_rst_inst/gen_rst_cc.fifo_wr_rst_cc_reg[2]/C
                            (rising edge-triggered cell FDSE)
  Destination:            matlab_fifo1/inst/gen_fifo.xpm_fifo_axis_inst/xpm_fifo_base_inst/gen_sdpram.xpm_memory_base_inst/gen_wr_a.gen_word_narrow.mem_reg_0_19/REGCEB
  Path Group:             (none)
  Path Type:              Max at Slow Process Corner
  Data Path Delay:        13.024ns  (logic 0.322ns (2.472%)  route 12.702ns (97.528%))
  Logic Levels:           2  (FDSE=1 LUT4=1)

    Location             Delay type                Incr(ns)  Path(ns)    Netlist Resource(s)
  -------------------------------------------------------------------    -------------------
    SLICE_X47Y59         FDSE                         0.000     0.000 r  matlab_fifo1/inst/gen_fifo.xpm_fifo_axis_inst/xpm_fifo_base_inst/xpm_fifo_rst_inst/gen_rst_cc.fifo_wr_rst_cc_reg[2]/C
    SLICE_X47Y59         FDSE (Prop_fdse_C_Q)         0.269     0.269 f  matlab_fifo1/inst/gen_fifo.xpm_fifo_axis_inst/xpm_fifo_base_inst/xpm_fifo_rst_inst/gen_rst_cc.fifo_wr_rst_cc_reg[2]/Q
                         net (fo=220, routed)        12.291    12.560    matlab_fifo1/inst/gen_fifo.xpm_fifo_axis_inst/xpm_fifo_base_inst/gen_sdpram.xpm_memory_base_inst/rstb
    SLICE_X8Y47          LUT4 (Prop_lut4_I0_O)        0.053    12.613 r  matlab_fifo1/inst/gen_fifo.xpm_fifo_axis_inst/xpm_fifo_base_inst/gen_sdpram.xpm_memory_base_inst/gen_wr_a.gen_word_narrow.mem_reg_0_19_REGCEB_cooolgate_en_gate_216/O
                         net (fo=1, routed)           0.411    13.024    matlab_fifo1/inst/gen_fifo.xpm_fifo_axis_inst/xpm_fifo_base_inst/gen_sdpram.xpm_memory_base_inst/gen_wr_a.gen_word_narrow.mem_reg_0_19_REGCEB_cooolgate_en_sig_76
    RAMB36_X0Y9          RAMB36E1                                     r  matlab_fifo1/inst/gen_fifo.xpm_fifo_axis_inst/xpm_fifo_base_inst/gen_sdpram.xpm_memory_base_inst/gen_wr_a.gen_word_narrow.mem_reg_0_19/REGCEB
  -------------------------------------------------------------------    -------------------

Slack:                    inf
  Source:                 gbe_control/u_unit_serializer_out/m_tvalid_reg/C
                            (rising edge-triggered cell FDCE)
  Destination:            matlab_fifo1/inst/gen_fifo.xpm_fifo_axis_inst/xpm_fifo_base_inst/gen_sdpram.xpm_memory_base_inst/gen_wr_a.gen_word_narrow.mem_reg_0_26/REGCEB
  Path Group:             (none)
  Path Type:              Max at Slow Process Corner
  Data Path Delay:        12.826ns  (logic 0.520ns (4.054%)  route 12.306ns (95.946%))
  Logic Levels:           5  (FDCE=1 LUT1=1 LUT2=1 LUT3=1 LUT4=1)

    Location             Delay type                Incr(ns)  Path(ns)    Netlist Resource(s)
  -------------------------------------------------------------------    -------------------
    SLICE_X46Y64         FDCE                         0.000     0.000 r  gbe_control/u_unit_serializer_out/m_tvalid_reg/C
    SLICE_X46Y64         FDCE (Prop_fdce_C_Q)         0.308     0.308 f  gbe_control/u_unit_serializer_out/m_tvalid_reg/Q
                         net (fo=18, routed)          0.879     1.187    gbe_control/u_unit_serializer_out/u_unit_serializer_out_m_tvalid
    SLICE_X38Y58         LUT1 (Prop_lut1_I0_O)        0.053     1.240 r  gbe_control/u_unit_serializer_out/matlab_fifo1_i_1/O
                         net (fo=1, routed)           0.319     1.559    matlab_fifo1/inst/gen_fifo.xpm_fifo_axis_inst/m_axis_tready
    SLICE_X38Y58         LUT2 (Prop_lut2_I1_O)        0.053     1.612 r  matlab_fifo1/inst/gen_fifo.xpm_fifo_axis_inst/xpm_fifo_base_inst_i_1/O
                         net (fo=8, routed)           0.443     2.055    matlab_fifo1/inst/gen_fifo.xpm_fifo_axis_inst/xpm_fifo_base_inst/rd_en
    SLICE_X39Y58         LUT3 (Prop_lut3_I2_O)        0.053     2.108 r  matlab_fifo1/inst/gen_fifo.xpm_fifo_axis_inst/xpm_fifo_base_inst/gen_sdpram.xpm_memory_base_inst_i_3/O
                         net (fo=84, routed)         10.258    12.366    matlab_fifo1/inst/gen_fifo.xpm_fifo_axis_inst/xpm_fifo_base_inst/gen_sdpram.xpm_memory_base_inst/regceb
    SLICE_X102Y37        LUT4 (Prop_lut4_I3_O)        0.053    12.419 r  matlab_fifo1/inst/gen_fifo.xpm_fifo_axis_inst/xpm_fifo_base_inst/gen_sdpram.xpm_memory_base_inst/gen_wr_a.gen_word_narrow.mem_reg_0_26_REGCEB_cooolgate_en_gate_232/O
                         net (fo=1, routed)           0.407    12.826    matlab_fifo1/inst/gen_fifo.xpm_fifo_axis_inst/xpm_fifo_base_inst/gen_sdpram.xpm_memory_base_inst/gen_wr_a.gen_word_narrow.mem_reg_0_26_REGCEB_cooolgate_en_sig_84
    RAMB36_X6Y7          RAMB36E1                                     r  matlab_fifo1/inst/gen_fifo.xpm_fifo_axis_inst/xpm_fifo_base_inst/gen_sdpram.xpm_memory_base_inst/gen_wr_a.gen_word_narrow.mem_reg_0_26/REGCEB
  -------------------------------------------------------------------    -------------------

Slack:                    inf
  Source:                 matlab_fifo0/inst/gen_fifo.xpm_fifo_axis_inst/xpm_fifo_base_inst/rdp_inst/count_value_i_reg[9]/C
                            (rising edge-triggered cell FDRE)
  Destination:            matlab_fifo0/inst/gen_fifo.xpm_fifo_axis_inst/xpm_fifo_base_inst/gen_sdpram.xpm_memory_base_inst/gen_wr_a.gen_word_narrow.mem_reg_0_78/ADDRBWRADDR[9]
  Path Group:             (none)
  Path Type:              Max at Slow Process Corner
  Data Path Delay:        12.625ns  (logic 0.269ns (2.131%)  route 12.356ns (97.869%))
  Logic Levels:           1  (FDRE=1)

    Location             Delay type                Incr(ns)  Path(ns)    Netlist Resource(s)
  -------------------------------------------------------------------    -------------------
    SLICE_X43Y54         FDRE                         0.000     0.000 r  matlab_fifo0/inst/gen_fifo.xpm_fifo_axis_inst/xpm_fifo_base_inst/rdp_inst/count_value_i_reg[9]/C
    SLICE_X43Y54         FDRE (Prop_fdre_C_Q)         0.269     0.269 r  matlab_fifo0/inst/gen_fifo.xpm_fifo_axis_inst/xpm_fifo_base_inst/rdp_inst/count_value_i_reg[9]/Q
                         net (fo=87, routed)         12.356    12.625    matlab_fifo0/inst/gen_fifo.xpm_fifo_axis_inst/xpm_fifo_base_inst/gen_sdpram.xpm_memory_base_inst/addrb[9]
    RAMB36_X7Y3          RAMB36E1                                     r  matlab_fifo0/inst/gen_fifo.xpm_fifo_axis_inst/xpm_fifo_base_inst/gen_sdpram.xpm_memory_base_inst/gen_wr_a.gen_word_narrow.mem_reg_0_78/ADDRBWRADDR[9]
  -------------------------------------------------------------------    -------------------

Slack:                    inf
  Source:                 gbe_control/u_unit_serializer_out/m_tvalid_reg/C
                            (rising edge-triggered cell FDCE)
  Destination:            matlab_fifo1/inst/gen_fifo.xpm_fifo_axis_inst/xpm_fifo_base_inst/gen_sdpram.xpm_memory_base_inst/gen_wr_a.gen_word_narrow.mem_reg_0_25/REGCEB
  Path Group:             (none)
  Path Type:              Max at Slow Process Corner
  Data Path Delay:        12.448ns  (logic 0.520ns (4.177%)  route 11.928ns (95.823%))
  Logic Levels:           5  (FDCE=1 LUT1=1 LUT2=1 LUT3=1 LUT4=1)

    Location             Delay type                Incr(ns)  Path(ns)    Netlist Resource(s)
  -------------------------------------------------------------------    -------------------
    SLICE_X46Y64         FDCE                         0.000     0.000 r  gbe_control/u_unit_serializer_out/m_tvalid_reg/C
    SLICE_X46Y64         FDCE (Prop_fdce_C_Q)         0.308     0.308 f  gbe_control/u_unit_serializer_out/m_tvalid_reg/Q
                         net (fo=18, routed)          0.879     1.187    gbe_control/u_unit_serializer_out/u_unit_serializer_out_m_tvalid
    SLICE_X38Y58         LUT1 (Prop_lut1_I0_O)        0.053     1.240 r  gbe_control/u_unit_serializer_out/matlab_fifo1_i_1/O
                         net (fo=1, routed)           0.319     1.559    matlab_fifo1/inst/gen_fifo.xpm_fifo_axis_inst/m_axis_tready
    SLICE_X38Y58         LUT2 (Prop_lut2_I1_O)        0.053     1.612 r  matlab_fifo1/inst/gen_fifo.xpm_fifo_axis_inst/xpm_fifo_base_inst_i_1/O
                         net (fo=8, routed)           0.443     2.055    matlab_fifo1/inst/gen_fifo.xpm_fifo_axis_inst/xpm_fifo_base_inst/rd_en
    SLICE_X39Y58         LUT3 (Prop_lut3_I2_O)        0.053     2.108 r  matlab_fifo1/inst/gen_fifo.xpm_fifo_axis_inst/xpm_fifo_base_inst/gen_sdpram.xpm_memory_base_inst_i_3/O
                         net (fo=84, routed)          9.880    11.988    matlab_fifo1/inst/gen_fifo.xpm_fifo_axis_inst/xpm_fifo_base_inst/gen_sdpram.xpm_memory_base_inst/regceb
    SLICE_X102Y47        LUT4 (Prop_lut4_I3_O)        0.053    12.041 r  matlab_fifo1/inst/gen_fifo.xpm_fifo_axis_inst/xpm_fifo_base_inst/gen_sdpram.xpm_memory_base_inst/gen_wr_a.gen_word_narrow.mem_reg_0_25_REGCEB_cooolgate_en_gate_230/O
                         net (fo=1, routed)           0.407    12.448    matlab_fifo1/inst/gen_fifo.xpm_fifo_axis_inst/xpm_fifo_base_inst/gen_sdpram.xpm_memory_base_inst/gen_wr_a.gen_word_narrow.mem_reg_0_25_REGCEB_cooolgate_en_sig_83
    RAMB36_X6Y9          RAMB36E1                                     r  matlab_fifo1/inst/gen_fifo.xpm_fifo_axis_inst/xpm_fifo_base_inst/gen_sdpram.xpm_memory_base_inst/gen_wr_a.gen_word_narrow.mem_reg_0_25/REGCEB
  -------------------------------------------------------------------    -------------------

Slack:                    inf
  Source:                 gbe_control/u_unit_serializer_out/m_tvalid_reg/C
                            (rising edge-triggered cell FDCE)
  Destination:            matlab_fifo1/inst/gen_fifo.xpm_fifo_axis_inst/xpm_fifo_base_inst/gen_sdpram.xpm_memory_base_inst/gen_wr_a.gen_word_narrow.mem_reg_0_21/REGCEB
  Path Group:             (none)
  Path Type:              Max at Slow Process Corner
  Data Path Delay:        12.205ns  (logic 0.520ns (4.261%)  route 11.685ns (95.739%))
  Logic Levels:           5  (FDCE=1 LUT1=1 LUT2=1 LUT3=1 LUT4=1)

    Location             Delay type                Incr(ns)  Path(ns)    Netlist Resource(s)
  -------------------------------------------------------------------    -------------------
    SLICE_X46Y64         FDCE                         0.000     0.000 r  gbe_control/u_unit_serializer_out/m_tvalid_reg/C
    SLICE_X46Y64         FDCE (Prop_fdce_C_Q)         0.308     0.308 f  gbe_control/u_unit_serializer_out/m_tvalid_reg/Q
                         net (fo=18, routed)          0.879     1.187    gbe_control/u_unit_serializer_out/u_unit_serializer_out_m_tvalid
    SLICE_X38Y58         LUT1 (Prop_lut1_I0_O)        0.053     1.240 r  gbe_control/u_unit_serializer_out/matlab_fifo1_i_1/O
                         net (fo=1, routed)           0.319     1.559    matlab_fifo1/inst/gen_fifo.xpm_fifo_axis_inst/m_axis_tready
    SLICE_X38Y58         LUT2 (Prop_lut2_I1_O)        0.053     1.612 r  matlab_fifo1/inst/gen_fifo.xpm_fifo_axis_inst/xpm_fifo_base_inst_i_1/O
                         net (fo=8, routed)           0.443     2.055    matlab_fifo1/inst/gen_fifo.xpm_fifo_axis_inst/xpm_fifo_base_inst/rd_en
    SLICE_X39Y58         LUT3 (Prop_lut3_I2_O)        0.053     2.108 r  matlab_fifo1/inst/gen_fifo.xpm_fifo_axis_inst/xpm_fifo_base_inst/gen_sdpram.xpm_memory_base_inst_i_3/O
                         net (fo=84, routed)          9.637    11.745    matlab_fifo1/inst/gen_fifo.xpm_fifo_axis_inst/xpm_fifo_base_inst/gen_sdpram.xpm_memory_base_inst/regceb
    SLICE_X102Y52        LUT4 (Prop_lut4_I3_O)        0.053    11.798 r  matlab_fifo1/inst/gen_fifo.xpm_fifo_axis_inst/xpm_fifo_base_inst/gen_sdpram.xpm_memory_base_inst/gen_wr_a.gen_word_narrow.mem_reg_0_21_REGCEB_cooolgate_en_gate_222/O
                         net (fo=1, routed)           0.407    12.205    matlab_fifo1/inst/gen_fifo.xpm_fifo_axis_inst/xpm_fifo_base_inst/gen_sdpram.xpm_memory_base_inst/gen_wr_a.gen_word_narrow.mem_reg_0_21_REGCEB_cooolgate_en_sig_79
    RAMB36_X6Y10         RAMB36E1                                     r  matlab_fifo1/inst/gen_fifo.xpm_fifo_axis_inst/xpm_fifo_base_inst/gen_sdpram.xpm_memory_base_inst/gen_wr_a.gen_word_narrow.mem_reg_0_21/REGCEB
  -------------------------------------------------------------------    -------------------

Slack:                    inf
  Source:                 matlab_fifo1/inst/gen_fifo.xpm_fifo_axis_inst/xpm_fifo_base_inst/xpm_fifo_rst_inst/gen_rst_cc.fifo_wr_rst_cc_reg[2]/C
                            (rising edge-triggered cell FDSE)
  Destination:            matlab_fifo1/inst/gen_fifo.xpm_fifo_axis_inst/xpm_fifo_base_inst/gen_sdpram.xpm_memory_base_inst/gen_wr_a.gen_word_narrow.mem_reg_0_2/REGCEB
  Path Group:             (none)
  Path Type:              Max at Slow Process Corner
  Data Path Delay:        12.204ns  (logic 0.322ns (2.639%)  route 11.882ns (97.361%))
  Logic Levels:           2  (FDSE=1 LUT4=1)

    Location             Delay type                Incr(ns)  Path(ns)    Netlist Resource(s)
  -------------------------------------------------------------------    -------------------
    SLICE_X47Y59         FDSE                         0.000     0.000 r  matlab_fifo1/inst/gen_fifo.xpm_fifo_axis_inst/xpm_fifo_base_inst/xpm_fifo_rst_inst/gen_rst_cc.fifo_wr_rst_cc_reg[2]/C
    SLICE_X47Y59         FDSE (Prop_fdse_C_Q)         0.269     0.269 f  matlab_fifo1/inst/gen_fifo.xpm_fifo_axis_inst/xpm_fifo_base_inst/xpm_fifo_rst_inst/gen_rst_cc.fifo_wr_rst_cc_reg[2]/Q
                         net (fo=220, routed)        11.476    11.745    matlab_fifo1/inst/gen_fifo.xpm_fifo_axis_inst/xpm_fifo_base_inst/gen_sdpram.xpm_memory_base_inst/rstb
    SLICE_X8Y37          LUT4 (Prop_lut4_I0_O)        0.053    11.798 r  matlab_fifo1/inst/gen_fifo.xpm_fifo_axis_inst/xpm_fifo_base_inst/gen_sdpram.xpm_memory_base_inst/gen_wr_a.gen_word_narrow.mem_reg_0_2_REGCEB_cooolgate_en_gate_218/O
                         net (fo=1, routed)           0.405    12.204    matlab_fifo1/inst/gen_fifo.xpm_fifo_axis_inst/xpm_fifo_base_inst/gen_sdpram.xpm_memory_base_inst/gen_wr_a.gen_word_narrow.mem_reg_0_2_REGCEB_cooolgate_en_sig_77
    RAMB36_X0Y7          RAMB36E1                                     r  matlab_fifo1/inst/gen_fifo.xpm_fifo_axis_inst/xpm_fifo_base_inst/gen_sdpram.xpm_memory_base_inst/gen_wr_a.gen_word_narrow.mem_reg_0_2/REGCEB
  -------------------------------------------------------------------    -------------------

Slack:                    inf
  Source:                 gbe_control/u_unit_serializer_out/m_tvalid_reg/C
                            (rising edge-triggered cell FDCE)
  Destination:            matlab_fifo1/inst/gen_fifo.xpm_fifo_axis_inst/xpm_fifo_base_inst/gen_sdpram.xpm_memory_base_inst/gen_wr_a.gen_word_narrow.mem_reg_0_34/REGCEB
  Path Group:             (none)
  Path Type:              Max at Slow Process Corner
  Data Path Delay:        12.051ns  (logic 0.520ns (4.315%)  route 11.531ns (95.685%))
  Logic Levels:           5  (FDCE=1 LUT1=1 LUT2=1 LUT3=1 LUT4=1)

    Location             Delay type                Incr(ns)  Path(ns)    Netlist Resource(s)
  -------------------------------------------------------------------    -------------------
    SLICE_X46Y64         FDCE                         0.000     0.000 r  gbe_control/u_unit_serializer_out/m_tvalid_reg/C
    SLICE_X46Y64         FDCE (Prop_fdce_C_Q)         0.308     0.308 f  gbe_control/u_unit_serializer_out/m_tvalid_reg/Q
                         net (fo=18, routed)          0.879     1.187    gbe_control/u_unit_serializer_out/u_unit_serializer_out_m_tvalid
    SLICE_X38Y58         LUT1 (Prop_lut1_I0_O)        0.053     1.240 r  gbe_control/u_unit_serializer_out/matlab_fifo1_i_1/O
                         net (fo=1, routed)           0.319     1.559    matlab_fifo1/inst/gen_fifo.xpm_fifo_axis_inst/m_axis_tready
    SLICE_X38Y58         LUT2 (Prop_lut2_I1_O)        0.053     1.612 r  matlab_fifo1/inst/gen_fifo.xpm_fifo_axis_inst/xpm_fifo_base_inst_i_1/O
                         net (fo=8, routed)           0.443     2.055    matlab_fifo1/inst/gen_fifo.xpm_fifo_axis_inst/xpm_fifo_base_inst/rd_en
    SLICE_X39Y58         LUT3 (Prop_lut3_I2_O)        0.053     2.108 r  matlab_fifo1/inst/gen_fifo.xpm_fifo_axis_inst/xpm_fifo_base_inst/gen_sdpram.xpm_memory_base_inst_i_3/O
                         net (fo=84, routed)          9.484    11.592    matlab_fifo1/inst/gen_fifo.xpm_fifo_axis_inst/xpm_fifo_base_inst/gen_sdpram.xpm_memory_base_inst/regceb
    SLICE_X102Y57        LUT4 (Prop_lut4_I3_O)        0.053    11.645 r  matlab_fifo1/inst/gen_fifo.xpm_fifo_axis_inst/xpm_fifo_base_inst/gen_sdpram.xpm_memory_base_inst/gen_wr_a.gen_word_narrow.mem_reg_0_34_REGCEB_cooolgate_en_gate_250/O
                         net (fo=1, routed)           0.407    12.051    matlab_fifo1/inst/gen_fifo.xpm_fifo_axis_inst/xpm_fifo_base_inst/gen_sdpram.xpm_memory_base_inst/gen_wr_a.gen_word_narrow.mem_reg_0_34_REGCEB_cooolgate_en_sig_93
    RAMB36_X6Y11         RAMB36E1                                     r  matlab_fifo1/inst/gen_fifo.xpm_fifo_axis_inst/xpm_fifo_base_inst/gen_sdpram.xpm_memory_base_inst/gen_wr_a.gen_word_narrow.mem_reg_0_34/REGCEB
  -------------------------------------------------------------------    -------------------

Slack:                    inf
  Source:                 matlab_fifo1/inst/gen_fifo.xpm_fifo_axis_inst/xpm_fifo_base_inst/xpm_fifo_rst_inst/gen_rst_cc.fifo_wr_rst_cc_reg[2]/C
                            (rising edge-triggered cell FDSE)
  Destination:            matlab_fifo1/inst/gen_fifo.xpm_fifo_axis_inst/xpm_fifo_base_inst/gen_sdpram.xpm_memory_base_inst/gen_wr_a.gen_word_narrow.mem_reg_0_19/RSTREGB
  Path Group:             (none)
  Path Type:              Max at Slow Process Corner
  Data Path Delay:        12.045ns  (logic 0.269ns (2.233%)  route 11.776ns (97.767%))
  Logic Levels:           1  (FDSE=1)

    Location             Delay type                Incr(ns)  Path(ns)    Netlist Resource(s)
  -------------------------------------------------------------------    -------------------
    SLICE_X47Y59         FDSE                         0.000     0.000 r  matlab_fifo1/inst/gen_fifo.xpm_fifo_axis_inst/xpm_fifo_base_inst/xpm_fifo_rst_inst/gen_rst_cc.fifo_wr_rst_cc_reg[2]/C
    SLICE_X47Y59         FDSE (Prop_fdse_C_Q)         0.269     0.269 r  matlab_fifo1/inst/gen_fifo.xpm_fifo_axis_inst/xpm_fifo_base_inst/xpm_fifo_rst_inst/gen_rst_cc.fifo_wr_rst_cc_reg[2]/Q
                         net (fo=220, routed)        11.776    12.045    matlab_fifo1/inst/gen_fifo.xpm_fifo_axis_inst/xpm_fifo_base_inst/gen_sdpram.xpm_memory_base_inst/rstb
    RAMB36_X0Y9          RAMB36E1                                     r  matlab_fifo1/inst/gen_fifo.xpm_fifo_axis_inst/xpm_fifo_base_inst/gen_sdpram.xpm_memory_base_inst/gen_wr_a.gen_word_narrow.mem_reg_0_19/RSTREGB
  -------------------------------------------------------------------    -------------------

Slack:                    inf
  Source:                 matlab_fifo0/inst/gen_fifo.xpm_fifo_axis_inst/xpm_fifo_base_inst/wrp_inst/count_value_i_reg[6]/C
                            (rising edge-triggered cell FDRE)
  Destination:            matlab_fifo0/inst/gen_fifo.xpm_fifo_axis_inst/xpm_fifo_base_inst/gen_sdpram.xpm_memory_base_inst/gen_wr_a.gen_word_narrow.mem_reg_0_78/ADDRARDADDR[6]
  Path Group:             (none)
  Path Type:              Max at Slow Process Corner
  Data Path Delay:        11.948ns  (logic 0.269ns (2.251%)  route 11.679ns (97.749%))
  Logic Levels:           1  (FDRE=1)

    Location             Delay type                Incr(ns)  Path(ns)    Netlist Resource(s)
  -------------------------------------------------------------------    -------------------
    SLICE_X41Y52         FDRE                         0.000     0.000 r  matlab_fifo0/inst/gen_fifo.xpm_fifo_axis_inst/xpm_fifo_base_inst/wrp_inst/count_value_i_reg[6]/C
    SLICE_X41Y52         FDRE (Prop_fdre_C_Q)         0.269     0.269 r  matlab_fifo0/inst/gen_fifo.xpm_fifo_axis_inst/xpm_fifo_base_inst/wrp_inst/count_value_i_reg[6]/Q
                         net (fo=87, routed)         11.679    11.948    matlab_fifo0/inst/gen_fifo.xpm_fifo_axis_inst/xpm_fifo_base_inst/gen_sdpram.xpm_memory_base_inst/addra[6]
    RAMB36_X7Y3          RAMB36E1                                     r  matlab_fifo0/inst/gen_fifo.xpm_fifo_axis_inst/xpm_fifo_base_inst/gen_sdpram.xpm_memory_base_inst/gen_wr_a.gen_word_narrow.mem_reg_0_78/ADDRARDADDR[6]
  -------------------------------------------------------------------    -------------------

Slack:                    inf
  Source:                 matlab_fifo1/inst/gen_fifo.xpm_fifo_axis_inst/xpm_fifo_base_inst/xpm_fifo_rst_inst/gen_rst_cc.fifo_wr_rst_cc_reg[2]/C
                            (rising edge-triggered cell FDSE)
  Destination:            matlab_fifo1/inst/gen_fifo.xpm_fifo_axis_inst/xpm_fifo_base_inst/gen_sdpram.xpm_memory_base_inst/gen_wr_a.gen_word_narrow.mem_reg_0_2/RSTREGB
  Path Group:             (none)
  Path Type:              Max at Slow Process Corner
  Data Path Delay:        11.886ns  (logic 0.269ns (2.263%)  route 11.617ns (97.737%))
  Logic Levels:           1  (FDSE=1)

    Location             Delay type                Incr(ns)  Path(ns)    Netlist Resource(s)
  -------------------------------------------------------------------    -------------------
    SLICE_X47Y59         FDSE                         0.000     0.000 r  matlab_fifo1/inst/gen_fifo.xpm_fifo_axis_inst/xpm_fifo_base_inst/xpm_fifo_rst_inst/gen_rst_cc.fifo_wr_rst_cc_reg[2]/C
    SLICE_X47Y59         FDSE (Prop_fdse_C_Q)         0.269     0.269 r  matlab_fifo1/inst/gen_fifo.xpm_fifo_axis_inst/xpm_fifo_base_inst/xpm_fifo_rst_inst/gen_rst_cc.fifo_wr_rst_cc_reg[2]/Q
                         net (fo=220, routed)        11.617    11.886    matlab_fifo1/inst/gen_fifo.xpm_fifo_axis_inst/xpm_fifo_base_inst/gen_sdpram.xpm_memory_base_inst/rstb
    RAMB36_X0Y7          RAMB36E1                                     r  matlab_fifo1/inst/gen_fifo.xpm_fifo_axis_inst/xpm_fifo_base_inst/gen_sdpram.xpm_memory_base_inst/gen_wr_a.gen_word_narrow.mem_reg_0_2/RSTREGB
  -------------------------------------------------------------------    -------------------





Min Delay Paths
--------------------------------------------------------------------------------------
Slack:                    inf
  Source:                 matlab_fifo1/inst/gen_fifo.xpm_fifo_axis_inst/gaxis_rst_sync.xpm_cdc_sync_rst_inst/syncstages_ff_reg[2]/C
                            (rising edge-triggered cell FDRE)
  Destination:            matlab_fifo1/inst/gen_fifo.xpm_fifo_axis_inst/gaxis_rst_sync.xpm_cdc_sync_rst_inst/syncstages_ff_reg[3]/D
  Path Group:             (none)
  Path Type:              Min at Fast Process Corner
  Data Path Delay:        0.161ns  (logic 0.107ns (66.600%)  route 0.054ns (33.400%))
  Logic Levels:           1  (FDRE=1)

    Location             Delay type                Incr(ns)  Path(ns)    Netlist Resource(s)
  -------------------------------------------------------------------    -------------------
    SLICE_X46Y59         FDRE                         0.000     0.000 r  matlab_fifo1/inst/gen_fifo.xpm_fifo_axis_inst/gaxis_rst_sync.xpm_cdc_sync_rst_inst/syncstages_ff_reg[2]/C
    SLICE_X46Y59         FDRE (Prop_fdre_C_Q)         0.107     0.107 r  matlab_fifo1/inst/gen_fifo.xpm_fifo_axis_inst/gaxis_rst_sync.xpm_cdc_sync_rst_inst/syncstages_ff_reg[2]/Q
                         net (fo=1, routed)           0.054     0.161    matlab_fifo1/inst/gen_fifo.xpm_fifo_axis_inst/gaxis_rst_sync.xpm_cdc_sync_rst_inst/syncstages_ff[2]
    SLICE_X46Y59         FDRE                                         r  matlab_fifo1/inst/gen_fifo.xpm_fifo_axis_inst/gaxis_rst_sync.xpm_cdc_sync_rst_inst/syncstages_ff_reg[3]/D
  -------------------------------------------------------------------    -------------------

Slack:                    inf
  Source:                 matlab_fifo0/inst/gen_fifo.xpm_fifo_axis_inst/gaxis_rst_sync.xpm_cdc_sync_rst_inst/syncstages_ff_reg[0]/C
                            (rising edge-triggered cell FDRE)
  Destination:            matlab_fifo0/inst/gen_fifo.xpm_fifo_axis_inst/gaxis_rst_sync.xpm_cdc_sync_rst_inst/syncstages_ff_reg[1]/D
  Path Group:             (none)
  Path Type:              Min at Fast Process Corner
  Data Path Delay:        0.173ns  (logic 0.118ns (68.129%)  route 0.055ns (31.871%))
  Logic Levels:           1  (FDRE=1)

    Location             Delay type                Incr(ns)  Path(ns)    Netlist Resource(s)
  -------------------------------------------------------------------    -------------------
    SLICE_X46Y59         FDRE                         0.000     0.000 r  matlab_fifo0/inst/gen_fifo.xpm_fifo_axis_inst/gaxis_rst_sync.xpm_cdc_sync_rst_inst/syncstages_ff_reg[0]/C
    SLICE_X46Y59         FDRE (Prop_fdre_C_Q)         0.118     0.118 r  matlab_fifo0/inst/gen_fifo.xpm_fifo_axis_inst/gaxis_rst_sync.xpm_cdc_sync_rst_inst/syncstages_ff_reg[0]/Q
                         net (fo=1, routed)           0.055     0.173    matlab_fifo0/inst/gen_fifo.xpm_fifo_axis_inst/gaxis_rst_sync.xpm_cdc_sync_rst_inst/syncstages_ff[0]
    SLICE_X46Y59         FDRE                                         r  matlab_fifo0/inst/gen_fifo.xpm_fifo_axis_inst/gaxis_rst_sync.xpm_cdc_sync_rst_inst/syncstages_ff_reg[1]/D
  -------------------------------------------------------------------    -------------------

Slack:                    inf
  Source:                 matlab_fifo1/inst/gen_fifo.xpm_fifo_axis_inst/gaxis_rst_sync.xpm_cdc_sync_rst_inst/syncstages_ff_reg[0]/C
                            (rising edge-triggered cell FDRE)
  Destination:            matlab_fifo1/inst/gen_fifo.xpm_fifo_axis_inst/gaxis_rst_sync.xpm_cdc_sync_rst_inst/syncstages_ff_reg[1]/D
  Path Group:             (none)
  Path Type:              Min at Fast Process Corner
  Data Path Delay:        0.173ns  (logic 0.118ns (68.129%)  route 0.055ns (31.871%))
  Logic Levels:           1  (FDRE=1)

    Location             Delay type                Incr(ns)  Path(ns)    Netlist Resource(s)
  -------------------------------------------------------------------    -------------------
    SLICE_X46Y59         FDRE                         0.000     0.000 r  matlab_fifo1/inst/gen_fifo.xpm_fifo_axis_inst/gaxis_rst_sync.xpm_cdc_sync_rst_inst/syncstages_ff_reg[0]/C
    SLICE_X46Y59         FDRE (Prop_fdre_C_Q)         0.118     0.118 r  matlab_fifo1/inst/gen_fifo.xpm_fifo_axis_inst/gaxis_rst_sync.xpm_cdc_sync_rst_inst/syncstages_ff_reg[0]/Q
                         net (fo=1, routed)           0.055     0.173    matlab_fifo1/inst/gen_fifo.xpm_fifo_axis_inst/gaxis_rst_sync.xpm_cdc_sync_rst_inst/syncstages_ff[0]
    SLICE_X46Y59         FDRE                                         r  matlab_fifo1/inst/gen_fifo.xpm_fifo_axis_inst/gaxis_rst_sync.xpm_cdc_sync_rst_inst/syncstages_ff_reg[1]/D
  -------------------------------------------------------------------    -------------------

Slack:                    inf
  Source:                 matlab_fifo1/inst/gen_fifo.xpm_fifo_axis_inst/gaxis_rst_sync.xpm_cdc_sync_rst_inst/syncstages_ff_reg[1]/C
                            (rising edge-triggered cell FDRE)
  Destination:            matlab_fifo1/inst/gen_fifo.xpm_fifo_axis_inst/gaxis_rst_sync.xpm_cdc_sync_rst_inst/syncstages_ff_reg[2]/D
  Path Group:             (none)
  Path Type:              Min at Fast Process Corner
  Data Path Delay:        0.206ns  (logic 0.107ns (51.822%)  route 0.099ns (48.178%))
  Logic Levels:           1  (FDRE=1)

    Location             Delay type                Incr(ns)  Path(ns)    Netlist Resource(s)
  -------------------------------------------------------------------    -------------------
    SLICE_X46Y59         FDRE                         0.000     0.000 r  matlab_fifo1/inst/gen_fifo.xpm_fifo_axis_inst/gaxis_rst_sync.xpm_cdc_sync_rst_inst/syncstages_ff_reg[1]/C
    SLICE_X46Y59         FDRE (Prop_fdre_C_Q)         0.107     0.107 r  matlab_fifo1/inst/gen_fifo.xpm_fifo_axis_inst/gaxis_rst_sync.xpm_cdc_sync_rst_inst/syncstages_ff_reg[1]/Q
                         net (fo=1, routed)           0.099     0.206    matlab_fifo1/inst/gen_fifo.xpm_fifo_axis_inst/gaxis_rst_sync.xpm_cdc_sync_rst_inst/syncstages_ff[1]
    SLICE_X46Y59         FDRE                                         r  matlab_fifo1/inst/gen_fifo.xpm_fifo_axis_inst/gaxis_rst_sync.xpm_cdc_sync_rst_inst/syncstages_ff_reg[2]/D
  -------------------------------------------------------------------    -------------------

Slack:                    inf
  Source:                 gbe_control/u_unit_deserializer_out/shift_reg_reg[52]/C
                            (rising edge-triggered cell FDCE)
  Destination:            gbe_control/u_unit_deserializer_out/m_tdata_reg[60]/D
  Path Group:             (none)
  Path Type:              Min at Fast Process Corner
  Data Path Delay:        0.213ns  (logic 0.128ns (59.957%)  route 0.085ns (40.043%))
  Logic Levels:           2  (FDCE=1 LUT5=1)

    Location             Delay type                Incr(ns)  Path(ns)    Netlist Resource(s)
  -------------------------------------------------------------------    -------------------
    SLICE_X45Y86         FDCE                         0.000     0.000 r  gbe_control/u_unit_deserializer_out/shift_reg_reg[52]/C
    SLICE_X45Y86         FDCE (Prop_fdce_C_Q)         0.100     0.100 r  gbe_control/u_unit_deserializer_out/shift_reg_reg[52]/Q
                         net (fo=1, routed)           0.085     0.185    gbe_control/u_unit_deserializer_out/next_shift_reg[60]
    SLICE_X44Y86         LUT5 (Prop_lut5_I4_O)        0.028     0.213 r  gbe_control/u_unit_deserializer_out/m_tdata[60]_i_1/O
                         net (fo=1, routed)           0.000     0.213    gbe_control/u_unit_deserializer_out/p_1_in[60]
    SLICE_X44Y86         FDCE                                         r  gbe_control/u_unit_deserializer_out/m_tdata_reg[60]/D
  -------------------------------------------------------------------    -------------------

Slack:                    inf
  Source:                 matlab_fifo0/inst/gen_fifo.xpm_fifo_axis_inst/gaxis_rst_sync.xpm_cdc_sync_rst_inst/syncstages_ff_reg[1]/C
                            (rising edge-triggered cell FDRE)
  Destination:            matlab_fifo0/inst/gen_fifo.xpm_fifo_axis_inst/gaxis_rst_sync.xpm_cdc_sync_rst_inst/syncstages_ff_reg[2]/D
  Path Group:             (none)
  Path Type:              Min at Fast Process Corner
  Data Path Delay:        0.215ns  (logic 0.107ns (49.839%)  route 0.108ns (50.161%))
  Logic Levels:           1  (FDRE=1)

    Location             Delay type                Incr(ns)  Path(ns)    Netlist Resource(s)
  -------------------------------------------------------------------    -------------------
    SLICE_X46Y59         FDRE                         0.000     0.000 r  matlab_fifo0/inst/gen_fifo.xpm_fifo_axis_inst/gaxis_rst_sync.xpm_cdc_sync_rst_inst/syncstages_ff_reg[1]/C
    SLICE_X46Y59         FDRE (Prop_fdre_C_Q)         0.107     0.107 r  matlab_fifo0/inst/gen_fifo.xpm_fifo_axis_inst/gaxis_rst_sync.xpm_cdc_sync_rst_inst/syncstages_ff_reg[1]/Q
                         net (fo=1, routed)           0.108     0.215    matlab_fifo0/inst/gen_fifo.xpm_fifo_axis_inst/gaxis_rst_sync.xpm_cdc_sync_rst_inst/syncstages_ff[1]
    SLICE_X46Y59         FDRE                                         r  matlab_fifo0/inst/gen_fifo.xpm_fifo_axis_inst/gaxis_rst_sync.xpm_cdc_sync_rst_inst/syncstages_ff_reg[2]/D
  -------------------------------------------------------------------    -------------------

Slack:                    inf
  Source:                 matlab_fifo0/inst/gen_fifo.xpm_fifo_axis_inst/xpm_fifo_base_inst/xpm_fifo_rst_inst/gen_rst_cc.fifo_wr_rst_cc_reg[2]/C
                            (rising edge-triggered cell FDSE)
  Destination:            matlab_fifo0/inst/gen_fifo.xpm_fifo_axis_inst/xpm_fifo_base_inst/rdpp1_inst/count_value_i_reg[0]/S
  Path Group:             (none)
  Path Type:              Min at Fast Process Corner
  Data Path Delay:        0.219ns  (logic 0.100ns (45.733%)  route 0.119ns (54.267%))
  Logic Levels:           1  (FDSE=1)

    Location             Delay type                Incr(ns)  Path(ns)    Netlist Resource(s)
  -------------------------------------------------------------------    -------------------
    SLICE_X44Y51         FDSE                         0.000     0.000 r  matlab_fifo0/inst/gen_fifo.xpm_fifo_axis_inst/xpm_fifo_base_inst/xpm_fifo_rst_inst/gen_rst_cc.fifo_wr_rst_cc_reg[2]/C
    SLICE_X44Y51         FDSE (Prop_fdse_C_Q)         0.100     0.100 r  matlab_fifo0/inst/gen_fifo.xpm_fifo_axis_inst/xpm_fifo_base_inst/xpm_fifo_rst_inst/gen_rst_cc.fifo_wr_rst_cc_reg[2]/Q
                         net (fo=156, routed)         0.119     0.219    matlab_fifo0/inst/gen_fifo.xpm_fifo_axis_inst/xpm_fifo_base_inst/rdpp1_inst/count_value_i_reg[0]_0[0]
    SLICE_X45Y52         FDSE                                         r  matlab_fifo0/inst/gen_fifo.xpm_fifo_axis_inst/xpm_fifo_base_inst/rdpp1_inst/count_value_i_reg[0]/S
  -------------------------------------------------------------------    -------------------

Slack:                    inf
  Source:                 matlab_fifo0/inst/gen_fifo.xpm_fifo_axis_inst/xpm_fifo_base_inst/xpm_fifo_rst_inst/gen_rst_cc.fifo_wr_rst_cc_reg[2]/C
                            (rising edge-triggered cell FDSE)
  Destination:            matlab_fifo0/inst/gen_fifo.xpm_fifo_axis_inst/xpm_fifo_base_inst/rdpp1_inst/count_value_i_reg[1]/R
  Path Group:             (none)
  Path Type:              Min at Fast Process Corner
  Data Path Delay:        0.219ns  (logic 0.100ns (45.733%)  route 0.119ns (54.267%))
  Logic Levels:           1  (FDSE=1)

    Location             Delay type                Incr(ns)  Path(ns)    Netlist Resource(s)
  -------------------------------------------------------------------    -------------------
    SLICE_X44Y51         FDSE                         0.000     0.000 r  matlab_fifo0/inst/gen_fifo.xpm_fifo_axis_inst/xpm_fifo_base_inst/xpm_fifo_rst_inst/gen_rst_cc.fifo_wr_rst_cc_reg[2]/C
    SLICE_X44Y51         FDSE (Prop_fdse_C_Q)         0.100     0.100 r  matlab_fifo0/inst/gen_fifo.xpm_fifo_axis_inst/xpm_fifo_base_inst/xpm_fifo_rst_inst/gen_rst_cc.fifo_wr_rst_cc_reg[2]/Q
                         net (fo=156, routed)         0.119     0.219    matlab_fifo0/inst/gen_fifo.xpm_fifo_axis_inst/xpm_fifo_base_inst/rdpp1_inst/count_value_i_reg[0]_0[0]
    SLICE_X45Y52         FDRE                                         r  matlab_fifo0/inst/gen_fifo.xpm_fifo_axis_inst/xpm_fifo_base_inst/rdpp1_inst/count_value_i_reg[1]/R
  -------------------------------------------------------------------    -------------------

Slack:                    inf
  Source:                 matlab_fifo0/inst/gen_fifo.xpm_fifo_axis_inst/xpm_fifo_base_inst/xpm_fifo_rst_inst/gen_rst_cc.fifo_wr_rst_cc_reg[2]/C
                            (rising edge-triggered cell FDSE)
  Destination:            matlab_fifo0/inst/gen_fifo.xpm_fifo_axis_inst/xpm_fifo_base_inst/rdpp1_inst/count_value_i_reg[2]/R
  Path Group:             (none)
  Path Type:              Min at Fast Process Corner
  Data Path Delay:        0.219ns  (logic 0.100ns (45.733%)  route 0.119ns (54.267%))
  Logic Levels:           1  (FDSE=1)

    Location             Delay type                Incr(ns)  Path(ns)    Netlist Resource(s)
  -------------------------------------------------------------------    -------------------
    SLICE_X44Y51         FDSE                         0.000     0.000 r  matlab_fifo0/inst/gen_fifo.xpm_fifo_axis_inst/xpm_fifo_base_inst/xpm_fifo_rst_inst/gen_rst_cc.fifo_wr_rst_cc_reg[2]/C
    SLICE_X44Y51         FDSE (Prop_fdse_C_Q)         0.100     0.100 r  matlab_fifo0/inst/gen_fifo.xpm_fifo_axis_inst/xpm_fifo_base_inst/xpm_fifo_rst_inst/gen_rst_cc.fifo_wr_rst_cc_reg[2]/Q
                         net (fo=156, routed)         0.119     0.219    matlab_fifo0/inst/gen_fifo.xpm_fifo_axis_inst/xpm_fifo_base_inst/rdpp1_inst/count_value_i_reg[0]_0[0]
    SLICE_X45Y52         FDRE                                         r  matlab_fifo0/inst/gen_fifo.xpm_fifo_axis_inst/xpm_fifo_base_inst/rdpp1_inst/count_value_i_reg[2]/R
  -------------------------------------------------------------------    -------------------

Slack:                    inf
  Source:                 matlab_fifo0/inst/gen_fifo.xpm_fifo_axis_inst/xpm_fifo_base_inst/xpm_fifo_rst_inst/gen_rst_cc.fifo_wr_rst_cc_reg[2]/C
                            (rising edge-triggered cell FDSE)
  Destination:            matlab_fifo0/inst/gen_fifo.xpm_fifo_axis_inst/xpm_fifo_base_inst/rdpp1_inst/count_value_i_reg[3]/R
  Path Group:             (none)
  Path Type:              Min at Fast Process Corner
  Data Path Delay:        0.219ns  (logic 0.100ns (45.733%)  route 0.119ns (54.267%))
  Logic Levels:           1  (FDSE=1)

    Location             Delay type                Incr(ns)  Path(ns)    Netlist Resource(s)
  -------------------------------------------------------------------    -------------------
    SLICE_X44Y51         FDSE                         0.000     0.000 r  matlab_fifo0/inst/gen_fifo.xpm_fifo_axis_inst/xpm_fifo_base_inst/xpm_fifo_rst_inst/gen_rst_cc.fifo_wr_rst_cc_reg[2]/C
    SLICE_X44Y51         FDSE (Prop_fdse_C_Q)         0.100     0.100 r  matlab_fifo0/inst/gen_fifo.xpm_fifo_axis_inst/xpm_fifo_base_inst/xpm_fifo_rst_inst/gen_rst_cc.fifo_wr_rst_cc_reg[2]/Q
                         net (fo=156, routed)         0.119     0.219    matlab_fifo0/inst/gen_fifo.xpm_fifo_axis_inst/xpm_fifo_base_inst/rdpp1_inst/count_value_i_reg[0]_0[0]
    SLICE_X45Y52         FDRE                                         r  matlab_fifo0/inst/gen_fifo.xpm_fifo_axis_inst/xpm_fifo_base_inst/rdpp1_inst/count_value_i_reg[3]/R
  -------------------------------------------------------------------    -------------------





