Copyright 1986-2022 Xilinx, Inc. All Rights Reserved. Copyright 2022-2025 Advanced Micro Devices, Inc. All Rights Reserved.
---------------------------------------------------------------------------------------------------------------------------------------------
| Tool Version : Vivado v.2025.2 (lin64) Build 6299465 Fri Nov 14 12:34:56 MST 2025
| Date         : Tue Aug  4 20:09:12 2026
| Host         : valmyrsilva07-B760M-AORUS-ELITE running 64-bit Ubuntu 20.04.6 LTS
| Command      : report_control_sets -verbose -file top_dut_control_sets_placed.rpt
| Design       : top_dut
| Device       : xc7vx485t
---------------------------------------------------------------------------------------------------------------------------------------------

Control Set Information

Table of Contents
-----------------
1. Summary
2. Histogram
3. Flip-Flop Distribution
4. Detailed Control Set Information

1. Summary
----------

+----------------------------------------------------------+-------+
|                          Status                          | Count |
+----------------------------------------------------------+-------+
| Total control sets                                       |   272 |
|    Minimum number of control sets                        |   272 |
|    Addition due to synthesis replication                 |     0 |
|    Addition due to physical synthesis replication        |     0 |
| Unused register locations in slices containing registers |    52 |
+----------------------------------------------------------+-------+
* Control sets can be merged at opt_design using control_set_merge or merge_equivalent_drivers
** Run report_qor_suggestions for automated merging and remapping suggestions


2. Histogram
------------

+--------------------+-------+
|       Fanout       | Count |
+--------------------+-------+
| Total control sets |   272 |
| >= 0 to < 4        |     2 |
| >= 4 to < 6        |     1 |
| >= 6 to < 8        |     2 |
| >= 8 to < 10       |   257 |
| >= 10 to < 12      |     2 |
| >= 12 to < 14      |     0 |
| >= 14 to < 16      |     2 |
| >= 16              |     6 |
+--------------------+-------+
* Control sets can be remapped at either synth_design or opt_design


3. Flip-Flop Distribution
-------------------------

+--------------+-----------------------+------------------------+-----------------+--------------+
| Clock Enable | Synchronous Set/Reset | Asynchronous Set/Reset | Total Registers | Total Slices |
+--------------+-----------------------+------------------------+-----------------+--------------+
| No           | No                    | No                     |              14 |            5 |
| No           | No                    | Yes                    |              47 |           15 |
| No           | Yes                   | No                     |              20 |           10 |
| Yes          | No                    | No                     |            2048 |          811 |
| Yes          | No                    | Yes                    |              48 |           17 |
| Yes          | Yes                   | No                     |             139 |           48 |
+--------------+-----------------------+------------------------+-----------------+--------------+


4. Detailed Control Set Information
-----------------------------------

+----------------+--------------------------------------------------------------------------------------------------------------------------+------------------------------------------------------------------------------------------+------------------+----------------+--------------+
|  Clock Signal  |                                                       Enable Signal                                                      |                                     Set/Reset Signal                                     | Slice Load Count | Bel Load Count | Bels / Slice |
+----------------+--------------------------------------------------------------------------------------------------------------------------+------------------------------------------------------------------------------------------+------------------+----------------+--------------+
|  clk_IBUF_BUFG |                                                                                                                          | matlab_fifo0/inst/gen_fifo.xpm_fifo_axis_inst/xpm_fifo_base_inst/xpm_fifo_rst_inst/rst_i |                1 |              3 |         3.00 |
|  clk_IBUF_BUFG |                                                                                                                          | matlab_fifo1/inst/gen_fifo.xpm_fifo_axis_inst/xpm_fifo_base_inst/xpm_fifo_rst_inst/rst_i |                1 |              3 |         3.00 |
|  clk_IBUF_BUFG | matlab_fifo0/inst/gen_fifo.xpm_fifo_axis_inst/xpm_fifo_base_inst/gen_fwft.ram_regout_en                                  | matlab_fifo0/inst/gen_fifo.xpm_fifo_axis_inst/xpm_fifo_base_inst/xpm_fifo_rst_inst/Q[0]  |                5 |              5 |         1.00 |
|  clk_IBUF_BUFG |                                                                                                                          | matlab_fifo0/inst/gen_fifo.xpm_fifo_axis_inst/xpm_fifo_base_inst/xpm_fifo_rst_inst/Q[0]  |                4 |              7 |         1.75 |
|  clk_IBUF_BUFG |                                                                                                                          | matlab_fifo1/inst/gen_fifo.xpm_fifo_axis_inst/xpm_fifo_base_inst/xpm_fifo_rst_inst/Q[0]  |                4 |              7 |         1.75 |
|  clk_IBUF_BUFG | gbe_control/mem[255][7]_i_1_n_0                                                                                          |                                                                                          |                8 |              8 |         1.00 |
|  clk_IBUF_BUFG | gbe_control/mem[241][7]_i_1_n_0                                                                                          |                                                                                          |                1 |              8 |         8.00 |
|  clk_IBUF_BUFG | gbe_control/mem[254][7]_i_1_n_0                                                                                          |                                                                                          |                1 |              8 |         8.00 |
|  clk_IBUF_BUFG | gbe_control/mem[253][7]_i_1_n_0                                                                                          |                                                                                          |                5 |              8 |         1.60 |
|  clk_IBUF_BUFG | gbe_control/mem[252][7]_i_1_n_0                                                                                          |                                                                                          |                2 |              8 |         4.00 |
|  clk_IBUF_BUFG | gbe_control/mem[251][7]_i_1_n_0                                                                                          |                                                                                          |                3 |              8 |         2.67 |
|  clk_IBUF_BUFG | gbe_control/mem[250][7]_i_1_n_0                                                                                          |                                                                                          |                2 |              8 |         4.00 |
|  clk_IBUF_BUFG | gbe_control/mem[24][7]_i_1_n_0                                                                                           |                                                                                          |                2 |              8 |         4.00 |
|  clk_IBUF_BUFG | gbe_control/mem[249][7]_i_1_n_0                                                                                          |                                                                                          |                5 |              8 |         1.60 |
|  clk_IBUF_BUFG | gbe_control/mem[248][7]_i_1_n_0                                                                                          |                                                                                          |                4 |              8 |         2.00 |
|  clk_IBUF_BUFG | gbe_control/mem[247][7]_i_1_n_0                                                                                          |                                                                                          |                4 |              8 |         2.00 |
|  clk_IBUF_BUFG | gbe_control/mem[246][7]_i_1_n_0                                                                                          |                                                                                          |                6 |              8 |         1.33 |
|  clk_IBUF_BUFG | gbe_control/mem[245][7]_i_1_n_0                                                                                          |                                                                                          |                1 |              8 |         8.00 |
|  clk_IBUF_BUFG | gbe_control/mem[244][7]_i_1_n_0                                                                                          |                                                                                          |                2 |              8 |         4.00 |
|  clk_IBUF_BUFG | gbe_control/mem[243][7]_i_1_n_0                                                                                          |                                                                                          |                2 |              8 |         4.00 |
|  clk_IBUF_BUFG | gbe_control/mem[242][7]_i_1_n_0                                                                                          |                                                                                          |                4 |              8 |         2.00 |
|  clk_IBUF_BUFG | gbe_control/mem[3][7]_i_1_n_0                                                                                            |                                                                                          |                4 |              8 |         2.00 |
|  clk_IBUF_BUFG | gbe_control/mem[32][7]_i_1_n_0                                                                                           |                                                                                          |                3 |              8 |         2.67 |
|  clk_IBUF_BUFG | gbe_control/mem[211][7]_i_1_n_0                                                                                          |                                                                                          |                2 |              8 |         4.00 |
|  clk_IBUF_BUFG | gbe_control/mem[39][7]_i_1_n_0                                                                                           |                                                                                          |                2 |              8 |         4.00 |
|  clk_IBUF_BUFG | gbe_control/mem[38][7]_i_1_n_0                                                                                           |                                                                                          |                1 |              8 |         8.00 |
|  clk_IBUF_BUFG | gbe_control/mem[37][7]_i_1_n_0                                                                                           |                                                                                          |                7 |              8 |         1.14 |
|  clk_IBUF_BUFG | gbe_control/mem[36][7]_i_1_n_0                                                                                           |                                                                                          |                6 |              8 |         1.33 |
|  clk_IBUF_BUFG | gbe_control/mem[35][7]_i_1_n_0                                                                                           |                                                                                          |                5 |              8 |         1.60 |
|  clk_IBUF_BUFG | gbe_control/mem[34][7]_i_1_n_0                                                                                           |                                                                                          |                2 |              8 |         4.00 |
|  clk_IBUF_BUFG | gbe_control/mem[33][7]_i_1_n_0                                                                                           |                                                                                          |                3 |              8 |         2.67 |
|  clk_IBUF_BUFG | gbe_control/mem[25][7]_i_1_n_0                                                                                           |                                                                                          |                3 |              8 |         2.67 |
|  clk_IBUF_BUFG | gbe_control/mem[31][7]_i_1_n_0                                                                                           |                                                                                          |                6 |              8 |         1.33 |
|  clk_IBUF_BUFG | gbe_control/mem[30][7]_i_1_n_0                                                                                           |                                                                                          |                5 |              8 |         1.60 |
|  clk_IBUF_BUFG | gbe_control/mem[2][7]_i_1_n_0                                                                                            |                                                                                          |                1 |              8 |         8.00 |
|  clk_IBUF_BUFG | gbe_control/mem[29][7]_i_1_n_0                                                                                           |                                                                                          |                6 |              8 |         1.33 |
|  clk_IBUF_BUFG | gbe_control/mem[28][7]_i_1_n_0                                                                                           |                                                                                          |                2 |              8 |         4.00 |
|  clk_IBUF_BUFG | gbe_control/mem[27][7]_i_1_n_0                                                                                           |                                                                                          |                2 |              8 |         4.00 |
|  clk_IBUF_BUFG | gbe_control/mem[26][7]_i_1_n_0                                                                                           |                                                                                          |                1 |              8 |         8.00 |
|  clk_IBUF_BUFG | gbe_control/mem[218][7]_i_1_n_0                                                                                          |                                                                                          |                3 |              8 |         2.67 |
|  clk_IBUF_BUFG | gbe_control/mem[225][7]_i_1_n_0                                                                                          |                                                                                          |                3 |              8 |         2.67 |
|  clk_IBUF_BUFG | gbe_control/mem[224][7]_i_1_n_0                                                                                          |                                                                                          |                1 |              8 |         8.00 |
|  clk_IBUF_BUFG | gbe_control/mem[223][7]_i_1_n_0                                                                                          |                                                                                          |                8 |              8 |         1.00 |
|  clk_IBUF_BUFG | gbe_control/mem[222][7]_i_1_n_0                                                                                          |                                                                                          |                6 |              8 |         1.33 |
|  clk_IBUF_BUFG | gbe_control/mem[221][7]_i_1_n_0                                                                                          |                                                                                          |                4 |              8 |         2.00 |
|  clk_IBUF_BUFG | gbe_control/mem[220][7]_i_1_n_0                                                                                          |                                                                                          |                3 |              8 |         2.67 |
|  clk_IBUF_BUFG | gbe_control/mem[21][7]_i_1_n_0                                                                                           |                                                                                          |                1 |              8 |         8.00 |
|  clk_IBUF_BUFG | gbe_control/mem[219][7]_i_1_n_0                                                                                          |                                                                                          |                1 |              8 |         8.00 |
|  clk_IBUF_BUFG | gbe_control/mem[226][7]_i_1_n_0                                                                                          |                                                                                          |                1 |              8 |         8.00 |
|  clk_IBUF_BUFG | gbe_control/mem[217][7]_i_1_n_0                                                                                          |                                                                                          |                3 |              8 |         2.67 |
|  clk_IBUF_BUFG | gbe_control/mem[216][7]_i_1_n_0                                                                                          |                                                                                          |                2 |              8 |         4.00 |
|  clk_IBUF_BUFG | gbe_control/mem[215][7]_i_1_n_0                                                                                          |                                                                                          |                1 |              8 |         8.00 |
|  clk_IBUF_BUFG | gbe_control/mem[214][7]_i_1_n_0                                                                                          |                                                                                          |                2 |              8 |         4.00 |
|  clk_IBUF_BUFG | gbe_control/mem[213][7]_i_1_n_0                                                                                          |                                                                                          |                3 |              8 |         2.67 |
|  clk_IBUF_BUFG | gbe_control/mem[212][7]_i_1_n_0                                                                                          |                                                                                          |                3 |              8 |         2.67 |
|  clk_IBUF_BUFG | gbe_control/mem[20][7]_i_1_n_0                                                                                           |                                                                                          |                3 |              8 |         2.67 |
|  clk_IBUF_BUFG | gbe_control/mem[240][7]_i_1_n_0                                                                                          |                                                                                          |                2 |              8 |         4.00 |
|  clk_IBUF_BUFG | gbe_control/mem[227][7]_i_1_n_0                                                                                          |                                                                                          |                2 |              8 |         4.00 |
|  clk_IBUF_BUFG | gbe_control/mem[228][7]_i_1_n_0                                                                                          |                                                                                          |                4 |              8 |         2.00 |
|  clk_IBUF_BUFG | gbe_control/mem[229][7]_i_1_n_0                                                                                          |                                                                                          |                4 |              8 |         2.00 |
|  clk_IBUF_BUFG | gbe_control/mem[22][7]_i_1_n_0                                                                                           |                                                                                          |                1 |              8 |         8.00 |
|  clk_IBUF_BUFG | gbe_control/mem[230][7]_i_1_n_0                                                                                          |                                                                                          |                2 |              8 |         4.00 |
|  clk_IBUF_BUFG | gbe_control/mem[231][7]_i_1_n_0                                                                                          |                                                                                          |                3 |              8 |         2.67 |
|  clk_IBUF_BUFG | gbe_control/mem[232][7]_i_1_n_0                                                                                          |                                                                                          |                1 |              8 |         8.00 |
|  clk_IBUF_BUFG | gbe_control/mem[233][7]_i_1_n_0                                                                                          |                                                                                          |                3 |              8 |         2.67 |
|  clk_IBUF_BUFG | gbe_control/mem[234][7]_i_1_n_0                                                                                          |                                                                                          |                5 |              8 |         1.60 |
|  clk_IBUF_BUFG | gbe_control/mem[235][7]_i_1_n_0                                                                                          |                                                                                          |                4 |              8 |         2.00 |
|  clk_IBUF_BUFG | gbe_control/mem[236][7]_i_1_n_0                                                                                          |                                                                                          |                3 |              8 |         2.67 |
|  clk_IBUF_BUFG | gbe_control/mem[237][7]_i_1_n_0                                                                                          |                                                                                          |                1 |              8 |         8.00 |
|  clk_IBUF_BUFG | gbe_control/mem[238][7]_i_1_n_0                                                                                          |                                                                                          |                5 |              8 |         1.60 |
|  clk_IBUF_BUFG | gbe_control/mem[239][7]_i_1_n_0                                                                                          |                                                                                          |                4 |              8 |         2.00 |
|  clk_IBUF_BUFG | gbe_control/mem[23][7]_i_1_n_0                                                                                           |                                                                                          |                1 |              8 |         8.00 |
|  clk_IBUF_BUFG | gbe_control/mem[78][7]_i_1_n_0                                                                                           |                                                                                          |                6 |              8 |         1.33 |
|  clk_IBUF_BUFG | gbe_control/mem[85][7]_i_1_n_0                                                                                           |                                                                                          |                3 |              8 |         2.67 |
|  clk_IBUF_BUFG | gbe_control/mem[84][7]_i_1_n_0                                                                                           |                                                                                          |                2 |              8 |         4.00 |
|  clk_IBUF_BUFG | gbe_control/mem[83][7]_i_1_n_0                                                                                           |                                                                                          |                2 |              8 |         4.00 |
|  clk_IBUF_BUFG | gbe_control/mem[82][7]_i_1_n_0                                                                                           |                                                                                          |                2 |              8 |         4.00 |
|  clk_IBUF_BUFG | gbe_control/mem[81][7]_i_1_n_0                                                                                           |                                                                                          |                2 |              8 |         4.00 |
|  clk_IBUF_BUFG | gbe_control/mem[80][7]_i_1_n_0                                                                                           |                                                                                          |                4 |              8 |         2.00 |
|  clk_IBUF_BUFG | gbe_control/mem[7][7]_i_1_n_0                                                                                            |                                                                                          |                1 |              8 |         8.00 |
|  clk_IBUF_BUFG | gbe_control/mem[79][7]_i_1_n_0                                                                                           |                                                                                          |                7 |              8 |         1.14 |
|  clk_IBUF_BUFG | gbe_control/mem[86][7]_i_1_n_0                                                                                           |                                                                                          |                5 |              8 |         1.60 |
|  clk_IBUF_BUFG | gbe_control/mem[77][7]_i_1_n_0                                                                                           |                                                                                          |                6 |              8 |         1.33 |
|  clk_IBUF_BUFG | gbe_control/mem[76][7]_i_1_n_0                                                                                           |                                                                                          |                3 |              8 |         2.67 |
|  clk_IBUF_BUFG | gbe_control/mem[75][7]_i_1_n_0                                                                                           |                                                                                          |                4 |              8 |         2.00 |
|  clk_IBUF_BUFG | gbe_control/mem[74][7]_i_1_n_0                                                                                           |                                                                                          |                2 |              8 |         4.00 |
|  clk_IBUF_BUFG | gbe_control/mem[73][7]_i_1_n_0                                                                                           |                                                                                          |                5 |              8 |         1.60 |
|  clk_IBUF_BUFG | gbe_control/mem[72][7]_i_1_n_0                                                                                           |                                                                                          |                2 |              8 |         4.00 |
|  clk_IBUF_BUFG | gbe_control/mem[71][7]_i_1_n_0                                                                                           |                                                                                          |                3 |              8 |         2.67 |
|  clk_IBUF_BUFG | gbe_control/mem[70][7]_i_1_n_0                                                                                           |                                                                                          |                2 |              8 |         4.00 |
|  clk_IBUF_BUFG | gbe_control/mem[87][7]_i_1_n_0                                                                                           |                                                                                          |                2 |              8 |         4.00 |
|  clk_IBUF_BUFG | gbe_control/mem[88][7]_i_1_n_0                                                                                           |                                                                                          |                2 |              8 |         4.00 |
|  clk_IBUF_BUFG | gbe_control/mem[89][7]_i_1_n_0                                                                                           |                                                                                          |                4 |              8 |         2.00 |
|  clk_IBUF_BUFG | gbe_control/mem[8][7]_i_1_n_0                                                                                            |                                                                                          |                5 |              8 |         1.60 |
|  clk_IBUF_BUFG | gbe_control/mem[90][7]_i_1_n_0                                                                                           |                                                                                          |                2 |              8 |         4.00 |
|  clk_IBUF_BUFG | gbe_control/mem[91][7]_i_1_n_0                                                                                           |                                                                                          |                2 |              8 |         4.00 |
|  clk_IBUF_BUFG | gbe_control/mem[92][7]_i_1_n_0                                                                                           |                                                                                          |                2 |              8 |         4.00 |
|  clk_IBUF_BUFG | gbe_control/mem[93][7]_i_1_n_0                                                                                           |                                                                                          |                3 |              8 |         2.67 |
|  clk_IBUF_BUFG | gbe_control/mem[94][7]_i_1_n_0                                                                                           |                                                                                          |                4 |              8 |         2.00 |
|  clk_IBUF_BUFG | gbe_control/mem[95][7]_i_1_n_0                                                                                           |                                                                                          |                8 |              8 |         1.00 |
|  clk_IBUF_BUFG | gbe_control/mem[96][7]_i_1_n_0                                                                                           |                                                                                          |                3 |              8 |         2.67 |
|  clk_IBUF_BUFG | gbe_control/mem[97][7]_i_1_n_0                                                                                           |                                                                                          |                2 |              8 |         4.00 |
|  clk_IBUF_BUFG | gbe_control/mem[98][7]_i_1_n_0                                                                                           |                                                                                          |                7 |              8 |         1.14 |
|  clk_IBUF_BUFG | gbe_control/mem[99][7]_i_1_n_0                                                                                           |                                                                                          |                2 |              8 |         4.00 |
|  clk_IBUF_BUFG | gbe_control/mem[9][7]_i_1_n_0                                                                                            |                                                                                          |                8 |              8 |         1.00 |
|  clk_IBUF_BUFG | gbe_control/mem[48][7]_i_1_n_0                                                                                           |                                                                                          |                3 |              8 |         2.67 |
|  clk_IBUF_BUFG | gbe_control/mem[55][7]_i_1_n_0                                                                                           |                                                                                          |                1 |              8 |         8.00 |
|  clk_IBUF_BUFG | gbe_control/mem[54][7]_i_1_n_0                                                                                           |                                                                                          |                1 |              8 |         8.00 |
|  clk_IBUF_BUFG | gbe_control/mem[53][7]_i_1_n_0                                                                                           |                                                                                          |                2 |              8 |         4.00 |
|  clk_IBUF_BUFG | gbe_control/mem[52][7]_i_1_n_0                                                                                           |                                                                                          |                3 |              8 |         2.67 |
|  clk_IBUF_BUFG | gbe_control/mem[51][7]_i_1_n_0                                                                                           |                                                                                          |                2 |              8 |         4.00 |
|  clk_IBUF_BUFG | gbe_control/mem[50][7]_i_1_n_0                                                                                           |                                                                                          |                3 |              8 |         2.67 |
|  clk_IBUF_BUFG | gbe_control/mem[4][7]_i_1_n_0                                                                                            |                                                                                          |                2 |              8 |         4.00 |
|  clk_IBUF_BUFG | gbe_control/mem[49][7]_i_1_n_0                                                                                           |                                                                                          |                4 |              8 |         2.00 |
|  clk_IBUF_BUFG | gbe_control/mem[56][7]_i_1_n_0                                                                                           |                                                                                          |                2 |              8 |         4.00 |
|  clk_IBUF_BUFG | gbe_control/mem[47][7]_i_1_n_0                                                                                           |                                                                                          |                8 |              8 |         1.00 |
|  clk_IBUF_BUFG | gbe_control/mem[46][7]_i_1_n_0                                                                                           |                                                                                          |                5 |              8 |         1.60 |
|  clk_IBUF_BUFG | gbe_control/mem[45][7]_i_1_n_0                                                                                           |                                                                                          |                4 |              8 |         2.00 |
|  clk_IBUF_BUFG | gbe_control/mem[44][7]_i_1_n_0                                                                                           |                                                                                          |                2 |              8 |         4.00 |
|  clk_IBUF_BUFG | gbe_control/mem[43][7]_i_1_n_0                                                                                           |                                                                                          |                2 |              8 |         4.00 |
|  clk_IBUF_BUFG | gbe_control/mem[42][7]_i_1_n_0                                                                                           |                                                                                          |                1 |              8 |         8.00 |
|  clk_IBUF_BUFG | gbe_control/mem[41][7]_i_1_n_0                                                                                           |                                                                                          |                3 |              8 |         2.67 |
|  clk_IBUF_BUFG | gbe_control/mem[40][7]_i_1_n_0                                                                                           |                                                                                          |                3 |              8 |         2.67 |
|  clk_IBUF_BUFG | gbe_control/mem[57][7]_i_1_n_0                                                                                           |                                                                                          |                2 |              8 |         4.00 |
|  clk_IBUF_BUFG | gbe_control/mem[58][7]_i_1_n_0                                                                                           |                                                                                          |                6 |              8 |         1.33 |
|  clk_IBUF_BUFG | gbe_control/mem[59][7]_i_1_n_0                                                                                           |                                                                                          |                1 |              8 |         8.00 |
|  clk_IBUF_BUFG | gbe_control/mem[5][7]_i_1_n_0                                                                                            |                                                                                          |                5 |              8 |         1.60 |
|  clk_IBUF_BUFG | gbe_control/mem[60][7]_i_1_n_0                                                                                           |                                                                                          |                3 |              8 |         2.67 |
|  clk_IBUF_BUFG | gbe_control/mem[61][7]_i_1_n_0                                                                                           |                                                                                          |                2 |              8 |         4.00 |
|  clk_IBUF_BUFG | gbe_control/mem[62][7]_i_1_n_0                                                                                           |                                                                                          |                4 |              8 |         2.00 |
|  clk_IBUF_BUFG | gbe_control/mem[63][7]_i_1_n_0                                                                                           |                                                                                          |                8 |              8 |         1.00 |
|  clk_IBUF_BUFG | gbe_control/mem[64][7]_i_1_n_0                                                                                           |                                                                                          |                5 |              8 |         1.60 |
|  clk_IBUF_BUFG | gbe_control/mem[65][7]_i_1_n_0                                                                                           |                                                                                          |                2 |              8 |         4.00 |
|  clk_IBUF_BUFG | gbe_control/mem[66][7]_i_1_n_0                                                                                           |                                                                                          |                5 |              8 |         1.60 |
|  clk_IBUF_BUFG | gbe_control/mem[67][7]_i_1_n_0                                                                                           |                                                                                          |                5 |              8 |         1.60 |
|  clk_IBUF_BUFG | gbe_control/mem[68][7]_i_1_n_0                                                                                           |                                                                                          |                3 |              8 |         2.67 |
|  clk_IBUF_BUFG | gbe_control/mem[69][7]_i_1_n_0                                                                                           |                                                                                          |                1 |              8 |         8.00 |
|  clk_IBUF_BUFG | gbe_control/mem[6][7]_i_1_n_0                                                                                            |                                                                                          |                5 |              8 |         1.60 |
|  clk_IBUF_BUFG | gbe_control/mem[141][7]_i_1_n_0                                                                                          |                                                                                          |                4 |              8 |         2.00 |
|  clk_IBUF_BUFG | gbe_control/mem[128][7]_i_1_n_0                                                                                          |                                                                                          |                3 |              8 |         2.67 |
|  clk_IBUF_BUFG | gbe_control/mem[129][7]_i_1_n_0                                                                                          |                                                                                          |                1 |              8 |         8.00 |
|  clk_IBUF_BUFG | gbe_control/mem[12][7]_i_1_n_0                                                                                           |                                                                                          |                2 |              8 |         4.00 |
|  clk_IBUF_BUFG | gbe_control/mem[130][7]_i_1_n_0                                                                                          |                                                                                          |                2 |              8 |         4.00 |
|  clk_IBUF_BUFG | gbe_control/mem[131][7]_i_1_n_0                                                                                          |                                                                                          |                2 |              8 |         4.00 |
|  clk_IBUF_BUFG | gbe_control/mem[132][7]_i_1_n_0                                                                                          |                                                                                          |                1 |              8 |         8.00 |
|  clk_IBUF_BUFG | gbe_control/mem[133][7]_i_1_n_0                                                                                          |                                                                                          |                1 |              8 |         8.00 |
|  clk_IBUF_BUFG | gbe_control/mem[134][7]_i_1_n_0                                                                                          |                                                                                          |                2 |              8 |         4.00 |
|  clk_IBUF_BUFG | gbe_control/mem[135][7]_i_1_n_0                                                                                          |                                                                                          |                6 |              8 |         1.33 |
|  clk_IBUF_BUFG | gbe_control/mem[136][7]_i_1_n_0                                                                                          |                                                                                          |                7 |              8 |         1.14 |
|  clk_IBUF_BUFG | gbe_control/mem[137][7]_i_1_n_0                                                                                          |                                                                                          |                1 |              8 |         8.00 |
|  clk_IBUF_BUFG | gbe_control/mem[138][7]_i_1_n_0                                                                                          |                                                                                          |                6 |              8 |         1.33 |
|  clk_IBUF_BUFG | gbe_control/mem[139][7]_i_1_n_0                                                                                          |                                                                                          |                5 |              8 |         1.60 |
|  clk_IBUF_BUFG | gbe_control/mem[13][7]_i_1_n_0                                                                                           |                                                                                          |                1 |              8 |         8.00 |
|  clk_IBUF_BUFG | gbe_control/mem[140][7]_i_1_n_0                                                                                          |                                                                                          |                2 |              8 |         4.00 |
|  clk_IBUF_BUFG | gbe_control/mem[127][7]_i_1_n_0                                                                                          |                                                                                          |                8 |              8 |         1.00 |
|  clk_IBUF_BUFG | gbe_control/mem[142][7]_i_1_n_0                                                                                          |                                                                                          |                5 |              8 |         1.60 |
|  clk_IBUF_BUFG | gbe_control/mem[143][7]_i_1_n_0                                                                                          |                                                                                          |                8 |              8 |         1.00 |
|  clk_IBUF_BUFG | gbe_control/mem[144][7]_i_1_n_0                                                                                          |                                                                                          |                6 |              8 |         1.33 |
|  clk_IBUF_BUFG | gbe_control/mem[145][7]_i_1_n_0                                                                                          |                                                                                          |                5 |              8 |         1.60 |
|  clk_IBUF_BUFG | gbe_control/mem[146][7]_i_1_n_0                                                                                          |                                                                                          |                2 |              8 |         4.00 |
|  clk_IBUF_BUFG | gbe_control/mem[147][7]_i_1_n_0                                                                                          |                                                                                          |                1 |              8 |         8.00 |
|  clk_IBUF_BUFG | gbe_control/mem[148][7]_i_1_n_0                                                                                          |                                                                                          |                1 |              8 |         8.00 |
|  clk_IBUF_BUFG | gbe_control/mem[149][7]_i_1_n_0                                                                                          |                                                                                          |                3 |              8 |         2.67 |
|  clk_IBUF_BUFG | gbe_control/mem[14][7]_i_1_n_0                                                                                           |                                                                                          |                5 |              8 |         1.60 |
|  clk_IBUF_BUFG | gbe_control/mem[150][7]_i_1_n_0                                                                                          |                                                                                          |                1 |              8 |         8.00 |
|  clk_IBUF_BUFG | gbe_control/mem[151][7]_i_1_n_0                                                                                          |                                                                                          |                2 |              8 |         4.00 |
|  clk_IBUF_BUFG | gbe_control/mem[152][7]_i_1_n_0                                                                                          |                                                                                          |                2 |              8 |         4.00 |
|  clk_IBUF_BUFG | gbe_control/mem[153][7]_i_1_n_0                                                                                          |                                                                                          |                3 |              8 |         2.67 |
|  clk_IBUF_BUFG | gbe_control/mem[154][7]_i_1_n_0                                                                                          |                                                                                          |                4 |              8 |         2.00 |
|  clk_IBUF_BUFG | gbe_control/mem[113][7]_i_1_n_0                                                                                          |                                                                                          |                3 |              8 |         2.67 |
|  clk_IBUF_BUFG | gbe_control/mem[0][7]_i_1_n_0                                                                                            |                                                                                          |                1 |              8 |         8.00 |
|  clk_IBUF_BUFG | gbe_control/mem[100][7]_i_1_n_0                                                                                          |                                                                                          |                2 |              8 |         4.00 |
|  clk_IBUF_BUFG | gbe_control/mem[101][7]_i_1_n_0                                                                                          |                                                                                          |                4 |              8 |         2.00 |
|  clk_IBUF_BUFG | gbe_control/mem[102][7]_i_1_n_0                                                                                          |                                                                                          |                6 |              8 |         1.33 |
|  clk_IBUF_BUFG | gbe_control/mem[103][7]_i_1_n_0                                                                                          |                                                                                          |                7 |              8 |         1.14 |
|  clk_IBUF_BUFG | gbe_control/mem[104][7]_i_1_n_0                                                                                          |                                                                                          |                2 |              8 |         4.00 |
|  clk_IBUF_BUFG | gbe_control/mem[105][7]_i_1_n_0                                                                                          |                                                                                          |                2 |              8 |         4.00 |
|  clk_IBUF_BUFG | gbe_control/mem[106][7]_i_1_n_0                                                                                          |                                                                                          |                1 |              8 |         8.00 |
|  clk_IBUF_BUFG | gbe_control/mem[107][7]_i_1_n_0                                                                                          |                                                                                          |                3 |              8 |         2.67 |
|  clk_IBUF_BUFG | gbe_control/mem[108][7]_i_1_n_0                                                                                          |                                                                                          |                2 |              8 |         4.00 |
|  clk_IBUF_BUFG | gbe_control/mem[109][7]_i_1_n_0                                                                                          |                                                                                          |                2 |              8 |         4.00 |
|  clk_IBUF_BUFG | gbe_control/mem[10][7]_i_1_n_0                                                                                           |                                                                                          |                2 |              8 |         4.00 |
|  clk_IBUF_BUFG | gbe_control/mem[110][7]_i_1_n_0                                                                                          |                                                                                          |                2 |              8 |         4.00 |
|  clk_IBUF_BUFG | gbe_control/mem[111][7]_i_1_n_0                                                                                          |                                                                                          |                3 |              8 |         2.67 |
|  clk_IBUF_BUFG | gbe_control/mem[112][7]_i_1_n_0                                                                                          |                                                                                          |                3 |              8 |         2.67 |
|  clk_IBUF_BUFG | gbe_control/mem[210][7]_i_1_n_0                                                                                          |                                                                                          |                1 |              8 |         8.00 |
|  clk_IBUF_BUFG | gbe_control/mem[114][7]_i_1_n_0                                                                                          |                                                                                          |                2 |              8 |         4.00 |
|  clk_IBUF_BUFG | gbe_control/mem[115][7]_i_1_n_0                                                                                          |                                                                                          |                2 |              8 |         4.00 |
|  clk_IBUF_BUFG | gbe_control/mem[116][7]_i_1_n_0                                                                                          |                                                                                          |                2 |              8 |         4.00 |
|  clk_IBUF_BUFG | gbe_control/mem[117][7]_i_1_n_0                                                                                          |                                                                                          |                2 |              8 |         4.00 |
|  clk_IBUF_BUFG | gbe_control/mem[118][7]_i_1_n_0                                                                                          |                                                                                          |                2 |              8 |         4.00 |
|  clk_IBUF_BUFG | gbe_control/mem[119][7]_i_1_n_0                                                                                          |                                                                                          |                5 |              8 |         1.60 |
|  clk_IBUF_BUFG | gbe_control/mem[11][7]_i_1_n_0                                                                                           |                                                                                          |                3 |              8 |         2.67 |
|  clk_IBUF_BUFG | gbe_control/mem[120][7]_i_1_n_0                                                                                          |                                                                                          |                3 |              8 |         2.67 |
|  clk_IBUF_BUFG | gbe_control/mem[121][7]_i_1_n_0                                                                                          |                                                                                          |                1 |              8 |         8.00 |
|  clk_IBUF_BUFG | gbe_control/mem[122][7]_i_1_n_0                                                                                          |                                                                                          |                2 |              8 |         4.00 |
|  clk_IBUF_BUFG | gbe_control/mem[123][7]_i_1_n_0                                                                                          |                                                                                          |                2 |              8 |         4.00 |
|  clk_IBUF_BUFG | gbe_control/mem[124][7]_i_1_n_0                                                                                          |                                                                                          |                2 |              8 |         4.00 |
|  clk_IBUF_BUFG | gbe_control/mem[125][7]_i_1_n_0                                                                                          |                                                                                          |                3 |              8 |         2.67 |
|  clk_IBUF_BUFG | gbe_control/mem[126][7]_i_1_n_0                                                                                          |                                                                                          |                5 |              8 |         1.60 |
|  clk_IBUF_BUFG | gbe_control/mem[197][7]_i_1_n_0                                                                                          |                                                                                          |                2 |              8 |         4.00 |
|  clk_IBUF_BUFG | gbe_control/mem[183][7]_i_1_n_0                                                                                          |                                                                                          |                2 |              8 |         4.00 |
|  clk_IBUF_BUFG | gbe_control/mem[184][7]_i_1_n_0                                                                                          |                                                                                          |                4 |              8 |         2.00 |
|  clk_IBUF_BUFG | gbe_control/mem[185][7]_i_1_n_0                                                                                          |                                                                                          |                2 |              8 |         4.00 |
|  clk_IBUF_BUFG | gbe_control/mem[186][7]_i_1_n_0                                                                                          |                                                                                          |                4 |              8 |         2.00 |
|  clk_IBUF_BUFG | gbe_control/mem[187][7]_i_1_n_0                                                                                          |                                                                                          |                3 |              8 |         2.67 |
|  clk_IBUF_BUFG | gbe_control/mem[188][7]_i_1_n_0                                                                                          |                                                                                          |                3 |              8 |         2.67 |
|  clk_IBUF_BUFG | gbe_control/mem[189][7]_i_1_n_0                                                                                          |                                                                                          |                7 |              8 |         1.14 |
|  clk_IBUF_BUFG | gbe_control/mem[18][7]_i_1_n_0                                                                                           |                                                                                          |                4 |              8 |         2.00 |
|  clk_IBUF_BUFG | gbe_control/mem[190][7]_i_1_n_0                                                                                          |                                                                                          |                7 |              8 |         1.14 |
|  clk_IBUF_BUFG | gbe_control/mem[191][7]_i_1_n_0                                                                                          |                                                                                          |                7 |              8 |         1.14 |
|  clk_IBUF_BUFG | gbe_control/mem[192][7]_i_1_n_0                                                                                          |                                                                                          |                2 |              8 |         4.00 |
|  clk_IBUF_BUFG | gbe_control/mem[193][7]_i_1_n_0                                                                                          |                                                                                          |                1 |              8 |         8.00 |
|  clk_IBUF_BUFG | gbe_control/mem[194][7]_i_1_n_0                                                                                          |                                                                                          |                2 |              8 |         4.00 |
|  clk_IBUF_BUFG | gbe_control/mem[195][7]_i_1_n_0                                                                                          |                                                                                          |                2 |              8 |         4.00 |
|  clk_IBUF_BUFG | gbe_control/mem[196][7]_i_1_n_0                                                                                          |                                                                                          |                2 |              8 |         4.00 |
|  clk_IBUF_BUFG | gbe_control/mem[156][7]_i_1_n_0                                                                                          |                                                                                          |                1 |              8 |         8.00 |
|  clk_IBUF_BUFG | gbe_control/mem[198][7]_i_1_n_0                                                                                          |                                                                                          |                4 |              8 |         2.00 |
|  clk_IBUF_BUFG | gbe_control/mem[199][7]_i_1_n_0                                                                                          |                                                                                          |                5 |              8 |         1.60 |
|  clk_IBUF_BUFG | gbe_control/mem[19][7]_i_1_n_0                                                                                           |                                                                                          |                3 |              8 |         2.67 |
|  clk_IBUF_BUFG | gbe_control/mem[1][7]_i_1_n_0                                                                                            |                                                                                          |                3 |              8 |         2.67 |
|  clk_IBUF_BUFG | gbe_control/mem[200][7]_i_1_n_0                                                                                          |                                                                                          |                2 |              8 |         4.00 |
|  clk_IBUF_BUFG | gbe_control/mem[201][7]_i_1_n_0                                                                                          |                                                                                          |                3 |              8 |         2.67 |
|  clk_IBUF_BUFG | gbe_control/mem[202][7]_i_1_n_0                                                                                          |                                                                                          |                7 |              8 |         1.14 |
|  clk_IBUF_BUFG | gbe_control/mem[203][7]_i_1_n_0                                                                                          |                                                                                          |                1 |              8 |         8.00 |
|  clk_IBUF_BUFG | gbe_control/mem[204][7]_i_1_n_0                                                                                          |                                                                                          |                1 |              8 |         8.00 |
|  clk_IBUF_BUFG | gbe_control/mem[205][7]_i_1_n_0                                                                                          |                                                                                          |                4 |              8 |         2.00 |
|  clk_IBUF_BUFG | gbe_control/mem[206][7]_i_1_n_0                                                                                          |                                                                                          |                2 |              8 |         4.00 |
|  clk_IBUF_BUFG | gbe_control/mem[207][7]_i_1_n_0                                                                                          |                                                                                          |                8 |              8 |         1.00 |
|  clk_IBUF_BUFG | gbe_control/mem[208][7]_i_1_n_0                                                                                          |                                                                                          |                1 |              8 |         8.00 |
|  clk_IBUF_BUFG | gbe_control/mem[209][7]_i_1_n_0                                                                                          |                                                                                          |                2 |              8 |         4.00 |
|  clk_IBUF_BUFG | gbe_control/mem[181][7]_i_1_n_0                                                                                          |                                                                                          |                1 |              8 |         8.00 |
|  clk_IBUF_BUFG | gbe_control/mem[155][7]_i_1_n_0                                                                                          |                                                                                          |                3 |              8 |         2.67 |
|  clk_IBUF_BUFG | gbe_control/mem[157][7]_i_1_n_0                                                                                          |                                                                                          |                4 |              8 |         2.00 |
|  clk_IBUF_BUFG | gbe_control/mem[158][7]_i_1_n_0                                                                                          |                                                                                          |                2 |              8 |         4.00 |
|  clk_IBUF_BUFG | gbe_control/mem[159][7]_i_1_n_0                                                                                          |                                                                                          |                8 |              8 |         1.00 |
|  clk_IBUF_BUFG | gbe_control/mem[15][7]_i_1_n_0                                                                                           |                                                                                          |                4 |              8 |         2.00 |
|  clk_IBUF_BUFG | gbe_control/mem[160][7]_i_1_n_0                                                                                          |                                                                                          |                3 |              8 |         2.67 |
|  clk_IBUF_BUFG | gbe_control/mem[161][7]_i_1_n_0                                                                                          |                                                                                          |                1 |              8 |         8.00 |
|  clk_IBUF_BUFG | gbe_control/mem[162][7]_i_1_n_0                                                                                          |                                                                                          |                2 |              8 |         4.00 |
|  clk_IBUF_BUFG | gbe_control/mem[163][7]_i_1_n_0                                                                                          |                                                                                          |                3 |              8 |         2.67 |
|  clk_IBUF_BUFG | gbe_control/mem[164][7]_i_1_n_0                                                                                          |                                                                                          |                3 |              8 |         2.67 |
|  clk_IBUF_BUFG | gbe_control/mem[165][7]_i_1_n_0                                                                                          |                                                                                          |                4 |              8 |         2.00 |
|  clk_IBUF_BUFG | gbe_control/mem[166][7]_i_1_n_0                                                                                          |                                                                                          |                5 |              8 |         1.60 |
|  clk_IBUF_BUFG | gbe_control/mem[167][7]_i_1_n_0                                                                                          |                                                                                          |                5 |              8 |         1.60 |
|  clk_IBUF_BUFG | gbe_control/mem[168][7]_i_1_n_0                                                                                          |                                                                                          |                4 |              8 |         2.00 |
|  clk_IBUF_BUFG | gbe_control/mem[16][7]_i_1_n_0                                                                                           |                                                                                          |                4 |              8 |         2.00 |
|  clk_IBUF_BUFG | gbe_control/mem[182][7]_i_1_n_0                                                                                          |                                                                                          |                1 |              8 |         8.00 |
|  clk_IBUF_BUFG | gbe_control/mem[180][7]_i_1_n_0                                                                                          |                                                                                          |                2 |              8 |         4.00 |
|  clk_IBUF_BUFG | gbe_control/mem[17][7]_i_1_n_0                                                                                           |                                                                                          |                3 |              8 |         2.67 |
|  clk_IBUF_BUFG | gbe_control/mem[179][7]_i_1_n_0                                                                                          |                                                                                          |                3 |              8 |         2.67 |
|  clk_IBUF_BUFG | gbe_control/mem[178][7]_i_1_n_0                                                                                          |                                                                                          |                2 |              8 |         4.00 |
|  clk_IBUF_BUFG | gbe_control/mem[177][7]_i_1_n_0                                                                                          |                                                                                          |                4 |              8 |         2.00 |
|  clk_IBUF_BUFG | gbe_control/mem[176][7]_i_1_n_0                                                                                          |                                                                                          |                4 |              8 |         2.00 |
|  clk_IBUF_BUFG | gbe_control/mem[175][7]_i_1_n_0                                                                                          |                                                                                          |                8 |              8 |         1.00 |
|  clk_IBUF_BUFG | gbe_control/mem[174][7]_i_1_n_0                                                                                          |                                                                                          |                1 |              8 |         8.00 |
|  clk_IBUF_BUFG | gbe_control/mem[173][7]_i_1_n_0                                                                                          |                                                                                          |                2 |              8 |         4.00 |
|  clk_IBUF_BUFG | gbe_control/mem[172][7]_i_1_n_0                                                                                          |                                                                                          |                2 |              8 |         4.00 |
|  clk_IBUF_BUFG | gbe_control/mem[171][7]_i_1_n_0                                                                                          |                                                                                          |                2 |              8 |         4.00 |
|  clk_IBUF_BUFG | gbe_control/mem[170][7]_i_1_n_0                                                                                          |                                                                                          |                3 |              8 |         2.67 |
|  clk_IBUF_BUFG | gbe_control/mem[169][7]_i_1_n_0                                                                                          |                                                                                          |                2 |              8 |         4.00 |
|  clk_IBUF_BUFG | gbe_control/cmd_frame_transmission/pulse_rx_valid                                                                        | gbe_control/cmd_start_frame_reception/a_sync_nrst                                        |                4 |              9 |         2.25 |
|  clk_IBUF_BUFG | gbe_control/s_addr_data[9]_i_1_n_0                                                                                       | gbe_control/cmd_start_frame_reception/a_sync_nrst                                        |                4 |             10 |         2.50 |
|  clk_IBUF_BUFG | gbe_control/counter_tx[10]_i_1_n_0                                                                                       | gbe_control/cmd_start_frame_reception/a_sync_nrst                                        |                3 |             11 |         3.67 |
|  clk_IBUF_BUFG |                                                                                                                          |                                                                                          |                5 |             14 |         2.80 |
|  clk_IBUF_BUFG | matlab_fifo1/inst/gen_fifo.xpm_fifo_axis_inst/xpm_fifo_base_inst/gen_fwft.ram_regout_en                                  | matlab_fifo1/inst/gen_fifo.xpm_fifo_axis_inst/xpm_fifo_base_inst/xpm_fifo_rst_inst/Q[0]  |               11 |             14 |         1.27 |
|  clk_IBUF_BUFG | gbe_control/m_addr_data[9]_i_1_n_0                                                                                       | gbe_control/cmd_start_frame_reception/a_sync_nrst                                        |                6 |             18 |         3.00 |
|  clk_IBUF_BUFG | matlab_fifo0/inst/gen_fifo.xpm_fifo_axis_inst/xpm_fifo_base_inst/xpm_fifo_rst_inst/E[0]                                  | matlab_fifo0/inst/gen_fifo.xpm_fifo_axis_inst/xpm_fifo_base_inst/xpm_fifo_rst_inst/Q[0]  |                8 |             30 |         3.75 |
|  clk_IBUF_BUFG | matlab_fifo0/inst/gen_fifo.xpm_fifo_axis_inst/xpm_fifo_base_inst/rdp_inst/FSM_sequential_gen_fwft.curr_fwft_state_reg[1] | matlab_fifo0/inst/gen_fifo.xpm_fifo_axis_inst/xpm_fifo_base_inst/xpm_fifo_rst_inst/Q[0]  |                8 |             30 |         3.75 |
|  clk_IBUF_BUFG | matlab_fifo1/inst/gen_fifo.xpm_fifo_axis_inst/xpm_fifo_base_inst/xpm_fifo_rst_inst/E[0]                                  | matlab_fifo1/inst/gen_fifo.xpm_fifo_axis_inst/xpm_fifo_base_inst/xpm_fifo_rst_inst/Q[0]  |                8 |             30 |         3.75 |
|  clk_IBUF_BUFG | matlab_fifo1/inst/gen_fifo.xpm_fifo_axis_inst/xpm_fifo_base_inst/rdp_inst/FSM_sequential_gen_fwft.curr_fwft_state_reg[1] | matlab_fifo1/inst/gen_fifo.xpm_fifo_axis_inst/xpm_fifo_base_inst/xpm_fifo_rst_inst/Q[0]  |                8 |             30 |         3.75 |
|  clk_IBUF_BUFG |                                                                                                                          | gbe_control/cmd_start_frame_reception/a_sync_nrst                                        |               15 |             47 |         3.13 |
+----------------+--------------------------------------------------------------------------------------------------------------------------+------------------------------------------------------------------------------------------+------------------+----------------+--------------+


