#-----------------------------------------------------------
# Vivado v2025.2 (64-bit)
# SW Build 6299465 on Fri Nov 14 12:34:56 MST 2025
# IP Build 6300035 on Fri Nov 14 10:48:45 MST 2025
# SharedData Build 6298862 on Thu Nov 13 04:50:51 MST 2025
# Start of session at: Tue Aug  4 20:08:56 2026
# Process ID         : 441928
# Current directory  : /home/valmyrsilva07/virtex7/skarab-virtex7-toolflow/model/skrab_one.runs/impl_1
# Command line       : vivado -log top_dut.vdi -applog -product Vivado -messageDb vivado.pb -mode batch -source top_dut.tcl -notrace
# Log file           : /home/valmyrsilva07/virtex7/skarab-virtex7-toolflow/model/skrab_one.runs/impl_1/top_dut.vdi
# Journal file       : /home/valmyrsilva07/virtex7/skarab-virtex7-toolflow/model/skrab_one.runs/impl_1/vivado.jou
# Running On         : valmyrsilva07-B760M-AORUS-ELITE
# Platform           : Ubuntu
# Operating System   : Ubuntu 20.04.6 LTS
# Processor Detail   : Intel(R) Core(TM) i9-14900F
# CPU Frequency      : 2000.000 MHz
# CPU Physical cores : 24
# CPU Logical cores  : 32
# Host memory        : 67239 MB
# Swap memory        : 2147 MB
# Total Virtual      : 69386 MB
# Available Virtual  : 52750 MB
#-----------------------------------------------------------
source top_dut.tcl -notrace
