#-----------------------------------------------------------
# Vivado v2019.1 (64-bit)
# SW Build 2552052 on Fri May 24 14:47:09 MDT 2019
# IP Build 2548770 on Fri May 24 18:01:18 MDT 2019
# Start of session at: Tue Aug  4 20:03:32 2026
# Process ID: 431582
# Current directory: /home/valmyrsilva07/teste12345/mlib_devel
# Command line: vivado -jou /home/valmyrsilva07/virtex7/skarab-virtex7-toolflow/fpgs/ethernet_one_gbe_skarab_control/ethernet_one_gbe_skarab_axi/vivado.jou -log /home/valmyrsilva07/virtex7/skarab-virtex7-toolflow/fpgs/ethernet_one_gbe_skarab_control/ethernet_one_gbe_skarab_axi/vivado.log -mode batch -source /home/valmyrsilva07/virtex7/skarab-virtex7-toolflow/fpgs/ethernet_one_gbe_skarab_control/ethernet_one_gbe_skarab_axi/gogogo.tcl
# Log file: /home/valmyrsilva07/virtex7/skarab-virtex7-toolflow/fpgs/ethernet_one_gbe_skarab_control/ethernet_one_gbe_skarab_axi/vivado.log
# Journal file: /home/valmyrsilva07/virtex7/skarab-virtex7-toolflow/fpgs/ethernet_one_gbe_skarab_control/ethernet_one_gbe_skarab_axi/vivado.jou
#-----------------------------------------------------------
WARNING: [Runs 36-547] Tool Strategy 'Vivado Implementation Defaults' from file '/tools/Xilinx/Vivado/2019.1/strategies/VDI2015.psg' discarded because strategy with same name already parsed from '/tools/Xilinx/Vivado/2019.1/strategies/VDI2015.psg'
WARNING: [Runs 36-547] Tool Strategy 'Performance_Explore' from file '/tools/Xilinx/Vivado/2019.1/strategies/VDI2015.psg' discarded because strategy with same name already parsed from '/tools/Xilinx/Vivado/2019.1/strategies/VDI2015.psg'
WARNING: [Runs 36-547] Tool Strategy 'Performance_ExplorePostRoutePhysOpt' from file '/tools/Xilinx/Vivado/2019.1/strategies/VDI2015.psg' discarded because strategy with same name already parsed from '/tools/Xilinx/Vivado/2019.1/strategies/VDI2015.psg'
WARNING: [Runs 36-547] Tool Strategy 'Performance_RefinePlacement' from file '/tools/Xilinx/Vivado/2019.1/strategies/VDI2015.psg' discarded because strategy with same name already parsed from '/tools/Xilinx/Vivado/2019.1/strategies/VDI2015.psg'
WARNING: [Runs 36-547] Tool Strategy 'Performance_WLBlockPlacement' from file '/tools/Xilinx/Vivado/2019.1/strategies/VDI2015.psg' discarded because strategy with same name already parsed from '/tools/Xilinx/Vivado/2019.1/strategies/VDI2015.psg'
WARNING: [Runs 36-547] Tool Strategy 'Performance_WLBlockPlacementFanoutOpt' from file '/tools/Xilinx/Vivado/2019.1/strategies/VDI2015.psg' discarded because strategy with same name already parsed from '/tools/Xilinx/Vivado/2019.1/strategies/VDI2015.psg'
WARNING: [Runs 36-547] Tool Strategy 'Performance_NetDelay_high' from file '/tools/Xilinx/Vivado/2019.1/strategies/VDI2015.psg' discarded because strategy with same name already parsed from '/tools/Xilinx/Vivado/2019.1/strategies/VDI2015.psg'
WARNING: [Runs 36-547] Tool Strategy 'Performance_NetDelay_medium' from file '/tools/Xilinx/Vivado/2019.1/strategies/VDI2015.psg' discarded because strategy with same name already parsed from '/tools/Xilinx/Vivado/2019.1/strategies/VDI2015.psg'
WARNING: [Runs 36-547] Tool Strategy 'Performance_NetDelay_low' from file '/tools/Xilinx/Vivado/2019.1/strategies/VDI2015.psg' discarded because strategy with same name already parsed from '/tools/Xilinx/Vivado/2019.1/strategies/VDI2015.psg'
WARNING: [Runs 36-547] Tool Strategy 'Performance_ExploreSLLs' from file '/tools/Xilinx/Vivado/2019.1/strategies/VDI2015.psg' discarded because strategy with same name already parsed from '/tools/Xilinx/Vivado/2019.1/strategies/VDI2015.psg'
WARNING: [Runs 36-547] Tool Strategy 'Performance_Retiming' from file '/tools/Xilinx/Vivado/2019.1/strategies/VDI2015.psg' discarded because strategy with same name already parsed from '/tools/Xilinx/Vivado/2019.1/strategies/VDI2015.psg'
WARNING: [Runs 36-547] Tool Strategy 'Area_Explore' from file '/tools/Xilinx/Vivado/2019.1/strategies/VDI2015.psg' discarded because strategy with same name already parsed from '/tools/Xilinx/Vivado/2019.1/strategies/VDI2015.psg'
WARNING: [Runs 36-547] Tool Strategy 'Power_DefaultOpt' from file '/tools/Xilinx/Vivado/2019.1/strategies/VDI2015.psg' discarded because strategy with same name already parsed from '/tools/Xilinx/Vivado/2019.1/strategies/VDI2015.psg'
WARNING: [Runs 36-547] Tool Strategy 'Flow_RunPhysOpt' from file '/tools/Xilinx/Vivado/2019.1/strategies/VDI2015.psg' discarded because strategy with same name already parsed from '/tools/Xilinx/Vivado/2019.1/strategies/VDI2015.psg'
WARNING: [Runs 36-547] Tool Strategy 'Flow_RunPostRoutePhysOpt' from file '/tools/Xilinx/Vivado/2019.1/strategies/VDI2015.psg' discarded because strategy with same name already parsed from '/tools/Xilinx/Vivado/2019.1/strategies/VDI2015.psg'
WARNING: [Runs 36-547] Tool Strategy 'Flow_RuntimeOptimized' from file '/tools/Xilinx/Vivado/2019.1/strategies/VDI2015.psg' discarded because strategy with same name already parsed from '/tools/Xilinx/Vivado/2019.1/strategies/VDI2015.psg'
WARNING: [Runs 36-547] Tool Strategy 'Flow_Quick' from file '/tools/Xilinx/Vivado/2019.1/strategies/VDI2015.psg' discarded because strategy with same name already parsed from '/tools/Xilinx/Vivado/2019.1/strategies/VDI2015.psg'
WARNING: [Runs 36-547] Tool Strategy 'Congestion_SpreadLogic_high' from file '/tools/Xilinx/Vivado/2019.1/strategies/VDI2015.psg' discarded because strategy with same name already parsed from '/tools/Xilinx/Vivado/2019.1/strategies/VDI2015.psg'
WARNING: [Runs 36-547] Tool Strategy 'Congestion_SpreadLogic_medium' from file '/tools/Xilinx/Vivado/2019.1/strategies/VDI2015.psg' discarded because strategy with same name already parsed from '/tools/Xilinx/Vivado/2019.1/strategies/VDI2015.psg'
WARNING: [Runs 36-547] Tool Strategy 'Congestion_SpreadLogic_low' from file '/tools/Xilinx/Vivado/2019.1/strategies/VDI2015.psg' discarded because strategy with same name already parsed from '/tools/Xilinx/Vivado/2019.1/strategies/VDI2015.psg'
WARNING: [Runs 36-547] Tool Strategy 'Congestion_SpreadLogicSLLs' from file '/tools/Xilinx/Vivado/2019.1/strategies/VDI2015.psg' discarded because strategy with same name already parsed from '/tools/Xilinx/Vivado/2019.1/strategies/VDI2015.psg'
WARNING: [Runs 36-547] Tool Strategy 'Congestion_BalanceSLLs' from file '/tools/Xilinx/Vivado/2019.1/strategies/VDI2015.psg' discarded because strategy with same name already parsed from '/tools/Xilinx/Vivado/2019.1/strategies/VDI2015.psg'
WARNING: [Runs 36-547] Tool Strategy 'Congestion_BalanceSLRs' from file '/tools/Xilinx/Vivado/2019.1/strategies/VDI2015.psg' discarded because strategy with same name already parsed from '/tools/Xilinx/Vivado/2019.1/strategies/VDI2015.psg'
WARNING: [Runs 36-547] Tool Strategy 'Congestion_CompressSLRs' from file '/tools/Xilinx/Vivado/2019.1/strategies/VDI2015.psg' discarded because strategy with same name already parsed from '/tools/Xilinx/Vivado/2019.1/strategies/VDI2015.psg'
WARNING: [Runs 36-547] Tool Strategy 'Vivado Synthesis Defaults' from file '/tools/Xilinx/Vivado/2019.1/strategies/VDS2012.psg' discarded because strategy with same name already parsed from '/tools/Xilinx/Vivado/2019.1/strategies/VDS2012.psg'
WARNING: [Runs 36-547] Tool Strategy 'Vivado Implementation Defaults' from file '/tools/Xilinx/Vivado/2019.1/strategies/VDI2012.psg' discarded because strategy with same name already parsed from '/tools/Xilinx/Vivado/2019.1/strategies/VDI2012.psg'
WARNING: [Runs 36-547] Tool Strategy 'HighEffort' from file '/tools/Xilinx/Vivado/2019.1/strategies/VDI2012.psg' discarded because strategy with same name already parsed from '/tools/Xilinx/Vivado/2019.1/strategies/VDI2012.psg'
WARNING: [Runs 36-547] Tool Strategy 'HighEffortPhySynth' from file '/tools/Xilinx/Vivado/2019.1/strategies/VDI2012.psg' discarded because strategy with same name already parsed from '/tools/Xilinx/Vivado/2019.1/strategies/VDI2012.psg'
WARNING: [Runs 36-547] Tool Strategy 'LowEffort' from file '/tools/Xilinx/Vivado/2019.1/strategies/VDI2012.psg' discarded because strategy with same name already parsed from '/tools/Xilinx/Vivado/2019.1/strategies/VDI2012.psg'
WARNING: [Runs 36-547] Tool Strategy 'QuickEffort' from file '/tools/Xilinx/Vivado/2019.1/strategies/VDI2012.psg' discarded because strategy with same name already parsed from '/tools/Xilinx/Vivado/2019.1/strategies/VDI2012.psg'
WARNING: [Runs 36-547] Tool Strategy 'Vivado Synthesis Defaults' from file '/tools/Xilinx/Vivado/2019.1/strategies/VDS2014.psg' discarded because strategy with same name already parsed from '/tools/Xilinx/Vivado/2019.1/strategies/VDS2014.psg'
WARNING: [Runs 36-547] Tool Strategy 'Flow_RuntimeOptimized' from file '/tools/Xilinx/Vivado/2019.1/strategies/VDS2014.psg' discarded because strategy with same name already parsed from '/tools/Xilinx/Vivado/2019.1/strategies/VDS2014.psg'
WARNING: [Runs 36-547] Tool Strategy 'Flow_AreaOptimized_High' from file '/tools/Xilinx/Vivado/2019.1/strategies/VDS2014.psg' discarded because strategy with same name already parsed from '/tools/Xilinx/Vivado/2019.1/strategies/VDS2014.psg'
WARNING: [Runs 36-547] Tool Strategy 'Flow_PerfOptimized_High' from file '/tools/Xilinx/Vivado/2019.1/strategies/VDS2014.psg' discarded because strategy with same name already parsed from '/tools/Xilinx/Vivado/2019.1/strategies/VDS2014.psg'
WARNING: [Runs 36-547] Tool Strategy 'Vivado Synthesis Defaults' from file '/tools/Xilinx/Vivado/2019.1/strategies/VDS2018.psg' discarded because strategy with same name already parsed from '/tools/Xilinx/Vivado/2019.1/strategies/VDS2018.psg'
WARNING: [Runs 36-547] Tool Strategy 'Flow_AreaOptimized_high' from file '/tools/Xilinx/Vivado/2019.1/strategies/VDS2018.psg' discarded because strategy with same name already parsed from '/tools/Xilinx/Vivado/2019.1/strategies/VDS2018.psg'
WARNING: [Runs 36-547] Tool Strategy 'Flow_AreaOptimized_medium' from file '/tools/Xilinx/Vivado/2019.1/strategies/VDS2018.psg' discarded because strategy with same name already parsed from '/tools/Xilinx/Vivado/2019.1/strategies/VDS2018.psg'
WARNING: [Runs 36-547] Tool Strategy 'Flow_AreaMultThresholdDSP' from file '/tools/Xilinx/Vivado/2019.1/strategies/VDS2018.psg' discarded because strategy with same name already parsed from '/tools/Xilinx/Vivado/2019.1/strategies/VDS2018.psg'
WARNING: [Runs 36-547] Tool Strategy 'Flow_AlternateRoutability' from file '/tools/Xilinx/Vivado/2019.1/strategies/VDS2018.psg' discarded because strategy with same name already parsed from '/tools/Xilinx/Vivado/2019.1/strategies/VDS2018.psg'
WARNING: [Runs 36-547] Tool Strategy 'Flow_PerfOptimized_high' from file '/tools/Xilinx/Vivado/2019.1/strategies/VDS2018.psg' discarded because strategy with same name already parsed from '/tools/Xilinx/Vivado/2019.1/strategies/VDS2018.psg'
WARNING: [Runs 36-547] Tool Strategy 'Flow_PerfThresholdCarry' from file '/tools/Xilinx/Vivado/2019.1/strategies/VDS2018.psg' discarded because strategy with same name already parsed from '/tools/Xilinx/Vivado/2019.1/strategies/VDS2018.psg'
WARNING: [Runs 36-547] Tool Strategy 'Flow_RuntimeOptimized' from file '/tools/Xilinx/Vivado/2019.1/strategies/VDS2018.psg' discarded because strategy with same name already parsed from '/tools/Xilinx/Vivado/2019.1/strategies/VDS2018.psg'
WARNING: [Runs 36-547] Tool Strategy 'Vivado Synthesis Defaults' from file '/tools/Xilinx/Vivado/2019.1/strategies/VDS2017.psg' discarded because strategy with same name already parsed from '/tools/Xilinx/Vivado/2019.1/strategies/VDS2017.psg'
WARNING: [Runs 36-547] Tool Strategy 'Flow_AreaOptimized_high' from file '/tools/Xilinx/Vivado/2019.1/strategies/VDS2017.psg' discarded because strategy with same name already parsed from '/tools/Xilinx/Vivado/2019.1/strategies/VDS2017.psg'
WARNING: [Runs 36-547] Tool Strategy 'Flow_AreaOptimized_medium' from file '/tools/Xilinx/Vivado/2019.1/strategies/VDS2017.psg' discarded because strategy with same name already parsed from '/tools/Xilinx/Vivado/2019.1/strategies/VDS2017.psg'
WARNING: [Runs 36-547] Tool Strategy 'Flow_AreaMultThresholdDSP' from file '/tools/Xilinx/Vivado/2019.1/strategies/VDS2017.psg' discarded because strategy with same name already parsed from '/tools/Xilinx/Vivado/2019.1/strategies/VDS2017.psg'
WARNING: [Runs 36-547] Tool Strategy 'Flow_AlternateRoutability' from file '/tools/Xilinx/Vivado/2019.1/strategies/VDS2017.psg' discarded because strategy with same name already parsed from '/tools/Xilinx/Vivado/2019.1/strategies/VDS2017.psg'
WARNING: [Runs 36-547] Tool Strategy 'Flow_PerfOptimized_high' from file '/tools/Xilinx/Vivado/2019.1/strategies/VDS2017.psg' discarded because strategy with same name already parsed from '/tools/Xilinx/Vivado/2019.1/strategies/VDS2017.psg'
WARNING: [Runs 36-547] Tool Strategy 'Flow_PerfThresholdCarry' from file '/tools/Xilinx/Vivado/2019.1/strategies/VDS2017.psg' discarded because strategy with same name already parsed from '/tools/Xilinx/Vivado/2019.1/strategies/VDS2017.psg'
WARNING: [Runs 36-547] Tool Strategy 'Flow_RuntimeOptimized' from file '/tools/Xilinx/Vivado/2019.1/strategies/VDS2017.psg' discarded because strategy with same name already parsed from '/tools/Xilinx/Vivado/2019.1/strategies/VDS2017.psg'
WARNING: [Runs 36-547] Tool Strategy 'Vivado Synthesis Defaults' from file '/tools/Xilinx/Vivado/2019.1/strategies/VDS2013.psg' discarded because strategy with same name already parsed from '/tools/Xilinx/Vivado/2019.1/strategies/VDS2013.psg'
WARNING: [Runs 36-547] Tool Strategy 'Flow_RuntimeOptimized' from file '/tools/Xilinx/Vivado/2019.1/strategies/VDS2013.psg' discarded because strategy with same name already parsed from '/tools/Xilinx/Vivado/2019.1/strategies/VDS2013.psg'
WARNING: [Runs 36-547] Tool Strategy 'Vivado Implementation Defaults' from file '/tools/Xilinx/Vivado/2019.1/strategies/VDI2017.psg' discarded because strategy with same name already parsed from '/tools/Xilinx/Vivado/2019.1/strategies/VDI2017.psg'
WARNING: [Runs 36-547] Tool Strategy 'Performance_Explore' from file '/tools/Xilinx/Vivado/2019.1/strategies/VDI2017.psg' discarded because strategy with same name already parsed from '/tools/Xilinx/Vivado/2019.1/strategies/VDI2017.psg'
WARNING: [Runs 36-547] Tool Strategy 'Performance_ExplorePostRoutePhysOpt' from file '/tools/Xilinx/Vivado/2019.1/strategies/VDI2017.psg' discarded because strategy with same name already parsed from '/tools/Xilinx/Vivado/2019.1/strategies/VDI2017.psg'
WARNING: [Runs 36-547] Tool Strategy 'Performance_WLBlockPlacement' from file '/tools/Xilinx/Vivado/2019.1/strategies/VDI2017.psg' discarded because strategy with same name already parsed from '/tools/Xilinx/Vivado/2019.1/strategies/VDI2017.psg'
WARNING: [Runs 36-547] Tool Strategy 'Performance_WLBlockPlacementFanoutOpt' from file '/tools/Xilinx/Vivado/2019.1/strategies/VDI2017.psg' discarded because strategy with same name already parsed from '/tools/Xilinx/Vivado/2019.1/strategies/VDI2017.psg'
WARNING: [Runs 36-547] Tool Strategy 'Performance_EarlyBlockPlacement' from file '/tools/Xilinx/Vivado/2019.1/strategies/VDI2017.psg' discarded because strategy with same name already parsed from '/tools/Xilinx/Vivado/2019.1/strategies/VDI2017.psg'
WARNING: [Runs 36-547] Tool Strategy 'Performance_NetDelay_high' from file '/tools/Xilinx/Vivado/2019.1/strategies/VDI2017.psg' discarded because strategy with same name already parsed from '/tools/Xilinx/Vivado/2019.1/strategies/VDI2017.psg'
WARNING: [Runs 36-547] Tool Strategy 'Performance_NetDelay_low' from file '/tools/Xilinx/Vivado/2019.1/strategies/VDI2017.psg' discarded because strategy with same name already parsed from '/tools/Xilinx/Vivado/2019.1/strategies/VDI2017.psg'
WARNING: [Runs 36-547] Tool Strategy 'Performance_Retiming' from file '/tools/Xilinx/Vivado/2019.1/strategies/VDI2017.psg' discarded because strategy with same name already parsed from '/tools/Xilinx/Vivado/2019.1/strategies/VDI2017.psg'
WARNING: [Runs 36-547] Tool Strategy 'Performance_ExtraTimingOpt' from file '/tools/Xilinx/Vivado/2019.1/strategies/VDI2017.psg' discarded because strategy with same name already parsed from '/tools/Xilinx/Vivado/2019.1/strategies/VDI2017.psg'
WARNING: [Runs 36-547] Tool Strategy 'Performance_RefinePlacement' from file '/tools/Xilinx/Vivado/2019.1/strategies/VDI2017.psg' discarded because strategy with same name already parsed from '/tools/Xilinx/Vivado/2019.1/strategies/VDI2017.psg'
WARNING: [Runs 36-547] Tool Strategy 'Performance_SpreadSLLs' from file '/tools/Xilinx/Vivado/2019.1/strategies/VDI2017.psg' discarded because strategy with same name already parsed from '/tools/Xilinx/Vivado/2019.1/strategies/VDI2017.psg'
WARNING: [Runs 36-547] Tool Strategy 'Performance_BalanceSLLs' from file '/tools/Xilinx/Vivado/2019.1/strategies/VDI2017.psg' discarded because strategy with same name already parsed from '/tools/Xilinx/Vivado/2019.1/strategies/VDI2017.psg'
WARNING: [Runs 36-547] Tool Strategy 'Congestion_SpreadLogic_high' from file '/tools/Xilinx/Vivado/2019.1/strategies/VDI2017.psg' discarded because strategy with same name already parsed from '/tools/Xilinx/Vivado/2019.1/strategies/VDI2017.psg'
WARNING: [Runs 36-547] Tool Strategy 'Congestion_SpreadLogic_medium' from file '/tools/Xilinx/Vivado/2019.1/strategies/VDI2017.psg' discarded because strategy with same name already parsed from '/tools/Xilinx/Vivado/2019.1/strategies/VDI2017.psg'
WARNING: [Runs 36-547] Tool Strategy 'Congestion_SpreadLogic_low' from file '/tools/Xilinx/Vivado/2019.1/strategies/VDI2017.psg' discarded because strategy with same name already parsed from '/tools/Xilinx/Vivado/2019.1/strategies/VDI2017.psg'
WARNING: [Runs 36-547] Tool Strategy 'Congestion_SpreadLogic_Explore' from file '/tools/Xilinx/Vivado/2019.1/strategies/VDI2017.psg' discarded because strategy with same name already parsed from '/tools/Xilinx/Vivado/2019.1/strategies/VDI2017.psg'
WARNING: [Runs 36-547] Tool Strategy 'Congestion_SSI_SpreadLogic_high' from file '/tools/Xilinx/Vivado/2019.1/strategies/VDI2017.psg' discarded because strategy with same name already parsed from '/tools/Xilinx/Vivado/2019.1/strategies/VDI2017.psg'
WARNING: [Runs 36-547] Tool Strategy 'Congestion_SSI_SpreadLogic_low' from file '/tools/Xilinx/Vivado/2019.1/strategies/VDI2017.psg' discarded because strategy with same name already parsed from '/tools/Xilinx/Vivado/2019.1/strategies/VDI2017.psg'
WARNING: [Runs 36-547] Tool Strategy 'Congestion_SSI_SpreadLogic_Explore' from file '/tools/Xilinx/Vivado/2019.1/strategies/VDI2017.psg' discarded because strategy with same name already parsed from '/tools/Xilinx/Vivado/2019.1/strategies/VDI2017.psg'
WARNING: [Runs 36-547] Tool Strategy 'Area_Explore' from file '/tools/Xilinx/Vivado/2019.1/strategies/VDI2017.psg' discarded because strategy with same name already parsed from '/tools/Xilinx/Vivado/2019.1/strategies/VDI2017.psg'
WARNING: [Runs 36-547] Tool Strategy 'Area_ExploreSequential' from file '/tools/Xilinx/Vivado/2019.1/strategies/VDI2017.psg' discarded because strategy with same name already parsed from '/tools/Xilinx/Vivado/2019.1/strategies/VDI2017.psg'
WARNING: [Runs 36-547] Tool Strategy 'Area_ExploreWithRemap' from file '/tools/Xilinx/Vivado/2019.1/strategies/VDI2017.psg' discarded because strategy with same name already parsed from '/tools/Xilinx/Vivado/2019.1/strategies/VDI2017.psg'
WARNING: [Runs 36-547] Tool Strategy 'Power_DefaultOpt' from file '/tools/Xilinx/Vivado/2019.1/strategies/VDI2017.psg' discarded because strategy with same name already parsed from '/tools/Xilinx/Vivado/2019.1/strategies/VDI2017.psg'
WARNING: [Runs 36-547] Tool Strategy 'Power_ExploreArea' from file '/tools/Xilinx/Vivado/2019.1/strategies/VDI2017.psg' discarded because strategy with same name already parsed from '/tools/Xilinx/Vivado/2019.1/strategies/VDI2017.psg'
WARNING: [Runs 36-547] Tool Strategy 'Flow_RunPhysOpt' from file '/tools/Xilinx/Vivado/2019.1/strategies/VDI2017.psg' discarded because strategy with same name already parsed from '/tools/Xilinx/Vivado/2019.1/strategies/VDI2017.psg'
WARNING: [Runs 36-547] Tool Strategy 'Flow_RunPostRoutePhysOpt' from file '/tools/Xilinx/Vivado/2019.1/strategies/VDI2017.psg' discarded because strategy with same name already parsed from '/tools/Xilinx/Vivado/2019.1/strategies/VDI2017.psg'
WARNING: [Runs 36-547] Tool Strategy 'Flow_RuntimeOptimized' from file '/tools/Xilinx/Vivado/2019.1/strategies/VDI2017.psg' discarded because strategy with same name already parsed from '/tools/Xilinx/Vivado/2019.1/strategies/VDI2017.psg'
WARNING: [Runs 36-547] Tool Strategy 'Flow_Quick' from file '/tools/Xilinx/Vivado/2019.1/strategies/VDI2017.psg' discarded because strategy with same name already parsed from '/tools/Xilinx/Vivado/2019.1/strategies/VDI2017.psg'
WARNING: [Runs 36-547] Tool Strategy 'Vivado Implementation Defaults' from file '/tools/Xilinx/Vivado/2019.1/strategies/VDI2014.psg' discarded because strategy with same name already parsed from '/tools/Xilinx/Vivado/2019.1/strategies/VDI2014.psg'
WARNING: [Runs 36-547] Tool Strategy 'Performance_Explore' from file '/tools/Xilinx/Vivado/2019.1/strategies/VDI2014.psg' discarded because strategy with same name already parsed from '/tools/Xilinx/Vivado/2019.1/strategies/VDI2014.psg'
WARNING: [Runs 36-547] Tool Strategy 'Performance_ExplorePostRoutePhysOpt' from file '/tools/Xilinx/Vivado/2019.1/strategies/VDI2014.psg' discarded because strategy with same name already parsed from '/tools/Xilinx/Vivado/2019.1/strategies/VDI2014.psg'
WARNING: [Runs 36-547] Tool Strategy 'Performance_RefinePlacement' from file '/tools/Xilinx/Vivado/2019.1/strategies/VDI2014.psg' discarded because strategy with same name already parsed from '/tools/Xilinx/Vivado/2019.1/strategies/VDI2014.psg'
WARNING: [Runs 36-547] Tool Strategy 'Performance_WLBlockPlacement' from file '/tools/Xilinx/Vivado/2019.1/strategies/VDI2014.psg' discarded because strategy with same name already parsed from '/tools/Xilinx/Vivado/2019.1/strategies/VDI2014.psg'
WARNING: [Runs 36-547] Tool Strategy 'Performance_WLBlockPlacementFanoutOpt' from file '/tools/Xilinx/Vivado/2019.1/strategies/VDI2014.psg' discarded because strategy with same name already parsed from '/tools/Xilinx/Vivado/2019.1/strategies/VDI2014.psg'
WARNING: [Runs 36-547] Tool Strategy 'Performance_LateBlockPlacement' from file '/tools/Xilinx/Vivado/2019.1/strategies/VDI2014.psg' discarded because strategy with same name already parsed from '/tools/Xilinx/Vivado/2019.1/strategies/VDI2014.psg'
WARNING: [Runs 36-547] Tool Strategy 'Performance_NetDelay_high' from file '/tools/Xilinx/Vivado/2019.1/strategies/VDI2014.psg' discarded because strategy with same name already parsed from '/tools/Xilinx/Vivado/2019.1/strategies/VDI2014.psg'
WARNING: [Runs 36-547] Tool Strategy 'Performance_NetDelay_medium' from file '/tools/Xilinx/Vivado/2019.1/strategies/VDI2014.psg' discarded because strategy with same name already parsed from '/tools/Xilinx/Vivado/2019.1/strategies/VDI2014.psg'
WARNING: [Runs 36-547] Tool Strategy 'Performance_NetDelay_low' from file '/tools/Xilinx/Vivado/2019.1/strategies/VDI2014.psg' discarded because strategy with same name already parsed from '/tools/Xilinx/Vivado/2019.1/strategies/VDI2014.psg'
WARNING: [Runs 36-547] Tool Strategy 'Performance_ExploreSLLs' from file '/tools/Xilinx/Vivado/2019.1/strategies/VDI2014.psg' discarded because strategy with same name already parsed from '/tools/Xilinx/Vivado/2019.1/strategies/VDI2014.psg'
WARNING: [Runs 36-547] Tool Strategy 'Performance_Retiming' from file '/tools/Xilinx/Vivado/2019.1/strategies/VDI2014.psg' discarded because strategy with same name already parsed from '/tools/Xilinx/Vivado/2019.1/strategies/VDI2014.psg'
WARNING: [Runs 36-547] Tool Strategy 'Area_Explore' from file '/tools/Xilinx/Vivado/2019.1/strategies/VDI2014.psg' discarded because strategy with same name already parsed from '/tools/Xilinx/Vivado/2019.1/strategies/VDI2014.psg'
WARNING: [Runs 36-547] Tool Strategy 'Power_DefaultOpt' from file '/tools/Xilinx/Vivado/2019.1/strategies/VDI2014.psg' discarded because strategy with same name already parsed from '/tools/Xilinx/Vivado/2019.1/strategies/VDI2014.psg'
WARNING: [Runs 36-547] Tool Strategy 'Flow_RunPhysOpt' from file '/tools/Xilinx/Vivado/2019.1/strategies/VDI2014.psg' discarded because strategy with same name already parsed from '/tools/Xilinx/Vivado/2019.1/strategies/VDI2014.psg'
WARNING: [Runs 36-547] Tool Strategy 'Flow_RunPostRoutePhysOpt' from file '/tools/Xilinx/Vivado/2019.1/strategies/VDI2014.psg' discarded because strategy with same name already parsed from '/tools/Xilinx/Vivado/2019.1/strategies/VDI2014.psg'
WARNING: [Runs 36-547] Tool Strategy 'Flow_RuntimeOptimized' from file '/tools/Xilinx/Vivado/2019.1/strategies/VDI2014.psg' discarded because strategy with same name already parsed from '/tools/Xilinx/Vivado/2019.1/strategies/VDI2014.psg'
WARNING: [Runs 36-547] Tool Strategy 'Flow_Quick' from file '/tools/Xilinx/Vivado/2019.1/strategies/VDI2014.psg' discarded because strategy with same name already parsed from '/tools/Xilinx/Vivado/2019.1/strategies/VDI2014.psg'
WARNING: [Runs 36-547] Tool Strategy 'Congestion_SpreadLogic_high' from file '/tools/Xilinx/Vivado/2019.1/strategies/VDI2014.psg' discarded because strategy with same name already parsed from '/tools/Xilinx/Vivado/2019.1/strategies/VDI2014.psg'
INFO: [Common 17-14] Message 'Runs 36-547' appears 100 times and further instances of the messages will be disabled. Use the Tcl command set_msg_config to change the current settings.
WARNING: [Runs 36-546] Tool Report Strategy 'Vivado Implementation Default Reports' from file '/tools/Xilinx/Vivado/2019.1/reportstrategies/VRI2017.psg' discarded because strategy with same name already parsed from '/tools/Xilinx/Vivado/2019.1/reportstrategies/VRI2017.psg'
WARNING: [Runs 36-546] Tool Report Strategy 'UltraFast Design Methodology Reports' from file '/tools/Xilinx/Vivado/2019.1/reportstrategies/VRI2017.psg' discarded because strategy with same name already parsed from '/tools/Xilinx/Vivado/2019.1/reportstrategies/VRI2017.psg'
WARNING: [Runs 36-546] Tool Report Strategy 'Performance Explore Reports' from file '/tools/Xilinx/Vivado/2019.1/reportstrategies/VRI2017.psg' discarded because strategy with same name already parsed from '/tools/Xilinx/Vivado/2019.1/reportstrategies/VRI2017.psg'
WARNING: [Runs 36-546] Tool Report Strategy 'Timing Closure Reports' from file '/tools/Xilinx/Vivado/2019.1/reportstrategies/VRI2017.psg' discarded because strategy with same name already parsed from '/tools/Xilinx/Vivado/2019.1/reportstrategies/VRI2017.psg'
WARNING: [Runs 36-546] Tool Report Strategy 'No Reports' from file '/tools/Xilinx/Vivado/2019.1/reportstrategies/VRI2017.psg' discarded because strategy with same name already parsed from '/tools/Xilinx/Vivado/2019.1/reportstrategies/VRI2017.psg'
WARNING: [Runs 36-546] Tool Report Strategy 'Vivado Implementation Default Reports' from file '/tools/Xilinx/Vivado/2019.1/reportstrategies/VRI2018.psg' discarded because strategy with same name already parsed from '/tools/Xilinx/Vivado/2019.1/reportstrategies/VRI2018.psg'
WARNING: [Runs 36-546] Tool Report Strategy 'UltraFast Design Methodology Reports' from file '/tools/Xilinx/Vivado/2019.1/reportstrategies/VRI2018.psg' discarded because strategy with same name already parsed from '/tools/Xilinx/Vivado/2019.1/reportstrategies/VRI2018.psg'
WARNING: [Runs 36-546] Tool Report Strategy 'Performance Explore Reports' from file '/tools/Xilinx/Vivado/2019.1/reportstrategies/VRI2018.psg' discarded because strategy with same name already parsed from '/tools/Xilinx/Vivado/2019.1/reportstrategies/VRI2018.psg'
WARNING: [Runs 36-546] Tool Report Strategy 'Timing Closure Reports' from file '/tools/Xilinx/Vivado/2019.1/reportstrategies/VRI2018.psg' discarded because strategy with same name already parsed from '/tools/Xilinx/Vivado/2019.1/reportstrategies/VRI2018.psg'
WARNING: [Runs 36-546] Tool Report Strategy 'No Reports' from file '/tools/Xilinx/Vivado/2019.1/reportstrategies/VRI2018.psg' discarded because strategy with same name already parsed from '/tools/Xilinx/Vivado/2019.1/reportstrategies/VRI2018.psg'
WARNING: [Runs 36-546] Tool Report Strategy 'Vivado Synthesis Default Reports' from file '/tools/Xilinx/Vivado/2019.1/reportstrategies/VRS2018.psg' discarded because strategy with same name already parsed from '/tools/Xilinx/Vivado/2019.1/reportstrategies/VRS2018.psg'
WARNING: [Runs 36-546] Tool Report Strategy 'No Reports' from file '/tools/Xilinx/Vivado/2019.1/reportstrategies/VRS2018.psg' discarded because strategy with same name already parsed from '/tools/Xilinx/Vivado/2019.1/reportstrategies/VRS2018.psg'
WARNING: [Runs 36-546] Tool Report Strategy 'Vivado Synthesis Default Reports' from file '/tools/Xilinx/Vivado/2019.1/reportstrategies/VRS2019.psg' discarded because strategy with same name already parsed from '/tools/Xilinx/Vivado/2019.1/reportstrategies/VRS2019.psg'
WARNING: [Runs 36-546] Tool Report Strategy 'No Reports' from file '/tools/Xilinx/Vivado/2019.1/reportstrategies/VRS2019.psg' discarded because strategy with same name already parsed from '/tools/Xilinx/Vivado/2019.1/reportstrategies/VRS2019.psg'
WARNING: [Runs 36-546] Tool Report Strategy 'Vivado Implementation Default Reports' from file '/tools/Xilinx/Vivado/2019.1/reportstrategies/VRI2019.psg' discarded because strategy with same name already parsed from '/tools/Xilinx/Vivado/2019.1/reportstrategies/VRI2019.psg'
WARNING: [Runs 36-546] Tool Report Strategy 'UltraFast Design Methodology Reports' from file '/tools/Xilinx/Vivado/2019.1/reportstrategies/VRI2019.psg' discarded because strategy with same name already parsed from '/tools/Xilinx/Vivado/2019.1/reportstrategies/VRI2019.psg'
WARNING: [Runs 36-546] Tool Report Strategy 'Performance Explore Reports' from file '/tools/Xilinx/Vivado/2019.1/reportstrategies/VRI2019.psg' discarded because strategy with same name already parsed from '/tools/Xilinx/Vivado/2019.1/reportstrategies/VRI2019.psg'
WARNING: [Runs 36-546] Tool Report Strategy 'Timing Closure Reports' from file '/tools/Xilinx/Vivado/2019.1/reportstrategies/VRI2019.psg' discarded because strategy with same name already parsed from '/tools/Xilinx/Vivado/2019.1/reportstrategies/VRI2019.psg'
WARNING: [Runs 36-546] Tool Report Strategy 'No Reports' from file '/tools/Xilinx/Vivado/2019.1/reportstrategies/VRI2019.psg' discarded because strategy with same name already parsed from '/tools/Xilinx/Vivado/2019.1/reportstrategies/VRI2019.psg'
WARNING: [Runs 36-546] Tool Report Strategy 'Vivado Synthesis Default Reports' from file '/tools/Xilinx/Vivado/2019.1/reportstrategies/VRS2017.psg' discarded because strategy with same name already parsed from '/tools/Xilinx/Vivado/2019.1/reportstrategies/VRS2017.psg'
WARNING: [Runs 36-546] Tool Report Strategy 'No Reports' from file '/tools/Xilinx/Vivado/2019.1/reportstrategies/VRS2017.psg' discarded because strategy with same name already parsed from '/tools/Xilinx/Vivado/2019.1/reportstrategies/VRS2017.psg'
source /home/valmyrsilva07/virtex7/skarab-virtex7-toolflow/fpgs/ethernet_one_gbe_skarab_control/ethernet_one_gbe_skarab_axi/gogogo.tcl
# puts "Starting tcl script"
Starting tcl script
# create_project -f myproj /home/valmyrsilva07/virtex7/skarab-virtex7-toolflow/fpgs/ethernet_one_gbe_skarab_control/ethernet_one_gbe_skarab_axi/myproj -part xc7vx690tffg1927-2
# set_property target_language VHDL [current_project]
# import_files -force /home/valmyrsilva07/virtex7/skarab-virtex7-toolflow/fpgs/ethernet_one_gbe_skarab_control/ethernet_one_gbe_skarab_axi/top.v
# import_files -force /home/valmyrsilva07/teste12345/mlib_devel/jasper_library/hdl_sources/wb_register_ppc2simulink
# import_files -force /home/valmyrsilva07/teste12345/mlib_devel/jasper_library/hdl_sources/wb_register_simulink2ppc
# import_files -force /home/valmyrsilva07/teste12345/mlib_devel/jasper_library/hdl_sources/wb_bram
# import_files -force /home/valmyrsilva07/teste12345/mlib_devel/jasper_library/hdl_sources/skarab_one_gbe/SKA_10GBE_MAC
# import_files -force /home/valmyrsilva07/teste12345/mlib_devel/jasper_library/hdl_sources/skarab_one_gbe/xaui_to_gmii_fifo/xaui_to_gmii_fifo.xci
INFO: [IP_Flow 19-234] Refreshing IP repositories
INFO: [IP_Flow 19-1704] No user IP repositories specified
INFO: [IP_Flow 19-2313] Loaded Vivado IP repository '/tools/Xilinx/Vivado/2019.1/data/ip'.
WARNING: [IP_Flow 19-2162] IP 'xaui_to_gmii_fifo' is locked:
* IP 'xaui_to_gmii_fifo' is configured as a user-managed IP. In this mode it is the user's responsibility to manage all IP files. * IP definition 'FIFO Generator (13.1)' for IP 'xaui_to_gmii_fifo' (customized with software release 2016.2) has a newer minor version in the IP Catalog. * IP definition 'FIFO Generator (13.1)' for IP 'xaui_to_gmii_fifo' (customized with software release 2016.2) has a different revision in the IP Catalog.
# import_files -force /home/valmyrsilva07/teste12345/mlib_devel/jasper_library/hdl_sources/skarab_one_gbe/gmii_to_xaui_fifo/gmii_to_xaui_fifo.xci
WARNING: [IP_Flow 19-2162] IP 'gmii_to_xaui_fifo' is locked:
* IP 'gmii_to_xaui_fifo' is configured as a user-managed IP. In this mode it is the user's responsibility to manage all IP files. * IP definition 'FIFO Generator (13.1)' for IP 'gmii_to_xaui_fifo' (customized with software release 2016.2) has a newer minor version in the IP Catalog. * IP definition 'FIFO Generator (13.1)' for IP 'gmii_to_xaui_fifo' (customized with software release 2016.2) has a different revision in the IP Catalog.
# import_files -force /home/valmyrsilva07/teste12345/mlib_devel/jasper_library/hdl_sources/skarab_one_gbe/gmii_to_sgmii/gmii_to_sgmii.xci
# import_files -force /home/valmyrsilva07/teste12345/mlib_devel/jasper_library/hdl_sources/skarab_one_gbe/one_gbe.vhd
# import_files -force /home/valmyrsilva07/teste12345/mlib_devel/jasper_library/hdl_sources/skarab_one_gbe/xaui_to_gmii_translator.vhd
# import_files -force /home/valmyrsilva07/teste12345/mlib_devel/jasper_library/hdl_sources/skarab_one_gbe/gmii_to_xaui_translator.vhd
# import_files -force /home/valmyrsilva07/teste12345/mlib_devel/jasper_library/hdl_sources/skarab_one_gbe/tx_fifo_ext/tx_fifo_ext.xci
# import_files -force /home/valmyrsilva07/teste12345/mlib_devel/jasper_library/hdl_sources/skarab_one_gbe/tx_data_fifo_ext/tx_data_fifo_ext.xci
# import_files -force /home/valmyrsilva07/teste12345/mlib_devel/jasper_library/hdl_sources/skarab_one_gbe/cpu_buffer/cpu_buffer.xci
# import_files -force /home/valmyrsilva07/teste12345/mlib_devel/jasper_library/hdl_sources/skarab_one_gbe/tx_packet_fifo/tx_packet_fifo.xci
WARNING: [IP_Flow 19-3664] IP 'tx_packet_fifo' generated file not found '/home/valmyrsilva07/teste12345/mlib_devel/jasper_library/hdl_sources/skarab_one_gbe/tx_packet_fifo/simulation/fifo_generator_vlog_beh.v'. Please regenerate to continue.
WARNING: [IP_Flow 19-3664] IP 'tx_packet_fifo' generated file not found '/home/valmyrsilva07/teste12345/mlib_devel/jasper_library/hdl_sources/skarab_one_gbe/tx_packet_fifo/sim/tx_packet_fifo.v'. Please regenerate to continue.
WARNING: [IP_Flow 19-3664] IP 'tx_packet_fifo' generated file not found '/home/valmyrsilva07/teste12345/mlib_devel/jasper_library/hdl_sources/skarab_one_gbe/tx_packet_fifo/doc/fifo_generator_v13_2_changelog.txt'. Please regenerate to continue.
CRITICAL WARNING: [IP_Flow 19-4299] Failed to copy '/home/valmyrsilva07/teste12345/mlib_devel/jasper_library/hdl_sources/skarab_one_gbe/tx_packet_fifo/doc/fifo_generator_v13_2_changelog.txt' to '/home/valmyrsilva07/virtex7/skarab-virtex7-toolflow/fpgs/ethernet_one_gbe_skarab_control/ethernet_one_gbe_skarab_axi/myproj/myproj.srcs/sources_1/ip/tx_packet_fifo/doc/fifo_generator_v13_2_changelog.txt'
CRITICAL WARNING: [IP_Flow 19-4299] Failed to copy '/home/valmyrsilva07/teste12345/mlib_devel/jasper_library/hdl_sources/skarab_one_gbe/tx_packet_fifo/simulation/fifo_generator_vlog_beh.v' to '/home/valmyrsilva07/virtex7/skarab-virtex7-toolflow/fpgs/ethernet_one_gbe_skarab_control/ethernet_one_gbe_skarab_axi/myproj/myproj.srcs/sources_1/ip/tx_packet_fifo/simulation/fifo_generator_vlog_beh.v'
CRITICAL WARNING: [IP_Flow 19-4299] Failed to copy '/home/valmyrsilva07/teste12345/mlib_devel/jasper_library/hdl_sources/skarab_one_gbe/tx_packet_fifo/sim/tx_packet_fifo.v' to '/home/valmyrsilva07/virtex7/skarab-virtex7-toolflow/fpgs/ethernet_one_gbe_skarab_control/ethernet_one_gbe_skarab_axi/myproj/myproj.srcs/sources_1/ip/tx_packet_fifo/sim/tx_packet_fifo.v'
# import_files -force /home/valmyrsilva07/teste12345/mlib_devel/jasper_library/hdl_sources/skarab_one_gbe/tx_packet_ctrl_fifo/tx_packet_ctrl_fifo.xci
WARNING: [IP_Flow 19-3664] IP 'tx_packet_ctrl_fifo' generated file not found '/home/valmyrsilva07/teste12345/mlib_devel/jasper_library/hdl_sources/skarab_one_gbe/tx_packet_ctrl_fifo/simulation/fifo_generator_vlog_beh.v'. Please regenerate to continue.
WARNING: [IP_Flow 19-3664] IP 'tx_packet_ctrl_fifo' generated file not found '/home/valmyrsilva07/teste12345/mlib_devel/jasper_library/hdl_sources/skarab_one_gbe/tx_packet_ctrl_fifo/sim/tx_packet_ctrl_fifo.v'. Please regenerate to continue.
WARNING: [IP_Flow 19-3664] IP 'tx_packet_ctrl_fifo' generated file not found '/home/valmyrsilva07/teste12345/mlib_devel/jasper_library/hdl_sources/skarab_one_gbe/tx_packet_ctrl_fifo/doc/fifo_generator_v13_2_changelog.txt'. Please regenerate to continue.
CRITICAL WARNING: [IP_Flow 19-4299] Failed to copy '/home/valmyrsilva07/teste12345/mlib_devel/jasper_library/hdl_sources/skarab_one_gbe/tx_packet_ctrl_fifo/doc/fifo_generator_v13_2_changelog.txt' to '/home/valmyrsilva07/virtex7/skarab-virtex7-toolflow/fpgs/ethernet_one_gbe_skarab_control/ethernet_one_gbe_skarab_axi/myproj/myproj.srcs/sources_1/ip/tx_packet_ctrl_fifo/doc/fifo_generator_v13_2_changelog.txt'
CRITICAL WARNING: [IP_Flow 19-4299] Failed to copy '/home/valmyrsilva07/teste12345/mlib_devel/jasper_library/hdl_sources/skarab_one_gbe/tx_packet_ctrl_fifo/simulation/fifo_generator_vlog_beh.v' to '/home/valmyrsilva07/virtex7/skarab-virtex7-toolflow/fpgs/ethernet_one_gbe_skarab_control/ethernet_one_gbe_skarab_axi/myproj/myproj.srcs/sources_1/ip/tx_packet_ctrl_fifo/simulation/fifo_generator_vlog_beh.v'
CRITICAL WARNING: [IP_Flow 19-4299] Failed to copy '/home/valmyrsilva07/teste12345/mlib_devel/jasper_library/hdl_sources/skarab_one_gbe/tx_packet_ctrl_fifo/sim/tx_packet_ctrl_fifo.v' to '/home/valmyrsilva07/virtex7/skarab-virtex7-toolflow/fpgs/ethernet_one_gbe_skarab_control/ethernet_one_gbe_skarab_axi/myproj/myproj.srcs/sources_1/ip/tx_packet_ctrl_fifo/sim/tx_packet_ctrl_fifo.v'
# import_files -force /home/valmyrsilva07/teste12345/mlib_devel/jasper_library/hdl_sources/skarab_one_gbe/rx_packet_fifo_bram/rx_packet_fifo_bram.xci
WARNING: [IP_Flow 19-3664] IP 'rx_packet_fifo_bram' generated file not found '/home/valmyrsilva07/teste12345/mlib_devel/jasper_library/hdl_sources/skarab_one_gbe/rx_packet_fifo_bram/simulation/fifo_generator_vlog_beh.v'. Please regenerate to continue.
WARNING: [IP_Flow 19-3664] IP 'rx_packet_fifo_bram' generated file not found '/home/valmyrsilva07/teste12345/mlib_devel/jasper_library/hdl_sources/skarab_one_gbe/rx_packet_fifo_bram/sim/rx_packet_fifo_bram.v'. Please regenerate to continue.
WARNING: [IP_Flow 19-3664] IP 'rx_packet_fifo_bram' generated file not found '/home/valmyrsilva07/teste12345/mlib_devel/jasper_library/hdl_sources/skarab_one_gbe/rx_packet_fifo_bram/doc/fifo_generator_v13_2_changelog.txt'. Please regenerate to continue.
CRITICAL WARNING: [IP_Flow 19-4299] Failed to copy '/home/valmyrsilva07/teste12345/mlib_devel/jasper_library/hdl_sources/skarab_one_gbe/rx_packet_fifo_bram/doc/fifo_generator_v13_2_changelog.txt' to '/home/valmyrsilva07/virtex7/skarab-virtex7-toolflow/fpgs/ethernet_one_gbe_skarab_control/ethernet_one_gbe_skarab_axi/myproj/myproj.srcs/sources_1/ip/rx_packet_fifo_bram/doc/fifo_generator_v13_2_changelog.txt'
CRITICAL WARNING: [IP_Flow 19-4299] Failed to copy '/home/valmyrsilva07/teste12345/mlib_devel/jasper_library/hdl_sources/skarab_one_gbe/rx_packet_fifo_bram/simulation/fifo_generator_vlog_beh.v' to '/home/valmyrsilva07/virtex7/skarab-virtex7-toolflow/fpgs/ethernet_one_gbe_skarab_control/ethernet_one_gbe_skarab_axi/myproj/myproj.srcs/sources_1/ip/rx_packet_fifo_bram/simulation/fifo_generator_vlog_beh.v'
CRITICAL WARNING: [IP_Flow 19-4299] Failed to copy '/home/valmyrsilva07/teste12345/mlib_devel/jasper_library/hdl_sources/skarab_one_gbe/rx_packet_fifo_bram/sim/rx_packet_fifo_bram.v' to '/home/valmyrsilva07/virtex7/skarab-virtex7-toolflow/fpgs/ethernet_one_gbe_skarab_control/ethernet_one_gbe_skarab_axi/myproj/myproj.srcs/sources_1/ip/rx_packet_fifo_bram/sim/rx_packet_fifo_bram.v'
# import_files -force /home/valmyrsilva07/teste12345/mlib_devel/jasper_library/hdl_sources/skarab_one_gbe/rx_packet_ctrl_fifo/rx_packet_ctrl_fifo.xci
WARNING: [IP_Flow 19-3664] IP 'rx_packet_ctrl_fifo' generated file not found '/home/valmyrsilva07/teste12345/mlib_devel/jasper_library/hdl_sources/skarab_one_gbe/rx_packet_ctrl_fifo/simulation/fifo_generator_vlog_beh.v'. Please regenerate to continue.
WARNING: [IP_Flow 19-3664] IP 'rx_packet_ctrl_fifo' generated file not found '/home/valmyrsilva07/teste12345/mlib_devel/jasper_library/hdl_sources/skarab_one_gbe/rx_packet_ctrl_fifo/sim/rx_packet_ctrl_fifo.v'. Please regenerate to continue.
WARNING: [IP_Flow 19-3664] IP 'rx_packet_ctrl_fifo' generated file not found '/home/valmyrsilva07/teste12345/mlib_devel/jasper_library/hdl_sources/skarab_one_gbe/rx_packet_ctrl_fifo/doc/fifo_generator_v13_2_changelog.txt'. Please regenerate to continue.
CRITICAL WARNING: [IP_Flow 19-4299] Failed to copy '/home/valmyrsilva07/teste12345/mlib_devel/jasper_library/hdl_sources/skarab_one_gbe/rx_packet_ctrl_fifo/doc/fifo_generator_v13_2_changelog.txt' to '/home/valmyrsilva07/virtex7/skarab-virtex7-toolflow/fpgs/ethernet_one_gbe_skarab_control/ethernet_one_gbe_skarab_axi/myproj/myproj.srcs/sources_1/ip/rx_packet_ctrl_fifo/doc/fifo_generator_v13_2_changelog.txt'
CRITICAL WARNING: [IP_Flow 19-4299] Failed to copy '/home/valmyrsilva07/teste12345/mlib_devel/jasper_library/hdl_sources/skarab_one_gbe/rx_packet_ctrl_fifo/simulation/fifo_generator_vlog_beh.v' to '/home/valmyrsilva07/virtex7/skarab-virtex7-toolflow/fpgs/ethernet_one_gbe_skarab_control/ethernet_one_gbe_skarab_axi/myproj/myproj.srcs/sources_1/ip/rx_packet_ctrl_fifo/simulation/fifo_generator_vlog_beh.v'
CRITICAL WARNING: [IP_Flow 19-4299] Failed to copy '/home/valmyrsilva07/teste12345/mlib_devel/jasper_library/hdl_sources/skarab_one_gbe/rx_packet_ctrl_fifo/sim/rx_packet_ctrl_fifo.v' to '/home/valmyrsilva07/virtex7/skarab-virtex7-toolflow/fpgs/ethernet_one_gbe_skarab_control/ethernet_one_gbe_skarab_axi/myproj/myproj.srcs/sources_1/ip/rx_packet_ctrl_fifo/sim/rx_packet_ctrl_fifo.v'
# import_files -force /home/valmyrsilva07/teste12345/mlib_devel/jasper_library/hdl_sources/skarab_one_gbe/packet_byte_count_fifo/packet_byte_count_fifo.xci
WARNING: [IP_Flow 19-2162] IP 'packet_byte_count_fifo' is locked:
* IP 'packet_byte_count_fifo' is configured as a user-managed IP. In this mode it is the user's responsibility to manage all IP files. * IP definition 'FIFO Generator (13.1)' for IP 'packet_byte_count_fifo' (customized with software release 2016.2) has a newer minor version in the IP Catalog. * IP definition 'FIFO Generator (13.1)' for IP 'packet_byte_count_fifo' (customized with software release 2016.2) has a different revision in the IP Catalog.
# import_files -force /home/valmyrsilva07/teste12345/mlib_devel/jasper_library/hdl_sources/skarab_infr/skarab_infr.vhd
# import_files -force /home/valmyrsilva07/teste12345/mlib_devel/jasper_library/hdl_sources/wbs_arbiter/timeout.v
# import_files -force /home/valmyrsilva07/teste12345/mlib_devel/jasper_library/hdl_sources/wbs_arbiter/wbs_arbiter.v
# import_files -force /home/valmyrsilva07/teste12345/mlib_devel/jasper_library/hdl_sources/skarab_infr/WISHBONE
# import_files -force /home/valmyrsilva07/teste12345/mlib_devel/jasper_library/hdl_sources/skarab_infr/cont_microblaze/cont_microblaze.bd
WARNING: [BD 41-1661] One or more IPs have been locked in the design 'cont_microblaze.bd'. Please run report_ip_status for more details and recommendations on how to fix this issue.
List of locked IPs:
cont_microblaze_axi_slave_wishbone_classic_master_0_0

WARNING: [IP_Flow 19-2162] IP 'cont_microblaze_axi_slave_wishbone_classic_master_0_0' is locked:
* IP definition 'axi_slave_wishbone_classic_master (1.0)' for IP 'cont_microblaze_axi_slave_wishbone_classic_master_0_0' (customized with software release 2019.1.1) was not found in the IP Catalog.
# import_files -force /home/valmyrsilva07/teste12345/mlib_devel/jasper_library/hdl_sources/skarab_infr/cont_microblaze/hdl/cont_microblaze_wrapper.vhd
# import_files -force /home/valmyrsilva07/teste12345/mlib_devel/jasper_library/hdl_sources/skarab_infr/cont_microblaze/EMB123701U1R1.elf
# import_files -force /home/valmyrsilva07/teste12345/mlib_devel/jasper_library/hdl_sources/skarab_infr/xadc_measurement/xadc_measurement.xci
WARNING: [IP_Flow 19-3664] IP 'xadc_measurement' generated file not found '/home/valmyrsilva07/teste12345/mlib_devel/jasper_library/hdl_sources/skarab_infr/xadc_measurement/design.txt'. Please regenerate to continue.
WARNING: [IP_Flow 19-3664] IP 'xadc_measurement' generated file not found '/home/valmyrsilva07/teste12345/mlib_devel/jasper_library/hdl_sources/skarab_infr/xadc_measurement/xadc_measurement/simulation/timing/design.txt'. Please regenerate to continue.
WARNING: [IP_Flow 19-3664] IP 'xadc_measurement' generated file not found '/home/valmyrsilva07/teste12345/mlib_devel/jasper_library/hdl_sources/skarab_infr/xadc_measurement/doc/xadc_wiz_v3_3_changelog.txt'. Please regenerate to continue.
CRITICAL WARNING: [IP_Flow 19-4299] Failed to copy '/home/valmyrsilva07/teste12345/mlib_devel/jasper_library/hdl_sources/skarab_infr/xadc_measurement/doc/xadc_wiz_v3_3_changelog.txt' to '/home/valmyrsilva07/virtex7/skarab-virtex7-toolflow/fpgs/ethernet_one_gbe_skarab_control/ethernet_one_gbe_skarab_axi/myproj/myproj.srcs/sources_1/ip/xadc_measurement/doc/xadc_wiz_v3_3_changelog.txt'
CRITICAL WARNING: [IP_Flow 19-4299] Failed to copy '/home/valmyrsilva07/teste12345/mlib_devel/jasper_library/hdl_sources/skarab_infr/xadc_measurement/design.txt' to '/home/valmyrsilva07/virtex7/skarab-virtex7-toolflow/fpgs/ethernet_one_gbe_skarab_control/ethernet_one_gbe_skarab_axi/myproj/myproj.srcs/sources_1/ip/xadc_measurement/design.txt'
CRITICAL WARNING: [IP_Flow 19-4299] Failed to copy '/home/valmyrsilva07/teste12345/mlib_devel/jasper_library/hdl_sources/skarab_infr/xadc_measurement/xadc_measurement/simulation/timing/design.txt' to '/home/valmyrsilva07/virtex7/skarab-virtex7-toolflow/fpgs/ethernet_one_gbe_skarab_control/ethernet_one_gbe_skarab_axi/myproj/myproj.srcs/sources_1/ip/xadc_measurement/xadc_measurement/simulation/timing/design.txt'
# import_files -force /home/valmyrsilva07/teste12345/mlib_devel/jasper_library/hdl_sources/skarab_infr/counter.v
# import_files -force /home/valmyrsilva07/teste12345/mlib_devel/jasper_library/hdl_sources/skarab_infr/rate_counter.v
# import_files -force /home/valmyrsilva07/teste12345/mlib_devel/jasper_library/hdl_sources/skarab_infr/strobe_gen.vhd
# import_files -force /home/valmyrsilva07/teste12345/mlib_devel/jasper_library/hdl_sources/skarab_infr/i2c_master_byte_ctrl.vhd
# import_files -force /home/valmyrsilva07/teste12345/mlib_devel/jasper_library/hdl_sources/skarab_infr/skarab_parameters.vhd
# import_files -force /home/valmyrsilva07/teste12345/mlib_devel/jasper_library/hdl_sources/skarab_infr/mezzanine_enable_delay.vhd
# import_files -force /home/valmyrsilva07/teste12345/mlib_devel/jasper_library/hdl_sources/skarab_infr/isp_spi_programmer.vhd
# import_files -force /home/valmyrsilva07/teste12345/mlib_devel/jasper_library/hdl_sources/skarab_infr/clock_frequency_measure.vhd
# import_files -force /home/valmyrsilva07/teste12345/mlib_devel/jasper_library/hdl_sources/skarab_infr/led_manager.vhd
# import_files -force /home/valmyrsilva07/teste12345/mlib_devel/jasper_library/hdl_sources/skarab_infr/i2c_master_top.vhd
# import_files -force /home/valmyrsilva07/teste12345/mlib_devel/jasper_library/hdl_sources/skarab_infr/i2c_master_bit_ctrl.vhd
# import_files -force /home/valmyrsilva07/teste12345/mlib_devel/jasper_library/hdl_sources/skarab_infr/second_gen.vhd
# import_files -force /home/valmyrsilva07/teste12345/mlib_devel/jasper_library/hdl_sources/skarab_infr/icape_controller.vhd
# import_files -force /home/valmyrsilva07/teste12345/mlib_devel/jasper_library/hdl_sources/skarab_infr/FPGA_DNA_CHECKER.vhd
# import_files -force /home/valmyrsilva07/teste12345/mlib_devel/jasper_library/hdl_sources/skarab_infr/sockit_owm.sv
# import_files -force /home/valmyrsilva07/teste12345/mlib_devel/jasper_library/hdl_sources/skarab_infr/cross_clock_fifo_36x16/cross_clock_fifo_36x16.xci
WARNING: [IP_Flow 19-3664] IP 'cross_clock_fifo_36x16' generated file not found '/home/valmyrsilva07/teste12345/mlib_devel/jasper_library/hdl_sources/skarab_infr/cross_clock_fifo_36x16/simulation/fifo_generator_vlog_beh.v'. Please regenerate to continue.
WARNING: [IP_Flow 19-3664] IP 'cross_clock_fifo_36x16' generated file not found '/home/valmyrsilva07/teste12345/mlib_devel/jasper_library/hdl_sources/skarab_infr/cross_clock_fifo_36x16/sim/cross_clock_fifo_36x16.v'. Please regenerate to continue.
WARNING: [IP_Flow 19-3664] IP 'cross_clock_fifo_36x16' generated file not found '/home/valmyrsilva07/teste12345/mlib_devel/jasper_library/hdl_sources/skarab_infr/cross_clock_fifo_36x16/doc/fifo_generator_v13_2_changelog.txt'. Please regenerate to continue.
CRITICAL WARNING: [IP_Flow 19-4299] Failed to copy '/home/valmyrsilva07/teste12345/mlib_devel/jasper_library/hdl_sources/skarab_infr/cross_clock_fifo_36x16/doc/fifo_generator_v13_2_changelog.txt' to '/home/valmyrsilva07/virtex7/skarab-virtex7-toolflow/fpgs/ethernet_one_gbe_skarab_control/ethernet_one_gbe_skarab_axi/myproj/myproj.srcs/sources_1/ip/cross_clock_fifo_36x16/doc/fifo_generator_v13_2_changelog.txt'
CRITICAL WARNING: [IP_Flow 19-4299] Failed to copy '/home/valmyrsilva07/teste12345/mlib_devel/jasper_library/hdl_sources/skarab_infr/cross_clock_fifo_36x16/simulation/fifo_generator_vlog_beh.v' to '/home/valmyrsilva07/virtex7/skarab-virtex7-toolflow/fpgs/ethernet_one_gbe_skarab_control/ethernet_one_gbe_skarab_axi/myproj/myproj.srcs/sources_1/ip/cross_clock_fifo_36x16/simulation/fifo_generator_vlog_beh.v'
CRITICAL WARNING: [IP_Flow 19-4299] Failed to copy '/home/valmyrsilva07/teste12345/mlib_devel/jasper_library/hdl_sources/skarab_infr/cross_clock_fifo_36x16/sim/cross_clock_fifo_36x16.v' to '/home/valmyrsilva07/virtex7/skarab-virtex7-toolflow/fpgs/ethernet_one_gbe_skarab_control/ethernet_one_gbe_skarab_axi/myproj/myproj.srcs/sources_1/ip/cross_clock_fifo_36x16/sim/cross_clock_fifo_36x16.v'
# import_files -force /home/valmyrsilva07/teste12345/mlib_devel/jasper_library/hdl_sources/skarab_infr/cross_clock_fifo_wb_out_73x16/cross_clock_fifo_wb_out_73x16.xci
# import_files -force /home/valmyrsilva07/teste12345/mlib_devel/jasper_library/hdl_sources/skarab_infr/common_clock_fifo_32x16/common_clock_fifo_32x16.xci
# import_files -force /home/valmyrsilva07/teste12345/mlib_devel/jasper_library/hdl_sources/forty_gbe/ska_cpu_buffer/ska_cpu_buffer.xci
# import_files -force /home/valmyrsilva07/teste12345/mlib_devel/jasper_library/hdl_sources/forty_gbe/arp_cache/arp_cache.xci
# import_files -force /home/valmyrsilva07/teste12345/mlib_devel/jasper_library/hdl_sources/forty_gbe/arp_cache/arp_cache.coe
# import_files -force /home/valmyrsilva07/teste12345/mlib_devel/jasper_library/hdl_sources/skarab_infr/isp_spi_buffer/isp_spi_buffer.xci
# import_files -force /home/valmyrsilva07/teste12345/mlib_devel/jasper_library/hdl_sources/sys_block
# import_files -force /home/valmyrsilva07/virtex7/skarab-virtex7-toolflow/fpgs/ethernet_one_gbe_skarab_control/ethernet_one_gbe_skarab_axi/sysgen/hdl_netlist/ethernet_one_gbe_skarab_axi.srcs/sources_1/imports/sysgen
# import_files -force /home/valmyrsilva07/virtex7/skarab-virtex7-toolflow/fpgs/ethernet_one_gbe_skarab_control/ethernet_one_gbe_skarab_axi/sysgen/hdl_netlist/ethernet_one_gbe_skarab_axi.srcs/sources_1/ip/ethernet_one_gbe_skarab_axi_c_counter_binary_v12_0_i1/ethernet_one_gbe_skarab_axi_c_counter_binary_v12_0_i1.xci
# import_files -force /home/valmyrsilva07/virtex7/skarab-virtex7-toolflow/fpgs/ethernet_one_gbe_skarab_control/ethernet_one_gbe_skarab_axi/sysgen/hdl_netlist/ethernet_one_gbe_skarab_axi.srcs/sources_1/ip/ethernet_one_gbe_skarab_axi_c_addsub_v12_0_i0/ethernet_one_gbe_skarab_axi_c_addsub_v12_0_i0.xci
# import_files -force /home/valmyrsilva07/virtex7/skarab-virtex7-toolflow/fpgs/ethernet_one_gbe_skarab_control/ethernet_one_gbe_skarab_axi/sysgen/hdl_netlist/ethernet_one_gbe_skarab_axi.srcs/sources_1/ip/ethernet_one_gbe_skarab_axi_c_counter_binary_v12_0_i3/ethernet_one_gbe_skarab_axi_c_counter_binary_v12_0_i3.xci
# import_files -force /home/valmyrsilva07/virtex7/skarab-virtex7-toolflow/fpgs/ethernet_one_gbe_skarab_control/ethernet_one_gbe_skarab_axi/sysgen/hdl_netlist/ethernet_one_gbe_skarab_axi.srcs/sources_1/ip/ethernet_one_gbe_skarab_axi_c_counter_binary_v12_0_i4/ethernet_one_gbe_skarab_axi_c_counter_binary_v12_0_i4.xci
# import_files -force /home/valmyrsilva07/virtex7/skarab-virtex7-toolflow/fpgs/ethernet_one_gbe_skarab_control/ethernet_one_gbe_skarab_axi/sysgen/hdl_netlist/ethernet_one_gbe_skarab_axi.srcs/sources_1/ip/ethernet_one_gbe_skarab_axi_c_counter_binary_v12_0_i2/ethernet_one_gbe_skarab_axi_c_counter_binary_v12_0_i2.xci
# import_files -force /home/valmyrsilva07/virtex7/skarab-virtex7-toolflow/fpgs/ethernet_one_gbe_skarab_control/ethernet_one_gbe_skarab_axi/sysgen/hdl_netlist/ethernet_one_gbe_skarab_axi.srcs/sources_1/ip/ethernet_one_gbe_skarab_axi_c_counter_binary_v12_0_i0/ethernet_one_gbe_skarab_axi_c_counter_binary_v12_0_i0.xci
# import_files -force /home/valmyrsilva07/virtex7/skarab-virtex7-toolflow/fpgs/ethernet_one_gbe_skarab_control/ethernet_one_gbe_skarab_axi/wbs_master_arbiter.v
# import_files -force -fileset constrs_1 /home/valmyrsilva07/virtex7/skarab-virtex7-toolflow/fpgs/ethernet_one_gbe_skarab_control/ethernet_one_gbe_skarab_axi/user_const.xdc
# set_property top top [current_fileset]
# update_compile_order -fileset sources_1
update_compile_order: Time (s): cpu = 00:00:13 ; elapsed = 00:00:10 . Memory (MB): peak = 1869.742 ; gain = 408.199 ; free physical = 41035 ; free virtual = 51341
# if {[llength [glob -nocomplain [get_property directory [current_project]]/myproj.srcs/sources_1/imports/*.coe]] > 0} {
# file copy -force {*}[glob [get_property directory [current_project]]/myproj.srcs/sources_1/imports/*.coe] [get_property directory [current_project]]/myproj.srcs/sources_1/ip/
# }
# set_property SCOPED_TO_REF cont_microblaze [get_files [get_property directory [current_project]]/myproj.srcs/sources_1/imports/cont_microblaze/EMB123701U1R1.elf]
# set_property SCOPED_TO_REF cont_microblaze [get_files [get_property directory [current_project]]/myproj.srcs/sources_1/bd/cont_microblaze/cont_microblaze.bmm]
# set_property SCOPED_TO_CELLS microblaze_0 [get_files [get_property directory [current_project]]/myproj.srcs/sources_1/imports/cont_microblaze/EMB123701U1R1.elf]
# import_files -force -fileset constrs_1 /home/valmyrsilva07/teste12345/mlib_devel/jasper_library/hdl_sources/skarab_infr/Constraints/soc_version.xdc
# set_property ip_repo_paths /home/valmyrsilva07/teste12345/mlib_devel/jasper_library/hdl_sources/skarab_infr/cont_microblaze/ipshared/peralex.com/ [current_project]
# update_compile_order -fileset sources_1
update_compile_order: Time (s): cpu = 00:00:13 ; elapsed = 00:00:10 . Memory (MB): peak = 1869.742 ; gain = 0.000 ; free physical = 40946 ; free virtual = 51262
# reset_run synth_1
# launch_runs synth_1 -jobs 32
INFO: [IP_Flow 19-1686] Generating 'Synthesis' target for IP 'ethernet_one_gbe_skarab_axi_c_counter_binary_v12_0_i4'...
INFO: [IP_Flow 19-1686] Generating 'Synthesis' target for IP 'ethernet_one_gbe_skarab_axi_c_counter_binary_v12_0_i3'...
INFO: [IP_Flow 19-1686] Generating 'Synthesis' target for IP 'ethernet_one_gbe_skarab_axi_c_counter_binary_v12_0_i2'...
INFO: [IP_Flow 19-1686] Generating 'Synthesis' target for IP 'ethernet_one_gbe_skarab_axi_c_counter_binary_v12_0_i1'...
INFO: [IP_Flow 19-1686] Generating 'Synthesis' target for IP 'ethernet_one_gbe_skarab_axi_c_counter_binary_v12_0_i0'...
INFO: [IP_Flow 19-1686] Generating 'Synthesis' target for IP 'ethernet_one_gbe_skarab_axi_c_addsub_v12_0_i0'...
INFO: [Vivado 12-4149] The synthesis checkpoint for IP '/home/valmyrsilva07/virtex7/skarab-virtex7-toolflow/fpgs/ethernet_one_gbe_skarab_control/ethernet_one_gbe_skarab_axi/myproj/myproj.srcs/sources_1/ip/cross_clock_fifo_wb_out_73x16/cross_clock_fifo_wb_out_73x16.xci' is already up-to-date
INFO: [Vivado 12-4149] The synthesis checkpoint for IP '/home/valmyrsilva07/virtex7/skarab-virtex7-toolflow/fpgs/ethernet_one_gbe_skarab_control/ethernet_one_gbe_skarab_axi/myproj/myproj.srcs/sources_1/ip/xadc_measurement/xadc_measurement.xci' is already up-to-date
INFO: [Vivado 12-4149] The synthesis checkpoint for IP '/home/valmyrsilva07/virtex7/skarab-virtex7-toolflow/fpgs/ethernet_one_gbe_skarab_control/ethernet_one_gbe_skarab_axi/myproj/myproj.srcs/sources_1/ip/isp_spi_buffer/isp_spi_buffer.xci' is already up-to-date
INFO: [Vivado 12-4149] The synthesis checkpoint for IP '/home/valmyrsilva07/virtex7/skarab-virtex7-toolflow/fpgs/ethernet_one_gbe_skarab_control/ethernet_one_gbe_skarab_axi/myproj/myproj.srcs/sources_1/ip/common_clock_fifo_32x16/common_clock_fifo_32x16.xci' is already up-to-date
INFO: [Vivado 12-4149] The synthesis checkpoint for IP '/home/valmyrsilva07/virtex7/skarab-virtex7-toolflow/fpgs/ethernet_one_gbe_skarab_control/ethernet_one_gbe_skarab_axi/myproj/myproj.srcs/sources_1/ip/gmii_to_sgmii/gmii_to_sgmii.xci' is already up-to-date
INFO: [Vivado 12-4149] The synthesis checkpoint for IP '/home/valmyrsilva07/virtex7/skarab-virtex7-toolflow/fpgs/ethernet_one_gbe_skarab_control/ethernet_one_gbe_skarab_axi/myproj/myproj.srcs/sources_1/ip/packet_byte_count_fifo/packet_byte_count_fifo.xci' is already up-to-date
INFO: [Vivado 12-4149] The synthesis checkpoint for IP '/home/valmyrsilva07/virtex7/skarab-virtex7-toolflow/fpgs/ethernet_one_gbe_skarab_control/ethernet_one_gbe_skarab_axi/myproj/myproj.srcs/sources_1/ip/gmii_to_xaui_fifo/gmii_to_xaui_fifo.xci' is already up-to-date
INFO: [Vivado 12-4149] The synthesis checkpoint for IP '/home/valmyrsilva07/virtex7/skarab-virtex7-toolflow/fpgs/ethernet_one_gbe_skarab_control/ethernet_one_gbe_skarab_axi/myproj/myproj.srcs/sources_1/ip/xaui_to_gmii_fifo/xaui_to_gmii_fifo.xci' is already up-to-date
INFO: [Vivado 12-4149] The synthesis checkpoint for IP '/home/valmyrsilva07/virtex7/skarab-virtex7-toolflow/fpgs/ethernet_one_gbe_skarab_control/ethernet_one_gbe_skarab_axi/myproj/myproj.srcs/sources_1/ip/rx_packet_fifo_bram/rx_packet_fifo_bram.xci' is already up-to-date
INFO: [Vivado 12-4149] The synthesis checkpoint for IP '/home/valmyrsilva07/virtex7/skarab-virtex7-toolflow/fpgs/ethernet_one_gbe_skarab_control/ethernet_one_gbe_skarab_axi/myproj/myproj.srcs/sources_1/ip/cpu_buffer/cpu_buffer.xci' is already up-to-date
INFO: [Vivado 12-4149] The synthesis checkpoint for IP '/home/valmyrsilva07/virtex7/skarab-virtex7-toolflow/fpgs/ethernet_one_gbe_skarab_control/ethernet_one_gbe_skarab_axi/myproj/myproj.srcs/sources_1/ip/rx_packet_ctrl_fifo/rx_packet_ctrl_fifo.xci' is already up-to-date
INFO: [Vivado 12-4149] The synthesis checkpoint for IP '/home/valmyrsilva07/virtex7/skarab-virtex7-toolflow/fpgs/ethernet_one_gbe_skarab_control/ethernet_one_gbe_skarab_axi/myproj/myproj.srcs/sources_1/ip/tx_fifo_ext/tx_fifo_ext.xci' is already up-to-date
INFO: [Vivado 12-4149] The synthesis checkpoint for IP '/home/valmyrsilva07/virtex7/skarab-virtex7-toolflow/fpgs/ethernet_one_gbe_skarab_control/ethernet_one_gbe_skarab_axi/myproj/myproj.srcs/sources_1/ip/tx_data_fifo_ext/tx_data_fifo_ext.xci' is already up-to-date
INFO: [IP_Flow 19-1686] Generating 'Synthesis' target for IP 'arp_cache'...
INFO: [Vivado 12-4149] The synthesis checkpoint for IP '/home/valmyrsilva07/virtex7/skarab-virtex7-toolflow/fpgs/ethernet_one_gbe_skarab_control/ethernet_one_gbe_skarab_axi/myproj/myproj.srcs/sources_1/ip/tx_packet_ctrl_fifo/tx_packet_ctrl_fifo.xci' is already up-to-date
INFO: [Vivado 12-4149] The synthesis checkpoint for IP '/home/valmyrsilva07/virtex7/skarab-virtex7-toolflow/fpgs/ethernet_one_gbe_skarab_control/ethernet_one_gbe_skarab_axi/myproj/myproj.srcs/sources_1/ip/tx_packet_fifo/tx_packet_fifo.xci' is already up-to-date
[Tue Aug  4 20:04:15 2026] Launched arp_cache_synth_1, ethernet_one_gbe_skarab_axi_c_counter_binary_v12_0_i1_synth_1, ethernet_one_gbe_skarab_axi_c_addsub_v12_0_i0_synth_1, ethernet_one_gbe_skarab_axi_c_counter_binary_v12_0_i3_synth_1, ethernet_one_gbe_skarab_axi_c_counter_binary_v12_0_i4_synth_1, ethernet_one_gbe_skarab_axi_c_counter_binary_v12_0_i2_synth_1, ethernet_one_gbe_skarab_axi_c_counter_binary_v12_0_i0_synth_1...
Run output will be captured here:
arp_cache_synth_1: /home/valmyrsilva07/virtex7/skarab-virtex7-toolflow/fpgs/ethernet_one_gbe_skarab_control/ethernet_one_gbe_skarab_axi/myproj/myproj.runs/arp_cache_synth_1/runme.log
ethernet_one_gbe_skarab_axi_c_counter_binary_v12_0_i1_synth_1: /home/valmyrsilva07/virtex7/skarab-virtex7-toolflow/fpgs/ethernet_one_gbe_skarab_control/ethernet_one_gbe_skarab_axi/myproj/myproj.runs/ethernet_one_gbe_skarab_axi_c_counter_binary_v12_0_i1_synth_1/runme.log
ethernet_one_gbe_skarab_axi_c_addsub_v12_0_i0_synth_1: /home/valmyrsilva07/virtex7/skarab-virtex7-toolflow/fpgs/ethernet_one_gbe_skarab_control/ethernet_one_gbe_skarab_axi/myproj/myproj.runs/ethernet_one_gbe_skarab_axi_c_addsub_v12_0_i0_synth_1/runme.log
ethernet_one_gbe_skarab_axi_c_counter_binary_v12_0_i3_synth_1: /home/valmyrsilva07/virtex7/skarab-virtex7-toolflow/fpgs/ethernet_one_gbe_skarab_control/ethernet_one_gbe_skarab_axi/myproj/myproj.runs/ethernet_one_gbe_skarab_axi_c_counter_binary_v12_0_i3_synth_1/runme.log
ethernet_one_gbe_skarab_axi_c_counter_binary_v12_0_i4_synth_1: /home/valmyrsilva07/virtex7/skarab-virtex7-toolflow/fpgs/ethernet_one_gbe_skarab_control/ethernet_one_gbe_skarab_axi/myproj/myproj.runs/ethernet_one_gbe_skarab_axi_c_counter_binary_v12_0_i4_synth_1/runme.log
ethernet_one_gbe_skarab_axi_c_counter_binary_v12_0_i2_synth_1: /home/valmyrsilva07/virtex7/skarab-virtex7-toolflow/fpgs/ethernet_one_gbe_skarab_control/ethernet_one_gbe_skarab_axi/myproj/myproj.runs/ethernet_one_gbe_skarab_axi_c_counter_binary_v12_0_i2_synth_1/runme.log
ethernet_one_gbe_skarab_axi_c_counter_binary_v12_0_i0_synth_1: /home/valmyrsilva07/virtex7/skarab-virtex7-toolflow/fpgs/ethernet_one_gbe_skarab_control/ethernet_one_gbe_skarab_axi/myproj/myproj.runs/ethernet_one_gbe_skarab_axi_c_counter_binary_v12_0_i0_synth_1/runme.log
[Tue Aug  4 20:04:15 2026] Launched synth_1...
Run output will be captured here: /home/valmyrsilva07/virtex7/skarab-virtex7-toolflow/fpgs/ethernet_one_gbe_skarab_control/ethernet_one_gbe_skarab_axi/myproj/myproj.runs/synth_1/runme.log
launch_runs: Time (s): cpu = 00:00:26 ; elapsed = 00:00:18 . Memory (MB): peak = 1932.691 ; gain = 62.949 ; free physical = 40875 ; free virtual = 51213
# wait_on_run synth_1
[Tue Aug  4 20:04:15 2026] Waiting for synth_1 to finish...

*** Running vivado
    with args -log top.vds -m64 -product Vivado -mode batch -messageDb vivado.pb -notrace -source top.tcl


****** Vivado v2019.1 (64-bit)
  **** SW Build 2552052 on Fri May 24 14:47:09 MDT 2019
  **** IP Build 2548770 on Fri May 24 18:01:18 MDT 2019
    ** Copyright 1986-2019 Xilinx, Inc. All Rights Reserved.

WARNING: [Runs 36-547] Tool Strategy 'Vivado Implementation Defaults' from file '/tools/Xilinx/Vivado/2019.1/strategies/VDI2015.psg' discarded because strategy with same name already parsed from '/tools/Xilinx/Vivado/2019.1/strategies/VDI2015.psg'
WARNING: [Runs 36-547] Tool Strategy 'Performance_Explore' from file '/tools/Xilinx/Vivado/2019.1/strategies/VDI2015.psg' discarded because strategy with same name already parsed from '/tools/Xilinx/Vivado/2019.1/strategies/VDI2015.psg'
WARNING: [Runs 36-547] Tool Strategy 'Performance_ExplorePostRoutePhysOpt' from file '/tools/Xilinx/Vivado/2019.1/strategies/VDI2015.psg' discarded because strategy with same name already parsed from '/tools/Xilinx/Vivado/2019.1/strategies/VDI2015.psg'
WARNING: [Runs 36-547] Tool Strategy 'Performance_RefinePlacement' from file '/tools/Xilinx/Vivado/2019.1/strategies/VDI2015.psg' discarded because strategy with same name already parsed from '/tools/Xilinx/Vivado/2019.1/strategies/VDI2015.psg'
WARNING: [Runs 36-547] Tool Strategy 'Performance_WLBlockPlacement' from file '/tools/Xilinx/Vivado/2019.1/strategies/VDI2015.psg' discarded because strategy with same name already parsed from '/tools/Xilinx/Vivado/2019.1/strategies/VDI2015.psg'
WARNING: [Runs 36-547] Tool Strategy 'Performance_WLBlockPlacementFanoutOpt' from file '/tools/Xilinx/Vivado/2019.1/strategies/VDI2015.psg' discarded because strategy with same name already parsed from '/tools/Xilinx/Vivado/2019.1/strategies/VDI2015.psg'
WARNING: [Runs 36-547] Tool Strategy 'Performance_NetDelay_high' from file '/tools/Xilinx/Vivado/2019.1/strategies/VDI2015.psg' discarded because strategy with same name already parsed from '/tools/Xilinx/Vivado/2019.1/strategies/VDI2015.psg'
WARNING: [Runs 36-547] Tool Strategy 'Performance_NetDelay_medium' from file '/tools/Xilinx/Vivado/2019.1/strategies/VDI2015.psg' discarded because strategy with same name already parsed from '/tools/Xilinx/Vivado/2019.1/strategies/VDI2015.psg'
WARNING: [Runs 36-547] Tool Strategy 'Performance_NetDelay_low' from file '/tools/Xilinx/Vivado/2019.1/strategies/VDI2015.psg' discarded because strategy with same name already parsed from '/tools/Xilinx/Vivado/2019.1/strategies/VDI2015.psg'
WARNING: [Runs 36-547] Tool Strategy 'Performance_ExploreSLLs' from file '/tools/Xilinx/Vivado/2019.1/strategies/VDI2015.psg' discarded because strategy with same name already parsed from '/tools/Xilinx/Vivado/2019.1/strategies/VDI2015.psg'
WARNING: [Runs 36-547] Tool Strategy 'Performance_Retiming' from file '/tools/Xilinx/Vivado/2019.1/strategies/VDI2015.psg' discarded because strategy with same name already parsed from '/tools/Xilinx/Vivado/2019.1/strategies/VDI2015.psg'
WARNING: [Runs 36-547] Tool Strategy 'Area_Explore' from file '/tools/Xilinx/Vivado/2019.1/strategies/VDI2015.psg' discarded because strategy with same name already parsed from '/tools/Xilinx/Vivado/2019.1/strategies/VDI2015.psg'
WARNING: [Runs 36-547] Tool Strategy 'Power_DefaultOpt' from file '/tools/Xilinx/Vivado/2019.1/strategies/VDI2015.psg' discarded because strategy with same name already parsed from '/tools/Xilinx/Vivado/2019.1/strategies/VDI2015.psg'
WARNING: [Runs 36-547] Tool Strategy 'Flow_RunPhysOpt' from file '/tools/Xilinx/Vivado/2019.1/strategies/VDI2015.psg' discarded because strategy with same name already parsed from '/tools/Xilinx/Vivado/2019.1/strategies/VDI2015.psg'
WARNING: [Runs 36-547] Tool Strategy 'Flow_RunPostRoutePhysOpt' from file '/tools/Xilinx/Vivado/2019.1/strategies/VDI2015.psg' discarded because strategy with same name already parsed from '/tools/Xilinx/Vivado/2019.1/strategies/VDI2015.psg'
WARNING: [Runs 36-547] Tool Strategy 'Flow_RuntimeOptimized' from file '/tools/Xilinx/Vivado/2019.1/strategies/VDI2015.psg' discarded because strategy with same name already parsed from '/tools/Xilinx/Vivado/2019.1/strategies/VDI2015.psg'
WARNING: [Runs 36-547] Tool Strategy 'Flow_Quick' from file '/tools/Xilinx/Vivado/2019.1/strategies/VDI2015.psg' discarded because strategy with same name already parsed from '/tools/Xilinx/Vivado/2019.1/strategies/VDI2015.psg'
WARNING: [Runs 36-547] Tool Strategy 'Congestion_SpreadLogic_high' from file '/tools/Xilinx/Vivado/2019.1/strategies/VDI2015.psg' discarded because strategy with same name already parsed from '/tools/Xilinx/Vivado/2019.1/strategies/VDI2015.psg'
WARNING: [Runs 36-547] Tool Strategy 'Congestion_SpreadLogic_medium' from file '/tools/Xilinx/Vivado/2019.1/strategies/VDI2015.psg' discarded because strategy with same name already parsed from '/tools/Xilinx/Vivado/2019.1/strategies/VDI2015.psg'
WARNING: [Runs 36-547] Tool Strategy 'Congestion_SpreadLogic_low' from file '/tools/Xilinx/Vivado/2019.1/strategies/VDI2015.psg' discarded because strategy with same name already parsed from '/tools/Xilinx/Vivado/2019.1/strategies/VDI2015.psg'
WARNING: [Runs 36-547] Tool Strategy 'Congestion_SpreadLogicSLLs' from file '/tools/Xilinx/Vivado/2019.1/strategies/VDI2015.psg' discarded because strategy with same name already parsed from '/tools/Xilinx/Vivado/2019.1/strategies/VDI2015.psg'
WARNING: [Runs 36-547] Tool Strategy 'Congestion_BalanceSLLs' from file '/tools/Xilinx/Vivado/2019.1/strategies/VDI2015.psg' discarded because strategy with same name already parsed from '/tools/Xilinx/Vivado/2019.1/strategies/VDI2015.psg'
WARNING: [Runs 36-547] Tool Strategy 'Congestion_BalanceSLRs' from file '/tools/Xilinx/Vivado/2019.1/strategies/VDI2015.psg' discarded because strategy with same name already parsed from '/tools/Xilinx/Vivado/2019.1/strategies/VDI2015.psg'
WARNING: [Runs 36-547] Tool Strategy 'Congestion_CompressSLRs' from file '/tools/Xilinx/Vivado/2019.1/strategies/VDI2015.psg' discarded because strategy with same name already parsed from '/tools/Xilinx/Vivado/2019.1/strategies/VDI2015.psg'
WARNING: [Runs 36-547] Tool Strategy 'Vivado Synthesis Defaults' from file '/tools/Xilinx/Vivado/2019.1/strategies/VDS2012.psg' discarded because strategy with same name already parsed from '/tools/Xilinx/Vivado/2019.1/strategies/VDS2012.psg'
WARNING: [Runs 36-547] Tool Strategy 'Vivado Implementation Defaults' from file '/tools/Xilinx/Vivado/2019.1/strategies/VDI2012.psg' discarded because strategy with same name already parsed from '/tools/Xilinx/Vivado/2019.1/strategies/VDI2012.psg'
WARNING: [Runs 36-547] Tool Strategy 'HighEffort' from file '/tools/Xilinx/Vivado/2019.1/strategies/VDI2012.psg' discarded because strategy with same name already parsed from '/tools/Xilinx/Vivado/2019.1/strategies/VDI2012.psg'
WARNING: [Runs 36-547] Tool Strategy 'HighEffortPhySynth' from file '/tools/Xilinx/Vivado/2019.1/strategies/VDI2012.psg' discarded because strategy with same name already parsed from '/tools/Xilinx/Vivado/2019.1/strategies/VDI2012.psg'
WARNING: [Runs 36-547] Tool Strategy 'LowEffort' from file '/tools/Xilinx/Vivado/2019.1/strategies/VDI2012.psg' discarded because strategy with same name already parsed from '/tools/Xilinx/Vivado/2019.1/strategies/VDI2012.psg'
WARNING: [Runs 36-547] Tool Strategy 'QuickEffort' from file '/tools/Xilinx/Vivado/2019.1/strategies/VDI2012.psg' discarded because strategy with same name already parsed from '/tools/Xilinx/Vivado/2019.1/strategies/VDI2012.psg'
WARNING: [Runs 36-547] Tool Strategy 'Vivado Synthesis Defaults' from file '/tools/Xilinx/Vivado/2019.1/strategies/VDS2014.psg' discarded because strategy with same name already parsed from '/tools/Xilinx/Vivado/2019.1/strategies/VDS2014.psg'
WARNING: [Runs 36-547] Tool Strategy 'Flow_RuntimeOptimized' from file '/tools/Xilinx/Vivado/2019.1/strategies/VDS2014.psg' discarded because strategy with same name already parsed from '/tools/Xilinx/Vivado/2019.1/strategies/VDS2014.psg'
WARNING: [Runs 36-547] Tool Strategy 'Flow_AreaOptimized_High' from file '/tools/Xilinx/Vivado/2019.1/strategies/VDS2014.psg' discarded because strategy with same name already parsed from '/tools/Xilinx/Vivado/2019.1/strategies/VDS2014.psg'
WARNING: [Runs 36-547] Tool Strategy 'Flow_PerfOptimized_High' from file '/tools/Xilinx/Vivado/2019.1/strategies/VDS2014.psg' discarded because strategy with same name already parsed from '/tools/Xilinx/Vivado/2019.1/strategies/VDS2014.psg'
WARNING: [Runs 36-547] Tool Strategy 'Vivado Synthesis Defaults' from file '/tools/Xilinx/Vivado/2019.1/strategies/VDS2018.psg' discarded because strategy with same name already parsed from '/tools/Xilinx/Vivado/2019.1/strategies/VDS2018.psg'
WARNING: [Runs 36-547] Tool Strategy 'Flow_AreaOptimized_high' from file '/tools/Xilinx/Vivado/2019.1/strategies/VDS2018.psg' discarded because strategy with same name already parsed from '/tools/Xilinx/Vivado/2019.1/strategies/VDS2018.psg'
WARNING: [Runs 36-547] Tool Strategy 'Flow_AreaOptimized_medium' from file '/tools/Xilinx/Vivado/2019.1/strategies/VDS2018.psg' discarded because strategy with same name already parsed from '/tools/Xilinx/Vivado/2019.1/strategies/VDS2018.psg'
WARNING: [Runs 36-547] Tool Strategy 'Flow_AreaMultThresholdDSP' from file '/tools/Xilinx/Vivado/2019.1/strategies/VDS2018.psg' discarded because strategy with same name already parsed from '/tools/Xilinx/Vivado/2019.1/strategies/VDS2018.psg'
WARNING: [Runs 36-547] Tool Strategy 'Flow_AlternateRoutability' from file '/tools/Xilinx/Vivado/2019.1/strategies/VDS2018.psg' discarded because strategy with same name already parsed from '/tools/Xilinx/Vivado/2019.1/strategies/VDS2018.psg'
WARNING: [Runs 36-547] Tool Strategy 'Flow_PerfOptimized_high' from file '/tools/Xilinx/Vivado/2019.1/strategies/VDS2018.psg' discarded because strategy with same name already parsed from '/tools/Xilinx/Vivado/2019.1/strategies/VDS2018.psg'
WARNING: [Runs 36-547] Tool Strategy 'Flow_PerfThresholdCarry' from file '/tools/Xilinx/Vivado/2019.1/strategies/VDS2018.psg' discarded because strategy with same name already parsed from '/tools/Xilinx/Vivado/2019.1/strategies/VDS2018.psg'
WARNING: [Runs 36-547] Tool Strategy 'Flow_RuntimeOptimized' from file '/tools/Xilinx/Vivado/2019.1/strategies/VDS2018.psg' discarded because strategy with same name already parsed from '/tools/Xilinx/Vivado/2019.1/strategies/VDS2018.psg'
WARNING: [Runs 36-547] Tool Strategy 'Vivado Synthesis Defaults' from file '/tools/Xilinx/Vivado/2019.1/strategies/VDS2017.psg' discarded because strategy with same name already parsed from '/tools/Xilinx/Vivado/2019.1/strategies/VDS2017.psg'
WARNING: [Runs 36-547] Tool Strategy 'Flow_AreaOptimized_high' from file '/tools/Xilinx/Vivado/2019.1/strategies/VDS2017.psg' discarded because strategy with same name already parsed from '/tools/Xilinx/Vivado/2019.1/strategies/VDS2017.psg'
WARNING: [Runs 36-547] Tool Strategy 'Flow_AreaOptimized_medium' from file '/tools/Xilinx/Vivado/2019.1/strategies/VDS2017.psg' discarded because strategy with same name already parsed from '/tools/Xilinx/Vivado/2019.1/strategies/VDS2017.psg'
WARNING: [Runs 36-547] Tool Strategy 'Flow_AreaMultThresholdDSP' from file '/tools/Xilinx/Vivado/2019.1/strategies/VDS2017.psg' discarded because strategy with same name already parsed from '/tools/Xilinx/Vivado/2019.1/strategies/VDS2017.psg'
WARNING: [Runs 36-547] Tool Strategy 'Flow_AlternateRoutability' from file '/tools/Xilinx/Vivado/2019.1/strategies/VDS2017.psg' discarded because strategy with same name already parsed from '/tools/Xilinx/Vivado/2019.1/strategies/VDS2017.psg'
WARNING: [Runs 36-547] Tool Strategy 'Flow_PerfOptimized_high' from file '/tools/Xilinx/Vivado/2019.1/strategies/VDS2017.psg' discarded because strategy with same name already parsed from '/tools/Xilinx/Vivado/2019.1/strategies/VDS2017.psg'
WARNING: [Runs 36-547] Tool Strategy 'Flow_PerfThresholdCarry' from file '/tools/Xilinx/Vivado/2019.1/strategies/VDS2017.psg' discarded because strategy with same name already parsed from '/tools/Xilinx/Vivado/2019.1/strategies/VDS2017.psg'
WARNING: [Runs 36-547] Tool Strategy 'Flow_RuntimeOptimized' from file '/tools/Xilinx/Vivado/2019.1/strategies/VDS2017.psg' discarded because strategy with same name already parsed from '/tools/Xilinx/Vivado/2019.1/strategies/VDS2017.psg'
WARNING: [Runs 36-547] Tool Strategy 'Vivado Synthesis Defaults' from file '/tools/Xilinx/Vivado/2019.1/strategies/VDS2013.psg' discarded because strategy with same name already parsed from '/tools/Xilinx/Vivado/2019.1/strategies/VDS2013.psg'
WARNING: [Runs 36-547] Tool Strategy 'Flow_RuntimeOptimized' from file '/tools/Xilinx/Vivado/2019.1/strategies/VDS2013.psg' discarded because strategy with same name already parsed from '/tools/Xilinx/Vivado/2019.1/strategies/VDS2013.psg'
WARNING: [Runs 36-547] Tool Strategy 'Vivado Implementation Defaults' from file '/tools/Xilinx/Vivado/2019.1/strategies/VDI2017.psg' discarded because strategy with same name already parsed from '/tools/Xilinx/Vivado/2019.1/strategies/VDI2017.psg'
WARNING: [Runs 36-547] Tool Strategy 'Performance_Explore' from file '/tools/Xilinx/Vivado/2019.1/strategies/VDI2017.psg' discarded because strategy with same name already parsed from '/tools/Xilinx/Vivado/2019.1/strategies/VDI2017.psg'
WARNING: [Runs 36-547] Tool Strategy 'Performance_ExplorePostRoutePhysOpt' from file '/tools/Xilinx/Vivado/2019.1/strategies/VDI2017.psg' discarded because strategy with same name already parsed from '/tools/Xilinx/Vivado/2019.1/strategies/VDI2017.psg'
WARNING: [Runs 36-547] Tool Strategy 'Performance_WLBlockPlacement' from file '/tools/Xilinx/Vivado/2019.1/strategies/VDI2017.psg' discarded because strategy with same name already parsed from '/tools/Xilinx/Vivado/2019.1/strategies/VDI2017.psg'
WARNING: [Runs 36-547] Tool Strategy 'Performance_WLBlockPlacementFanoutOpt' from file '/tools/Xilinx/Vivado/2019.1/strategies/VDI2017.psg' discarded because strategy with same name already parsed from '/tools/Xilinx/Vivado/2019.1/strategies/VDI2017.psg'
WARNING: [Runs 36-547] Tool Strategy 'Performance_EarlyBlockPlacement' from file '/tools/Xilinx/Vivado/2019.1/strategies/VDI2017.psg' discarded because strategy with same name already parsed from '/tools/Xilinx/Vivado/2019.1/strategies/VDI2017.psg'
WARNING: [Runs 36-547] Tool Strategy 'Performance_NetDelay_high' from file '/tools/Xilinx/Vivado/2019.1/strategies/VDI2017.psg' discarded because strategy with same name already parsed from '/tools/Xilinx/Vivado/2019.1/strategies/VDI2017.psg'
WARNING: [Runs 36-547] Tool Strategy 'Performance_NetDelay_low' from file '/tools/Xilinx/Vivado/2019.1/strategies/VDI2017.psg' discarded because strategy with same name already parsed from '/tools/Xilinx/Vivado/2019.1/strategies/VDI2017.psg'
WARNING: [Runs 36-547] Tool Strategy 'Performance_Retiming' from file '/tools/Xilinx/Vivado/2019.1/strategies/VDI2017.psg' discarded because strategy with same name already parsed from '/tools/Xilinx/Vivado/2019.1/strategies/VDI2017.psg'
WARNING: [Runs 36-547] Tool Strategy 'Performance_ExtraTimingOpt' from file '/tools/Xilinx/Vivado/2019.1/strategies/VDI2017.psg' discarded because strategy with same name already parsed from '/tools/Xilinx/Vivado/2019.1/strategies/VDI2017.psg'
WARNING: [Runs 36-547] Tool Strategy 'Performance_RefinePlacement' from file '/tools/Xilinx/Vivado/2019.1/strategies/VDI2017.psg' discarded because strategy with same name already parsed from '/tools/Xilinx/Vivado/2019.1/strategies/VDI2017.psg'
WARNING: [Runs 36-547] Tool Strategy 'Performance_SpreadSLLs' from file '/tools/Xilinx/Vivado/2019.1/strategies/VDI2017.psg' discarded because strategy with same name already parsed from '/tools/Xilinx/Vivado/2019.1/strategies/VDI2017.psg'
WARNING: [Runs 36-547] Tool Strategy 'Performance_BalanceSLLs' from file '/tools/Xilinx/Vivado/2019.1/strategies/VDI2017.psg' discarded because strategy with same name already parsed from '/tools/Xilinx/Vivado/2019.1/strategies/VDI2017.psg'
WARNING: [Runs 36-547] Tool Strategy 'Congestion_SpreadLogic_high' from file '/tools/Xilinx/Vivado/2019.1/strategies/VDI2017.psg' discarded because strategy with same name already parsed from '/tools/Xilinx/Vivado/2019.1/strategies/VDI2017.psg'
WARNING: [Runs 36-547] Tool Strategy 'Congestion_SpreadLogic_medium' from file '/tools/Xilinx/Vivado/2019.1/strategies/VDI2017.psg' discarded because strategy with same name already parsed from '/tools/Xilinx/Vivado/2019.1/strategies/VDI2017.psg'
WARNING: [Runs 36-547] Tool Strategy 'Congestion_SpreadLogic_low' from file '/tools/Xilinx/Vivado/2019.1/strategies/VDI2017.psg' discarded because strategy with same name already parsed from '/tools/Xilinx/Vivado/2019.1/strategies/VDI2017.psg'
WARNING: [Runs 36-547] Tool Strategy 'Congestion_SpreadLogic_Explore' from file '/tools/Xilinx/Vivado/2019.1/strategies/VDI2017.psg' discarded because strategy with same name already parsed from '/tools/Xilinx/Vivado/2019.1/strategies/VDI2017.psg'
WARNING: [Runs 36-547] Tool Strategy 'Congestion_SSI_SpreadLogic_high' from file '/tools/Xilinx/Vivado/2019.1/strategies/VDI2017.psg' discarded because strategy with same name already parsed from '/tools/Xilinx/Vivado/2019.1/strategies/VDI2017.psg'
WARNING: [Runs 36-547] Tool Strategy 'Congestion_SSI_SpreadLogic_low' from file '/tools/Xilinx/Vivado/2019.1/strategies/VDI2017.psg' discarded because strategy with same name already parsed from '/tools/Xilinx/Vivado/2019.1/strategies/VDI2017.psg'
WARNING: [Runs 36-547] Tool Strategy 'Congestion_SSI_SpreadLogic_Explore' from file '/tools/Xilinx/Vivado/2019.1/strategies/VDI2017.psg' discarded because strategy with same name already parsed from '/tools/Xilinx/Vivado/2019.1/strategies/VDI2017.psg'
WARNING: [Runs 36-547] Tool Strategy 'Area_Explore' from file '/tools/Xilinx/Vivado/2019.1/strategies/VDI2017.psg' discarded because strategy with same name already parsed from '/tools/Xilinx/Vivado/2019.1/strategies/VDI2017.psg'
WARNING: [Runs 36-547] Tool Strategy 'Area_ExploreSequential' from file '/tools/Xilinx/Vivado/2019.1/strategies/VDI2017.psg' discarded because strategy with same name already parsed from '/tools/Xilinx/Vivado/2019.1/strategies/VDI2017.psg'
WARNING: [Runs 36-547] Tool Strategy 'Area_ExploreWithRemap' from file '/tools/Xilinx/Vivado/2019.1/strategies/VDI2017.psg' discarded because strategy with same name already parsed from '/tools/Xilinx/Vivado/2019.1/strategies/VDI2017.psg'
WARNING: [Runs 36-547] Tool Strategy 'Power_DefaultOpt' from file '/tools/Xilinx/Vivado/2019.1/strategies/VDI2017.psg' discarded because strategy with same name already parsed from '/tools/Xilinx/Vivado/2019.1/strategies/VDI2017.psg'
WARNING: [Runs 36-547] Tool Strategy 'Power_ExploreArea' from file '/tools/Xilinx/Vivado/2019.1/strategies/VDI2017.psg' discarded because strategy with same name already parsed from '/tools/Xilinx/Vivado/2019.1/strategies/VDI2017.psg'
WARNING: [Runs 36-547] Tool Strategy 'Flow_RunPhysOpt' from file '/tools/Xilinx/Vivado/2019.1/strategies/VDI2017.psg' discarded because strategy with same name already parsed from '/tools/Xilinx/Vivado/2019.1/strategies/VDI2017.psg'
WARNING: [Runs 36-547] Tool Strategy 'Flow_RunPostRoutePhysOpt' from file '/tools/Xilinx/Vivado/2019.1/strategies/VDI2017.psg' discarded because strategy with same name already parsed from '/tools/Xilinx/Vivado/2019.1/strategies/VDI2017.psg'
WARNING: [Runs 36-547] Tool Strategy 'Flow_RuntimeOptimized' from file '/tools/Xilinx/Vivado/2019.1/strategies/VDI2017.psg' discarded because strategy with same name already parsed from '/tools/Xilinx/Vivado/2019.1/strategies/VDI2017.psg'
WARNING: [Runs 36-547] Tool Strategy 'Flow_Quick' from file '/tools/Xilinx/Vivado/2019.1/strategies/VDI2017.psg' discarded because strategy with same name already parsed from '/tools/Xilinx/Vivado/2019.1/strategies/VDI2017.psg'
WARNING: [Runs 36-547] Tool Strategy 'Vivado Implementation Defaults' from file '/tools/Xilinx/Vivado/2019.1/strategies/VDI2014.psg' discarded because strategy with same name already parsed from '/tools/Xilinx/Vivado/2019.1/strategies/VDI2014.psg'
WARNING: [Runs 36-547] Tool Strategy 'Performance_Explore' from file '/tools/Xilinx/Vivado/2019.1/strategies/VDI2014.psg' discarded because strategy with same name already parsed from '/tools/Xilinx/Vivado/2019.1/strategies/VDI2014.psg'
WARNING: [Runs 36-547] Tool Strategy 'Performance_ExplorePostRoutePhysOpt' from file '/tools/Xilinx/Vivado/2019.1/strategies/VDI2014.psg' discarded because strategy with same name already parsed from '/tools/Xilinx/Vivado/2019.1/strategies/VDI2014.psg'
WARNING: [Runs 36-547] Tool Strategy 'Performance_RefinePlacement' from file '/tools/Xilinx/Vivado/2019.1/strategies/VDI2014.psg' discarded because strategy with same name already parsed from '/tools/Xilinx/Vivado/2019.1/strategies/VDI2014.psg'
WARNING: [Runs 36-547] Tool Strategy 'Performance_WLBlockPlacement' from file '/tools/Xilinx/Vivado/2019.1/strategies/VDI2014.psg' discarded because strategy with same name already parsed from '/tools/Xilinx/Vivado/2019.1/strategies/VDI2014.psg'
WARNING: [Runs 36-547] Tool Strategy 'Performance_WLBlockPlacementFanoutOpt' from file '/tools/Xilinx/Vivado/2019.1/strategies/VDI2014.psg' discarded because strategy with same name already parsed from '/tools/Xilinx/Vivado/2019.1/strategies/VDI2014.psg'
WARNING: [Runs 36-547] Tool Strategy 'Performance_LateBlockPlacement' from file '/tools/Xilinx/Vivado/2019.1/strategies/VDI2014.psg' discarded because strategy with same name already parsed from '/tools/Xilinx/Vivado/2019.1/strategies/VDI2014.psg'
WARNING: [Runs 36-547] Tool Strategy 'Performance_NetDelay_high' from file '/tools/Xilinx/Vivado/2019.1/strategies/VDI2014.psg' discarded because strategy with same name already parsed from '/tools/Xilinx/Vivado/2019.1/strategies/VDI2014.psg'
WARNING: [Runs 36-547] Tool Strategy 'Performance_NetDelay_medium' from file '/tools/Xilinx/Vivado/2019.1/strategies/VDI2014.psg' discarded because strategy with same name already parsed from '/tools/Xilinx/Vivado/2019.1/strategies/VDI2014.psg'
WARNING: [Runs 36-547] Tool Strategy 'Performance_NetDelay_low' from file '/tools/Xilinx/Vivado/2019.1/strategies/VDI2014.psg' discarded because strategy with same name already parsed from '/tools/Xilinx/Vivado/2019.1/strategies/VDI2014.psg'
WARNING: [Runs 36-547] Tool Strategy 'Performance_ExploreSLLs' from file '/tools/Xilinx/Vivado/2019.1/strategies/VDI2014.psg' discarded because strategy with same name already parsed from '/tools/Xilinx/Vivado/2019.1/strategies/VDI2014.psg'
WARNING: [Runs 36-547] Tool Strategy 'Performance_Retiming' from file '/tools/Xilinx/Vivado/2019.1/strategies/VDI2014.psg' discarded because strategy with same name already parsed from '/tools/Xilinx/Vivado/2019.1/strategies/VDI2014.psg'
WARNING: [Runs 36-547] Tool Strategy 'Area_Explore' from file '/tools/Xilinx/Vivado/2019.1/strategies/VDI2014.psg' discarded because strategy with same name already parsed from '/tools/Xilinx/Vivado/2019.1/strategies/VDI2014.psg'
WARNING: [Runs 36-547] Tool Strategy 'Power_DefaultOpt' from file '/tools/Xilinx/Vivado/2019.1/strategies/VDI2014.psg' discarded because strategy with same name already parsed from '/tools/Xilinx/Vivado/2019.1/strategies/VDI2014.psg'
WARNING: [Runs 36-547] Tool Strategy 'Flow_RunPhysOpt' from file '/tools/Xilinx/Vivado/2019.1/strategies/VDI2014.psg' discarded because strategy with same name already parsed from '/tools/Xilinx/Vivado/2019.1/strategies/VDI2014.psg'
WARNING: [Runs 36-547] Tool Strategy 'Flow_RunPostRoutePhysOpt' from file '/tools/Xilinx/Vivado/2019.1/strategies/VDI2014.psg' discarded because strategy with same name already parsed from '/tools/Xilinx/Vivado/2019.1/strategies/VDI2014.psg'
WARNING: [Runs 36-547] Tool Strategy 'Flow_RuntimeOptimized' from file '/tools/Xilinx/Vivado/2019.1/strategies/VDI2014.psg' discarded because strategy with same name already parsed from '/tools/Xilinx/Vivado/2019.1/strategies/VDI2014.psg'
WARNING: [Runs 36-547] Tool Strategy 'Flow_Quick' from file '/tools/Xilinx/Vivado/2019.1/strategies/VDI2014.psg' discarded because strategy with same name already parsed from '/tools/Xilinx/Vivado/2019.1/strategies/VDI2014.psg'
WARNING: [Runs 36-547] Tool Strategy 'Congestion_SpreadLogic_high' from file '/tools/Xilinx/Vivado/2019.1/strategies/VDI2014.psg' discarded because strategy with same name already parsed from '/tools/Xilinx/Vivado/2019.1/strategies/VDI2014.psg'
INFO: [Common 17-14] Message 'Runs 36-547' appears 100 times and further instances of the messages will be disabled. Use the Tcl command set_msg_config to change the current settings.
WARNING: [Runs 36-546] Tool Report Strategy 'Vivado Implementation Default Reports' from file '/tools/Xilinx/Vivado/2019.1/reportstrategies/VRI2017.psg' discarded because strategy with same name already parsed from '/tools/Xilinx/Vivado/2019.1/reportstrategies/VRI2017.psg'
WARNING: [Runs 36-546] Tool Report Strategy 'UltraFast Design Methodology Reports' from file '/tools/Xilinx/Vivado/2019.1/reportstrategies/VRI2017.psg' discarded because strategy with same name already parsed from '/tools/Xilinx/Vivado/2019.1/reportstrategies/VRI2017.psg'
WARNING: [Runs 36-546] Tool Report Strategy 'Performance Explore Reports' from file '/tools/Xilinx/Vivado/2019.1/reportstrategies/VRI2017.psg' discarded because strategy with same name already parsed from '/tools/Xilinx/Vivado/2019.1/reportstrategies/VRI2017.psg'
WARNING: [Runs 36-546] Tool Report Strategy 'Timing Closure Reports' from file '/tools/Xilinx/Vivado/2019.1/reportstrategies/VRI2017.psg' discarded because strategy with same name already parsed from '/tools/Xilinx/Vivado/2019.1/reportstrategies/VRI2017.psg'
WARNING: [Runs 36-546] Tool Report Strategy 'No Reports' from file '/tools/Xilinx/Vivado/2019.1/reportstrategies/VRI2017.psg' discarded because strategy with same name already parsed from '/tools/Xilinx/Vivado/2019.1/reportstrategies/VRI2017.psg'
WARNING: [Runs 36-546] Tool Report Strategy 'Vivado Implementation Default Reports' from file '/tools/Xilinx/Vivado/2019.1/reportstrategies/VRI2018.psg' discarded because strategy with same name already parsed from '/tools/Xilinx/Vivado/2019.1/reportstrategies/VRI2018.psg'
WARNING: [Runs 36-546] Tool Report Strategy 'UltraFast Design Methodology Reports' from file '/tools/Xilinx/Vivado/2019.1/reportstrategies/VRI2018.psg' discarded because strategy with same name already parsed from '/tools/Xilinx/Vivado/2019.1/reportstrategies/VRI2018.psg'
WARNING: [Runs 36-546] Tool Report Strategy 'Performance Explore Reports' from file '/tools/Xilinx/Vivado/2019.1/reportstrategies/VRI2018.psg' discarded because strategy with same name already parsed from '/tools/Xilinx/Vivado/2019.1/reportstrategies/VRI2018.psg'
WARNING: [Runs 36-546] Tool Report Strategy 'Timing Closure Reports' from file '/tools/Xilinx/Vivado/2019.1/reportstrategies/VRI2018.psg' discarded because strategy with same name already parsed from '/tools/Xilinx/Vivado/2019.1/reportstrategies/VRI2018.psg'
WARNING: [Runs 36-546] Tool Report Strategy 'No Reports' from file '/tools/Xilinx/Vivado/2019.1/reportstrategies/VRI2018.psg' discarded because strategy with same name already parsed from '/tools/Xilinx/Vivado/2019.1/reportstrategies/VRI2018.psg'
WARNING: [Runs 36-546] Tool Report Strategy 'Vivado Synthesis Default Reports' from file '/tools/Xilinx/Vivado/2019.1/reportstrategies/VRS2018.psg' discarded because strategy with same name already parsed from '/tools/Xilinx/Vivado/2019.1/reportstrategies/VRS2018.psg'
WARNING: [Runs 36-546] Tool Report Strategy 'No Reports' from file '/tools/Xilinx/Vivado/2019.1/reportstrategies/VRS2018.psg' discarded because strategy with same name already parsed from '/tools/Xilinx/Vivado/2019.1/reportstrategies/VRS2018.psg'
WARNING: [Runs 36-546] Tool Report Strategy 'Vivado Synthesis Default Reports' from file '/tools/Xilinx/Vivado/2019.1/reportstrategies/VRS2019.psg' discarded because strategy with same name already parsed from '/tools/Xilinx/Vivado/2019.1/reportstrategies/VRS2019.psg'
WARNING: [Runs 36-546] Tool Report Strategy 'No Reports' from file '/tools/Xilinx/Vivado/2019.1/reportstrategies/VRS2019.psg' discarded because strategy with same name already parsed from '/tools/Xilinx/Vivado/2019.1/reportstrategies/VRS2019.psg'
WARNING: [Runs 36-546] Tool Report Strategy 'Vivado Implementation Default Reports' from file '/tools/Xilinx/Vivado/2019.1/reportstrategies/VRI2019.psg' discarded because strategy with same name already parsed from '/tools/Xilinx/Vivado/2019.1/reportstrategies/VRI2019.psg'
WARNING: [Runs 36-546] Tool Report Strategy 'UltraFast Design Methodology Reports' from file '/tools/Xilinx/Vivado/2019.1/reportstrategies/VRI2019.psg' discarded because strategy with same name already parsed from '/tools/Xilinx/Vivado/2019.1/reportstrategies/VRI2019.psg'
WARNING: [Runs 36-546] Tool Report Strategy 'Performance Explore Reports' from file '/tools/Xilinx/Vivado/2019.1/reportstrategies/VRI2019.psg' discarded because strategy with same name already parsed from '/tools/Xilinx/Vivado/2019.1/reportstrategies/VRI2019.psg'
WARNING: [Runs 36-546] Tool Report Strategy 'Timing Closure Reports' from file '/tools/Xilinx/Vivado/2019.1/reportstrategies/VRI2019.psg' discarded because strategy with same name already parsed from '/tools/Xilinx/Vivado/2019.1/reportstrategies/VRI2019.psg'
WARNING: [Runs 36-546] Tool Report Strategy 'No Reports' from file '/tools/Xilinx/Vivado/2019.1/reportstrategies/VRI2019.psg' discarded because strategy with same name already parsed from '/tools/Xilinx/Vivado/2019.1/reportstrategies/VRI2019.psg'
WARNING: [Runs 36-546] Tool Report Strategy 'Vivado Synthesis Default Reports' from file '/tools/Xilinx/Vivado/2019.1/reportstrategies/VRS2017.psg' discarded because strategy with same name already parsed from '/tools/Xilinx/Vivado/2019.1/reportstrategies/VRS2017.psg'
WARNING: [Runs 36-546] Tool Report Strategy 'No Reports' from file '/tools/Xilinx/Vivado/2019.1/reportstrategies/VRS2017.psg' discarded because strategy with same name already parsed from '/tools/Xilinx/Vivado/2019.1/reportstrategies/VRS2017.psg'
source top.tcl -notrace
INFO: [IP_Flow 19-234] Refreshing IP repositories
INFO: [IP_Flow 19-1700] Loaded user IP repository '/home/valmyrsilva07/teste12345/mlib_devel/jasper_library/hdl_sources/skarab_infr/cont_microblaze/ipshared/peralex.com'.
INFO: [IP_Flow 19-2313] Loaded Vivado IP repository '/tools/Xilinx/Vivado/2019.1/data/ip'.
Abnormal program termination (11)
Please check '/home/valmyrsilva07/virtex7/skarab-virtex7-toolflow/fpgs/ethernet_one_gbe_skarab_control/ethernet_one_gbe_skarab_axi/myproj/myproj.runs/synth_1/hs_err_pid434184.log' for details
[Tue Aug  4 20:05:07 2026] synth_1 finished
wait_on_run: Time (s): cpu = 00:02:38 ; elapsed = 00:00:52 . Memory (MB): peak = 1932.691 ; gain = 0.000 ; free physical = 40403 ; free virtual = 50852
# open_run synth_1
ERROR: [Common 17-69] Command failed: Run 'synth_1' failed. Unable to open
INFO: [Common 17-206] Exiting Vivado at Tue Aug  4 20:05:07 2026...
