#-----------------------------------------------------------
# Vivado v2019.1 (64-bit)
# SW Build 2552052 on Fri May 24 14:47:09 MDT 2019
# IP Build 2548770 on Fri May 24 18:01:18 MDT 2019
# Start of session at: Mon Aug  3 18:20:45 2026
# Process ID: 110796
# Current directory: /home/valmyrsilva07/teste12345/mlib_devel
# Command line: vivado -jou /home/valmyrsilva07/virtex7/skarab-virtex7-toolflow/fpgs/ethernet_one_gbe_skarab_control/ethernet_one_gbe_skarab_axi/vivado.jou -log /home/valmyrsilva07/virtex7/skarab-virtex7-toolflow/fpgs/ethernet_one_gbe_skarab_control/ethernet_one_gbe_skarab_axi/vivado.log -mode batch -source /home/valmyrsilva07/virtex7/skarab-virtex7-toolflow/fpgs/ethernet_one_gbe_skarab_control/ethernet_one_gbe_skarab_axi/gogogo.tcl
# Log file: /home/valmyrsilva07/virtex7/skarab-virtex7-toolflow/fpgs/ethernet_one_gbe_skarab_control/ethernet_one_gbe_skarab_axi/vivado.log
# Journal file: /home/valmyrsilva07/virtex7/skarab-virtex7-toolflow/fpgs/ethernet_one_gbe_skarab_control/ethernet_one_gbe_skarab_axi/vivado.jou
#-----------------------------------------------------------
WARNING: [Runs 36-547] Tool Strategy 'Vivado Implementation Defaults' from file '/tools/Xilinx/Vivado/2019.1/strategies/VDI2015.psg' discarded because strategy with same name already parsed from '/tools/Xilinx/Vivado/2019.1/strategies/VDI2015.psg'
WARNING: [Runs 36-547] Tool Strategy 'Performance_Explore' from file '/tools/Xilinx/Vivado/2019.1/strategies/VDI2015.psg' discarded because strategy with same name already parsed from '/tools/Xilinx/Vivado/2019.1/strategies/VDI2015.psg'
WARNING: [Runs 36-547] Tool Strategy 'Performance_ExplorePostRoutePhysOpt' from file '/tools/Xilinx/Vivado/2019.1/strategies/VDI2015.psg' discarded because strategy with same name already parsed from '/tools/Xilinx/Vivado/2019.1/strategies/VDI2015.psg'
WARNING: [Runs 36-547] Tool Strategy 'Performance_RefinePlacement' from file '/tools/Xilinx/Vivado/2019.1/strategies/VDI2015.psg' discarded because strategy with same name already parsed from '/tools/Xilinx/Vivado/2019.1/strategies/VDI2015.psg'
WARNING: [Runs 36-547] Tool Strategy 'Performance_WLBlockPlacement' from file '/tools/Xilinx/Vivado/2019.1/strategies/VDI2015.psg' discarded because strategy with same name already parsed from '/tools/Xilinx/Vivado/2019.1/strategies/VDI2015.psg'
WARNING: [Runs 36-547] Tool Strategy 'Performance_WLBlockPlacementFanoutOpt' from file '/tools/Xilinx/Vivado/2019.1/strategies/VDI2015.psg' discarded because strategy with same name already parsed from '/tools/Xilinx/Vivado/2019.1/strategies/VDI2015.psg'
WARNING: [Runs 36-547] Tool Strategy 'Performance_NetDelay_high' from file '/tools/Xilinx/Vivado/2019.1/strategies/VDI2015.psg' discarded because strategy with same name already parsed from '/tools/Xilinx/Vivado/2019.1/strategies/VDI2015.psg'
WARNING: [Runs 36-547] Tool Strategy 'Performance_NetDelay_medium' from file '/tools/Xilinx/Vivado/2019.1/strategies/VDI2015.psg' discarded because strategy with same name already parsed from '/tools/Xilinx/Vivado/2019.1/strategies/VDI2015.psg'
WARNING: [Runs 36-547] Tool Strategy 'Performance_NetDelay_low' from file '/tools/Xilinx/Vivado/2019.1/strategies/VDI2015.psg' discarded because strategy with same name already parsed from '/tools/Xilinx/Vivado/2019.1/strategies/VDI2015.psg'
WARNING: [Runs 36-547] Tool Strategy 'Performance_ExploreSLLs' from file '/tools/Xilinx/Vivado/2019.1/strategies/VDI2015.psg' discarded because strategy with same name already parsed from '/tools/Xilinx/Vivado/2019.1/strategies/VDI2015.psg'
WARNING: [Runs 36-547] Tool Strategy 'Performance_Retiming' from file '/tools/Xilinx/Vivado/2019.1/strategies/VDI2015.psg' discarded because strategy with same name already parsed from '/tools/Xilinx/Vivado/2019.1/strategies/VDI2015.psg'
WARNING: [Runs 36-547] Tool Strategy 'Area_Explore' from file '/tools/Xilinx/Vivado/2019.1/strategies/VDI2015.psg' discarded because strategy with same name already parsed from '/tools/Xilinx/Vivado/2019.1/strategies/VDI2015.psg'
WARNING: [Runs 36-547] Tool Strategy 'Power_DefaultOpt' from file '/tools/Xilinx/Vivado/2019.1/strategies/VDI2015.psg' discarded because strategy with same name already parsed from '/tools/Xilinx/Vivado/2019.1/strategies/VDI2015.psg'
WARNING: [Runs 36-547] Tool Strategy 'Flow_RunPhysOpt' from file '/tools/Xilinx/Vivado/2019.1/strategies/VDI2015.psg' discarded because strategy with same name already parsed from '/tools/Xilinx/Vivado/2019.1/strategies/VDI2015.psg'
WARNING: [Runs 36-547] Tool Strategy 'Flow_RunPostRoutePhysOpt' from file '/tools/Xilinx/Vivado/2019.1/strategies/VDI2015.psg' discarded because strategy with same name already parsed from '/tools/Xilinx/Vivado/2019.1/strategies/VDI2015.psg'
WARNING: [Runs 36-547] Tool Strategy 'Flow_RuntimeOptimized' from file '/tools/Xilinx/Vivado/2019.1/strategies/VDI2015.psg' discarded because strategy with same name already parsed from '/tools/Xilinx/Vivado/2019.1/strategies/VDI2015.psg'
WARNING: [Runs 36-547] Tool Strategy 'Flow_Quick' from file '/tools/Xilinx/Vivado/2019.1/strategies/VDI2015.psg' discarded because strategy with same name already parsed from '/tools/Xilinx/Vivado/2019.1/strategies/VDI2015.psg'
WARNING: [Runs 36-547] Tool Strategy 'Congestion_SpreadLogic_high' from file '/tools/Xilinx/Vivado/2019.1/strategies/VDI2015.psg' discarded because strategy with same name already parsed from '/tools/Xilinx/Vivado/2019.1/strategies/VDI2015.psg'
WARNING: [Runs 36-547] Tool Strategy 'Congestion_SpreadLogic_medium' from file '/tools/Xilinx/Vivado/2019.1/strategies/VDI2015.psg' discarded because strategy with same name already parsed from '/tools/Xilinx/Vivado/2019.1/strategies/VDI2015.psg'
WARNING: [Runs 36-547] Tool Strategy 'Congestion_SpreadLogic_low' from file '/tools/Xilinx/Vivado/2019.1/strategies/VDI2015.psg' discarded because strategy with same name already parsed from '/tools/Xilinx/Vivado/2019.1/strategies/VDI2015.psg'
WARNING: [Runs 36-547] Tool Strategy 'Congestion_SpreadLogicSLLs' from file '/tools/Xilinx/Vivado/2019.1/strategies/VDI2015.psg' discarded because strategy with same name already parsed from '/tools/Xilinx/Vivado/2019.1/strategies/VDI2015.psg'
WARNING: [Runs 36-547] Tool Strategy 'Congestion_BalanceSLLs' from file '/tools/Xilinx/Vivado/2019.1/strategies/VDI2015.psg' discarded because strategy with same name already parsed from '/tools/Xilinx/Vivado/2019.1/strategies/VDI2015.psg'
WARNING: [Runs 36-547] Tool Strategy 'Congestion_BalanceSLRs' from file '/tools/Xilinx/Vivado/2019.1/strategies/VDI2015.psg' discarded because strategy with same name already parsed from '/tools/Xilinx/Vivado/2019.1/strategies/VDI2015.psg'
WARNING: [Runs 36-547] Tool Strategy 'Congestion_CompressSLRs' from file '/tools/Xilinx/Vivado/2019.1/strategies/VDI2015.psg' discarded because strategy with same name already parsed from '/tools/Xilinx/Vivado/2019.1/strategies/VDI2015.psg'
WARNING: [Runs 36-547] Tool Strategy 'Vivado Synthesis Defaults' from file '/tools/Xilinx/Vivado/2019.1/strategies/VDS2012.psg' discarded because strategy with same name already parsed from '/tools/Xilinx/Vivado/2019.1/strategies/VDS2012.psg'
WARNING: [Runs 36-547] Tool Strategy 'Vivado Implementation Defaults' from file '/tools/Xilinx/Vivado/2019.1/strategies/VDI2012.psg' discarded because strategy with same name already parsed from '/tools/Xilinx/Vivado/2019.1/strategies/VDI2012.psg'
WARNING: [Runs 36-547] Tool Strategy 'HighEffort' from file '/tools/Xilinx/Vivado/2019.1/strategies/VDI2012.psg' discarded because strategy with same name already parsed from '/tools/Xilinx/Vivado/2019.1/strategies/VDI2012.psg'
WARNING: [Runs 36-547] Tool Strategy 'HighEffortPhySynth' from file '/tools/Xilinx/Vivado/2019.1/strategies/VDI2012.psg' discarded because strategy with same name already parsed from '/tools/Xilinx/Vivado/2019.1/strategies/VDI2012.psg'
WARNING: [Runs 36-547] Tool Strategy 'LowEffort' from file '/tools/Xilinx/Vivado/2019.1/strategies/VDI2012.psg' discarded because strategy with same name already parsed from '/tools/Xilinx/Vivado/2019.1/strategies/VDI2012.psg'
WARNING: [Runs 36-547] Tool Strategy 'QuickEffort' from file '/tools/Xilinx/Vivado/2019.1/strategies/VDI2012.psg' discarded because strategy with same name already parsed from '/tools/Xilinx/Vivado/2019.1/strategies/VDI2012.psg'
WARNING: [Runs 36-547] Tool Strategy 'Vivado Synthesis Defaults' from file '/tools/Xilinx/Vivado/2019.1/strategies/VDS2014.psg' discarded because strategy with same name already parsed from '/tools/Xilinx/Vivado/2019.1/strategies/VDS2014.psg'
WARNING: [Runs 36-547] Tool Strategy 'Flow_RuntimeOptimized' from file '/tools/Xilinx/Vivado/2019.1/strategies/VDS2014.psg' discarded because strategy with same name already parsed from '/tools/Xilinx/Vivado/2019.1/strategies/VDS2014.psg'
WARNING: [Runs 36-547] Tool Strategy 'Flow_AreaOptimized_High' from file '/tools/Xilinx/Vivado/2019.1/strategies/VDS2014.psg' discarded because strategy with same name already parsed from '/tools/Xilinx/Vivado/2019.1/strategies/VDS2014.psg'
WARNING: [Runs 36-547] Tool Strategy 'Flow_PerfOptimized_High' from file '/tools/Xilinx/Vivado/2019.1/strategies/VDS2014.psg' discarded because strategy with same name already parsed from '/tools/Xilinx/Vivado/2019.1/strategies/VDS2014.psg'
WARNING: [Runs 36-547] Tool Strategy 'Vivado Synthesis Defaults' from file '/tools/Xilinx/Vivado/2019.1/strategies/VDS2018.psg' discarded because strategy with same name already parsed from '/tools/Xilinx/Vivado/2019.1/strategies/VDS2018.psg'
WARNING: [Runs 36-547] Tool Strategy 'Flow_AreaOptimized_high' from file '/tools/Xilinx/Vivado/2019.1/strategies/VDS2018.psg' discarded because strategy with same name already parsed from '/tools/Xilinx/Vivado/2019.1/strategies/VDS2018.psg'
WARNING: [Runs 36-547] Tool Strategy 'Flow_AreaOptimized_medium' from file '/tools/Xilinx/Vivado/2019.1/strategies/VDS2018.psg' discarded because strategy with same name already parsed from '/tools/Xilinx/Vivado/2019.1/strategies/VDS2018.psg'
WARNING: [Runs 36-547] Tool Strategy 'Flow_AreaMultThresholdDSP' from file '/tools/Xilinx/Vivado/2019.1/strategies/VDS2018.psg' discarded because strategy with same name already parsed from '/tools/Xilinx/Vivado/2019.1/strategies/VDS2018.psg'
WARNING: [Runs 36-547] Tool Strategy 'Flow_AlternateRoutability' from file '/tools/Xilinx/Vivado/2019.1/strategies/VDS2018.psg' discarded because strategy with same name already parsed from '/tools/Xilinx/Vivado/2019.1/strategies/VDS2018.psg'
WARNING: [Runs 36-547] Tool Strategy 'Flow_PerfOptimized_high' from file '/tools/Xilinx/Vivado/2019.1/strategies/VDS2018.psg' discarded because strategy with same name already parsed from '/tools/Xilinx/Vivado/2019.1/strategies/VDS2018.psg'
WARNING: [Runs 36-547] Tool Strategy 'Flow_PerfThresholdCarry' from file '/tools/Xilinx/Vivado/2019.1/strategies/VDS2018.psg' discarded because strategy with same name already parsed from '/tools/Xilinx/Vivado/2019.1/strategies/VDS2018.psg'
WARNING: [Runs 36-547] Tool Strategy 'Flow_RuntimeOptimized' from file '/tools/Xilinx/Vivado/2019.1/strategies/VDS2018.psg' discarded because strategy with same name already parsed from '/tools/Xilinx/Vivado/2019.1/strategies/VDS2018.psg'
WARNING: [Runs 36-547] Tool Strategy 'Vivado Synthesis Defaults' from file '/tools/Xilinx/Vivado/2019.1/strategies/VDS2017.psg' discarded because strategy with same name already parsed from '/tools/Xilinx/Vivado/2019.1/strategies/VDS2017.psg'
WARNING: [Runs 36-547] Tool Strategy 'Flow_AreaOptimized_high' from file '/tools/Xilinx/Vivado/2019.1/strategies/VDS2017.psg' discarded because strategy with same name already parsed from '/tools/Xilinx/Vivado/2019.1/strategies/VDS2017.psg'
WARNING: [Runs 36-547] Tool Strategy 'Flow_AreaOptimized_medium' from file '/tools/Xilinx/Vivado/2019.1/strategies/VDS2017.psg' discarded because strategy with same name already parsed from '/tools/Xilinx/Vivado/2019.1/strategies/VDS2017.psg'
WARNING: [Runs 36-547] Tool Strategy 'Flow_AreaMultThresholdDSP' from file '/tools/Xilinx/Vivado/2019.1/strategies/VDS2017.psg' discarded because strategy with same name already parsed from '/tools/Xilinx/Vivado/2019.1/strategies/VDS2017.psg'
WARNING: [Runs 36-547] Tool Strategy 'Flow_AlternateRoutability' from file '/tools/Xilinx/Vivado/2019.1/strategies/VDS2017.psg' discarded because strategy with same name already parsed from '/tools/Xilinx/Vivado/2019.1/strategies/VDS2017.psg'
WARNING: [Runs 36-547] Tool Strategy 'Flow_PerfOptimized_high' from file '/tools/Xilinx/Vivado/2019.1/strategies/VDS2017.psg' discarded because strategy with same name already parsed from '/tools/Xilinx/Vivado/2019.1/strategies/VDS2017.psg'
WARNING: [Runs 36-547] Tool Strategy 'Flow_PerfThresholdCarry' from file '/tools/Xilinx/Vivado/2019.1/strategies/VDS2017.psg' discarded because strategy with same name already parsed from '/tools/Xilinx/Vivado/2019.1/strategies/VDS2017.psg'
WARNING: [Runs 36-547] Tool Strategy 'Flow_RuntimeOptimized' from file '/tools/Xilinx/Vivado/2019.1/strategies/VDS2017.psg' discarded because strategy with same name already parsed from '/tools/Xilinx/Vivado/2019.1/strategies/VDS2017.psg'
WARNING: [Runs 36-547] Tool Strategy 'Vivado Synthesis Defaults' from file '/tools/Xilinx/Vivado/2019.1/strategies/VDS2013.psg' discarded because strategy with same name already parsed from '/tools/Xilinx/Vivado/2019.1/strategies/VDS2013.psg'
WARNING: [Runs 36-547] Tool Strategy 'Flow_RuntimeOptimized' from file '/tools/Xilinx/Vivado/2019.1/strategies/VDS2013.psg' discarded because strategy with same name already parsed from '/tools/Xilinx/Vivado/2019.1/strategies/VDS2013.psg'
WARNING: [Runs 36-547] Tool Strategy 'Vivado Implementation Defaults' from file '/tools/Xilinx/Vivado/2019.1/strategies/VDI2017.psg' discarded because strategy with same name already parsed from '/tools/Xilinx/Vivado/2019.1/strategies/VDI2017.psg'
WARNING: [Runs 36-547] Tool Strategy 'Performance_Explore' from file '/tools/Xilinx/Vivado/2019.1/strategies/VDI2017.psg' discarded because strategy with same name already parsed from '/tools/Xilinx/Vivado/2019.1/strategies/VDI2017.psg'
WARNING: [Runs 36-547] Tool Strategy 'Performance_ExplorePostRoutePhysOpt' from file '/tools/Xilinx/Vivado/2019.1/strategies/VDI2017.psg' discarded because strategy with same name already parsed from '/tools/Xilinx/Vivado/2019.1/strategies/VDI2017.psg'
WARNING: [Runs 36-547] Tool Strategy 'Performance_WLBlockPlacement' from file '/tools/Xilinx/Vivado/2019.1/strategies/VDI2017.psg' discarded because strategy with same name already parsed from '/tools/Xilinx/Vivado/2019.1/strategies/VDI2017.psg'
WARNING: [Runs 36-547] Tool Strategy 'Performance_WLBlockPlacementFanoutOpt' from file '/tools/Xilinx/Vivado/2019.1/strategies/VDI2017.psg' discarded because strategy with same name already parsed from '/tools/Xilinx/Vivado/2019.1/strategies/VDI2017.psg'
WARNING: [Runs 36-547] Tool Strategy 'Performance_EarlyBlockPlacement' from file '/tools/Xilinx/Vivado/2019.1/strategies/VDI2017.psg' discarded because strategy with same name already parsed from '/tools/Xilinx/Vivado/2019.1/strategies/VDI2017.psg'
WARNING: [Runs 36-547] Tool Strategy 'Performance_NetDelay_high' from file '/tools/Xilinx/Vivado/2019.1/strategies/VDI2017.psg' discarded because strategy with same name already parsed from '/tools/Xilinx/Vivado/2019.1/strategies/VDI2017.psg'
WARNING: [Runs 36-547] Tool Strategy 'Performance_NetDelay_low' from file '/tools/Xilinx/Vivado/2019.1/strategies/VDI2017.psg' discarded because strategy with same name already parsed from '/tools/Xilinx/Vivado/2019.1/strategies/VDI2017.psg'
WARNING: [Runs 36-547] Tool Strategy 'Performance_Retiming' from file '/tools/Xilinx/Vivado/2019.1/strategies/VDI2017.psg' discarded because strategy with same name already parsed from '/tools/Xilinx/Vivado/2019.1/strategies/VDI2017.psg'
WARNING: [Runs 36-547] Tool Strategy 'Performance_ExtraTimingOpt' from file '/tools/Xilinx/Vivado/2019.1/strategies/VDI2017.psg' discarded because strategy with same name already parsed from '/tools/Xilinx/Vivado/2019.1/strategies/VDI2017.psg'
WARNING: [Runs 36-547] Tool Strategy 'Performance_RefinePlacement' from file '/tools/Xilinx/Vivado/2019.1/strategies/VDI2017.psg' discarded because strategy with same name already parsed from '/tools/Xilinx/Vivado/2019.1/strategies/VDI2017.psg'
WARNING: [Runs 36-547] Tool Strategy 'Performance_SpreadSLLs' from file '/tools/Xilinx/Vivado/2019.1/strategies/VDI2017.psg' discarded because strategy with same name already parsed from '/tools/Xilinx/Vivado/2019.1/strategies/VDI2017.psg'
WARNING: [Runs 36-547] Tool Strategy 'Performance_BalanceSLLs' from file '/tools/Xilinx/Vivado/2019.1/strategies/VDI2017.psg' discarded because strategy with same name already parsed from '/tools/Xilinx/Vivado/2019.1/strategies/VDI2017.psg'
WARNING: [Runs 36-547] Tool Strategy 'Congestion_SpreadLogic_high' from file '/tools/Xilinx/Vivado/2019.1/strategies/VDI2017.psg' discarded because strategy with same name already parsed from '/tools/Xilinx/Vivado/2019.1/strategies/VDI2017.psg'
WARNING: [Runs 36-547] Tool Strategy 'Congestion_SpreadLogic_medium' from file '/tools/Xilinx/Vivado/2019.1/strategies/VDI2017.psg' discarded because strategy with same name already parsed from '/tools/Xilinx/Vivado/2019.1/strategies/VDI2017.psg'
WARNING: [Runs 36-547] Tool Strategy 'Congestion_SpreadLogic_low' from file '/tools/Xilinx/Vivado/2019.1/strategies/VDI2017.psg' discarded because strategy with same name already parsed from '/tools/Xilinx/Vivado/2019.1/strategies/VDI2017.psg'
WARNING: [Runs 36-547] Tool Strategy 'Congestion_SpreadLogic_Explore' from file '/tools/Xilinx/Vivado/2019.1/strategies/VDI2017.psg' discarded because strategy with same name already parsed from '/tools/Xilinx/Vivado/2019.1/strategies/VDI2017.psg'
WARNING: [Runs 36-547] Tool Strategy 'Congestion_SSI_SpreadLogic_high' from file '/tools/Xilinx/Vivado/2019.1/strategies/VDI2017.psg' discarded because strategy with same name already parsed from '/tools/Xilinx/Vivado/2019.1/strategies/VDI2017.psg'
WARNING: [Runs 36-547] Tool Strategy 'Congestion_SSI_SpreadLogic_low' from file '/tools/Xilinx/Vivado/2019.1/strategies/VDI2017.psg' discarded because strategy with same name already parsed from '/tools/Xilinx/Vivado/2019.1/strategies/VDI2017.psg'
WARNING: [Runs 36-547] Tool Strategy 'Congestion_SSI_SpreadLogic_Explore' from file '/tools/Xilinx/Vivado/2019.1/strategies/VDI2017.psg' discarded because strategy with same name already parsed from '/tools/Xilinx/Vivado/2019.1/strategies/VDI2017.psg'
WARNING: [Runs 36-547] Tool Strategy 'Area_Explore' from file '/tools/Xilinx/Vivado/2019.1/strategies/VDI2017.psg' discarded because strategy with same name already parsed from '/tools/Xilinx/Vivado/2019.1/strategies/VDI2017.psg'
WARNING: [Runs 36-547] Tool Strategy 'Area_ExploreSequential' from file '/tools/Xilinx/Vivado/2019.1/strategies/VDI2017.psg' discarded because strategy with same name already parsed from '/tools/Xilinx/Vivado/2019.1/strategies/VDI2017.psg'
WARNING: [Runs 36-547] Tool Strategy 'Area_ExploreWithRemap' from file '/tools/Xilinx/Vivado/2019.1/strategies/VDI2017.psg' discarded because strategy with same name already parsed from '/tools/Xilinx/Vivado/2019.1/strategies/VDI2017.psg'
WARNING: [Runs 36-547] Tool Strategy 'Power_DefaultOpt' from file '/tools/Xilinx/Vivado/2019.1/strategies/VDI2017.psg' discarded because strategy with same name already parsed from '/tools/Xilinx/Vivado/2019.1/strategies/VDI2017.psg'
WARNING: [Runs 36-547] Tool Strategy 'Power_ExploreArea' from file '/tools/Xilinx/Vivado/2019.1/strategies/VDI2017.psg' discarded because strategy with same name already parsed from '/tools/Xilinx/Vivado/2019.1/strategies/VDI2017.psg'
WARNING: [Runs 36-547] Tool Strategy 'Flow_RunPhysOpt' from file '/tools/Xilinx/Vivado/2019.1/strategies/VDI2017.psg' discarded because strategy with same name already parsed from '/tools/Xilinx/Vivado/2019.1/strategies/VDI2017.psg'
WARNING: [Runs 36-547] Tool Strategy 'Flow_RunPostRoutePhysOpt' from file '/tools/Xilinx/Vivado/2019.1/strategies/VDI2017.psg' discarded because strategy with same name already parsed from '/tools/Xilinx/Vivado/2019.1/strategies/VDI2017.psg'
WARNING: [Runs 36-547] Tool Strategy 'Flow_RuntimeOptimized' from file '/tools/Xilinx/Vivado/2019.1/strategies/VDI2017.psg' discarded because strategy with same name already parsed from '/tools/Xilinx/Vivado/2019.1/strategies/VDI2017.psg'
WARNING: [Runs 36-547] Tool Strategy 'Flow_Quick' from file '/tools/Xilinx/Vivado/2019.1/strategies/VDI2017.psg' discarded because strategy with same name already parsed from '/tools/Xilinx/Vivado/2019.1/strategies/VDI2017.psg'
WARNING: [Runs 36-547] Tool Strategy 'Vivado Implementation Defaults' from file '/tools/Xilinx/Vivado/2019.1/strategies/VDI2014.psg' discarded because strategy with same name already parsed from '/tools/Xilinx/Vivado/2019.1/strategies/VDI2014.psg'
WARNING: [Runs 36-547] Tool Strategy 'Performance_Explore' from file '/tools/Xilinx/Vivado/2019.1/strategies/VDI2014.psg' discarded because strategy with same name already parsed from '/tools/Xilinx/Vivado/2019.1/strategies/VDI2014.psg'
WARNING: [Runs 36-547] Tool Strategy 'Performance_ExplorePostRoutePhysOpt' from file '/tools/Xilinx/Vivado/2019.1/strategies/VDI2014.psg' discarded because strategy with same name already parsed from '/tools/Xilinx/Vivado/2019.1/strategies/VDI2014.psg'
WARNING: [Runs 36-547] Tool Strategy 'Performance_RefinePlacement' from file '/tools/Xilinx/Vivado/2019.1/strategies/VDI2014.psg' discarded because strategy with same name already parsed from '/tools/Xilinx/Vivado/2019.1/strategies/VDI2014.psg'
WARNING: [Runs 36-547] Tool Strategy 'Performance_WLBlockPlacement' from file '/tools/Xilinx/Vivado/2019.1/strategies/VDI2014.psg' discarded because strategy with same name already parsed from '/tools/Xilinx/Vivado/2019.1/strategies/VDI2014.psg'
WARNING: [Runs 36-547] Tool Strategy 'Performance_WLBlockPlacementFanoutOpt' from file '/tools/Xilinx/Vivado/2019.1/strategies/VDI2014.psg' discarded because strategy with same name already parsed from '/tools/Xilinx/Vivado/2019.1/strategies/VDI2014.psg'
WARNING: [Runs 36-547] Tool Strategy 'Performance_LateBlockPlacement' from file '/tools/Xilinx/Vivado/2019.1/strategies/VDI2014.psg' discarded because strategy with same name already parsed from '/tools/Xilinx/Vivado/2019.1/strategies/VDI2014.psg'
WARNING: [Runs 36-547] Tool Strategy 'Performance_NetDelay_high' from file '/tools/Xilinx/Vivado/2019.1/strategies/VDI2014.psg' discarded because strategy with same name already parsed from '/tools/Xilinx/Vivado/2019.1/strategies/VDI2014.psg'
WARNING: [Runs 36-547] Tool Strategy 'Performance_NetDelay_medium' from file '/tools/Xilinx/Vivado/2019.1/strategies/VDI2014.psg' discarded because strategy with same name already parsed from '/tools/Xilinx/Vivado/2019.1/strategies/VDI2014.psg'
WARNING: [Runs 36-547] Tool Strategy 'Performance_NetDelay_low' from file '/tools/Xilinx/Vivado/2019.1/strategies/VDI2014.psg' discarded because strategy with same name already parsed from '/tools/Xilinx/Vivado/2019.1/strategies/VDI2014.psg'
WARNING: [Runs 36-547] Tool Strategy 'Performance_ExploreSLLs' from file '/tools/Xilinx/Vivado/2019.1/strategies/VDI2014.psg' discarded because strategy with same name already parsed from '/tools/Xilinx/Vivado/2019.1/strategies/VDI2014.psg'
WARNING: [Runs 36-547] Tool Strategy 'Performance_Retiming' from file '/tools/Xilinx/Vivado/2019.1/strategies/VDI2014.psg' discarded because strategy with same name already parsed from '/tools/Xilinx/Vivado/2019.1/strategies/VDI2014.psg'
WARNING: [Runs 36-547] Tool Strategy 'Area_Explore' from file '/tools/Xilinx/Vivado/2019.1/strategies/VDI2014.psg' discarded because strategy with same name already parsed from '/tools/Xilinx/Vivado/2019.1/strategies/VDI2014.psg'
WARNING: [Runs 36-547] Tool Strategy 'Power_DefaultOpt' from file '/tools/Xilinx/Vivado/2019.1/strategies/VDI2014.psg' discarded because strategy with same name already parsed from '/tools/Xilinx/Vivado/2019.1/strategies/VDI2014.psg'
WARNING: [Runs 36-547] Tool Strategy 'Flow_RunPhysOpt' from file '/tools/Xilinx/Vivado/2019.1/strategies/VDI2014.psg' discarded because strategy with same name already parsed from '/tools/Xilinx/Vivado/2019.1/strategies/VDI2014.psg'
WARNING: [Runs 36-547] Tool Strategy 'Flow_RunPostRoutePhysOpt' from file '/tools/Xilinx/Vivado/2019.1/strategies/VDI2014.psg' discarded because strategy with same name already parsed from '/tools/Xilinx/Vivado/2019.1/strategies/VDI2014.psg'
WARNING: [Runs 36-547] Tool Strategy 'Flow_RuntimeOptimized' from file '/tools/Xilinx/Vivado/2019.1/strategies/VDI2014.psg' discarded because strategy with same name already parsed from '/tools/Xilinx/Vivado/2019.1/strategies/VDI2014.psg'
WARNING: [Runs 36-547] Tool Strategy 'Flow_Quick' from file '/tools/Xilinx/Vivado/2019.1/strategies/VDI2014.psg' discarded because strategy with same name already parsed from '/tools/Xilinx/Vivado/2019.1/strategies/VDI2014.psg'
WARNING: [Runs 36-547] Tool Strategy 'Congestion_SpreadLogic_high' from file '/tools/Xilinx/Vivado/2019.1/strategies/VDI2014.psg' discarded because strategy with same name already parsed from '/tools/Xilinx/Vivado/2019.1/strategies/VDI2014.psg'
INFO: [Common 17-14] Message 'Runs 36-547' appears 100 times and further instances of the messages will be disabled. Use the Tcl command set_msg_config to change the current settings.
WARNING: [Runs 36-546] Tool Report Strategy 'Vivado Implementation Default Reports' from file '/tools/Xilinx/Vivado/2019.1/reportstrategies/VRI2017.psg' discarded because strategy with same name already parsed from '/tools/Xilinx/Vivado/2019.1/reportstrategies/VRI2017.psg'
WARNING: [Runs 36-546] Tool Report Strategy 'UltraFast Design Methodology Reports' from file '/tools/Xilinx/Vivado/2019.1/reportstrategies/VRI2017.psg' discarded because strategy with same name already parsed from '/tools/Xilinx/Vivado/2019.1/reportstrategies/VRI2017.psg'
WARNING: [Runs 36-546] Tool Report Strategy 'Performance Explore Reports' from file '/tools/Xilinx/Vivado/2019.1/reportstrategies/VRI2017.psg' discarded because strategy with same name already parsed from '/tools/Xilinx/Vivado/2019.1/reportstrategies/VRI2017.psg'
WARNING: [Runs 36-546] Tool Report Strategy 'Timing Closure Reports' from file '/tools/Xilinx/Vivado/2019.1/reportstrategies/VRI2017.psg' discarded because strategy with same name already parsed from '/tools/Xilinx/Vivado/2019.1/reportstrategies/VRI2017.psg'
WARNING: [Runs 36-546] Tool Report Strategy 'No Reports' from file '/tools/Xilinx/Vivado/2019.1/reportstrategies/VRI2017.psg' discarded because strategy with same name already parsed from '/tools/Xilinx/Vivado/2019.1/reportstrategies/VRI2017.psg'
WARNING: [Runs 36-546] Tool Report Strategy 'Vivado Implementation Default Reports' from file '/tools/Xilinx/Vivado/2019.1/reportstrategies/VRI2018.psg' discarded because strategy with same name already parsed from '/tools/Xilinx/Vivado/2019.1/reportstrategies/VRI2018.psg'
WARNING: [Runs 36-546] Tool Report Strategy 'UltraFast Design Methodology Reports' from file '/tools/Xilinx/Vivado/2019.1/reportstrategies/VRI2018.psg' discarded because strategy with same name already parsed from '/tools/Xilinx/Vivado/2019.1/reportstrategies/VRI2018.psg'
WARNING: [Runs 36-546] Tool Report Strategy 'Performance Explore Reports' from file '/tools/Xilinx/Vivado/2019.1/reportstrategies/VRI2018.psg' discarded because strategy with same name already parsed from '/tools/Xilinx/Vivado/2019.1/reportstrategies/VRI2018.psg'
WARNING: [Runs 36-546] Tool Report Strategy 'Timing Closure Reports' from file '/tools/Xilinx/Vivado/2019.1/reportstrategies/VRI2018.psg' discarded because strategy with same name already parsed from '/tools/Xilinx/Vivado/2019.1/reportstrategies/VRI2018.psg'
WARNING: [Runs 36-546] Tool Report Strategy 'No Reports' from file '/tools/Xilinx/Vivado/2019.1/reportstrategies/VRI2018.psg' discarded because strategy with same name already parsed from '/tools/Xilinx/Vivado/2019.1/reportstrategies/VRI2018.psg'
WARNING: [Runs 36-546] Tool Report Strategy 'Vivado Synthesis Default Reports' from file '/tools/Xilinx/Vivado/2019.1/reportstrategies/VRS2018.psg' discarded because strategy with same name already parsed from '/tools/Xilinx/Vivado/2019.1/reportstrategies/VRS2018.psg'
WARNING: [Runs 36-546] Tool Report Strategy 'No Reports' from file '/tools/Xilinx/Vivado/2019.1/reportstrategies/VRS2018.psg' discarded because strategy with same name already parsed from '/tools/Xilinx/Vivado/2019.1/reportstrategies/VRS2018.psg'
WARNING: [Runs 36-546] Tool Report Strategy 'Vivado Synthesis Default Reports' from file '/tools/Xilinx/Vivado/2019.1/reportstrategies/VRS2019.psg' discarded because strategy with same name already parsed from '/tools/Xilinx/Vivado/2019.1/reportstrategies/VRS2019.psg'
WARNING: [Runs 36-546] Tool Report Strategy 'No Reports' from file '/tools/Xilinx/Vivado/2019.1/reportstrategies/VRS2019.psg' discarded because strategy with same name already parsed from '/tools/Xilinx/Vivado/2019.1/reportstrategies/VRS2019.psg'
WARNING: [Runs 36-546] Tool Report Strategy 'Vivado Implementation Default Reports' from file '/tools/Xilinx/Vivado/2019.1/reportstrategies/VRI2019.psg' discarded because strategy with same name already parsed from '/tools/Xilinx/Vivado/2019.1/reportstrategies/VRI2019.psg'
WARNING: [Runs 36-546] Tool Report Strategy 'UltraFast Design Methodology Reports' from file '/tools/Xilinx/Vivado/2019.1/reportstrategies/VRI2019.psg' discarded because strategy with same name already parsed from '/tools/Xilinx/Vivado/2019.1/reportstrategies/VRI2019.psg'
WARNING: [Runs 36-546] Tool Report Strategy 'Performance Explore Reports' from file '/tools/Xilinx/Vivado/2019.1/reportstrategies/VRI2019.psg' discarded because strategy with same name already parsed from '/tools/Xilinx/Vivado/2019.1/reportstrategies/VRI2019.psg'
WARNING: [Runs 36-546] Tool Report Strategy 'Timing Closure Reports' from file '/tools/Xilinx/Vivado/2019.1/reportstrategies/VRI2019.psg' discarded because strategy with same name already parsed from '/tools/Xilinx/Vivado/2019.1/reportstrategies/VRI2019.psg'
WARNING: [Runs 36-546] Tool Report Strategy 'No Reports' from file '/tools/Xilinx/Vivado/2019.1/reportstrategies/VRI2019.psg' discarded because strategy with same name already parsed from '/tools/Xilinx/Vivado/2019.1/reportstrategies/VRI2019.psg'
WARNING: [Runs 36-546] Tool Report Strategy 'Vivado Synthesis Default Reports' from file '/tools/Xilinx/Vivado/2019.1/reportstrategies/VRS2017.psg' discarded because strategy with same name already parsed from '/tools/Xilinx/Vivado/2019.1/reportstrategies/VRS2017.psg'
WARNING: [Runs 36-546] Tool Report Strategy 'No Reports' from file '/tools/Xilinx/Vivado/2019.1/reportstrategies/VRS2017.psg' discarded because strategy with same name already parsed from '/tools/Xilinx/Vivado/2019.1/reportstrategies/VRS2017.psg'
source /home/valmyrsilva07/virtex7/skarab-virtex7-toolflow/fpgs/ethernet_one_gbe_skarab_control/ethernet_one_gbe_skarab_axi/gogogo.tcl
# puts "Starting tcl script"
Starting tcl script
# create_project -f myproj /home/valmyrsilva07/virtex7/skarab-virtex7-toolflow/fpgs/ethernet_one_gbe_skarab_control/ethernet_one_gbe_skarab_axi/myproj -part xc7vx690tffg1927-2
# set_property target_language VHDL [current_project]
# import_files -force /home/valmyrsilva07/virtex7/skarab-virtex7-toolflow/fpgs/ethernet_one_gbe_skarab_control/ethernet_one_gbe_skarab_axi/top.v
# import_files -force /home/valmyrsilva07/teste12345/mlib_devel/jasper_library/hdl_sources/wb_register_ppc2simulink
# import_files -force /home/valmyrsilva07/teste12345/mlib_devel/jasper_library/hdl_sources/wb_register_simulink2ppc
# import_files -force /home/valmyrsilva07/teste12345/mlib_devel/jasper_library/hdl_sources/wb_bram
# import_files -force /home/valmyrsilva07/teste12345/mlib_devel/jasper_library/hdl_sources/skarab_one_gbe/SKA_10GBE_MAC
# import_files -force /home/valmyrsilva07/teste12345/mlib_devel/jasper_library/hdl_sources/skarab_one_gbe/xaui_to_gmii_fifo/xaui_to_gmii_fifo.xci
INFO: [IP_Flow 19-234] Refreshing IP repositories
INFO: [IP_Flow 19-1704] No user IP repositories specified
INFO: [IP_Flow 19-2313] Loaded Vivado IP repository '/tools/Xilinx/Vivado/2019.1/data/ip'.
WARNING: [IP_Flow 19-2162] IP 'xaui_to_gmii_fifo' is locked:
* IP 'xaui_to_gmii_fifo' is configured as a user-managed IP. In this mode it is the user's responsibility to manage all IP files. * IP definition 'FIFO Generator (13.1)' for IP 'xaui_to_gmii_fifo' (customized with software release 2016.2) has a newer minor version in the IP Catalog. * IP definition 'FIFO Generator (13.1)' for IP 'xaui_to_gmii_fifo' (customized with software release 2016.2) has a different revision in the IP Catalog.
# import_files -force /home/valmyrsilva07/teste12345/mlib_devel/jasper_library/hdl_sources/skarab_one_gbe/gmii_to_xaui_fifo/gmii_to_xaui_fifo.xci
WARNING: [IP_Flow 19-2162] IP 'gmii_to_xaui_fifo' is locked:
* IP 'gmii_to_xaui_fifo' is configured as a user-managed IP. In this mode it is the user's responsibility to manage all IP files. * IP definition 'FIFO Generator (13.1)' for IP 'gmii_to_xaui_fifo' (customized with software release 2016.2) has a newer minor version in the IP Catalog. * IP definition 'FIFO Generator (13.1)' for IP 'gmii_to_xaui_fifo' (customized with software release 2016.2) has a different revision in the IP Catalog.
# import_files -force /home/valmyrsilva07/teste12345/mlib_devel/jasper_library/hdl_sources/skarab_one_gbe/gmii_to_sgmii/gmii_to_sgmii.xci
# import_files -force /home/valmyrsilva07/teste12345/mlib_devel/jasper_library/hdl_sources/skarab_one_gbe/one_gbe.vhd
# import_files -force /home/valmyrsilva07/teste12345/mlib_devel/jasper_library/hdl_sources/skarab_one_gbe/xaui_to_gmii_translator.vhd
# import_files -force /home/valmyrsilva07/teste12345/mlib_devel/jasper_library/hdl_sources/skarab_one_gbe/gmii_to_xaui_translator.vhd
# import_files -force /home/valmyrsilva07/teste12345/mlib_devel/jasper_library/hdl_sources/skarab_one_gbe/tx_fifo_ext/tx_fifo_ext.xci
# import_files -force /home/valmyrsilva07/teste12345/mlib_devel/jasper_library/hdl_sources/skarab_one_gbe/tx_data_fifo_ext/tx_data_fifo_ext.xci
# import_files -force /home/valmyrsilva07/teste12345/mlib_devel/jasper_library/hdl_sources/skarab_one_gbe/cpu_buffer/cpu_buffer.xci
# import_files -force /home/valmyrsilva07/teste12345/mlib_devel/jasper_library/hdl_sources/skarab_one_gbe/tx_packet_fifo/tx_packet_fifo.xci
WARNING: [IP_Flow 19-3664] IP 'tx_packet_fifo' generated file not found '/home/valmyrsilva07/teste12345/mlib_devel/jasper_library/hdl_sources/skarab_one_gbe/tx_packet_fifo/simulation/fifo_generator_vlog_beh.v'. Please regenerate to continue.
WARNING: [IP_Flow 19-3664] IP 'tx_packet_fifo' generated file not found '/home/valmyrsilva07/teste12345/mlib_devel/jasper_library/hdl_sources/skarab_one_gbe/tx_packet_fifo/sim/tx_packet_fifo.v'. Please regenerate to continue.
WARNING: [IP_Flow 19-3664] IP 'tx_packet_fifo' generated file not found '/home/valmyrsilva07/teste12345/mlib_devel/jasper_library/hdl_sources/skarab_one_gbe/tx_packet_fifo/doc/fifo_generator_v13_2_changelog.txt'. Please regenerate to continue.
CRITICAL WARNING: [IP_Flow 19-4299] Failed to copy '/home/valmyrsilva07/teste12345/mlib_devel/jasper_library/hdl_sources/skarab_one_gbe/tx_packet_fifo/doc/fifo_generator_v13_2_changelog.txt' to '/home/valmyrsilva07/virtex7/skarab-virtex7-toolflow/fpgs/ethernet_one_gbe_skarab_control/ethernet_one_gbe_skarab_axi/myproj/myproj.srcs/sources_1/ip/tx_packet_fifo/doc/fifo_generator_v13_2_changelog.txt'
CRITICAL WARNING: [IP_Flow 19-4299] Failed to copy '/home/valmyrsilva07/teste12345/mlib_devel/jasper_library/hdl_sources/skarab_one_gbe/tx_packet_fifo/simulation/fifo_generator_vlog_beh.v' to '/home/valmyrsilva07/virtex7/skarab-virtex7-toolflow/fpgs/ethernet_one_gbe_skarab_control/ethernet_one_gbe_skarab_axi/myproj/myproj.srcs/sources_1/ip/tx_packet_fifo/simulation/fifo_generator_vlog_beh.v'
CRITICAL WARNING: [IP_Flow 19-4299] Failed to copy '/home/valmyrsilva07/teste12345/mlib_devel/jasper_library/hdl_sources/skarab_one_gbe/tx_packet_fifo/sim/tx_packet_fifo.v' to '/home/valmyrsilva07/virtex7/skarab-virtex7-toolflow/fpgs/ethernet_one_gbe_skarab_control/ethernet_one_gbe_skarab_axi/myproj/myproj.srcs/sources_1/ip/tx_packet_fifo/sim/tx_packet_fifo.v'
# import_files -force /home/valmyrsilva07/teste12345/mlib_devel/jasper_library/hdl_sources/skarab_one_gbe/tx_packet_ctrl_fifo/tx_packet_ctrl_fifo.xci
WARNING: [IP_Flow 19-3664] IP 'tx_packet_ctrl_fifo' generated file not found '/home/valmyrsilva07/teste12345/mlib_devel/jasper_library/hdl_sources/skarab_one_gbe/tx_packet_ctrl_fifo/simulation/fifo_generator_vlog_beh.v'. Please regenerate to continue.
WARNING: [IP_Flow 19-3664] IP 'tx_packet_ctrl_fifo' generated file not found '/home/valmyrsilva07/teste12345/mlib_devel/jasper_library/hdl_sources/skarab_one_gbe/tx_packet_ctrl_fifo/sim/tx_packet_ctrl_fifo.v'. Please regenerate to continue.
WARNING: [IP_Flow 19-3664] IP 'tx_packet_ctrl_fifo' generated file not found '/home/valmyrsilva07/teste12345/mlib_devel/jasper_library/hdl_sources/skarab_one_gbe/tx_packet_ctrl_fifo/doc/fifo_generator_v13_2_changelog.txt'. Please regenerate to continue.
CRITICAL WARNING: [IP_Flow 19-4299] Failed to copy '/home/valmyrsilva07/teste12345/mlib_devel/jasper_library/hdl_sources/skarab_one_gbe/tx_packet_ctrl_fifo/doc/fifo_generator_v13_2_changelog.txt' to '/home/valmyrsilva07/virtex7/skarab-virtex7-toolflow/fpgs/ethernet_one_gbe_skarab_control/ethernet_one_gbe_skarab_axi/myproj/myproj.srcs/sources_1/ip/tx_packet_ctrl_fifo/doc/fifo_generator_v13_2_changelog.txt'
CRITICAL WARNING: [IP_Flow 19-4299] Failed to copy '/home/valmyrsilva07/teste12345/mlib_devel/jasper_library/hdl_sources/skarab_one_gbe/tx_packet_ctrl_fifo/simulation/fifo_generator_vlog_beh.v' to '/home/valmyrsilva07/virtex7/skarab-virtex7-toolflow/fpgs/ethernet_one_gbe_skarab_control/ethernet_one_gbe_skarab_axi/myproj/myproj.srcs/sources_1/ip/tx_packet_ctrl_fifo/simulation/fifo_generator_vlog_beh.v'
CRITICAL WARNING: [IP_Flow 19-4299] Failed to copy '/home/valmyrsilva07/teste12345/mlib_devel/jasper_library/hdl_sources/skarab_one_gbe/tx_packet_ctrl_fifo/sim/tx_packet_ctrl_fifo.v' to '/home/valmyrsilva07/virtex7/skarab-virtex7-toolflow/fpgs/ethernet_one_gbe_skarab_control/ethernet_one_gbe_skarab_axi/myproj/myproj.srcs/sources_1/ip/tx_packet_ctrl_fifo/sim/tx_packet_ctrl_fifo.v'
# import_files -force /home/valmyrsilva07/teste12345/mlib_devel/jasper_library/hdl_sources/skarab_one_gbe/rx_packet_fifo_bram/rx_packet_fifo_bram.xci
WARNING: [IP_Flow 19-3664] IP 'rx_packet_fifo_bram' generated file not found '/home/valmyrsilva07/teste12345/mlib_devel/jasper_library/hdl_sources/skarab_one_gbe/rx_packet_fifo_bram/simulation/fifo_generator_vlog_beh.v'. Please regenerate to continue.
WARNING: [IP_Flow 19-3664] IP 'rx_packet_fifo_bram' generated file not found '/home/valmyrsilva07/teste12345/mlib_devel/jasper_library/hdl_sources/skarab_one_gbe/rx_packet_fifo_bram/sim/rx_packet_fifo_bram.v'. Please regenerate to continue.
WARNING: [IP_Flow 19-3664] IP 'rx_packet_fifo_bram' generated file not found '/home/valmyrsilva07/teste12345/mlib_devel/jasper_library/hdl_sources/skarab_one_gbe/rx_packet_fifo_bram/doc/fifo_generator_v13_2_changelog.txt'. Please regenerate to continue.
CRITICAL WARNING: [IP_Flow 19-4299] Failed to copy '/home/valmyrsilva07/teste12345/mlib_devel/jasper_library/hdl_sources/skarab_one_gbe/rx_packet_fifo_bram/doc/fifo_generator_v13_2_changelog.txt' to '/home/valmyrsilva07/virtex7/skarab-virtex7-toolflow/fpgs/ethernet_one_gbe_skarab_control/ethernet_one_gbe_skarab_axi/myproj/myproj.srcs/sources_1/ip/rx_packet_fifo_bram/doc/fifo_generator_v13_2_changelog.txt'
CRITICAL WARNING: [IP_Flow 19-4299] Failed to copy '/home/valmyrsilva07/teste12345/mlib_devel/jasper_library/hdl_sources/skarab_one_gbe/rx_packet_fifo_bram/simulation/fifo_generator_vlog_beh.v' to '/home/valmyrsilva07/virtex7/skarab-virtex7-toolflow/fpgs/ethernet_one_gbe_skarab_control/ethernet_one_gbe_skarab_axi/myproj/myproj.srcs/sources_1/ip/rx_packet_fifo_bram/simulation/fifo_generator_vlog_beh.v'
CRITICAL WARNING: [IP_Flow 19-4299] Failed to copy '/home/valmyrsilva07/teste12345/mlib_devel/jasper_library/hdl_sources/skarab_one_gbe/rx_packet_fifo_bram/sim/rx_packet_fifo_bram.v' to '/home/valmyrsilva07/virtex7/skarab-virtex7-toolflow/fpgs/ethernet_one_gbe_skarab_control/ethernet_one_gbe_skarab_axi/myproj/myproj.srcs/sources_1/ip/rx_packet_fifo_bram/sim/rx_packet_fifo_bram.v'
# import_files -force /home/valmyrsilva07/teste12345/mlib_devel/jasper_library/hdl_sources/skarab_one_gbe/rx_packet_ctrl_fifo/rx_packet_ctrl_fifo.xci
WARNING: [IP_Flow 19-3664] IP 'rx_packet_ctrl_fifo' generated file not found '/home/valmyrsilva07/teste12345/mlib_devel/jasper_library/hdl_sources/skarab_one_gbe/rx_packet_ctrl_fifo/simulation/fifo_generator_vlog_beh.v'. Please regenerate to continue.
WARNING: [IP_Flow 19-3664] IP 'rx_packet_ctrl_fifo' generated file not found '/home/valmyrsilva07/teste12345/mlib_devel/jasper_library/hdl_sources/skarab_one_gbe/rx_packet_ctrl_fifo/sim/rx_packet_ctrl_fifo.v'. Please regenerate to continue.
WARNING: [IP_Flow 19-3664] IP 'rx_packet_ctrl_fifo' generated file not found '/home/valmyrsilva07/teste12345/mlib_devel/jasper_library/hdl_sources/skarab_one_gbe/rx_packet_ctrl_fifo/doc/fifo_generator_v13_2_changelog.txt'. Please regenerate to continue.
CRITICAL WARNING: [IP_Flow 19-4299] Failed to copy '/home/valmyrsilva07/teste12345/mlib_devel/jasper_library/hdl_sources/skarab_one_gbe/rx_packet_ctrl_fifo/doc/fifo_generator_v13_2_changelog.txt' to '/home/valmyrsilva07/virtex7/skarab-virtex7-toolflow/fpgs/ethernet_one_gbe_skarab_control/ethernet_one_gbe_skarab_axi/myproj/myproj.srcs/sources_1/ip/rx_packet_ctrl_fifo/doc/fifo_generator_v13_2_changelog.txt'
CRITICAL WARNING: [IP_Flow 19-4299] Failed to copy '/home/valmyrsilva07/teste12345/mlib_devel/jasper_library/hdl_sources/skarab_one_gbe/rx_packet_ctrl_fifo/simulation/fifo_generator_vlog_beh.v' to '/home/valmyrsilva07/virtex7/skarab-virtex7-toolflow/fpgs/ethernet_one_gbe_skarab_control/ethernet_one_gbe_skarab_axi/myproj/myproj.srcs/sources_1/ip/rx_packet_ctrl_fifo/simulation/fifo_generator_vlog_beh.v'
CRITICAL WARNING: [IP_Flow 19-4299] Failed to copy '/home/valmyrsilva07/teste12345/mlib_devel/jasper_library/hdl_sources/skarab_one_gbe/rx_packet_ctrl_fifo/sim/rx_packet_ctrl_fifo.v' to '/home/valmyrsilva07/virtex7/skarab-virtex7-toolflow/fpgs/ethernet_one_gbe_skarab_control/ethernet_one_gbe_skarab_axi/myproj/myproj.srcs/sources_1/ip/rx_packet_ctrl_fifo/sim/rx_packet_ctrl_fifo.v'
# import_files -force /home/valmyrsilva07/teste12345/mlib_devel/jasper_library/hdl_sources/skarab_one_gbe/packet_byte_count_fifo/packet_byte_count_fifo.xci
WARNING: [IP_Flow 19-2162] IP 'packet_byte_count_fifo' is locked:
* IP 'packet_byte_count_fifo' is configured as a user-managed IP. In this mode it is the user's responsibility to manage all IP files. * IP definition 'FIFO Generator (13.1)' for IP 'packet_byte_count_fifo' (customized with software release 2016.2) has a newer minor version in the IP Catalog. * IP definition 'FIFO Generator (13.1)' for IP 'packet_byte_count_fifo' (customized with software release 2016.2) has a different revision in the IP Catalog.
# import_files -force /home/valmyrsilva07/teste12345/mlib_devel/jasper_library/hdl_sources/skarab_infr/skarab_infr.vhd
# import_files -force /home/valmyrsilva07/teste12345/mlib_devel/jasper_library/hdl_sources/wbs_arbiter/timeout.v
# import_files -force /home/valmyrsilva07/teste12345/mlib_devel/jasper_library/hdl_sources/wbs_arbiter/wbs_arbiter.v
# import_files -force /home/valmyrsilva07/teste12345/mlib_devel/jasper_library/hdl_sources/skarab_infr/WISHBONE
# import_files -force /home/valmyrsilva07/teste12345/mlib_devel/jasper_library/hdl_sources/skarab_infr/cont_microblaze/cont_microblaze.bd
