********************************************************************************
* Unified simulation Tcl App stack trace dump
*
* File: .usf.tcl_error.log (Fri Jul 24 11:40:00 2026)
*
* This file is generated by the unified simulation automation and contains the
* tcl stack trace of error returned by the simulator App for the current run.
*
********************************************************************************
ERROR: [filemgmt 20-597] HADGElaborator::createChildrenNodesIter(): Invalid node key 'xil_defaultlib:Module|axis_data_fifo_0,d1'.

    while executing
"get_files -compile_order sources -used_in synthesis_post -of_objects [get_filesets $a_sim_vars(s_simset)]"
    (procedure "usf_get_files_for_compilation_post_sim" line 102)
    invoked from within
"usf_get_files_for_compilation_post_sim $global_files_str"
    (procedure "usf_get_files_for_compilation" line 17)
    invoked from within
"usf_get_files_for_compilation global_files_str"
    (procedure "usf_xsim_setup_simulation" line 128)
    invoked from within
"usf_xsim_setup_simulation"
    (procedure "tclapp::xilinx::xsim::setup" line 29)
    invoked from within
"tclapp::xilinx::xsim::setup { -simset sim_1 -mode post-synthesis -type functional -run_dir /home/valmyrsilva07/virtex7/skarab-virtex7-toolflow/model/s..."
