#-----------------------------------------------------------
# Vivado v2019.1 (64-bit)
# SW Build 2552052 on Fri May 24 14:47:09 MDT 2019
# IP Build 2548770 on Fri May 24 18:01:18 MDT 2019
# Start of session at: Tue Aug  4 22:28:29 2026
# Process ID: 2151919
# Current directory: /home/valmyrsilva07/virtex7/skarab-virtex7-toolflow/fpgs/ethernet_one_gbe_skarab_control/ethernet_one_gbe_skarab_axi/myproj/myproj.runs/ethernet_one_gbe_skarab_axi_c_counter_binary_v12_0_i3_synth_1
# Command line: vivado -log ethernet_one_gbe_skarab_axi_c_counter_binary_v12_0_i3.vds -product Vivado -mode batch -messageDb vivado.pb -notrace -source ethernet_one_gbe_skarab_axi_c_counter_binary_v12_0_i3.tcl
# Log file: /home/valmyrsilva07/virtex7/skarab-virtex7-toolflow/fpgs/ethernet_one_gbe_skarab_control/ethernet_one_gbe_skarab_axi/myproj/myproj.runs/ethernet_one_gbe_skarab_axi_c_counter_binary_v12_0_i3_synth_1/ethernet_one_gbe_skarab_axi_c_counter_binary_v12_0_i3.vds
# Journal file: /home/valmyrsilva07/virtex7/skarab-virtex7-toolflow/fpgs/ethernet_one_gbe_skarab_control/ethernet_one_gbe_skarab_axi/myproj/myproj.runs/ethernet_one_gbe_skarab_axi_c_counter_binary_v12_0_i3_synth_1/vivado.jou
#-----------------------------------------------------------
source ethernet_one_gbe_skarab_axi_c_counter_binary_v12_0_i3.tcl -notrace
