#-----------------------------------------------------------
# Vivado v2019.1 (64-bit)
# SW Build 2552052 on Fri May 24 14:47:09 MDT 2019
# IP Build 2548770 on Fri May 24 18:01:18 MDT 2019
# Start of session at: Fri Jun 12 18:37:00 2026
# Process ID: 517850
# Current directory: /home/valmyrsilva07/virtex7/skarab-virtex7-toolflow/fpgs/ethernet_one_gbe_skarab_loopback/ethernet_one_gbe_skarab_loopback/myproj
# Command line: vivado ./myproj.xpr
# Log file: /home/valmyrsilva07/virtex7/skarab-virtex7-toolflow/fpgs/ethernet_one_gbe_skarab_loopback/ethernet_one_gbe_skarab_loopback/myproj/vivado.log
# Journal file: /home/valmyrsilva07/virtex7/skarab-virtex7-toolflow/fpgs/ethernet_one_gbe_skarab_loopback/ethernet_one_gbe_skarab_loopback/myproj/vivado.jou
#-----------------------------------------------------------
start_gui
open_project ./myproj.xpr
Scanning sources...
Finished scanning sources
INFO: [IP_Flow 19-234] Refreshing IP repositories
INFO: [IP_Flow 19-1700] Loaded user IP repository '/home/valmyrsilva07/teste12345/mlib_devel/jasper_library/hdl_sources/skarab_infr/cont_microblaze/ipshared/peralex.com'.
INFO: [IP_Flow 19-2313] Loaded Vivado IP repository '/tools/Xilinx/Vivado/2019.1/data/ip'.
WARNING: [IP_Flow 19-3664] IP 'xadc_measurement' generated file not found '/home/valmyrsilva07/virtex7/skarab-virtex7-toolflow/fpgs/ethernet_one_gbe_skarab_loopback/ethernet_one_gbe_skarab_loopback/myproj/myproj.srcs/sources_1/ip/xadc_measurement/design.txt'. Please regenerate to continue.
WARNING: [IP_Flow 19-3664] IP 'xadc_measurement' generated file not found '/home/valmyrsilva07/virtex7/skarab-virtex7-toolflow/fpgs/ethernet_one_gbe_skarab_loopback/ethernet_one_gbe_skarab_loopback/myproj/myproj.srcs/sources_1/ip/xadc_measurement/xadc_measurement/simulation/timing/design.txt'. Please regenerate to continue.
WARNING: [IP_Flow 19-3664] IP 'xadc_measurement' generated file not found '/home/valmyrsilva07/virtex7/skarab-virtex7-toolflow/fpgs/ethernet_one_gbe_skarab_loopback/ethernet_one_gbe_skarab_loopback/myproj/myproj.srcs/sources_1/ip/xadc_measurement/doc/xadc_wiz_v3_3_changelog.txt'. Please regenerate to continue.
WARNING: [IP_Flow 19-2162] IP 'packet_byte_count_fifo' is locked:
* IP 'packet_byte_count_fifo' is configured as a user-managed IP. In this mode it is the user's responsibility to manage all IP files. * IP definition 'FIFO Generator (13.1)' for IP 'packet_byte_count_fifo' (customized with software release 2016.2) has a newer minor version in the IP Catalog. * IP definition 'FIFO Generator (13.1)' for IP 'packet_byte_count_fifo' (customized with software release 2016.2) has a different revision in the IP Catalog.
WARNING: [IP_Flow 19-2162] IP 'gmii_to_xaui_fifo' is locked:
* IP 'gmii_to_xaui_fifo' is configured as a user-managed IP. In this mode it is the user's responsibility to manage all IP files. * IP definition 'FIFO Generator (13.1)' for IP 'gmii_to_xaui_fifo' (customized with software release 2016.2) has a newer minor version in the IP Catalog. * IP definition 'FIFO Generator (13.1)' for IP 'gmii_to_xaui_fifo' (customized with software release 2016.2) has a different revision in the IP Catalog.
WARNING: [IP_Flow 19-2162] IP 'xaui_to_gmii_fifo' is locked:
* IP 'xaui_to_gmii_fifo' is configured as a user-managed IP. In this mode it is the user's responsibility to manage all IP files. * IP definition 'FIFO Generator (13.1)' for IP 'xaui_to_gmii_fifo' (customized with software release 2016.2) has a newer minor version in the IP Catalog. * IP definition 'FIFO Generator (13.1)' for IP 'xaui_to_gmii_fifo' (customized with software release 2016.2) has a different revision in the IP Catalog.
WARNING: [IP_Flow 19-3664] IP 'rx_packet_fifo_bram' generated file not found '/home/valmyrsilva07/virtex7/skarab-virtex7-toolflow/fpgs/ethernet_one_gbe_skarab_loopback/ethernet_one_gbe_skarab_loopback/myproj/myproj.srcs/sources_1/ip/rx_packet_fifo_bram/simulation/fifo_generator_vlog_beh.v'. Please regenerate to continue.
WARNING: [IP_Flow 19-3664] IP 'rx_packet_fifo_bram' generated file not found '/home/valmyrsilva07/virtex7/skarab-virtex7-toolflow/fpgs/ethernet_one_gbe_skarab_loopback/ethernet_one_gbe_skarab_loopback/myproj/myproj.srcs/sources_1/ip/rx_packet_fifo_bram/sim/rx_packet_fifo_bram.v'. Please regenerate to continue.
WARNING: [IP_Flow 19-3664] IP 'rx_packet_fifo_bram' generated file not found '/home/valmyrsilva07/virtex7/skarab-virtex7-toolflow/fpgs/ethernet_one_gbe_skarab_loopback/ethernet_one_gbe_skarab_loopback/myproj/myproj.srcs/sources_1/ip/rx_packet_fifo_bram/doc/fifo_generator_v13_2_changelog.txt'. Please regenerate to continue.
WARNING: [IP_Flow 19-3664] IP 'rx_packet_ctrl_fifo' generated file not found '/home/valmyrsilva07/virtex7/skarab-virtex7-toolflow/fpgs/ethernet_one_gbe_skarab_loopback/ethernet_one_gbe_skarab_loopback/myproj/myproj.srcs/sources_1/ip/rx_packet_ctrl_fifo/simulation/fifo_generator_vlog_beh.v'. Please regenerate to continue.
WARNING: [IP_Flow 19-3664] IP 'rx_packet_ctrl_fifo' generated file not found '/home/valmyrsilva07/virtex7/skarab-virtex7-toolflow/fpgs/ethernet_one_gbe_skarab_loopback/ethernet_one_gbe_skarab_loopback/myproj/myproj.srcs/sources_1/ip/rx_packet_ctrl_fifo/sim/rx_packet_ctrl_fifo.v'. Please regenerate to continue.
WARNING: [IP_Flow 19-3664] IP 'rx_packet_ctrl_fifo' generated file not found '/home/valmyrsilva07/virtex7/skarab-virtex7-toolflow/fpgs/ethernet_one_gbe_skarab_loopback/ethernet_one_gbe_skarab_loopback/myproj/myproj.srcs/sources_1/ip/rx_packet_ctrl_fifo/doc/fifo_generator_v13_2_changelog.txt'. Please regenerate to continue.
WARNING: [IP_Flow 19-3664] IP 'tx_packet_ctrl_fifo' generated file not found '/home/valmyrsilva07/virtex7/skarab-virtex7-toolflow/fpgs/ethernet_one_gbe_skarab_loopback/ethernet_one_gbe_skarab_loopback/myproj/myproj.srcs/sources_1/ip/tx_packet_ctrl_fifo/simulation/fifo_generator_vlog_beh.v'. Please regenerate to continue.
WARNING: [IP_Flow 19-3664] IP 'tx_packet_ctrl_fifo' generated file not found '/home/valmyrsilva07/virtex7/skarab-virtex7-toolflow/fpgs/ethernet_one_gbe_skarab_loopback/ethernet_one_gbe_skarab_loopback/myproj/myproj.srcs/sources_1/ip/tx_packet_ctrl_fifo/sim/tx_packet_ctrl_fifo.v'. Please regenerate to continue.
WARNING: [IP_Flow 19-3664] IP 'tx_packet_ctrl_fifo' generated file not found '/home/valmyrsilva07/virtex7/skarab-virtex7-toolflow/fpgs/ethernet_one_gbe_skarab_loopback/ethernet_one_gbe_skarab_loopback/myproj/myproj.srcs/sources_1/ip/tx_packet_ctrl_fifo/doc/fifo_generator_v13_2_changelog.txt'. Please regenerate to continue.
WARNING: [IP_Flow 19-3664] IP 'tx_packet_fifo' generated file not found '/home/valmyrsilva07/virtex7/skarab-virtex7-toolflow/fpgs/ethernet_one_gbe_skarab_loopback/ethernet_one_gbe_skarab_loopback/myproj/myproj.srcs/sources_1/ip/tx_packet_fifo/simulation/fifo_generator_vlog_beh.v'. Please regenerate to continue.
WARNING: [IP_Flow 19-3664] IP 'tx_packet_fifo' generated file not found '/home/valmyrsilva07/virtex7/skarab-virtex7-toolflow/fpgs/ethernet_one_gbe_skarab_loopback/ethernet_one_gbe_skarab_loopback/myproj/myproj.srcs/sources_1/ip/tx_packet_fifo/sim/tx_packet_fifo.v'. Please regenerate to continue.
WARNING: [IP_Flow 19-3664] IP 'tx_packet_fifo' generated file not found '/home/valmyrsilva07/virtex7/skarab-virtex7-toolflow/fpgs/ethernet_one_gbe_skarab_loopback/ethernet_one_gbe_skarab_loopback/myproj/myproj.srcs/sources_1/ip/tx_packet_fifo/doc/fifo_generator_v13_2_changelog.txt'. Please regenerate to continue.
WARNING: [IP_Flow 19-3664] IP 'cross_clock_fifo_36x16' generated file not found '/home/valmyrsilva07/virtex7/skarab-virtex7-toolflow/fpgs/ethernet_one_gbe_skarab_loopback/ethernet_one_gbe_skarab_loopback/myproj/myproj.srcs/sources_1/ip/cross_clock_fifo_36x16/simulation/fifo_generator_vlog_beh.v'. Please regenerate to continue.
WARNING: [IP_Flow 19-3664] IP 'cross_clock_fifo_36x16' generated file not found '/home/valmyrsilva07/virtex7/skarab-virtex7-toolflow/fpgs/ethernet_one_gbe_skarab_loopback/ethernet_one_gbe_skarab_loopback/myproj/myproj.srcs/sources_1/ip/cross_clock_fifo_36x16/sim/cross_clock_fifo_36x16.v'. Please regenerate to continue.
WARNING: [IP_Flow 19-3664] IP 'cross_clock_fifo_36x16' generated file not found '/home/valmyrsilva07/virtex7/skarab-virtex7-toolflow/fpgs/ethernet_one_gbe_skarab_loopback/ethernet_one_gbe_skarab_loopback/myproj/myproj.srcs/sources_1/ip/cross_clock_fifo_36x16/doc/fifo_generator_v13_2_changelog.txt'. Please regenerate to continue.
update_compile_order -fileset sources_1
open_run impl_1
INFO: [Device 21-403] Loading part xc7vx690tffg1927-2
INFO: [Netlist 29-17] Analyzing 1891 Unisim elements for replacement
INFO: [Netlist 29-28] Unisim Transformation completed in 0 CPU seconds
INFO: [Project 1-479] Netlist was created with Vivado 2019.1
INFO: [Project 1-570] Preparing netlist for logic optimization
INFO: [Timing 38-478] Restoring timing data from binary archive.
INFO: [Timing 38-479] Binary timing data restore complete.
INFO: [Project 1-856] Restoring constraints from binary archive.
INFO: [Project 1-853] Binary constraint restore complete.
Reading XDEF placement.
Reading placer database...
Reading XDEF routing.
Read XDEF File: Time (s): cpu = 00:00:00.83 ; elapsed = 00:00:00.84 . Memory (MB): peak = 8004.539 ; gain = 33.074 ; free physical = 17652 ; free virtual = 38616
Restored from archive | CPU: 0.850000 secs | Memory: 37.707336 MB |
Finished XDEF File Restore: Time (s): cpu = 00:00:00.83 ; elapsed = 00:00:00.84 . Memory (MB): peak = 8004.539 ; gain = 33.074 ; free physical = 17652 ; free virtual = 38616
Generating merged BMM file for the design top 'top'...
INFO: [Memdata 28-144] Successfully populated the BRAM INIT strings from the following elf files: /home/valmyrsilva07/virtex7/skarab-virtex7-toolflow/fpgs/ethernet_one_gbe_skarab_loopback/ethernet_one_gbe_skarab_loopback/myproj/myproj.srcs/sources_1/imports/cont_microblaze/EMB123701U1R1.elf 
Netlist sorting complete. Time (s): cpu = 00:00:00 ; elapsed = 00:00:00 . Memory (MB): peak = 8017.352 ; gain = 0.000 ; free physical = 17639 ; free virtual = 38604
INFO: [Project 1-111] Unisim Transformation Summary:
  A total of 312 instances were transformed.
  IOBUF => IOBUF (IBUF, OBUFT): 31 instances
  LUT6_2 => LUT6_2 (LUT5, LUT6): 95 instances
  RAM16X1D => RAM32X1D (RAMD32, RAMD32): 32 instances
  RAM32M => RAM32M (RAMD32, RAMD32, RAMD32, RAMD32, RAMD32, RAMD32, RAMS32, RAMS32): 57 instances
  RAM64M => RAM64M (RAMD64E, RAMD64E, RAMD64E, RAMD64E): 64 instances
  RAM64X1D => RAM64X1D (RAMD64E, RAMD64E): 32 instances
  SRLC16E => SRL16E: 1 instances

open_run: Time (s): cpu = 00:00:19 ; elapsed = 00:00:15 . Memory (MB): peak = 8260.484 ; gain = 932.355 ; free physical = 17497 ; free virtual = 38465
WARNING: [Timing 38-436] There are set_bus_skew constraint(s) in this design. Please run report_bus_skew to ensure that bus skew requirements are met.
report_utilization -name utilization_1
open_bd_design {/home/valmyrsilva07/virtex7/skarab-virtex7-toolflow/fpgs/ethernet_one_gbe_skarab_loopback/ethernet_one_gbe_skarab_loopback/myproj/myproj.srcs/sources_1/bd/cont_microblaze/cont_microblaze.bd}
Adding component instance block -- xilinx.com:ip:lmb_v10:3.0 - dlmb_v10
Adding component instance block -- xilinx.com:ip:lmb_v10:3.0 - ilmb_v10
Adding component instance block -- xilinx.com:ip:lmb_bram_if_cntlr:4.0 - dlmb_bram_if_cntlr
Adding component instance block -- xilinx.com:ip:lmb_bram_if_cntlr:4.0 - ilmb_bram_if_cntlr
Adding component instance block -- xilinx.com:ip:blk_mem_gen:8.4 - lmb_bram
Adding component instance block -- peralex.com:user:axi_slave_wishbone_classic_master:1.0 - axi_slave_wishbone_classic_master_0
Adding component instance block -- xilinx.com:ip:axi_timebase_wdt:3.0 - axi_timebase_wdt_0
Adding component instance block -- xilinx.com:ip:axi_timer:2.0 - axi_timer_0
Adding component instance block -- xilinx.com:ip:axi_uartlite:2.0 - axi_uartlite_0
Adding component instance block -- xilinx.com:ip:mdm:3.2 - mdm_1
Adding component instance block -- xilinx.com:ip:microblaze:11.0 - microblaze_0
Adding component instance block -- xilinx.com:ip:axi_intc:4.1 - microblaze_0_axi_intc
Adding component instance block -- xilinx.com:ip:axi_interconnect:2.1 - microblaze_0_axi_periph
Adding component instance block -- xilinx.com:ip:axi_crossbar:2.1 - xbar
Adding component instance block -- xilinx.com:ip:axi_protocol_converter:2.1 - auto_pc
Adding component instance block -- xilinx.com:ip:proc_sys_reset:5.0 - rst_Clk_100M
Adding component instance block -- xilinx.com:ip:xlconcat:2.1 - xlconcat_0
WARNING: [BD 41-1731] Type mismatch between connected pins: /dcm_locked(rst) and /rst_Clk_100M/dcm_locked(undef)
Successfully read diagram <cont_microblaze> from BD file </home/valmyrsilva07/virtex7/skarab-virtex7-toolflow/fpgs/ethernet_one_gbe_skarab_loopback/ethernet_one_gbe_skarab_loopback/myproj/myproj.srcs/sources_1/bd/cont_microblaze/cont_microblaze.bd>
exit
INFO: [Common 17-206] Exiting Vivado at Fri Jun 12 19:54:12 2026...
