#-----------------------------------------------------------
# Vivado v2019.1 (64-bit)
# SW Build 2552052 on Fri May 24 14:47:09 MDT 2019
# IP Build 2548770 on Fri May 24 18:01:18 MDT 2019
# Start of session at: Wed Jun  3 17:53:38 2026
# Process ID: 708163
# Current directory: /home/valmyrsilva07/virtex7/skarab-virtex7-toolflow/fpgs/ethernet_one_gbe_skarab_loopback/ethernet_one_gbe_skarab_loopback/myproj
# Command line: vivado myproj.xpr
# Log file: /home/valmyrsilva07/virtex7/skarab-virtex7-toolflow/fpgs/ethernet_one_gbe_skarab_loopback/ethernet_one_gbe_skarab_loopback/myproj/vivado.log
# Journal file: /home/valmyrsilva07/virtex7/skarab-virtex7-toolflow/fpgs/ethernet_one_gbe_skarab_loopback/ethernet_one_gbe_skarab_loopback/myproj/vivado.jou
#-----------------------------------------------------------
start_gui
open_project myproj.xpr
Scanning sources...
Finished scanning sources
INFO: [IP_Flow 19-234] Refreshing IP repositories
INFO: [IP_Flow 19-1700] Loaded user IP repository '/home/valmyrsilva07/teste12345/mlib_devel/jasper_library/hdl_sources/skarab_infr/cont_microblaze/ipshared/peralex.com'.
INFO: [IP_Flow 19-2313] Loaded Vivado IP repository '/tools/Xilinx/Vivado/2019.1/data/ip'.
WARNING: [IP_Flow 19-3664] IP 'xadc_measurement' generated file not found '/home/valmyrsilva07/virtex7/skarab-virtex7-toolflow/fpgs/ethernet_one_gbe_skarab_loopback/ethernet_one_gbe_skarab_loopback/myproj/myproj.srcs/sources_1/ip/xadc_measurement/design.txt'. Please regenerate to continue.
WARNING: [IP_Flow 19-3664] IP 'xadc_measurement' generated file not found '/home/valmyrsilva07/virtex7/skarab-virtex7-toolflow/fpgs/ethernet_one_gbe_skarab_loopback/ethernet_one_gbe_skarab_loopback/myproj/myproj.srcs/sources_1/ip/xadc_measurement/xadc_measurement/simulation/timing/design.txt'. Please regenerate to continue.
WARNING: [IP_Flow 19-3664] IP 'xadc_measurement' generated file not found '/home/valmyrsilva07/virtex7/skarab-virtex7-toolflow/fpgs/ethernet_one_gbe_skarab_loopback/ethernet_one_gbe_skarab_loopback/myproj/myproj.srcs/sources_1/ip/xadc_measurement/doc/xadc_wiz_v3_3_changelog.txt'. Please regenerate to continue.
WARNING: [IP_Flow 19-2162] IP 'packet_byte_count_fifo' is locked:
* IP 'packet_byte_count_fifo' is configured as a user-managed IP. In this mode it is the user's responsibility to manage all IP files. * IP definition 'FIFO Generator (13.1)' for IP 'packet_byte_count_fifo' (customized with software release 2016.2) has a newer minor version in the IP Catalog. * IP definition 'FIFO Generator (13.1)' for IP 'packet_byte_count_fifo' (customized with software release 2016.2) has a different revision in the IP Catalog.
WARNING: [IP_Flow 19-2162] IP 'gmii_to_xaui_fifo' is locked:
* IP 'gmii_to_xaui_fifo' is configured as a user-managed IP. In this mode it is the user's responsibility to manage all IP files. * IP definition 'FIFO Generator (13.1)' for IP 'gmii_to_xaui_fifo' (customized with software release 2016.2) has a newer minor version in the IP Catalog. * IP definition 'FIFO Generator (13.1)' for IP 'gmii_to_xaui_fifo' (customized with software release 2016.2) has a different revision in the IP Catalog.
WARNING: [IP_Flow 19-2162] IP 'xaui_to_gmii_fifo' is locked:
* IP 'xaui_to_gmii_fifo' is configured as a user-managed IP. In this mode it is the user's responsibility to manage all IP files. * IP definition 'FIFO Generator (13.1)' for IP 'xaui_to_gmii_fifo' (customized with software release 2016.2) has a newer minor version in the IP Catalog. * IP definition 'FIFO Generator (13.1)' for IP 'xaui_to_gmii_fifo' (customized with software release 2016.2) has a different revision in the IP Catalog.
WARNING: [IP_Flow 19-3664] IP 'rx_packet_fifo_bram' generated file not found '/home/valmyrsilva07/virtex7/skarab-virtex7-toolflow/fpgs/ethernet_one_gbe_skarab_loopback/ethernet_one_gbe_skarab_loopback/myproj/myproj.srcs/sources_1/ip/rx_packet_fifo_bram/simulation/fifo_generator_vlog_beh.v'. Please regenerate to continue.
WARNING: [IP_Flow 19-3664] IP 'rx_packet_fifo_bram' generated file not found '/home/valmyrsilva07/virtex7/skarab-virtex7-toolflow/fpgs/ethernet_one_gbe_skarab_loopback/ethernet_one_gbe_skarab_loopback/myproj/myproj.srcs/sources_1/ip/rx_packet_fifo_bram/sim/rx_packet_fifo_bram.v'. Please regenerate to continue.
WARNING: [IP_Flow 19-3664] IP 'rx_packet_fifo_bram' generated file not found '/home/valmyrsilva07/virtex7/skarab-virtex7-toolflow/fpgs/ethernet_one_gbe_skarab_loopback/ethernet_one_gbe_skarab_loopback/myproj/myproj.srcs/sources_1/ip/rx_packet_fifo_bram/doc/fifo_generator_v13_2_changelog.txt'. Please regenerate to continue.
WARNING: [IP_Flow 19-3664] IP 'rx_packet_ctrl_fifo' generated file not found '/home/valmyrsilva07/virtex7/skarab-virtex7-toolflow/fpgs/ethernet_one_gbe_skarab_loopback/ethernet_one_gbe_skarab_loopback/myproj/myproj.srcs/sources_1/ip/rx_packet_ctrl_fifo/simulation/fifo_generator_vlog_beh.v'. Please regenerate to continue.
WARNING: [IP_Flow 19-3664] IP 'rx_packet_ctrl_fifo' generated file not found '/home/valmyrsilva07/virtex7/skarab-virtex7-toolflow/fpgs/ethernet_one_gbe_skarab_loopback/ethernet_one_gbe_skarab_loopback/myproj/myproj.srcs/sources_1/ip/rx_packet_ctrl_fifo/sim/rx_packet_ctrl_fifo.v'. Please regenerate to continue.
WARNING: [IP_Flow 19-3664] IP 'rx_packet_ctrl_fifo' generated file not found '/home/valmyrsilva07/virtex7/skarab-virtex7-toolflow/fpgs/ethernet_one_gbe_skarab_loopback/ethernet_one_gbe_skarab_loopback/myproj/myproj.srcs/sources_1/ip/rx_packet_ctrl_fifo/doc/fifo_generator_v13_2_changelog.txt'. Please regenerate to continue.
WARNING: [IP_Flow 19-3664] IP 'tx_packet_ctrl_fifo' generated file not found '/home/valmyrsilva07/virtex7/skarab-virtex7-toolflow/fpgs/ethernet_one_gbe_skarab_loopback/ethernet_one_gbe_skarab_loopback/myproj/myproj.srcs/sources_1/ip/tx_packet_ctrl_fifo/simulation/fifo_generator_vlog_beh.v'. Please regenerate to continue.
WARNING: [IP_Flow 19-3664] IP 'tx_packet_ctrl_fifo' generated file not found '/home/valmyrsilva07/virtex7/skarab-virtex7-toolflow/fpgs/ethernet_one_gbe_skarab_loopback/ethernet_one_gbe_skarab_loopback/myproj/myproj.srcs/sources_1/ip/tx_packet_ctrl_fifo/sim/tx_packet_ctrl_fifo.v'. Please regenerate to continue.
WARNING: [IP_Flow 19-3664] IP 'tx_packet_ctrl_fifo' generated file not found '/home/valmyrsilva07/virtex7/skarab-virtex7-toolflow/fpgs/ethernet_one_gbe_skarab_loopback/ethernet_one_gbe_skarab_loopback/myproj/myproj.srcs/sources_1/ip/tx_packet_ctrl_fifo/doc/fifo_generator_v13_2_changelog.txt'. Please regenerate to continue.
WARNING: [IP_Flow 19-3664] IP 'tx_packet_fifo' generated file not found '/home/valmyrsilva07/virtex7/skarab-virtex7-toolflow/fpgs/ethernet_one_gbe_skarab_loopback/ethernet_one_gbe_skarab_loopback/myproj/myproj.srcs/sources_1/ip/tx_packet_fifo/simulation/fifo_generator_vlog_beh.v'. Please regenerate to continue.
WARNING: [IP_Flow 19-3664] IP 'tx_packet_fifo' generated file not found '/home/valmyrsilva07/virtex7/skarab-virtex7-toolflow/fpgs/ethernet_one_gbe_skarab_loopback/ethernet_one_gbe_skarab_loopback/myproj/myproj.srcs/sources_1/ip/tx_packet_fifo/sim/tx_packet_fifo.v'. Please regenerate to continue.
WARNING: [IP_Flow 19-3664] IP 'tx_packet_fifo' generated file not found '/home/valmyrsilva07/virtex7/skarab-virtex7-toolflow/fpgs/ethernet_one_gbe_skarab_loopback/ethernet_one_gbe_skarab_loopback/myproj/myproj.srcs/sources_1/ip/tx_packet_fifo/doc/fifo_generator_v13_2_changelog.txt'. Please regenerate to continue.
WARNING: [IP_Flow 19-3664] IP 'cross_clock_fifo_36x16' generated file not found '/home/valmyrsilva07/virtex7/skarab-virtex7-toolflow/fpgs/ethernet_one_gbe_skarab_loopback/ethernet_one_gbe_skarab_loopback/myproj/myproj.srcs/sources_1/ip/cross_clock_fifo_36x16/simulation/fifo_generator_vlog_beh.v'. Please regenerate to continue.
WARNING: [IP_Flow 19-3664] IP 'cross_clock_fifo_36x16' generated file not found '/home/valmyrsilva07/virtex7/skarab-virtex7-toolflow/fpgs/ethernet_one_gbe_skarab_loopback/ethernet_one_gbe_skarab_loopback/myproj/myproj.srcs/sources_1/ip/cross_clock_fifo_36x16/sim/cross_clock_fifo_36x16.v'. Please regenerate to continue.
WARNING: [IP_Flow 19-3664] IP 'cross_clock_fifo_36x16' generated file not found '/home/valmyrsilva07/virtex7/skarab-virtex7-toolflow/fpgs/ethernet_one_gbe_skarab_loopback/ethernet_one_gbe_skarab_loopback/myproj/myproj.srcs/sources_1/ip/cross_clock_fifo_36x16/doc/fifo_generator_v13_2_changelog.txt'. Please regenerate to continue.
update_compile_order -fileset sources_1
exit
INFO: [Common 17-206] Exiting Vivado at Wed Jun  3 17:54:12 2026...
