
*** Running vivado
    with args -log buffer_in_ethernet.vds -m64 -product Vivado -mode batch -messageDb vivado.pb -notrace -source buffer_in_ethernet.tcl


****** Vivado v2025.2 (64-bit)
  **** SW Build 6299465 on Fri Nov 14 12:34:56 MST 2025
  **** IP Build 6300035 on Fri Nov 14 10:48:45 MST 2025
  **** SharedData Build 6298862 on Thu Nov 13 04:50:51 MST 2025
  **** Start of session at: Fri Jul 31 19:03:41 2026
    ** Copyright 1986-2022 Xilinx, Inc. All Rights Reserved.
    ** Copyright 2022-2025 Advanced Micro Devices, Inc. All Rights Reserved.

source buffer_in_ethernet.tcl -notrace
Command: synth_design -top buffer_in_ethernet -part xc7vx485tffg1157-1
Starting synth_design
Attempting to get a license for feature 'Synthesis' and/or device 'xc7vx485t'
INFO: [Common 17-349] Got license for feature 'Synthesis' and/or device 'xc7vx485t'
INFO: [Synth 8-7079] Multithreading enabled for synth_design using a maximum of 7 processes.
INFO: [Synth 8-7078] Launching helper process for spawning children vivado processes
INFO: [Synth 8-7075] Helper process launched with PID 2830634
---------------------------------------------------------------------------------
Starting Synthesize : Time (s): cpu = 00:00:02 ; elapsed = 00:00:02 . Memory (MB): peak = 2063.309 ; gain = 438.922 ; free physical = 10472 ; free virtual = 29413
---------------------------------------------------------------------------------
INFO: [Synth 8-6157] synthesizing module 'buffer_in_ethernet' [/home/valmyrsilva07/virtex7/skarab-virtex7-toolflow/model/skrab_one.srcs/sources_1/new/buffer_in_ethernet.v:23]
INFO: [Synth 8-226] default block is never used [/home/valmyrsilva07/virtex7/skarab-virtex7-toolflow/model/skrab_one.srcs/sources_1/new/buffer_in_ethernet.v:155]
INFO: [Synth 8-226] default block is never used [/home/valmyrsilva07/virtex7/skarab-virtex7-toolflow/model/skrab_one.srcs/sources_1/new/buffer_in_ethernet.v:162]
INFO: [Synth 8-226] default block is never used [/home/valmyrsilva07/virtex7/skarab-virtex7-toolflow/model/skrab_one.srcs/sources_1/new/buffer_in_ethernet.v:178]
INFO: [Synth 8-226] default block is never used [/home/valmyrsilva07/virtex7/skarab-virtex7-toolflow/model/skrab_one.srcs/sources_1/new/buffer_in_ethernet.v:187]
INFO: [Synth 8-6157] synthesizing module 'cmd_sync_detector' [/home/valmyrsilva07/virtex7/skarab-virtex7-toolflow/verilog_custom/onegbe_skarab/cmd_sync_detector.v:23]
INFO: [Synth 8-6155] done synthesizing module 'cmd_sync_detector' (0#1) [/home/valmyrsilva07/virtex7/skarab-virtex7-toolflow/verilog_custom/onegbe_skarab/cmd_sync_detector.v:23]
INFO: [Synth 8-6155] done synthesizing module 'buffer_in_ethernet' (0#1) [/home/valmyrsilva07/virtex7/skarab-virtex7-toolflow/model/skrab_one.srcs/sources_1/new/buffer_in_ethernet.v:23]
WARNING: [Synth 8-6014] Unused sequential element reg_sync_rx_valid_reg was removed.  [/home/valmyrsilva07/virtex7/skarab-virtex7-toolflow/model/skrab_one.srcs/sources_1/new/buffer_in_ethernet.v:75]
WARNING: [Synth 8-6014] Unused sequential element addr_data_write_reg was removed.  [/home/valmyrsilva07/virtex7/skarab-virtex7-toolflow/model/skrab_one.srcs/sources_1/new/buffer_in_ethernet.v:76]
WARNING: [Synth 8-6014] Unused sequential element sync_reg_start_frame_transmission_reg was removed.  [/home/valmyrsilva07/virtex7/skarab-virtex7-toolflow/model/skrab_one.srcs/sources_1/new/buffer_in_ethernet.v:78]
WARNING: [Synth 8-6014] Unused sequential element rx_data_ff0_reg was removed.  [/home/valmyrsilva07/virtex7/skarab-virtex7-toolflow/model/skrab_one.srcs/sources_1/new/buffer_in_ethernet.v:79]
WARNING: [Synth 8-6014] Unused sequential element rx_data_ff1_reg was removed.  [/home/valmyrsilva07/virtex7/skarab-virtex7-toolflow/model/skrab_one.srcs/sources_1/new/buffer_in_ethernet.v:80]
WARNING: [Synth 8-6014] Unused sequential element rx_data_ff2_reg was removed.  [/home/valmyrsilva07/virtex7/skarab-virtex7-toolflow/model/skrab_one.srcs/sources_1/new/buffer_in_ethernet.v:81]
WARNING: [Synth 8-6014] Unused sequential element addr_data_local_reg_reg was removed.  [/home/valmyrsilva07/virtex7/skarab-virtex7-toolflow/model/skrab_one.srcs/sources_1/new/buffer_in_ethernet.v:82]
WARNING: [Synth 8-6014] Unused sequential element rx_data_ff3_reg was removed.  [/home/valmyrsilva07/virtex7/skarab-virtex7-toolflow/model/skrab_one.srcs/sources_1/new/buffer_in_ethernet.v:92]
WARNING: [Synth 8-6014] Unused sequential element addr_data_t_reg was removed.  [/home/valmyrsilva07/virtex7/skarab-virtex7-toolflow/model/skrab_one.srcs/sources_1/new/buffer_in_ethernet.v:131]
WARNING: [Synth 8-6014] Unused sequential element sync_data_valid_tx_reg was removed.  [/home/valmyrsilva07/virtex7/skarab-virtex7-toolflow/model/skrab_one.srcs/sources_1/new/buffer_in_ethernet.v:132]
WARNING: [Synth 8-6014] Unused sequential element sync_data_valid_tx0_reg was removed.  [/home/valmyrsilva07/virtex7/skarab-virtex7-toolflow/model/skrab_one.srcs/sources_1/new/buffer_in_ethernet.v:133]
WARNING: [Synth 8-6014] Unused sequential element sync_dec_reg was removed.  [/home/valmyrsilva07/virtex7/skarab-virtex7-toolflow/model/skrab_one.srcs/sources_1/new/buffer_in_ethernet.v:135]
WARNING: [Synth 8-6014] Unused sequential element debug_local_data_reg was removed.  [/home/valmyrsilva07/virtex7/skarab-virtex7-toolflow/model/skrab_one.srcs/sources_1/new/buffer_in_ethernet.v:136]
WARNING: [Synth 8-7137] Register mem_reg in module buffer_in_ethernet has both Set and reset with same priority. This may cause simulation mismatches. Consider rewriting code 
WARNING: [Synth 8-7137] Register tx_ena_out_reg in module buffer_in_ethernet has both Set and reset with same priority. This may cause simulation mismatches. Consider rewriting code  [/home/valmyrsilva07/virtex7/skarab-virtex7-toolflow/model/skrab_one.srcs/sources_1/new/buffer_in_ethernet.v:134]
WARNING: [Synth 8-4767] Trying to implement RAM 'mem_reg' in registers. Block RAM or DRAM implementation is not possible; see log for reasons. [/home/valmyrsilva07/virtex7/skarab-virtex7-toolflow/model/skrab_one.srcs/sources_1/new/buffer_in_ethernet.v:105]
Reason is one or more of the following :
	1: RAM is sensitive to asynchronous reset signal. this RTL style is not supported. 
WARNING: [Synth 8-7129] Port ce in module cmd_sync_detector is either unconnected or has no load
WARNING: [Synth 8-7129] Port ena_mux[1] in module buffer_in_ethernet is either unconnected or has no load
WARNING: [Synth 8-7129] Port ena_mux[0] in module buffer_in_ethernet is either unconnected or has no load
---------------------------------------------------------------------------------
Finished Synthesize : Time (s): cpu = 00:00:03 ; elapsed = 00:00:03 . Memory (MB): peak = 2165.277 ; gain = 540.891 ; free physical = 10356 ; free virtual = 29298
---------------------------------------------------------------------------------
---------------------------------------------------------------------------------
Finished Constraint Validation : Time (s): cpu = 00:00:03 ; elapsed = 00:00:03 . Memory (MB): peak = 2180.121 ; gain = 555.734 ; free physical = 10350 ; free virtual = 29292
---------------------------------------------------------------------------------
---------------------------------------------------------------------------------
Start Loading Part and Timing Information
---------------------------------------------------------------------------------
Loading part: xc7vx485tffg1157-1
INFO: [Device 21-403] Loading part xc7vx485tffg1157-1
---------------------------------------------------------------------------------
Finished Loading Part and Timing Information : Time (s): cpu = 00:00:03 ; elapsed = 00:00:03 . Memory (MB): peak = 2180.121 ; gain = 555.734 ; free physical = 10351 ; free virtual = 29292
---------------------------------------------------------------------------------
INFO: [Synth 8-802] inferred FSM for state register 'current_state_reg' in module 'cmd_sync_detector'
INFO: [Synth 8-802] inferred FSM for state register 'current_state_tx_reg' in module 'buffer_in_ethernet'
INFO: [Synth 8-802] inferred FSM for state register 'current_state_rx_reg' in module 'buffer_in_ethernet'
---------------------------------------------------------------------------------------------------
                   State |                     New Encoding |                Previous Encoding 
---------------------------------------------------------------------------------------------------
                  iSTATE |                              000 |                             0000
*
                    IDLE |                              001 |                             0001
                  CMD_S0 |                              010 |                             0010
                  CMD_S1 |                              011 |                             0100
               CMD_EVENT |                              100 |                             1000
---------------------------------------------------------------------------------------------------
INFO: [Synth 8-3354] encoded FSM with state register 'current_state_reg' using encoding 'sequential' in module 'cmd_sync_detector'
---------------------------------------------------------------------------------------------------
                   State |                     New Encoding |                Previous Encoding 
---------------------------------------------------------------------------------------------------
                    IDLE |                                0 |                              000
                 RX_DATA |                                1 |                              001
---------------------------------------------------------------------------------------------------
INFO: [Synth 8-3354] encoded FSM with state register 'current_state_rx_reg' using encoding 'sequential' in module 'buffer_in_ethernet'
---------------------------------------------------------------------------------------------------
                   State |                     New Encoding |                Previous Encoding 
---------------------------------------------------------------------------------------------------
                    IDLE |                                0 |                              000
                 TX_DATA |                                1 |                              010
---------------------------------------------------------------------------------------------------
INFO: [Synth 8-3354] encoded FSM with state register 'current_state_tx_reg' using encoding 'sequential' in module 'buffer_in_ethernet'
---------------------------------------------------------------------------------
Finished RTL Optimization Phase 2 : Time (s): cpu = 00:00:04 ; elapsed = 00:00:04 . Memory (MB): peak = 2221.184 ; gain = 596.797 ; free physical = 10296 ; free virtual = 29238
---------------------------------------------------------------------------------
No constraint files found.
---------------------------------------------------------------------------------
Start RTL Component Statistics 
---------------------------------------------------------------------------------
Detailed RTL Component Info : 
+---Adders : 
	   2 Input   32 Bit       Adders := 1     
	   2 Input   11 Bit       Adders := 1     
	   2 Input    8 Bit       Adders := 1     
	   2 Input    4 Bit       Adders := 1     
+---Registers : 
	               32 Bit    Registers := 1     
	               11 Bit    Registers := 1     
	                8 Bit    Registers := 258   
	                1 Bit    Registers := 4     
+---Muxes : 
	   2 Input   11 Bit        Muxes := 1     
	   2 Input    8 Bit        Muxes := 1     
	   2 Input    4 Bit        Muxes := 1     
	   5 Input    3 Bit        Muxes := 2     
	   2 Input    3 Bit        Muxes := 14    
	   2 Input    1 Bit        Muxes := 10    
---------------------------------------------------------------------------------
Finished RTL Component Statistics 
---------------------------------------------------------------------------------
---------------------------------------------------------------------------------
Start Part Resource Summary
---------------------------------------------------------------------------------
Part Resources:
DSPs: 2800 (col length:140)
BRAMs: 2060 (col length: RAMB18 140 RAMB36 70)
---------------------------------------------------------------------------------
Finished Part Resource Summary
---------------------------------------------------------------------------------
No constraint files found.
---------------------------------------------------------------------------------
Start Cross Boundary and Area Optimization
---------------------------------------------------------------------------------
WARNING: [Synth 8-7129] Port ce in module buffer_in_ethernet is either unconnected or has no load
WARNING: [Synth 8-7129] Port ena_mux[1] in module buffer_in_ethernet is either unconnected or has no load
WARNING: [Synth 8-7129] Port ena_mux[0] in module buffer_in_ethernet is either unconnected or has no load
---------------------------------------------------------------------------------
Finished Cross Boundary and Area Optimization : Time (s): cpu = 00:00:09 ; elapsed = 00:00:09 . Memory (MB): peak = 2654.324 ; gain = 1029.938 ; free physical = 9867 ; free virtual = 28817
---------------------------------------------------------------------------------
No constraint files found.
---------------------------------------------------------------------------------
Start Timing Optimization
---------------------------------------------------------------------------------
---------------------------------------------------------------------------------
Finished Timing Optimization : Time (s): cpu = 00:00:10 ; elapsed = 00:00:09 . Memory (MB): peak = 2654.324 ; gain = 1029.938 ; free physical = 9865 ; free virtual = 28816
---------------------------------------------------------------------------------
---------------------------------------------------------------------------------
Start Technology Mapping
---------------------------------------------------------------------------------
---------------------------------------------------------------------------------
Finished Technology Mapping : Time (s): cpu = 00:00:10 ; elapsed = 00:00:10 . Memory (MB): peak = 2654.324 ; gain = 1029.938 ; free physical = 9864 ; free virtual = 28815
---------------------------------------------------------------------------------
---------------------------------------------------------------------------------
Start IO Insertion
---------------------------------------------------------------------------------
---------------------------------------------------------------------------------
Start Flattening Before IO Insertion
---------------------------------------------------------------------------------
---------------------------------------------------------------------------------
Finished Flattening Before IO Insertion
---------------------------------------------------------------------------------
---------------------------------------------------------------------------------
Start Final Netlist Cleanup
---------------------------------------------------------------------------------
---------------------------------------------------------------------------------
Finished Final Netlist Cleanup
---------------------------------------------------------------------------------
---------------------------------------------------------------------------------
Finished IO Insertion : Time (s): cpu = 00:00:11 ; elapsed = 00:00:11 . Memory (MB): peak = 2753.137 ; gain = 1128.750 ; free physical = 9784 ; free virtual = 28735
---------------------------------------------------------------------------------
---------------------------------------------------------------------------------
Start Renaming Generated Instances
---------------------------------------------------------------------------------
---------------------------------------------------------------------------------
Finished Renaming Generated Instances : Time (s): cpu = 00:00:11 ; elapsed = 00:00:11 . Memory (MB): peak = 2753.137 ; gain = 1128.750 ; free physical = 9784 ; free virtual = 28735
---------------------------------------------------------------------------------
---------------------------------------------------------------------------------
Start Rebuilding User Hierarchy
---------------------------------------------------------------------------------
---------------------------------------------------------------------------------
Finished Rebuilding User Hierarchy : Time (s): cpu = 00:00:11 ; elapsed = 00:00:11 . Memory (MB): peak = 2753.137 ; gain = 1128.750 ; free physical = 9784 ; free virtual = 28734
---------------------------------------------------------------------------------
---------------------------------------------------------------------------------
Start Renaming Generated Ports
---------------------------------------------------------------------------------
---------------------------------------------------------------------------------
Finished Renaming Generated Ports : Time (s): cpu = 00:00:11 ; elapsed = 00:00:11 . Memory (MB): peak = 2753.137 ; gain = 1128.750 ; free physical = 9784 ; free virtual = 28734
---------------------------------------------------------------------------------
---------------------------------------------------------------------------------
Start Handling Custom Attributes
---------------------------------------------------------------------------------
---------------------------------------------------------------------------------
Finished Handling Custom Attributes : Time (s): cpu = 00:00:11 ; elapsed = 00:00:11 . Memory (MB): peak = 2753.137 ; gain = 1128.750 ; free physical = 9783 ; free virtual = 28733
---------------------------------------------------------------------------------
---------------------------------------------------------------------------------
Start Renaming Generated Nets
---------------------------------------------------------------------------------
---------------------------------------------------------------------------------
Finished Renaming Generated Nets : Time (s): cpu = 00:00:11 ; elapsed = 00:00:11 . Memory (MB): peak = 2753.137 ; gain = 1128.750 ; free physical = 9783 ; free virtual = 28733
---------------------------------------------------------------------------------
---------------------------------------------------------------------------------
Start Writing Synthesis Report
---------------------------------------------------------------------------------

Report BlackBoxes: 
+-+--------------+----------+
| |BlackBox name |Instances |
+-+--------------+----------+
+-+--------------+----------+

Report Cell Usage: 
+------+-------+------+
|      |Cell   |Count |
+------+-------+------+
|1     |BUFG   |     1|
|2     |CARRY4 |     7|
|3     |LUT1   |     2|
|4     |LUT2   |    55|
|5     |LUT3   |    18|
|6     |LUT4   |    67|
|7     |LUT5   |    21|
|8     |LUT6   |  1373|
|9     |MUXF7  |   544|
|10    |MUXF8  |   272|
|11    |FDCE   |    54|
|12    |FDPE   |     4|
|13    |FDRE   |  2048|
|14    |IBUF   |    29|
|15    |OBUF   |    19|
+------+-------+------+

Report Instance Areas: 
+------+----------------------------+--------------------+------+
|      |Instance                    |Module              |Cells |
+------+----------------------------+--------------------+------+
|1     |top                         |                    |  4514|
|2     |  cmd_frame_transmission    |cmd_sync_detector   |    31|
|3     |  cmd_start_frame_reception |cmd_sync_detector_0 |    13|
+------+----------------------------+--------------------+------+
---------------------------------------------------------------------------------
Finished Writing Synthesis Report : Time (s): cpu = 00:00:11 ; elapsed = 00:00:11 . Memory (MB): peak = 2753.137 ; gain = 1128.750 ; free physical = 9783 ; free virtual = 28733
---------------------------------------------------------------------------------
Synthesis finished with 0 errors, 0 critical warnings and 22 warnings.
Synthesis Optimization Runtime : Time (s): cpu = 00:00:11 ; elapsed = 00:00:11 . Memory (MB): peak = 2753.137 ; gain = 1128.750 ; free physical = 9783 ; free virtual = 28733
Synthesis Optimization Complete : Time (s): cpu = 00:00:11 ; elapsed = 00:00:11 . Memory (MB): peak = 2753.145 ; gain = 1128.750 ; free physical = 9783 ; free virtual = 28733
INFO: [Project 1-571] Translating synthesized netlist
Netlist sorting complete. Time (s): cpu = 00:00:00.01 ; elapsed = 00:00:00.01 . Memory (MB): peak = 2768.012 ; gain = 0.000 ; free physical = 9938 ; free virtual = 28889
INFO: [Netlist 29-17] Analyzing 823 Unisim elements for replacement
INFO: [Netlist 29-28] Unisim Transformation completed in 0 CPU seconds
WARNING: [Netlist 29-101] Netlist 'buffer_in_ethernet' is not ideal for floorplanning, since the cellview 'buffer_in_ethernet' contains a large number of primitives.  Please consider enabling hierarchy in synthesis if you want to do floorplanning.
INFO: [Project 1-570] Preparing netlist for logic optimization
INFO: [Opt 31-138] Pushed 0 inverter(s) to 0 load pin(s).
Netlist sorting complete. Time (s): cpu = 00:00:00 ; elapsed = 00:00:00 . Memory (MB): peak = 2929.535 ; gain = 0.000 ; free physical = 9818 ; free virtual = 28769
INFO: [Project 1-111] Unisim Transformation Summary:
No Unisim elements were transformed.

Synth Design complete | Checksum: 4ab57e7b
INFO: [Common 17-83] Releasing license: Synthesis
26 Infos, 23 Warnings, 0 Critical Warnings and 0 Errors encountered.
synth_design completed successfully
synth_design: Time (s): cpu = 00:00:16 ; elapsed = 00:00:14 . Memory (MB): peak = 2929.570 ; gain = 1305.184 ; free physical = 9816 ; free virtual = 28767
INFO: [Common 17-2834] synth_design peak Physical Memory [PSS] (MB): overall = 2079.360; main = 2060.877; forked = 287.646
INFO: [Common 17-2834] synth_design peak Virtual Memory [VSS] (MB): overall = 3647.359; main = 2929.539; forked = 993.031
Write ShapeDB Complete: Time (s): cpu = 00:00:00 ; elapsed = 00:00:00.01 . Memory (MB): peak = 2953.547 ; gain = 0.000 ; free physical = 9817 ; free virtual = 28767
INFO: [Common 17-1381] The checkpoint '/home/valmyrsilva07/virtex7/skarab-virtex7-toolflow/model/skrab_one.runs/synth_1/buffer_in_ethernet.dcp' has been generated.
INFO: [Vivado 12-24828] Executing command : report_utilization -file buffer_in_ethernet_utilization_synth.rpt -pb buffer_in_ethernet_utilization_synth.pb
INFO: [Common 17-206] Exiting Vivado at Fri Jul 31 19:03:57 2026...
