#-----------------------------------------------------------
# Vivado v2019.1 (64-bit)
# SW Build 2552052 on Fri May 24 14:47:09 MDT 2019
# IP Build 2548770 on Fri May 24 18:01:18 MDT 2019
# Start of session at: Mon Jun  1 19:38:08 2026
# Process ID: 679437
# Current directory: /home/valmyrsilva07/virtex7/skarab-virtex7-toolflow/fpgs/ethernet_one_gbe_skarab_tx_rx/ethernet_one_gbe_skarab_tx_rx/myproj/myproj.runs/ethernet_one_gbe_skarab_tx_rx_c_addsub_v12_0_i0_synth_1
# Command line: vivado -log ethernet_one_gbe_skarab_tx_rx_c_addsub_v12_0_i0.vds -product Vivado -mode batch -messageDb vivado.pb -notrace -source ethernet_one_gbe_skarab_tx_rx_c_addsub_v12_0_i0.tcl
# Log file: /home/valmyrsilva07/virtex7/skarab-virtex7-toolflow/fpgs/ethernet_one_gbe_skarab_tx_rx/ethernet_one_gbe_skarab_tx_rx/myproj/myproj.runs/ethernet_one_gbe_skarab_tx_rx_c_addsub_v12_0_i0_synth_1/ethernet_one_gbe_skarab_tx_rx_c_addsub_v12_0_i0.vds
# Journal file: /home/valmyrsilva07/virtex7/skarab-virtex7-toolflow/fpgs/ethernet_one_gbe_skarab_tx_rx/ethernet_one_gbe_skarab_tx_rx/myproj/myproj.runs/ethernet_one_gbe_skarab_tx_rx_c_addsub_v12_0_i0_synth_1/vivado.jou
#-----------------------------------------------------------
source ethernet_one_gbe_skarab_tx_rx_c_addsub_v12_0_i0.tcl -notrace
