
*** Running vivado
    with args -log ethernet_one_gbe_skarab_axi_fir_fir_compiler_v7_2_i0.vds -m64 -product Vivado -mode batch -messageDb vivado.pb -notrace -source ethernet_one_gbe_skarab_axi_fir_fir_compiler_v7_2_i0.tcl


****** Vivado v2019.1 (64-bit)
  **** SW Build 2552052 on Fri May 24 14:47:09 MDT 2019
  **** IP Build 2548770 on Fri May 24 18:01:18 MDT 2019
    ** Copyright 1986-2019 Xilinx, Inc. All Rights Reserved.

WARNING: [Runs 36-547] Tool Strategy 'Vivado Implementation Defaults' from file '/tools/Xilinx/Vivado/2019.1/strategies/VDI2015.psg' discarded because strategy with same name already parsed from '/tools/Xilinx/Vivado/2019.1/strategies/VDI2015.psg'
WARNING: [Runs 36-547] Tool Strategy 'Performance_Explore' from file '/tools/Xilinx/Vivado/2019.1/strategies/VDI2015.psg' discarded because strategy with same name already parsed from '/tools/Xilinx/Vivado/2019.1/strategies/VDI2015.psg'
WARNING: [Runs 36-547] Tool Strategy 'Performance_ExplorePostRoutePhysOpt' from file '/tools/Xilinx/Vivado/2019.1/strategies/VDI2015.psg' discarded because strategy with same name already parsed from '/tools/Xilinx/Vivado/2019.1/strategies/VDI2015.psg'
WARNING: [Runs 36-547] Tool Strategy 'Performance_RefinePlacement' from file '/tools/Xilinx/Vivado/2019.1/strategies/VDI2015.psg' discarded because strategy with same name already parsed from '/tools/Xilinx/Vivado/2019.1/strategies/VDI2015.psg'
WARNING: [Runs 36-547] Tool Strategy 'Performance_WLBlockPlacement' from file '/tools/Xilinx/Vivado/2019.1/strategies/VDI2015.psg' discarded because strategy with same name already parsed from '/tools/Xilinx/Vivado/2019.1/strategies/VDI2015.psg'
WARNING: [Runs 36-547] Tool Strategy 'Performance_WLBlockPlacementFanoutOpt' from file '/tools/Xilinx/Vivado/2019.1/strategies/VDI2015.psg' discarded because strategy with same name already parsed from '/tools/Xilinx/Vivado/2019.1/strategies/VDI2015.psg'
WARNING: [Runs 36-547] Tool Strategy 'Performance_NetDelay_high' from file '/tools/Xilinx/Vivado/2019.1/strategies/VDI2015.psg' discarded because strategy with same name already parsed from '/tools/Xilinx/Vivado/2019.1/strategies/VDI2015.psg'
WARNING: [Runs 36-547] Tool Strategy 'Performance_NetDelay_medium' from file '/tools/Xilinx/Vivado/2019.1/strategies/VDI2015.psg' discarded because strategy with same name already parsed from '/tools/Xilinx/Vivado/2019.1/strategies/VDI2015.psg'
WARNING: [Runs 36-547] Tool Strategy 'Performance_NetDelay_low' from file '/tools/Xilinx/Vivado/2019.1/strategies/VDI2015.psg' discarded because strategy with same name already parsed from '/tools/Xilinx/Vivado/2019.1/strategies/VDI2015.psg'
WARNING: [Runs 36-547] Tool Strategy 'Performance_ExploreSLLs' from file '/tools/Xilinx/Vivado/2019.1/strategies/VDI2015.psg' discarded because strategy with same name already parsed from '/tools/Xilinx/Vivado/2019.1/strategies/VDI2015.psg'
WARNING: [Runs 36-547] Tool Strategy 'Performance_Retiming' from file '/tools/Xilinx/Vivado/2019.1/strategies/VDI2015.psg' discarded because strategy with same name already parsed from '/tools/Xilinx/Vivado/2019.1/strategies/VDI2015.psg'
WARNING: [Runs 36-547] Tool Strategy 'Area_Explore' from file '/tools/Xilinx/Vivado/2019.1/strategies/VDI2015.psg' discarded because strategy with same name already parsed from '/tools/Xilinx/Vivado/2019.1/strategies/VDI2015.psg'
WARNING: [Runs 36-547] Tool Strategy 'Power_DefaultOpt' from file '/tools/Xilinx/Vivado/2019.1/strategies/VDI2015.psg' discarded because strategy with same name already parsed from '/tools/Xilinx/Vivado/2019.1/strategies/VDI2015.psg'
WARNING: [Runs 36-547] Tool Strategy 'Flow_RunPhysOpt' from file '/tools/Xilinx/Vivado/2019.1/strategies/VDI2015.psg' discarded because strategy with same name already parsed from '/tools/Xilinx/Vivado/2019.1/strategies/VDI2015.psg'
WARNING: [Runs 36-547] Tool Strategy 'Flow_RunPostRoutePhysOpt' from file '/tools/Xilinx/Vivado/2019.1/strategies/VDI2015.psg' discarded because strategy with same name already parsed from '/tools/Xilinx/Vivado/2019.1/strategies/VDI2015.psg'
WARNING: [Runs 36-547] Tool Strategy 'Flow_RuntimeOptimized' from file '/tools/Xilinx/Vivado/2019.1/strategies/VDI2015.psg' discarded because strategy with same name already parsed from '/tools/Xilinx/Vivado/2019.1/strategies/VDI2015.psg'
WARNING: [Runs 36-547] Tool Strategy 'Flow_Quick' from file '/tools/Xilinx/Vivado/2019.1/strategies/VDI2015.psg' discarded because strategy with same name already parsed from '/tools/Xilinx/Vivado/2019.1/strategies/VDI2015.psg'
WARNING: [Runs 36-547] Tool Strategy 'Congestion_SpreadLogic_high' from file '/tools/Xilinx/Vivado/2019.1/strategies/VDI2015.psg' discarded because strategy with same name already parsed from '/tools/Xilinx/Vivado/2019.1/strategies/VDI2015.psg'
WARNING: [Runs 36-547] Tool Strategy 'Congestion_SpreadLogic_medium' from file '/tools/Xilinx/Vivado/2019.1/strategies/VDI2015.psg' discarded because strategy with same name already parsed from '/tools/Xilinx/Vivado/2019.1/strategies/VDI2015.psg'
WARNING: [Runs 36-547] Tool Strategy 'Congestion_SpreadLogic_low' from file '/tools/Xilinx/Vivado/2019.1/strategies/VDI2015.psg' discarded because strategy with same name already parsed from '/tools/Xilinx/Vivado/2019.1/strategies/VDI2015.psg'
WARNING: [Runs 36-547] Tool Strategy 'Congestion_SpreadLogicSLLs' from file '/tools/Xilinx/Vivado/2019.1/strategies/VDI2015.psg' discarded because strategy with same name already parsed from '/tools/Xilinx/Vivado/2019.1/strategies/VDI2015.psg'
WARNING: [Runs 36-547] Tool Strategy 'Congestion_BalanceSLLs' from file '/tools/Xilinx/Vivado/2019.1/strategies/VDI2015.psg' discarded because strategy with same name already parsed from '/tools/Xilinx/Vivado/2019.1/strategies/VDI2015.psg'
WARNING: [Runs 36-547] Tool Strategy 'Congestion_BalanceSLRs' from file '/tools/Xilinx/Vivado/2019.1/strategies/VDI2015.psg' discarded because strategy with same name already parsed from '/tools/Xilinx/Vivado/2019.1/strategies/VDI2015.psg'
WARNING: [Runs 36-547] Tool Strategy 'Congestion_CompressSLRs' from file '/tools/Xilinx/Vivado/2019.1/strategies/VDI2015.psg' discarded because strategy with same name already parsed from '/tools/Xilinx/Vivado/2019.1/strategies/VDI2015.psg'
WARNING: [Runs 36-547] Tool Strategy 'Vivado Synthesis Defaults' from file '/tools/Xilinx/Vivado/2019.1/strategies/VDS2012.psg' discarded because strategy with same name already parsed from '/tools/Xilinx/Vivado/2019.1/strategies/VDS2012.psg'
WARNING: [Runs 36-547] Tool Strategy 'Vivado Implementation Defaults' from file '/tools/Xilinx/Vivado/2019.1/strategies/VDI2012.psg' discarded because strategy with same name already parsed from '/tools/Xilinx/Vivado/2019.1/strategies/VDI2012.psg'
WARNING: [Runs 36-547] Tool Strategy 'HighEffort' from file '/tools/Xilinx/Vivado/2019.1/strategies/VDI2012.psg' discarded because strategy with same name already parsed from '/tools/Xilinx/Vivado/2019.1/strategies/VDI2012.psg'
WARNING: [Runs 36-547] Tool Strategy 'HighEffortPhySynth' from file '/tools/Xilinx/Vivado/2019.1/strategies/VDI2012.psg' discarded because strategy with same name already parsed from '/tools/Xilinx/Vivado/2019.1/strategies/VDI2012.psg'
WARNING: [Runs 36-547] Tool Strategy 'LowEffort' from file '/tools/Xilinx/Vivado/2019.1/strategies/VDI2012.psg' discarded because strategy with same name already parsed from '/tools/Xilinx/Vivado/2019.1/strategies/VDI2012.psg'
WARNING: [Runs 36-547] Tool Strategy 'QuickEffort' from file '/tools/Xilinx/Vivado/2019.1/strategies/VDI2012.psg' discarded because strategy with same name already parsed from '/tools/Xilinx/Vivado/2019.1/strategies/VDI2012.psg'
WARNING: [Runs 36-547] Tool Strategy 'Vivado Synthesis Defaults' from file '/tools/Xilinx/Vivado/2019.1/strategies/VDS2014.psg' discarded because strategy with same name already parsed from '/tools/Xilinx/Vivado/2019.1/strategies/VDS2014.psg'
WARNING: [Runs 36-547] Tool Strategy 'Flow_RuntimeOptimized' from file '/tools/Xilinx/Vivado/2019.1/strategies/VDS2014.psg' discarded because strategy with same name already parsed from '/tools/Xilinx/Vivado/2019.1/strategies/VDS2014.psg'
WARNING: [Runs 36-547] Tool Strategy 'Flow_AreaOptimized_High' from file '/tools/Xilinx/Vivado/2019.1/strategies/VDS2014.psg' discarded because strategy with same name already parsed from '/tools/Xilinx/Vivado/2019.1/strategies/VDS2014.psg'
WARNING: [Runs 36-547] Tool Strategy 'Flow_PerfOptimized_High' from file '/tools/Xilinx/Vivado/2019.1/strategies/VDS2014.psg' discarded because strategy with same name already parsed from '/tools/Xilinx/Vivado/2019.1/strategies/VDS2014.psg'
WARNING: [Runs 36-547] Tool Strategy 'Vivado Synthesis Defaults' from file '/tools/Xilinx/Vivado/2019.1/strategies/VDS2018.psg' discarded because strategy with same name already parsed from '/tools/Xilinx/Vivado/2019.1/strategies/VDS2018.psg'
WARNING: [Runs 36-547] Tool Strategy 'Flow_AreaOptimized_high' from file '/tools/Xilinx/Vivado/2019.1/strategies/VDS2018.psg' discarded because strategy with same name already parsed from '/tools/Xilinx/Vivado/2019.1/strategies/VDS2018.psg'
WARNING: [Runs 36-547] Tool Strategy 'Flow_AreaOptimized_medium' from file '/tools/Xilinx/Vivado/2019.1/strategies/VDS2018.psg' discarded because strategy with same name already parsed from '/tools/Xilinx/Vivado/2019.1/strategies/VDS2018.psg'
WARNING: [Runs 36-547] Tool Strategy 'Flow_AreaMultThresholdDSP' from file '/tools/Xilinx/Vivado/2019.1/strategies/VDS2018.psg' discarded because strategy with same name already parsed from '/tools/Xilinx/Vivado/2019.1/strategies/VDS2018.psg'
WARNING: [Runs 36-547] Tool Strategy 'Flow_AlternateRoutability' from file '/tools/Xilinx/Vivado/2019.1/strategies/VDS2018.psg' discarded because strategy with same name already parsed from '/tools/Xilinx/Vivado/2019.1/strategies/VDS2018.psg'
WARNING: [Runs 36-547] Tool Strategy 'Flow_PerfOptimized_high' from file '/tools/Xilinx/Vivado/2019.1/strategies/VDS2018.psg' discarded because strategy with same name already parsed from '/tools/Xilinx/Vivado/2019.1/strategies/VDS2018.psg'
WARNING: [Runs 36-547] Tool Strategy 'Flow_PerfThresholdCarry' from file '/tools/Xilinx/Vivado/2019.1/strategies/VDS2018.psg' discarded because strategy with same name already parsed from '/tools/Xilinx/Vivado/2019.1/strategies/VDS2018.psg'
WARNING: [Runs 36-547] Tool Strategy 'Flow_RuntimeOptimized' from file '/tools/Xilinx/Vivado/2019.1/strategies/VDS2018.psg' discarded because strategy with same name already parsed from '/tools/Xilinx/Vivado/2019.1/strategies/VDS2018.psg'
WARNING: [Runs 36-547] Tool Strategy 'Vivado Synthesis Defaults' from file '/tools/Xilinx/Vivado/2019.1/strategies/VDS2017.psg' discarded because strategy with same name already parsed from '/tools/Xilinx/Vivado/2019.1/strategies/VDS2017.psg'
WARNING: [Runs 36-547] Tool Strategy 'Flow_AreaOptimized_high' from file '/tools/Xilinx/Vivado/2019.1/strategies/VDS2017.psg' discarded because strategy with same name already parsed from '/tools/Xilinx/Vivado/2019.1/strategies/VDS2017.psg'
WARNING: [Runs 36-547] Tool Strategy 'Flow_AreaOptimized_medium' from file '/tools/Xilinx/Vivado/2019.1/strategies/VDS2017.psg' discarded because strategy with same name already parsed from '/tools/Xilinx/Vivado/2019.1/strategies/VDS2017.psg'
WARNING: [Runs 36-547] Tool Strategy 'Flow_AreaMultThresholdDSP' from file '/tools/Xilinx/Vivado/2019.1/strategies/VDS2017.psg' discarded because strategy with same name already parsed from '/tools/Xilinx/Vivado/2019.1/strategies/VDS2017.psg'
WARNING: [Runs 36-547] Tool Strategy 'Flow_AlternateRoutability' from file '/tools/Xilinx/Vivado/2019.1/strategies/VDS2017.psg' discarded because strategy with same name already parsed from '/tools/Xilinx/Vivado/2019.1/strategies/VDS2017.psg'
WARNING: [Runs 36-547] Tool Strategy 'Flow_PerfOptimized_high' from file '/tools/Xilinx/Vivado/2019.1/strategies/VDS2017.psg' discarded because strategy with same name already parsed from '/tools/Xilinx/Vivado/2019.1/strategies/VDS2017.psg'
WARNING: [Runs 36-547] Tool Strategy 'Flow_PerfThresholdCarry' from file '/tools/Xilinx/Vivado/2019.1/strategies/VDS2017.psg' discarded because strategy with same name already parsed from '/tools/Xilinx/Vivado/2019.1/strategies/VDS2017.psg'
WARNING: [Runs 36-547] Tool Strategy 'Flow_RuntimeOptimized' from file '/tools/Xilinx/Vivado/2019.1/strategies/VDS2017.psg' discarded because strategy with same name already parsed from '/tools/Xilinx/Vivado/2019.1/strategies/VDS2017.psg'
WARNING: [Runs 36-547] Tool Strategy 'Vivado Synthesis Defaults' from file '/tools/Xilinx/Vivado/2019.1/strategies/VDS2013.psg' discarded because strategy with same name already parsed from '/tools/Xilinx/Vivado/2019.1/strategies/VDS2013.psg'
WARNING: [Runs 36-547] Tool Strategy 'Flow_RuntimeOptimized' from file '/tools/Xilinx/Vivado/2019.1/strategies/VDS2013.psg' discarded because strategy with same name already parsed from '/tools/Xilinx/Vivado/2019.1/strategies/VDS2013.psg'
WARNING: [Runs 36-547] Tool Strategy 'Vivado Implementation Defaults' from file '/tools/Xilinx/Vivado/2019.1/strategies/VDI2017.psg' discarded because strategy with same name already parsed from '/tools/Xilinx/Vivado/2019.1/strategies/VDI2017.psg'
WARNING: [Runs 36-547] Tool Strategy 'Performance_Explore' from file '/tools/Xilinx/Vivado/2019.1/strategies/VDI2017.psg' discarded because strategy with same name already parsed from '/tools/Xilinx/Vivado/2019.1/strategies/VDI2017.psg'
WARNING: [Runs 36-547] Tool Strategy 'Performance_ExplorePostRoutePhysOpt' from file '/tools/Xilinx/Vivado/2019.1/strategies/VDI2017.psg' discarded because strategy with same name already parsed from '/tools/Xilinx/Vivado/2019.1/strategies/VDI2017.psg'
WARNING: [Runs 36-547] Tool Strategy 'Performance_WLBlockPlacement' from file '/tools/Xilinx/Vivado/2019.1/strategies/VDI2017.psg' discarded because strategy with same name already parsed from '/tools/Xilinx/Vivado/2019.1/strategies/VDI2017.psg'
WARNING: [Runs 36-547] Tool Strategy 'Performance_WLBlockPlacementFanoutOpt' from file '/tools/Xilinx/Vivado/2019.1/strategies/VDI2017.psg' discarded because strategy with same name already parsed from '/tools/Xilinx/Vivado/2019.1/strategies/VDI2017.psg'
WARNING: [Runs 36-547] Tool Strategy 'Performance_EarlyBlockPlacement' from file '/tools/Xilinx/Vivado/2019.1/strategies/VDI2017.psg' discarded because strategy with same name already parsed from '/tools/Xilinx/Vivado/2019.1/strategies/VDI2017.psg'
WARNING: [Runs 36-547] Tool Strategy 'Performance_NetDelay_high' from file '/tools/Xilinx/Vivado/2019.1/strategies/VDI2017.psg' discarded because strategy with same name already parsed from '/tools/Xilinx/Vivado/2019.1/strategies/VDI2017.psg'
WARNING: [Runs 36-547] Tool Strategy 'Performance_NetDelay_low' from file '/tools/Xilinx/Vivado/2019.1/strategies/VDI2017.psg' discarded because strategy with same name already parsed from '/tools/Xilinx/Vivado/2019.1/strategies/VDI2017.psg'
WARNING: [Runs 36-547] Tool Strategy 'Performance_Retiming' from file '/tools/Xilinx/Vivado/2019.1/strategies/VDI2017.psg' discarded because strategy with same name already parsed from '/tools/Xilinx/Vivado/2019.1/strategies/VDI2017.psg'
WARNING: [Runs 36-547] Tool Strategy 'Performance_ExtraTimingOpt' from file '/tools/Xilinx/Vivado/2019.1/strategies/VDI2017.psg' discarded because strategy with same name already parsed from '/tools/Xilinx/Vivado/2019.1/strategies/VDI2017.psg'
WARNING: [Runs 36-547] Tool Strategy 'Performance_RefinePlacement' from file '/tools/Xilinx/Vivado/2019.1/strategies/VDI2017.psg' discarded because strategy with same name already parsed from '/tools/Xilinx/Vivado/2019.1/strategies/VDI2017.psg'
WARNING: [Runs 36-547] Tool Strategy 'Performance_SpreadSLLs' from file '/tools/Xilinx/Vivado/2019.1/strategies/VDI2017.psg' discarded because strategy with same name already parsed from '/tools/Xilinx/Vivado/2019.1/strategies/VDI2017.psg'
WARNING: [Runs 36-547] Tool Strategy 'Performance_BalanceSLLs' from file '/tools/Xilinx/Vivado/2019.1/strategies/VDI2017.psg' discarded because strategy with same name already parsed from '/tools/Xilinx/Vivado/2019.1/strategies/VDI2017.psg'
WARNING: [Runs 36-547] Tool Strategy 'Congestion_SpreadLogic_high' from file '/tools/Xilinx/Vivado/2019.1/strategies/VDI2017.psg' discarded because strategy with same name already parsed from '/tools/Xilinx/Vivado/2019.1/strategies/VDI2017.psg'
WARNING: [Runs 36-547] Tool Strategy 'Congestion_SpreadLogic_medium' from file '/tools/Xilinx/Vivado/2019.1/strategies/VDI2017.psg' discarded because strategy with same name already parsed from '/tools/Xilinx/Vivado/2019.1/strategies/VDI2017.psg'
WARNING: [Runs 36-547] Tool Strategy 'Congestion_SpreadLogic_low' from file '/tools/Xilinx/Vivado/2019.1/strategies/VDI2017.psg' discarded because strategy with same name already parsed from '/tools/Xilinx/Vivado/2019.1/strategies/VDI2017.psg'
WARNING: [Runs 36-547] Tool Strategy 'Congestion_SpreadLogic_Explore' from file '/tools/Xilinx/Vivado/2019.1/strategies/VDI2017.psg' discarded because strategy with same name already parsed from '/tools/Xilinx/Vivado/2019.1/strategies/VDI2017.psg'
WARNING: [Runs 36-547] Tool Strategy 'Congestion_SSI_SpreadLogic_high' from file '/tools/Xilinx/Vivado/2019.1/strategies/VDI2017.psg' discarded because strategy with same name already parsed from '/tools/Xilinx/Vivado/2019.1/strategies/VDI2017.psg'
WARNING: [Runs 36-547] Tool Strategy 'Congestion_SSI_SpreadLogic_low' from file '/tools/Xilinx/Vivado/2019.1/strategies/VDI2017.psg' discarded because strategy with same name already parsed from '/tools/Xilinx/Vivado/2019.1/strategies/VDI2017.psg'
WARNING: [Runs 36-547] Tool Strategy 'Congestion_SSI_SpreadLogic_Explore' from file '/tools/Xilinx/Vivado/2019.1/strategies/VDI2017.psg' discarded because strategy with same name already parsed from '/tools/Xilinx/Vivado/2019.1/strategies/VDI2017.psg'
WARNING: [Runs 36-547] Tool Strategy 'Area_Explore' from file '/tools/Xilinx/Vivado/2019.1/strategies/VDI2017.psg' discarded because strategy with same name already parsed from '/tools/Xilinx/Vivado/2019.1/strategies/VDI2017.psg'
WARNING: [Runs 36-547] Tool Strategy 'Area_ExploreSequential' from file '/tools/Xilinx/Vivado/2019.1/strategies/VDI2017.psg' discarded because strategy with same name already parsed from '/tools/Xilinx/Vivado/2019.1/strategies/VDI2017.psg'
WARNING: [Runs 36-547] Tool Strategy 'Area_ExploreWithRemap' from file '/tools/Xilinx/Vivado/2019.1/strategies/VDI2017.psg' discarded because strategy with same name already parsed from '/tools/Xilinx/Vivado/2019.1/strategies/VDI2017.psg'
WARNING: [Runs 36-547] Tool Strategy 'Power_DefaultOpt' from file '/tools/Xilinx/Vivado/2019.1/strategies/VDI2017.psg' discarded because strategy with same name already parsed from '/tools/Xilinx/Vivado/2019.1/strategies/VDI2017.psg'
WARNING: [Runs 36-547] Tool Strategy 'Power_ExploreArea' from file '/tools/Xilinx/Vivado/2019.1/strategies/VDI2017.psg' discarded because strategy with same name already parsed from '/tools/Xilinx/Vivado/2019.1/strategies/VDI2017.psg'
WARNING: [Runs 36-547] Tool Strategy 'Flow_RunPhysOpt' from file '/tools/Xilinx/Vivado/2019.1/strategies/VDI2017.psg' discarded because strategy with same name already parsed from '/tools/Xilinx/Vivado/2019.1/strategies/VDI2017.psg'
WARNING: [Runs 36-547] Tool Strategy 'Flow_RunPostRoutePhysOpt' from file '/tools/Xilinx/Vivado/2019.1/strategies/VDI2017.psg' discarded because strategy with same name already parsed from '/tools/Xilinx/Vivado/2019.1/strategies/VDI2017.psg'
WARNING: [Runs 36-547] Tool Strategy 'Flow_RuntimeOptimized' from file '/tools/Xilinx/Vivado/2019.1/strategies/VDI2017.psg' discarded because strategy with same name already parsed from '/tools/Xilinx/Vivado/2019.1/strategies/VDI2017.psg'
WARNING: [Runs 36-547] Tool Strategy 'Flow_Quick' from file '/tools/Xilinx/Vivado/2019.1/strategies/VDI2017.psg' discarded because strategy with same name already parsed from '/tools/Xilinx/Vivado/2019.1/strategies/VDI2017.psg'
WARNING: [Runs 36-547] Tool Strategy 'Vivado Implementation Defaults' from file '/tools/Xilinx/Vivado/2019.1/strategies/VDI2014.psg' discarded because strategy with same name already parsed from '/tools/Xilinx/Vivado/2019.1/strategies/VDI2014.psg'
WARNING: [Runs 36-547] Tool Strategy 'Performance_Explore' from file '/tools/Xilinx/Vivado/2019.1/strategies/VDI2014.psg' discarded because strategy with same name already parsed from '/tools/Xilinx/Vivado/2019.1/strategies/VDI2014.psg'
WARNING: [Runs 36-547] Tool Strategy 'Performance_ExplorePostRoutePhysOpt' from file '/tools/Xilinx/Vivado/2019.1/strategies/VDI2014.psg' discarded because strategy with same name already parsed from '/tools/Xilinx/Vivado/2019.1/strategies/VDI2014.psg'
WARNING: [Runs 36-547] Tool Strategy 'Performance_RefinePlacement' from file '/tools/Xilinx/Vivado/2019.1/strategies/VDI2014.psg' discarded because strategy with same name already parsed from '/tools/Xilinx/Vivado/2019.1/strategies/VDI2014.psg'
WARNING: [Runs 36-547] Tool Strategy 'Performance_WLBlockPlacement' from file '/tools/Xilinx/Vivado/2019.1/strategies/VDI2014.psg' discarded because strategy with same name already parsed from '/tools/Xilinx/Vivado/2019.1/strategies/VDI2014.psg'
WARNING: [Runs 36-547] Tool Strategy 'Performance_WLBlockPlacementFanoutOpt' from file '/tools/Xilinx/Vivado/2019.1/strategies/VDI2014.psg' discarded because strategy with same name already parsed from '/tools/Xilinx/Vivado/2019.1/strategies/VDI2014.psg'
WARNING: [Runs 36-547] Tool Strategy 'Performance_LateBlockPlacement' from file '/tools/Xilinx/Vivado/2019.1/strategies/VDI2014.psg' discarded because strategy with same name already parsed from '/tools/Xilinx/Vivado/2019.1/strategies/VDI2014.psg'
WARNING: [Runs 36-547] Tool Strategy 'Performance_NetDelay_high' from file '/tools/Xilinx/Vivado/2019.1/strategies/VDI2014.psg' discarded because strategy with same name already parsed from '/tools/Xilinx/Vivado/2019.1/strategies/VDI2014.psg'
WARNING: [Runs 36-547] Tool Strategy 'Performance_NetDelay_medium' from file '/tools/Xilinx/Vivado/2019.1/strategies/VDI2014.psg' discarded because strategy with same name already parsed from '/tools/Xilinx/Vivado/2019.1/strategies/VDI2014.psg'
WARNING: [Runs 36-547] Tool Strategy 'Performance_NetDelay_low' from file '/tools/Xilinx/Vivado/2019.1/strategies/VDI2014.psg' discarded because strategy with same name already parsed from '/tools/Xilinx/Vivado/2019.1/strategies/VDI2014.psg'
WARNING: [Runs 36-547] Tool Strategy 'Performance_ExploreSLLs' from file '/tools/Xilinx/Vivado/2019.1/strategies/VDI2014.psg' discarded because strategy with same name already parsed from '/tools/Xilinx/Vivado/2019.1/strategies/VDI2014.psg'
WARNING: [Runs 36-547] Tool Strategy 'Performance_Retiming' from file '/tools/Xilinx/Vivado/2019.1/strategies/VDI2014.psg' discarded because strategy with same name already parsed from '/tools/Xilinx/Vivado/2019.1/strategies/VDI2014.psg'
WARNING: [Runs 36-547] Tool Strategy 'Area_Explore' from file '/tools/Xilinx/Vivado/2019.1/strategies/VDI2014.psg' discarded because strategy with same name already parsed from '/tools/Xilinx/Vivado/2019.1/strategies/VDI2014.psg'
WARNING: [Runs 36-547] Tool Strategy 'Power_DefaultOpt' from file '/tools/Xilinx/Vivado/2019.1/strategies/VDI2014.psg' discarded because strategy with same name already parsed from '/tools/Xilinx/Vivado/2019.1/strategies/VDI2014.psg'
WARNING: [Runs 36-547] Tool Strategy 'Flow_RunPhysOpt' from file '/tools/Xilinx/Vivado/2019.1/strategies/VDI2014.psg' discarded because strategy with same name already parsed from '/tools/Xilinx/Vivado/2019.1/strategies/VDI2014.psg'
WARNING: [Runs 36-547] Tool Strategy 'Flow_RunPostRoutePhysOpt' from file '/tools/Xilinx/Vivado/2019.1/strategies/VDI2014.psg' discarded because strategy with same name already parsed from '/tools/Xilinx/Vivado/2019.1/strategies/VDI2014.psg'
WARNING: [Runs 36-547] Tool Strategy 'Flow_RuntimeOptimized' from file '/tools/Xilinx/Vivado/2019.1/strategies/VDI2014.psg' discarded because strategy with same name already parsed from '/tools/Xilinx/Vivado/2019.1/strategies/VDI2014.psg'
WARNING: [Runs 36-547] Tool Strategy 'Flow_Quick' from file '/tools/Xilinx/Vivado/2019.1/strategies/VDI2014.psg' discarded because strategy with same name already parsed from '/tools/Xilinx/Vivado/2019.1/strategies/VDI2014.psg'
WARNING: [Runs 36-547] Tool Strategy 'Congestion_SpreadLogic_high' from file '/tools/Xilinx/Vivado/2019.1/strategies/VDI2014.psg' discarded because strategy with same name already parsed from '/tools/Xilinx/Vivado/2019.1/strategies/VDI2014.psg'
INFO: [Common 17-14] Message 'Runs 36-547' appears 100 times and further instances of the messages will be disabled. Use the Tcl command set_msg_config to change the current settings.
WARNING: [Runs 36-546] Tool Report Strategy 'Vivado Implementation Default Reports' from file '/tools/Xilinx/Vivado/2019.1/reportstrategies/VRI2017.psg' discarded because strategy with same name already parsed from '/tools/Xilinx/Vivado/2019.1/reportstrategies/VRI2017.psg'
WARNING: [Runs 36-546] Tool Report Strategy 'UltraFast Design Methodology Reports' from file '/tools/Xilinx/Vivado/2019.1/reportstrategies/VRI2017.psg' discarded because strategy with same name already parsed from '/tools/Xilinx/Vivado/2019.1/reportstrategies/VRI2017.psg'
WARNING: [Runs 36-546] Tool Report Strategy 'Performance Explore Reports' from file '/tools/Xilinx/Vivado/2019.1/reportstrategies/VRI2017.psg' discarded because strategy with same name already parsed from '/tools/Xilinx/Vivado/2019.1/reportstrategies/VRI2017.psg'
WARNING: [Runs 36-546] Tool Report Strategy 'Timing Closure Reports' from file '/tools/Xilinx/Vivado/2019.1/reportstrategies/VRI2017.psg' discarded because strategy with same name already parsed from '/tools/Xilinx/Vivado/2019.1/reportstrategies/VRI2017.psg'
WARNING: [Runs 36-546] Tool Report Strategy 'No Reports' from file '/tools/Xilinx/Vivado/2019.1/reportstrategies/VRI2017.psg' discarded because strategy with same name already parsed from '/tools/Xilinx/Vivado/2019.1/reportstrategies/VRI2017.psg'
WARNING: [Runs 36-546] Tool Report Strategy 'Vivado Implementation Default Reports' from file '/tools/Xilinx/Vivado/2019.1/reportstrategies/VRI2018.psg' discarded because strategy with same name already parsed from '/tools/Xilinx/Vivado/2019.1/reportstrategies/VRI2018.psg'
WARNING: [Runs 36-546] Tool Report Strategy 'UltraFast Design Methodology Reports' from file '/tools/Xilinx/Vivado/2019.1/reportstrategies/VRI2018.psg' discarded because strategy with same name already parsed from '/tools/Xilinx/Vivado/2019.1/reportstrategies/VRI2018.psg'
WARNING: [Runs 36-546] Tool Report Strategy 'Performance Explore Reports' from file '/tools/Xilinx/Vivado/2019.1/reportstrategies/VRI2018.psg' discarded because strategy with same name already parsed from '/tools/Xilinx/Vivado/2019.1/reportstrategies/VRI2018.psg'
WARNING: [Runs 36-546] Tool Report Strategy 'Timing Closure Reports' from file '/tools/Xilinx/Vivado/2019.1/reportstrategies/VRI2018.psg' discarded because strategy with same name already parsed from '/tools/Xilinx/Vivado/2019.1/reportstrategies/VRI2018.psg'
WARNING: [Runs 36-546] Tool Report Strategy 'No Reports' from file '/tools/Xilinx/Vivado/2019.1/reportstrategies/VRI2018.psg' discarded because strategy with same name already parsed from '/tools/Xilinx/Vivado/2019.1/reportstrategies/VRI2018.psg'
WARNING: [Runs 36-546] Tool Report Strategy 'Vivado Synthesis Default Reports' from file '/tools/Xilinx/Vivado/2019.1/reportstrategies/VRS2018.psg' discarded because strategy with same name already parsed from '/tools/Xilinx/Vivado/2019.1/reportstrategies/VRS2018.psg'
WARNING: [Runs 36-546] Tool Report Strategy 'No Reports' from file '/tools/Xilinx/Vivado/2019.1/reportstrategies/VRS2018.psg' discarded because strategy with same name already parsed from '/tools/Xilinx/Vivado/2019.1/reportstrategies/VRS2018.psg'
WARNING: [Runs 36-546] Tool Report Strategy 'Vivado Synthesis Default Reports' from file '/tools/Xilinx/Vivado/2019.1/reportstrategies/VRS2019.psg' discarded because strategy with same name already parsed from '/tools/Xilinx/Vivado/2019.1/reportstrategies/VRS2019.psg'
WARNING: [Runs 36-546] Tool Report Strategy 'No Reports' from file '/tools/Xilinx/Vivado/2019.1/reportstrategies/VRS2019.psg' discarded because strategy with same name already parsed from '/tools/Xilinx/Vivado/2019.1/reportstrategies/VRS2019.psg'
WARNING: [Runs 36-546] Tool Report Strategy 'Vivado Implementation Default Reports' from file '/tools/Xilinx/Vivado/2019.1/reportstrategies/VRI2019.psg' discarded because strategy with same name already parsed from '/tools/Xilinx/Vivado/2019.1/reportstrategies/VRI2019.psg'
WARNING: [Runs 36-546] Tool Report Strategy 'UltraFast Design Methodology Reports' from file '/tools/Xilinx/Vivado/2019.1/reportstrategies/VRI2019.psg' discarded because strategy with same name already parsed from '/tools/Xilinx/Vivado/2019.1/reportstrategies/VRI2019.psg'
WARNING: [Runs 36-546] Tool Report Strategy 'Performance Explore Reports' from file '/tools/Xilinx/Vivado/2019.1/reportstrategies/VRI2019.psg' discarded because strategy with same name already parsed from '/tools/Xilinx/Vivado/2019.1/reportstrategies/VRI2019.psg'
WARNING: [Runs 36-546] Tool Report Strategy 'Timing Closure Reports' from file '/tools/Xilinx/Vivado/2019.1/reportstrategies/VRI2019.psg' discarded because strategy with same name already parsed from '/tools/Xilinx/Vivado/2019.1/reportstrategies/VRI2019.psg'
WARNING: [Runs 36-546] Tool Report Strategy 'No Reports' from file '/tools/Xilinx/Vivado/2019.1/reportstrategies/VRI2019.psg' discarded because strategy with same name already parsed from '/tools/Xilinx/Vivado/2019.1/reportstrategies/VRI2019.psg'
WARNING: [Runs 36-546] Tool Report Strategy 'Vivado Synthesis Default Reports' from file '/tools/Xilinx/Vivado/2019.1/reportstrategies/VRS2017.psg' discarded because strategy with same name already parsed from '/tools/Xilinx/Vivado/2019.1/reportstrategies/VRS2017.psg'
WARNING: [Runs 36-546] Tool Report Strategy 'No Reports' from file '/tools/Xilinx/Vivado/2019.1/reportstrategies/VRS2017.psg' discarded because strategy with same name already parsed from '/tools/Xilinx/Vivado/2019.1/reportstrategies/VRS2017.psg'
source ethernet_one_gbe_skarab_axi_fir_fir_compiler_v7_2_i0.tcl -notrace
INFO: [IP_Flow 19-234] Refreshing IP repositories
INFO: [IP_Flow 19-1700] Loaded user IP repository '/home/valmyrsilva07/teste12345/mlib_devel/jasper_library/hdl_sources/skarab_infr/cont_microblaze/ipshared/peralex.com'.
INFO: [IP_Flow 19-2313] Loaded Vivado IP repository '/tools/Xilinx/Vivado/2019.1/data/ip'.
Command: synth_design -top ethernet_one_gbe_skarab_axi_fir_fir_compiler_v7_2_i0 -part xc7vx690tffg1927-2 -mode out_of_context
Starting synth_design
Attempting to get a license for feature 'Synthesis' and/or device 'xc7vx690t'
INFO: [Common 17-349] Got license for feature 'Synthesis' and/or device 'xc7vx690t'
INFO: [Device 21-403] Loading part xc7vx690tffg1927-2
INFO: Launching helper process for spawning children vivado processes
INFO: Helper process launched with PID 109081 
---------------------------------------------------------------------------------
Starting RTL Elaboration : Time (s): cpu = 00:00:02 ; elapsed = 00:00:03 . Memory (MB): peak = 1967.281 ; gain = 152.719 ; free physical = 38315 ; free virtual = 47381
---------------------------------------------------------------------------------
INFO: [Synth 8-638] synthesizing module 'ethernet_one_gbe_skarab_axi_fir_fir_compiler_v7_2_i0' [/home/valmyrsilva07/virtex7/skarab-virtex7-toolflow/fpgs/ethernet_one_gbe_skarab_control/ethernet_one_gbe_skarab_axi_fir/myproj/myproj.srcs/sources_1/ip/ethernet_one_gbe_skarab_axi_fir_fir_compiler_v7_2_i0/synth/ethernet_one_gbe_skarab_axi_fir_fir_compiler_v7_2_i0.vhd:73]
	Parameter C_XDEVICEFAMILY bound to: virtex7 - type: string 
	Parameter C_ELABORATION_DIR bound to: ./ - type: string 
	Parameter C_COMPONENT_NAME bound to: ethernet_one_gbe_skarab_axi_fir_fir_compiler_v7_2_i0 - type: string 
	Parameter C_COEF_FILE bound to: ethernet_one_gbe_skarab_axi_fir_fir_compiler_v7_2_i0.mif - type: string 
	Parameter C_COEF_FILE_LINES bound to: 9 - type: integer 
	Parameter C_FILTER_TYPE bound to: 0 - type: integer 
	Parameter C_INTERP_RATE bound to: 1 - type: integer 
	Parameter C_DECIM_RATE bound to: 1 - type: integer 
	Parameter C_ZERO_PACKING_FACTOR bound to: 1 - type: integer 
	Parameter C_SYMMETRY bound to: 1 - type: integer 
	Parameter C_NUM_FILTS bound to: 1 - type: integer 
	Parameter C_NUM_TAPS bound to: 17 - type: integer 
	Parameter C_NUM_CHANNELS bound to: 1 - type: integer 
	Parameter C_CHANNEL_PATTERN bound to: fixed - type: string 
	Parameter C_ROUND_MODE bound to: 0 - type: integer 
	Parameter C_COEF_RELOAD bound to: 0 - type: integer 
	Parameter C_NUM_RELOAD_SLOTS bound to: 1 - type: integer 
	Parameter C_COL_MODE bound to: 1 - type: integer 
	Parameter C_COL_PIPE_LEN bound to: 4 - type: integer 
	Parameter C_COL_CONFIG bound to: 9 - type: string 
	Parameter C_OPTIMIZATION bound to: 0 - type: integer 
	Parameter C_DATA_PATH_WIDTHS bound to: 16 - type: string 
	Parameter C_DATA_IP_PATH_WIDTHS bound to: 16 - type: string 
	Parameter C_DATA_PX_PATH_WIDTHS bound to: 16 - type: string 
	Parameter C_DATA_WIDTH bound to: 16 - type: integer 
	Parameter C_COEF_PATH_WIDTHS bound to: 16 - type: string 
	Parameter C_COEF_WIDTH bound to: 16 - type: integer 
	Parameter C_DATA_PATH_SRC bound to: 0 - type: string 
	Parameter C_COEF_PATH_SRC bound to: 0 - type: string 
	Parameter C_PX_PATH_SRC bound to: 0 - type: string 
	Parameter C_DATA_PATH_SIGN bound to: 0 - type: string 
	Parameter C_COEF_PATH_SIGN bound to: 1 - type: string 
	Parameter C_ACCUM_PATH_WIDTHS bound to: 32 - type: string 
	Parameter C_OUTPUT_WIDTH bound to: 32 - type: integer 
	Parameter C_OUTPUT_PATH_WIDTHS bound to: 32 - type: string 
	Parameter C_ACCUM_OP_PATH_WIDTHS bound to: 32 - type: string 
	Parameter C_EXT_MULT_CNFG bound to: none - type: string 
	Parameter C_DATA_PATH_PSAMP_SRC bound to: 0 - type: string 
	Parameter C_OP_PATH_PSAMP_SRC bound to: 0 - type: string 
	Parameter C_NUM_MADDS bound to: 9 - type: integer 
	Parameter C_OPT_MADDS bound to: none - type: string 
	Parameter C_OVERSAMPLING_RATE bound to: 1 - type: integer 
	Parameter C_INPUT_RATE bound to: 1 - type: integer 
	Parameter C_OUTPUT_RATE bound to: 1 - type: integer 
	Parameter C_DATA_MEMTYPE bound to: 0 - type: integer 
	Parameter C_COEF_MEMTYPE bound to: 2 - type: integer 
	Parameter C_IPBUFF_MEMTYPE bound to: 0 - type: integer 
	Parameter C_OPBUFF_MEMTYPE bound to: 0 - type: integer 
	Parameter C_DATAPATH_MEMTYPE bound to: 0 - type: integer 
	Parameter C_MEM_ARRANGEMENT bound to: 1 - type: integer 
	Parameter C_DATA_MEM_PACKING bound to: 0 - type: integer 
	Parameter C_COEF_MEM_PACKING bound to: 0 - type: integer 
	Parameter C_FILTS_PACKED bound to: 0 - type: integer 
	Parameter C_LATENCY bound to: 15 - type: integer 
	Parameter C_HAS_ARESETn bound to: 0 - type: integer 
	Parameter C_HAS_ACLKEN bound to: 1 - type: integer 
	Parameter C_DATA_HAS_TLAST bound to: 2 - type: integer 
	Parameter C_S_DATA_HAS_FIFO bound to: 0 - type: integer 
	Parameter C_S_DATA_HAS_TUSER bound to: 0 - type: integer 
	Parameter C_S_DATA_TDATA_WIDTH bound to: 16 - type: integer 
	Parameter C_S_DATA_TUSER_WIDTH bound to: 1 - type: integer 
	Parameter C_M_DATA_HAS_TREADY bound to: 0 - type: integer 
	Parameter C_M_DATA_HAS_TUSER bound to: 0 - type: integer 
	Parameter C_M_DATA_TDATA_WIDTH bound to: 32 - type: integer 
	Parameter C_M_DATA_TUSER_WIDTH bound to: 1 - type: integer 
	Parameter C_HAS_CONFIG_CHANNEL bound to: 0 - type: integer 
	Parameter C_CONFIG_SYNC_MODE bound to: 0 - type: integer 
	Parameter C_CONFIG_PACKET_SIZE bound to: 0 - type: integer 
	Parameter C_CONFIG_TDATA_WIDTH bound to: 1 - type: integer 
	Parameter C_RELOAD_TDATA_WIDTH bound to: 1 - type: integer 
INFO: [Synth 8-3491] module 'fir_compiler_v7_2_12' declared at '/home/valmyrsilva07/virtex7/skarab-virtex7-toolflow/fpgs/ethernet_one_gbe_skarab_control/ethernet_one_gbe_skarab_axi_fir/myproj/myproj.srcs/sources_1/ip/ethernet_one_gbe_skarab_axi_fir_fir_compiler_v7_2_i0/hdl/fir_compiler_v7_2_vh_rfs.vhd:61264' bound to instance 'U0' of component 'fir_compiler_v7_2_12' [/home/valmyrsilva07/virtex7/skarab-virtex7-toolflow/fpgs/ethernet_one_gbe_skarab_control/ethernet_one_gbe_skarab_axi_fir/myproj/myproj.srcs/sources_1/ip/ethernet_one_gbe_skarab_axi_fir_fir_compiler_v7_2_i0/synth/ethernet_one_gbe_skarab_axi_fir_fir_compiler_v7_2_i0.vhd:205]
WARNING: [Synth 8-5858] RAM p_casc_reg from Abstract Data Type (record/struct) for this pattern/configuration is not supported. This will most likely be implemented in registers
WARNING: [Synth 8-5858] RAM p_path_out_reg from Abstract Data Type (record/struct) for this pattern/configuration is not supported. This will most likely be implemented in registers
INFO: [Synth 8-256] done synthesizing module 'ethernet_one_gbe_skarab_axi_fir_fir_compiler_v7_2_i0' (11#1) [/home/valmyrsilva07/virtex7/skarab-virtex7-toolflow/fpgs/ethernet_one_gbe_skarab_control/ethernet_one_gbe_skarab_axi_fir/myproj/myproj.srcs/sources_1/ip/ethernet_one_gbe_skarab_axi_fir_fir_compiler_v7_2_i0/synth/ethernet_one_gbe_skarab_axi_fir_fir_compiler_v7_2_i0.vhd:73]
WARNING: [Synth 8-3331] design delay__parameterized12 has unconnected port SCLR
WARNING: [Synth 8-3331] design delay__parameterized12 has unconnected port SCLR_ALT
WARNING: [Synth 8-3331] design buff__parameterized0 has unconnected port RE
WARNING: [Synth 8-3331] design buff__parameterized0 has unconnected port SCLR
WARNING: [Synth 8-3331] design delay__parameterized2 has unconnected port SCLR_ALT
WARNING: [Synth 8-3331] design buff has unconnected port RE
WARNING: [Synth 8-3331] design buff has unconnected port SCLR
WARNING: [Synth 8-3331] design delay__parameterized15 has unconnected port WE
WARNING: [Synth 8-3331] design delay__parameterized15 has unconnected port CE
WARNING: [Synth 8-3331] design delay__parameterized15 has unconnected port SCLR
WARNING: [Synth 8-3331] design delay__parameterized15 has unconnected port SCLR_ALT
WARNING: [Synth 8-3331] design delay__parameterized15 has unconnected port CLK
WARNING: [Synth 8-3331] design delay__parameterized14 has unconnected port WE
WARNING: [Synth 8-3331] design delay__parameterized14 has unconnected port CE
WARNING: [Synth 8-3331] design delay__parameterized14 has unconnected port SCLR
WARNING: [Synth 8-3331] design delay__parameterized14 has unconnected port SCLR_ALT
WARNING: [Synth 8-3331] design delay__parameterized14 has unconnected port CLK
WARNING: [Synth 8-3331] design calc has unconnected port PRE_ADDSUB
WARNING: [Synth 8-3331] design calc has unconnected port CED
WARNING: [Synth 8-3331] design delay__parameterized13 has unconnected port WE
WARNING: [Synth 8-3331] design delay__parameterized13 has unconnected port CE
WARNING: [Synth 8-3331] design delay__parameterized13 has unconnected port SCLR
WARNING: [Synth 8-3331] design delay__parameterized13 has unconnected port SCLR_ALT
WARNING: [Synth 8-3331] design delay__parameterized13 has unconnected port CLK
WARNING: [Synth 8-3331] design addsub_mult_add__parameterized0 has unconnected port POUT[fab][57]
WARNING: [Synth 8-3331] design addsub_mult_add__parameterized0 has unconnected port POUT[fab][56]
WARNING: [Synth 8-3331] design addsub_mult_add__parameterized0 has unconnected port POUT[fab][55]
WARNING: [Synth 8-3331] design addsub_mult_add__parameterized0 has unconnected port POUT[fab][54]
WARNING: [Synth 8-3331] design addsub_mult_add__parameterized0 has unconnected port POUT[fab][53]
WARNING: [Synth 8-3331] design addsub_mult_add__parameterized0 has unconnected port POUT[fab][52]
WARNING: [Synth 8-3331] design addsub_mult_add__parameterized0 has unconnected port POUT[fab][51]
WARNING: [Synth 8-3331] design addsub_mult_add__parameterized0 has unconnected port POUT[fab][50]
WARNING: [Synth 8-3331] design addsub_mult_add__parameterized0 has unconnected port POUT[fab][49]
WARNING: [Synth 8-3331] design addsub_mult_add__parameterized0 has unconnected port POUT[fab][48]
WARNING: [Synth 8-3331] design addsub_mult_add__parameterized0 has unconnected port POUT[casc][62]
WARNING: [Synth 8-3331] design addsub_mult_add__parameterized0 has unconnected port POUT[casc][61]
WARNING: [Synth 8-3331] design addsub_mult_add__parameterized0 has unconnected port POUT[casc][60]
WARNING: [Synth 8-3331] design addsub_mult_add__parameterized0 has unconnected port POUT[casc][59]
WARNING: [Synth 8-3331] design addsub_mult_add__parameterized0 has unconnected port POUT[casc][58]
WARNING: [Synth 8-3331] design addsub_mult_add__parameterized0 has unconnected port POUT[casc][57]
WARNING: [Synth 8-3331] design addsub_mult_add__parameterized0 has unconnected port POUT[casc][56]
WARNING: [Synth 8-3331] design addsub_mult_add__parameterized0 has unconnected port POUT[casc][55]
WARNING: [Synth 8-3331] design addsub_mult_add__parameterized0 has unconnected port POUT[casc][54]
WARNING: [Synth 8-3331] design addsub_mult_add__parameterized0 has unconnected port POUT[casc][53]
WARNING: [Synth 8-3331] design addsub_mult_add__parameterized0 has unconnected port POUT[casc][52]
WARNING: [Synth 8-3331] design addsub_mult_add__parameterized0 has unconnected port POUT[casc][51]
WARNING: [Synth 8-3331] design addsub_mult_add__parameterized0 has unconnected port POUT[casc][50]
WARNING: [Synth 8-3331] design addsub_mult_add__parameterized0 has unconnected port POUT[casc][49]
WARNING: [Synth 8-3331] design addsub_mult_add__parameterized0 has unconnected port POUT[casc][48]
WARNING: [Synth 8-3331] design addsub_mult_add__parameterized0 has unconnected port P_EN
WARNING: [Synth 8-3331] design addsub_mult_add__parameterized0 has unconnected port OPCODE[9]
WARNING: [Synth 8-3331] design addsub_mult_add__parameterized0 has unconnected port OPCODE[8]
WARNING: [Synth 8-3331] design addsub_mult_add__parameterized0 has unconnected port OPCODE[7]
WARNING: [Synth 8-3331] design addsub_mult_add__parameterized0 has unconnected port OPCODE[6]
WARNING: [Synth 8-3331] design addsub_mult_add__parameterized0 has unconnected port OPCODE[5]
WARNING: [Synth 8-3331] design addsub_mult_add__parameterized0 has unconnected port OPCODE[4]
WARNING: [Synth 8-3331] design addsub_mult_add__parameterized0 has unconnected port OPCODE[3]
WARNING: [Synth 8-3331] design addsub_mult_add__parameterized0 has unconnected port OPCODE[2]
WARNING: [Synth 8-3331] design addsub_mult_add__parameterized0 has unconnected port OPCODE[1]
WARNING: [Synth 8-3331] design addsub_mult_add__parameterized0 has unconnected port OPCODE[0]
WARNING: [Synth 8-3331] design addsub_mult_add__parameterized0 has unconnected port CIN[31]
WARNING: [Synth 8-3331] design addsub_mult_add__parameterized0 has unconnected port CIN[30]
WARNING: [Synth 8-3331] design addsub_mult_add__parameterized0 has unconnected port CIN[29]
WARNING: [Synth 8-3331] design addsub_mult_add__parameterized0 has unconnected port CIN[28]
WARNING: [Synth 8-3331] design addsub_mult_add__parameterized0 has unconnected port CIN[27]
WARNING: [Synth 8-3331] design addsub_mult_add__parameterized0 has unconnected port CIN[26]
WARNING: [Synth 8-3331] design addsub_mult_add__parameterized0 has unconnected port CIN[25]
WARNING: [Synth 8-3331] design addsub_mult_add__parameterized0 has unconnected port CIN[24]
WARNING: [Synth 8-3331] design addsub_mult_add__parameterized0 has unconnected port CIN[23]
WARNING: [Synth 8-3331] design addsub_mult_add__parameterized0 has unconnected port CIN[22]
WARNING: [Synth 8-3331] design addsub_mult_add__parameterized0 has unconnected port CIN[21]
WARNING: [Synth 8-3331] design addsub_mult_add__parameterized0 has unconnected port CIN[20]
WARNING: [Synth 8-3331] design addsub_mult_add__parameterized0 has unconnected port CIN[19]
WARNING: [Synth 8-3331] design addsub_mult_add__parameterized0 has unconnected port CIN[18]
WARNING: [Synth 8-3331] design addsub_mult_add__parameterized0 has unconnected port CIN[17]
WARNING: [Synth 8-3331] design addsub_mult_add__parameterized0 has unconnected port CIN[16]
WARNING: [Synth 8-3331] design addsub_mult_add__parameterized0 has unconnected port CIN[15]
WARNING: [Synth 8-3331] design addsub_mult_add__parameterized0 has unconnected port CIN[14]
WARNING: [Synth 8-3331] design addsub_mult_add__parameterized0 has unconnected port CIN[13]
WARNING: [Synth 8-3331] design addsub_mult_add__parameterized0 has unconnected port CIN[12]
WARNING: [Synth 8-3331] design addsub_mult_add__parameterized0 has unconnected port CIN[11]
WARNING: [Synth 8-3331] design addsub_mult_add__parameterized0 has unconnected port CIN[10]
WARNING: [Synth 8-3331] design addsub_mult_add__parameterized0 has unconnected port CIN[9]
WARNING: [Synth 8-3331] design addsub_mult_add__parameterized0 has unconnected port CIN[8]
WARNING: [Synth 8-3331] design addsub_mult_add__parameterized0 has unconnected port CIN[7]
WARNING: [Synth 8-3331] design addsub_mult_add__parameterized0 has unconnected port CIN[6]
WARNING: [Synth 8-3331] design addsub_mult_add__parameterized0 has unconnected port CIN[5]
WARNING: [Synth 8-3331] design addsub_mult_add__parameterized0 has unconnected port CIN[4]
WARNING: [Synth 8-3331] design addsub_mult_add__parameterized0 has unconnected port CIN[3]
WARNING: [Synth 8-3331] design addsub_mult_add__parameterized0 has unconnected port CIN[2]
WARNING: [Synth 8-3331] design addsub_mult_add__parameterized0 has unconnected port CIN[1]
WARNING: [Synth 8-3331] design addsub_mult_add__parameterized0 has unconnected port CIN[0]
WARNING: [Synth 8-3331] design addsub_mult_add__parameterized0 has unconnected port PIN[fab][57]
WARNING: [Synth 8-3331] design addsub_mult_add__parameterized0 has unconnected port PIN[fab][56]
WARNING: [Synth 8-3331] design addsub_mult_add__parameterized0 has unconnected port PIN[fab][55]
WARNING: [Synth 8-3331] design addsub_mult_add__parameterized0 has unconnected port PIN[fab][54]
WARNING: [Synth 8-3331] design addsub_mult_add__parameterized0 has unconnected port PIN[fab][53]
WARNING: [Synth 8-3331] design addsub_mult_add__parameterized0 has unconnected port PIN[fab][52]
WARNING: [Synth 8-3331] design addsub_mult_add__parameterized0 has unconnected port PIN[fab][51]
WARNING: [Synth 8-3331] design addsub_mult_add__parameterized0 has unconnected port PIN[fab][50]
INFO: [Common 17-14] Message 'Synth 8-3331' appears 100 times and further instances of the messages will be disabled. Use the Tcl command set_msg_config to change the current settings.
---------------------------------------------------------------------------------
Finished RTL Elaboration : Time (s): cpu = 00:00:04 ; elapsed = 00:00:06 . Memory (MB): peak = 2070.000 ; gain = 255.438 ; free physical = 38460 ; free virtual = 47529
---------------------------------------------------------------------------------

Report Check Netlist: 
+------+------------------+-------+---------+-------+------------------+
|      |Item              |Errors |Warnings |Status |Description       |
+------+------------------+-------+---------+-------+------------------+
|1     |multi_driven_nets |      0|        0|Passed |Multi driven nets |
+------+------------------+-------+---------+-------+------------------+
---------------------------------------------------------------------------------
Start Handling Custom Attributes
---------------------------------------------------------------------------------
---------------------------------------------------------------------------------
Finished Handling Custom Attributes : Time (s): cpu = 00:00:04 ; elapsed = 00:00:06 . Memory (MB): peak = 2070.000 ; gain = 255.438 ; free physical = 38511 ; free virtual = 47581
---------------------------------------------------------------------------------
---------------------------------------------------------------------------------
Finished RTL Optimization Phase 1 : Time (s): cpu = 00:00:04 ; elapsed = 00:00:06 . Memory (MB): peak = 2070.000 ; gain = 255.438 ; free physical = 38511 ; free virtual = 47581
---------------------------------------------------------------------------------
INFO: [Netlist 29-17] Analyzing 9 Unisim elements for replacement
INFO: [Netlist 29-28] Unisim Transformation completed in 0 CPU seconds
INFO: [Project 1-570] Preparing netlist for logic optimization

Processing XDC Constraints
Initializing timing engine
Parsing XDC File [/home/valmyrsilva07/virtex7/skarab-virtex7-toolflow/fpgs/ethernet_one_gbe_skarab_control/ethernet_one_gbe_skarab_axi_fir/myproj/myproj.srcs/sources_1/ip/ethernet_one_gbe_skarab_axi_fir_fir_compiler_v7_2_i0/ethernet_one_gbe_skarab_axi_fir_fir_compiler_v7_2_i0_ooc.xdc] for cell 'U0'
Finished Parsing XDC File [/home/valmyrsilva07/virtex7/skarab-virtex7-toolflow/fpgs/ethernet_one_gbe_skarab_control/ethernet_one_gbe_skarab_axi_fir/myproj/myproj.srcs/sources_1/ip/ethernet_one_gbe_skarab_axi_fir_fir_compiler_v7_2_i0/ethernet_one_gbe_skarab_axi_fir_fir_compiler_v7_2_i0_ooc.xdc] for cell 'U0'
Parsing XDC File [/home/valmyrsilva07/virtex7/skarab-virtex7-toolflow/fpgs/ethernet_one_gbe_skarab_control/ethernet_one_gbe_skarab_axi_fir/myproj/myproj.srcs/sources_1/ip/ethernet_one_gbe_skarab_axi_fir_fir_compiler_v7_2_i0/constraints/fir_compiler_v7_2.xdc] for cell 'U0'
Finished Parsing XDC File [/home/valmyrsilva07/virtex7/skarab-virtex7-toolflow/fpgs/ethernet_one_gbe_skarab_control/ethernet_one_gbe_skarab_axi_fir/myproj/myproj.srcs/sources_1/ip/ethernet_one_gbe_skarab_axi_fir_fir_compiler_v7_2_i0/constraints/fir_compiler_v7_2.xdc] for cell 'U0'
Parsing XDC File [/home/valmyrsilva07/virtex7/skarab-virtex7-toolflow/fpgs/ethernet_one_gbe_skarab_control/ethernet_one_gbe_skarab_axi_fir/myproj/myproj.runs/ethernet_one_gbe_skarab_axi_fir_fir_compiler_v7_2_i0_synth_1/dont_touch.xdc]
Finished Parsing XDC File [/home/valmyrsilva07/virtex7/skarab-virtex7-toolflow/fpgs/ethernet_one_gbe_skarab_control/ethernet_one_gbe_skarab_axi_fir/myproj/myproj.runs/ethernet_one_gbe_skarab_axi_fir_fir_compiler_v7_2_i0_synth_1/dont_touch.xdc]
Completed Processing XDC Constraints

Netlist sorting complete. Time (s): cpu = 00:00:00 ; elapsed = 00:00:00 . Memory (MB): peak = 2212.719 ; gain = 0.000 ; free physical = 38289 ; free virtual = 47374
INFO: [Project 1-111] Unisim Transformation Summary:
No Unisim elements were transformed.

Constraint Validation Runtime : Time (s): cpu = 00:00:00.02 ; elapsed = 00:00:00.01 . Memory (MB): peak = 2212.719 ; gain = 0.000 ; free physical = 38285 ; free virtual = 47371
---------------------------------------------------------------------------------
Finished Constraint Validation : Time (s): cpu = 00:00:08 ; elapsed = 00:00:10 . Memory (MB): peak = 2212.719 ; gain = 398.156 ; free physical = 37903 ; free virtual = 46988
---------------------------------------------------------------------------------
---------------------------------------------------------------------------------
Start Loading Part and Timing Information
---------------------------------------------------------------------------------
Loading part: xc7vx690tffg1927-2
---------------------------------------------------------------------------------
Finished Loading Part and Timing Information : Time (s): cpu = 00:00:08 ; elapsed = 00:00:10 . Memory (MB): peak = 2212.719 ; gain = 398.156 ; free physical = 37903 ; free virtual = 46988
---------------------------------------------------------------------------------
---------------------------------------------------------------------------------
Start Applying 'set_property' XDC Constraints
---------------------------------------------------------------------------------
Applied set_property DONT_TOUCH = true for U0. (constraint file  /home/valmyrsilva07/virtex7/skarab-virtex7-toolflow/fpgs/ethernet_one_gbe_skarab_control/ethernet_one_gbe_skarab_axi_fir/myproj/myproj.runs/ethernet_one_gbe_skarab_axi_fir_fir_compiler_v7_2_i0_synth_1/dont_touch.xdc, line 9).
---------------------------------------------------------------------------------
Finished applying 'set_property' XDC Constraints : Time (s): cpu = 00:00:08 ; elapsed = 00:00:10 . Memory (MB): peak = 2212.719 ; gain = 398.156 ; free physical = 37903 ; free virtual = 46988
---------------------------------------------------------------------------------
---------------------------------------------------------------------------------
Finished RTL Optimization Phase 2 : Time (s): cpu = 00:00:08 ; elapsed = 00:00:10 . Memory (MB): peak = 2212.719 ; gain = 398.156 ; free physical = 37889 ; free virtual = 46977
---------------------------------------------------------------------------------

Report RTL Partitions: 
+-+--------------+------------+----------+
| |RTL Partition |Replication |Instances |
+-+--------------+------------+----------+
+-+--------------+------------+----------+
---------------------------------------------------------------------------------
Start RTL Component Statistics 
---------------------------------------------------------------------------------
---------------------------------------------------------------------------------
Finished RTL Component Statistics 
---------------------------------------------------------------------------------
---------------------------------------------------------------------------------
Start RTL Hierarchical Component Statistics 
---------------------------------------------------------------------------------
---------------------------------------------------------------------------------
Finished RTL Hierarchical Component Statistics
---------------------------------------------------------------------------------
---------------------------------------------------------------------------------
Start Part Resource Summary
---------------------------------------------------------------------------------
Part Resources:
DSPs: 3600 (col length:200)
BRAMs: 2940 (col length: RAMB18 200 RAMB36 100)
---------------------------------------------------------------------------------
Finished Part Resource Summary
---------------------------------------------------------------------------------
---------------------------------------------------------------------------------
Start Cross Boundary and Area Optimization
---------------------------------------------------------------------------------
Warning: Parallel synthesis criteria is not met 
---------------------------------------------------------------------------------
Finished Cross Boundary and Area Optimization : Time (s): cpu = 00:00:08 ; elapsed = 00:00:11 . Memory (MB): peak = 2212.719 ; gain = 398.156 ; free physical = 37719 ; free virtual = 46808
---------------------------------------------------------------------------------

Report RTL Partitions: 
+-+--------------+------------+----------+
| |RTL Partition |Replication |Instances |
+-+--------------+------------+----------+
+-+--------------+------------+----------+
---------------------------------------------------------------------------------
Start Applying XDC Timing Constraints
---------------------------------------------------------------------------------
---------------------------------------------------------------------------------
Finished Applying XDC Timing Constraints : Time (s): cpu = 00:00:11 ; elapsed = 00:00:14 . Memory (MB): peak = 2212.719 ; gain = 398.156 ; free physical = 43086 ; free virtual = 52161
---------------------------------------------------------------------------------
---------------------------------------------------------------------------------
Start Timing Optimization
---------------------------------------------------------------------------------
---------------------------------------------------------------------------------
Finished Timing Optimization : Time (s): cpu = 00:00:11 ; elapsed = 00:00:14 . Memory (MB): peak = 2212.719 ; gain = 398.156 ; free physical = 43070 ; free virtual = 52145
---------------------------------------------------------------------------------

Report RTL Partitions: 
+-+--------------+------------+----------+
| |RTL Partition |Replication |Instances |
+-+--------------+------------+----------+
+-+--------------+------------+----------+
---------------------------------------------------------------------------------
Start Technology Mapping
---------------------------------------------------------------------------------
---------------------------------------------------------------------------------
Finished Technology Mapping : Time (s): cpu = 00:00:11 ; elapsed = 00:00:14 . Memory (MB): peak = 2212.719 ; gain = 398.156 ; free physical = 43033 ; free virtual = 52108
---------------------------------------------------------------------------------

Report RTL Partitions: 
+-+--------------+------------+----------+
| |RTL Partition |Replication |Instances |
+-+--------------+------------+----------+
+-+--------------+------------+----------+
---------------------------------------------------------------------------------
Start IO Insertion
---------------------------------------------------------------------------------
---------------------------------------------------------------------------------
Start Flattening Before IO Insertion
---------------------------------------------------------------------------------
---------------------------------------------------------------------------------
Finished Flattening Before IO Insertion
---------------------------------------------------------------------------------
---------------------------------------------------------------------------------
Start Final Netlist Cleanup
---------------------------------------------------------------------------------
---------------------------------------------------------------------------------
Finished Final Netlist Cleanup
---------------------------------------------------------------------------------
---------------------------------------------------------------------------------
Finished IO Insertion : Time (s): cpu = 00:00:12 ; elapsed = 00:00:14 . Memory (MB): peak = 2212.719 ; gain = 398.156 ; free physical = 43000 ; free virtual = 52074
---------------------------------------------------------------------------------

Report Check Netlist: 
+------+------------------+-------+---------+-------+------------------+
|      |Item              |Errors |Warnings |Status |Description       |
+------+------------------+-------+---------+-------+------------------+
|1     |multi_driven_nets |      0|        0|Passed |Multi driven nets |
+------+------------------+-------+---------+-------+------------------+
---------------------------------------------------------------------------------
Start Renaming Generated Instances
---------------------------------------------------------------------------------
---------------------------------------------------------------------------------
Finished Renaming Generated Instances : Time (s): cpu = 00:00:12 ; elapsed = 00:00:14 . Memory (MB): peak = 2212.719 ; gain = 398.156 ; free physical = 43000 ; free virtual = 52074
---------------------------------------------------------------------------------

Report RTL Partitions: 
+-+--------------+------------+----------+
| |RTL Partition |Replication |Instances |
+-+--------------+------------+----------+
+-+--------------+------------+----------+
---------------------------------------------------------------------------------
Start Rebuilding User Hierarchy
---------------------------------------------------------------------------------
---------------------------------------------------------------------------------
Finished Rebuilding User Hierarchy : Time (s): cpu = 00:00:12 ; elapsed = 00:00:14 . Memory (MB): peak = 2212.719 ; gain = 398.156 ; free physical = 42996 ; free virtual = 52071
---------------------------------------------------------------------------------
---------------------------------------------------------------------------------
Start Renaming Generated Ports
---------------------------------------------------------------------------------
---------------------------------------------------------------------------------
Finished Renaming Generated Ports : Time (s): cpu = 00:00:12 ; elapsed = 00:00:14 . Memory (MB): peak = 2212.719 ; gain = 398.156 ; free physical = 42993 ; free virtual = 52068
---------------------------------------------------------------------------------
---------------------------------------------------------------------------------
Start Handling Custom Attributes
---------------------------------------------------------------------------------
---------------------------------------------------------------------------------
Finished Handling Custom Attributes : Time (s): cpu = 00:00:12 ; elapsed = 00:00:14 . Memory (MB): peak = 2212.719 ; gain = 398.156 ; free physical = 42993 ; free virtual = 52068
---------------------------------------------------------------------------------
---------------------------------------------------------------------------------
Start Renaming Generated Nets
---------------------------------------------------------------------------------
---------------------------------------------------------------------------------
Finished Renaming Generated Nets : Time (s): cpu = 00:00:12 ; elapsed = 00:00:14 . Memory (MB): peak = 2212.719 ; gain = 398.156 ; free physical = 42993 ; free virtual = 52068
---------------------------------------------------------------------------------
---------------------------------------------------------------------------------
Start Writing Synthesis Report
---------------------------------------------------------------------------------

Report BlackBoxes: 
+-+--------------+----------+
| |BlackBox name |Instances |
+-+--------------+----------+
+-+--------------+----------+

Report Cell Usage: 
+------+--------+------+
|      |Cell    |Count |
+------+--------+------+
|1     |DSP48E1 |     9|
|2     |LUT2    |    11|
|3     |LUT5    |     1|
|4     |SRL16E  |   259|
|5     |FDRE    |   446|
+------+--------+------+
---------------------------------------------------------------------------------
Finished Writing Synthesis Report : Time (s): cpu = 00:00:12 ; elapsed = 00:00:14 . Memory (MB): peak = 2212.719 ; gain = 398.156 ; free physical = 42993 ; free virtual = 52068
---------------------------------------------------------------------------------
Synthesis finished with 0 errors, 0 critical warnings and 189 warnings.
Synthesis Optimization Runtime : Time (s): cpu = 00:00:10 ; elapsed = 00:00:12 . Memory (MB): peak = 2212.719 ; gain = 255.438 ; free physical = 43059 ; free virtual = 52134
Synthesis Optimization Complete : Time (s): cpu = 00:00:12 ; elapsed = 00:00:14 . Memory (MB): peak = 2212.719 ; gain = 398.156 ; free physical = 43059 ; free virtual = 52134
INFO: [Project 1-571] Translating synthesized netlist
INFO: [Netlist 29-17] Analyzing 9 Unisim elements for replacement
INFO: [Netlist 29-28] Unisim Transformation completed in 0 CPU seconds
INFO: [Project 1-570] Preparing netlist for logic optimization
INFO: [Opt 31-138] Pushed 0 inverter(s) to 0 load pin(s).
Netlist sorting complete. Time (s): cpu = 00:00:00 ; elapsed = 00:00:00 . Memory (MB): peak = 2231.531 ; gain = 0.000 ; free physical = 43001 ; free virtual = 52075
INFO: [Project 1-111] Unisim Transformation Summary:
No Unisim elements were transformed.

INFO: [Common 17-83] Releasing license: Synthesis
20 Infos, 102 Warnings, 0 Critical Warnings and 0 Errors encountered.
synth_design completed successfully
synth_design: Time (s): cpu = 00:00:17 ; elapsed = 00:00:20 . Memory (MB): peak = 2231.531 ; gain = 801.691 ; free physical = 43094 ; free virtual = 52169
Netlist sorting complete. Time (s): cpu = 00:00:00 ; elapsed = 00:00:00 . Memory (MB): peak = 2231.531 ; gain = 0.000 ; free physical = 43094 ; free virtual = 52169
WARNING: [Constraints 18-5210] No constraints selected for write.
Resolution: This message can indicate that there are no constraints for the design, or it can indicate that the used_in flags are set such that the constraints are ignored. This later case is used when running synth_design to not write synthesis constraints to the resulting checkpoint. Instead, project constraints are read when the synthesized design is opened.
INFO: [Common 17-1381] The checkpoint '/home/valmyrsilva07/virtex7/skarab-virtex7-toolflow/fpgs/ethernet_one_gbe_skarab_control/ethernet_one_gbe_skarab_axi_fir/myproj/myproj.runs/ethernet_one_gbe_skarab_axi_fir_fir_compiler_v7_2_i0_synth_1/ethernet_one_gbe_skarab_axi_fir_fir_compiler_v7_2_i0.dcp' has been generated.
WARNING: [Common 17-576] 'use_project_ipc' is deprecated. This option is deprecated and no longer used.
INFO: [Coretcl 2-1648] Added synthesis output to IP cache for IP ethernet_one_gbe_skarab_axi_fir_fir_compiler_v7_2_i0, cache-ID = 29db7e27bfefefe1
INFO: [Coretcl 2-1174] Renamed 65 cell refs.
Netlist sorting complete. Time (s): cpu = 00:00:00 ; elapsed = 00:00:00 . Memory (MB): peak = 2255.543 ; gain = 0.000 ; free physical = 43085 ; free virtual = 52163
WARNING: [Constraints 18-5210] No constraints selected for write.
Resolution: This message can indicate that there are no constraints for the design, or it can indicate that the used_in flags are set such that the constraints are ignored. This later case is used when running synth_design to not write synthesis constraints to the resulting checkpoint. Instead, project constraints are read when the synthesized design is opened.
INFO: [Common 17-1381] The checkpoint '/home/valmyrsilva07/virtex7/skarab-virtex7-toolflow/fpgs/ethernet_one_gbe_skarab_control/ethernet_one_gbe_skarab_axi_fir/myproj/myproj.runs/ethernet_one_gbe_skarab_axi_fir_fir_compiler_v7_2_i0_synth_1/ethernet_one_gbe_skarab_axi_fir_fir_compiler_v7_2_i0.dcp' has been generated.
INFO: [runtcl-4] Executing : report_utilization -file ethernet_one_gbe_skarab_axi_fir_fir_compiler_v7_2_i0_utilization_synth.rpt -pb ethernet_one_gbe_skarab_axi_fir_fir_compiler_v7_2_i0_utilization_synth.pb
INFO: [Common 17-206] Exiting Vivado at Wed Aug 12 15:07:48 2026...
