
*** Running vivado
    with args -log axis_data_fifo_0.vds -m64 -product Vivado -mode batch -messageDb vivado.pb -notrace -source axis_data_fifo_0.tcl


****** Vivado v2025.2 (64-bit)
  **** SW Build 6299465 on Fri Nov 14 12:34:56 MST 2025
  **** IP Build 6300035 on Fri Nov 14 10:48:45 MST 2025
  **** SharedData Build 6298862 on Thu Nov 13 04:50:51 MST 2025
  **** Start of session at: Thu Jul 30 12:23:38 2026
    ** Copyright 1986-2022 Xilinx, Inc. All Rights Reserved.
    ** Copyright 2022-2025 Advanced Micro Devices, Inc. All Rights Reserved.

source axis_data_fifo_0.tcl -notrace
Command: synth_design -top axis_data_fifo_0 -part xc7vx485tffg1157-1 -incremental_mode off -mode out_of_context
Starting synth_design
Attempting to get a license for feature 'Synthesis' and/or device 'xc7vx485t'
INFO: [Common 17-349] Got license for feature 'Synthesis' and/or device 'xc7vx485t'
INFO: [Device 21-403] Loading part xc7vx485tffg1157-1
INFO: [Synth 8-7079] Multithreading enabled for synth_design using a maximum of 7 processes.
INFO: [Synth 8-7078] Launching helper process for spawning children vivado processes
INFO: [Synth 8-7075] Helper process launched with PID 1898779
---------------------------------------------------------------------------------
Starting RTL Elaboration : Time (s): cpu = 00:00:02 ; elapsed = 00:00:02 . Memory (MB): peak = 2495.555 ; gain = 479.875 ; free physical = 28766 ; free virtual = 43046
---------------------------------------------------------------------------------
INFO: [Synth 8-6157] synthesizing module 'axis_data_fifo_0' [/home/valmyrsilva07/virtex7/skarab-virtex7-toolflow/model/skrab_one.gen/sources_1/ip/axis_data_fifo_0/synth/axis_data_fifo_0.v:53]
INFO: [Synth 8-6157] synthesizing module 'axis_data_fifo_v2_0_17_top' [/home/valmyrsilva07/virtex7/skarab-virtex7-toolflow/model/skrab_one.gen/sources_1/ip/axis_data_fifo_0/hdl/axis_data_fifo_v2_0_vl_rfs.v:53]
INFO: [Synth 8-6157] synthesizing module 'axis_infrastructure_v1_1_1_util_aclken_converter_wrapper' [/home/valmyrsilva07/virtex7/skarab-virtex7-toolflow/model/skrab_one.gen/sources_1/ip/axis_data_fifo_0/hdl/axis_infrastructure_v1_1_vl_rfs.v:596]
INFO: [Synth 8-6157] synthesizing module 'axis_infrastructure_v1_1_1_util_axis2vector' [/home/valmyrsilva07/virtex7/skarab-virtex7-toolflow/model/skrab_one.gen/sources_1/ip/axis_data_fifo_0/hdl/axis_infrastructure_v1_1_vl_rfs.v:805]
INFO: [Synth 8-6155] done synthesizing module 'axis_infrastructure_v1_1_1_util_axis2vector' (0#1) [/home/valmyrsilva07/virtex7/skarab-virtex7-toolflow/model/skrab_one.gen/sources_1/ip/axis_data_fifo_0/hdl/axis_infrastructure_v1_1_vl_rfs.v:805]
INFO: [Synth 8-6157] synthesizing module 'axis_infrastructure_v1_1_1_util_vector2axis' [/home/valmyrsilva07/virtex7/skarab-virtex7-toolflow/model/skrab_one.gen/sources_1/ip/axis_data_fifo_0/hdl/axis_infrastructure_v1_1_vl_rfs.v:986]
INFO: [Synth 8-6155] done synthesizing module 'axis_infrastructure_v1_1_1_util_vector2axis' (0#1) [/home/valmyrsilva07/virtex7/skarab-virtex7-toolflow/model/skrab_one.gen/sources_1/ip/axis_data_fifo_0/hdl/axis_infrastructure_v1_1_vl_rfs.v:986]
INFO: [Synth 8-6155] done synthesizing module 'axis_infrastructure_v1_1_1_util_aclken_converter_wrapper' (0#1) [/home/valmyrsilva07/virtex7/skarab-virtex7-toolflow/model/skrab_one.gen/sources_1/ip/axis_data_fifo_0/hdl/axis_infrastructure_v1_1_vl_rfs.v:596]
INFO: [Synth 8-6157] synthesizing module 'xpm_fifo_axis' [/media/valmyrsilva07/243aad91-22c0-42a8-ba29-06c4e186c14c/xmen/Music/2025.2/data/ip/xpm/xpm_fifo/hdl/xpm_fifo.sv:2530]
INFO: [Synth 8-6157] synthesizing module 'xpm_cdc_sync_rst' [/media/valmyrsilva07/243aad91-22c0-42a8-ba29-06c4e186c14c/xmen/Music/2025.2/data/ip/xpm/xpm_cdc/hdl/xpm_cdc.sv:1059]
INFO: [Synth 8-6155] done synthesizing module 'xpm_cdc_sync_rst' (0#1) [/media/valmyrsilva07/243aad91-22c0-42a8-ba29-06c4e186c14c/xmen/Music/2025.2/data/ip/xpm/xpm_cdc/hdl/xpm_cdc.sv:1059]
INFO: [Synth 8-6157] synthesizing module 'xpm_fifo_base' [/media/valmyrsilva07/243aad91-22c0-42a8-ba29-06c4e186c14c/xmen/Music/2025.2/data/ip/xpm/xpm_fifo/hdl/xpm_fifo.sv:53]
INFO: [Synth 8-6157] synthesizing module 'xpm_memory_base' [/media/valmyrsilva07/243aad91-22c0-42a8-ba29-06c4e186c14c/xmen/Music/2025.2/data/ip/xpm/xpm_memory/hdl/xpm_memory.sv:54]
INFO: [Synth 8-6059] Synth Info: [XPM_MEMORY 20-1] MEMORY_PRIMITIVE (0) instructs Vivado Synthesis to choose the memory primitive type. Depending on their values, other XPM_MEMORY parameters may preclude the choice of certain memory primitive types. Review XPM_MEMORY documentation and parameter values to understand any limitations, or set MEMORY_PRIMITIVE to a different value.   [/media/valmyrsilva07/243aad91-22c0-42a8-ba29-06c4e186c14c/xmen/Music/2025.2/data/ip/xpm/xpm_memory/hdl/xpm_memory.sv:522]
INFO: [Synth 8-6155] done synthesizing module 'xpm_memory_base' (0#1) [/media/valmyrsilva07/243aad91-22c0-42a8-ba29-06c4e186c14c/xmen/Music/2025.2/data/ip/xpm/xpm_memory/hdl/xpm_memory.sv:54]
INFO: [Synth 8-226] default block is never used [/media/valmyrsilva07/243aad91-22c0-42a8-ba29-06c4e186c14c/xmen/Music/2025.2/data/ip/xpm/xpm_fifo/hdl/xpm_fifo.sv:1220]
INFO: [Synth 8-226] default block is never used [/media/valmyrsilva07/243aad91-22c0-42a8-ba29-06c4e186c14c/xmen/Music/2025.2/data/ip/xpm/xpm_fifo/hdl/xpm_fifo.sv:1287]
INFO: [Synth 8-226] default block is never used [/media/valmyrsilva07/243aad91-22c0-42a8-ba29-06c4e186c14c/xmen/Music/2025.2/data/ip/xpm/xpm_fifo/hdl/xpm_fifo.sv:1309]
INFO: [Synth 8-6157] synthesizing module 'xpm_fifo_reg_bit' [/media/valmyrsilva07/243aad91-22c0-42a8-ba29-06c4e186c14c/xmen/Music/2025.2/data/ip/xpm/xpm_fifo/hdl/xpm_fifo.sv:1927]
INFO: [Synth 8-6155] done synthesizing module 'xpm_fifo_reg_bit' (0#1) [/media/valmyrsilva07/243aad91-22c0-42a8-ba29-06c4e186c14c/xmen/Music/2025.2/data/ip/xpm/xpm_fifo/hdl/xpm_fifo.sv:1927]
INFO: [Synth 8-6157] synthesizing module 'xpm_counter_updn' [/media/valmyrsilva07/243aad91-22c0-42a8-ba29-06c4e186c14c/xmen/Music/2025.2/data/ip/xpm/xpm_fifo/hdl/xpm_fifo.sv:1879]
INFO: [Synth 8-6155] done synthesizing module 'xpm_counter_updn' (0#1) [/media/valmyrsilva07/243aad91-22c0-42a8-ba29-06c4e186c14c/xmen/Music/2025.2/data/ip/xpm/xpm_fifo/hdl/xpm_fifo.sv:1879]
INFO: [Synth 8-6157] synthesizing module 'xpm_fifo_rst' [/media/valmyrsilva07/243aad91-22c0-42a8-ba29-06c4e186c14c/xmen/Music/2025.2/data/ip/xpm/xpm_fifo/hdl/xpm_fifo.sv:1639]
INFO: [Synth 8-6155] done synthesizing module 'xpm_fifo_rst' (0#1) [/media/valmyrsilva07/243aad91-22c0-42a8-ba29-06c4e186c14c/xmen/Music/2025.2/data/ip/xpm/xpm_fifo/hdl/xpm_fifo.sv:1639]
INFO: [Synth 8-6157] synthesizing module 'xpm_counter_updn__parameterized0' [/media/valmyrsilva07/243aad91-22c0-42a8-ba29-06c4e186c14c/xmen/Music/2025.2/data/ip/xpm/xpm_fifo/hdl/xpm_fifo.sv:1879]
INFO: [Synth 8-6155] done synthesizing module 'xpm_counter_updn__parameterized0' (0#1) [/media/valmyrsilva07/243aad91-22c0-42a8-ba29-06c4e186c14c/xmen/Music/2025.2/data/ip/xpm/xpm_fifo/hdl/xpm_fifo.sv:1879]
INFO: [Synth 8-6157] synthesizing module 'xpm_counter_updn__parameterized1' [/media/valmyrsilva07/243aad91-22c0-42a8-ba29-06c4e186c14c/xmen/Music/2025.2/data/ip/xpm/xpm_fifo/hdl/xpm_fifo.sv:1879]
INFO: [Synth 8-6155] done synthesizing module 'xpm_counter_updn__parameterized1' (0#1) [/media/valmyrsilva07/243aad91-22c0-42a8-ba29-06c4e186c14c/xmen/Music/2025.2/data/ip/xpm/xpm_fifo/hdl/xpm_fifo.sv:1879]
INFO: [Synth 8-6157] synthesizing module 'xpm_counter_updn__parameterized2' [/media/valmyrsilva07/243aad91-22c0-42a8-ba29-06c4e186c14c/xmen/Music/2025.2/data/ip/xpm/xpm_fifo/hdl/xpm_fifo.sv:1879]
INFO: [Synth 8-6155] done synthesizing module 'xpm_counter_updn__parameterized2' (0#1) [/media/valmyrsilva07/243aad91-22c0-42a8-ba29-06c4e186c14c/xmen/Music/2025.2/data/ip/xpm/xpm_fifo/hdl/xpm_fifo.sv:1879]
INFO: [Synth 8-6155] done synthesizing module 'xpm_fifo_base' (0#1) [/media/valmyrsilva07/243aad91-22c0-42a8-ba29-06c4e186c14c/xmen/Music/2025.2/data/ip/xpm/xpm_fifo/hdl/xpm_fifo.sv:53]
INFO: [Synth 8-6155] done synthesizing module 'xpm_fifo_axis' (0#1) [/media/valmyrsilva07/243aad91-22c0-42a8-ba29-06c4e186c14c/xmen/Music/2025.2/data/ip/xpm/xpm_fifo/hdl/xpm_fifo.sv:2530]
INFO: [Synth 8-6155] done synthesizing module 'axis_data_fifo_v2_0_17_top' (0#1) [/home/valmyrsilva07/virtex7/skarab-virtex7-toolflow/model/skrab_one.gen/sources_1/ip/axis_data_fifo_0/hdl/axis_data_fifo_v2_0_vl_rfs.v:53]
INFO: [Synth 8-6155] done synthesizing module 'axis_data_fifo_0' (0#1) [/home/valmyrsilva07/virtex7/skarab-virtex7-toolflow/model/skrab_one.gen/sources_1/ip/axis_data_fifo_0/synth/axis_data_fifo_0.v:53]
WARNING: [Synth 8-6014] Unused sequential element gen_rd_b.gen_doutb_pipe.enb_pipe_reg[0] was removed.  [/media/valmyrsilva07/243aad91-22c0-42a8-ba29-06c4e186c14c/xmen/Music/2025.2/data/ip/xpm/xpm_memory/hdl/xpm_memory.sv:3087]
WARNING: [Synth 8-6014] Unused sequential element gdvld.data_valid_std_reg was removed.  [/media/valmyrsilva07/243aad91-22c0-42a8-ba29-06c4e186c14c/xmen/Music/2025.2/data/ip/xpm/xpm_fifo/hdl/xpm_fifo.sv:550]
WARNING: [Synth 8-6014] Unused sequential element gen_fwft.empty_fwft_fb_reg was removed.  [/media/valmyrsilva07/243aad91-22c0-42a8-ba29-06c4e186c14c/xmen/Music/2025.2/data/ip/xpm/xpm_fifo/hdl/xpm_fifo.sv:1404]
INFO: [Synth 8-7129] Port ACLK in module axis_infrastructure_v1_1_1_util_aclken_converter_wrapper is either unconnected or has no load
INFO: [Synth 8-7129] Port ARESETN in module axis_infrastructure_v1_1_1_util_aclken_converter_wrapper is either unconnected or has no load
INFO: [Synth 8-7129] Port S_ACLKEN in module axis_infrastructure_v1_1_1_util_aclken_converter_wrapper is either unconnected or has no load
INFO: [Synth 8-7129] Port M_ACLKEN in module axis_infrastructure_v1_1_1_util_aclken_converter_wrapper is either unconnected or has no load
INFO: [Synth 8-7129] Port rd_clk in module xpm_fifo_rst is either unconnected or has no load
INFO: [Synth 8-7129] Port sleep in module xpm_memory_base is either unconnected or has no load
INFO: [Synth 8-7129] Port rsta in module xpm_memory_base is either unconnected or has no load
INFO: [Synth 8-7129] Port regcea in module xpm_memory_base is either unconnected or has no load
INFO: [Synth 8-7129] Port injectsbiterra in module xpm_memory_base is either unconnected or has no load
INFO: [Synth 8-7129] Port injectdbiterra in module xpm_memory_base is either unconnected or has no load
INFO: [Synth 8-7129] Port clkb in module xpm_memory_base is either unconnected or has no load
INFO: [Synth 8-7129] Port dinb[13] in module xpm_memory_base is either unconnected or has no load
INFO: [Synth 8-7129] Port dinb[12] in module xpm_memory_base is either unconnected or has no load
INFO: [Synth 8-7129] Port dinb[11] in module xpm_memory_base is either unconnected or has no load
INFO: [Synth 8-7129] Port dinb[10] in module xpm_memory_base is either unconnected or has no load
INFO: [Synth 8-7129] Port dinb[9] in module xpm_memory_base is either unconnected or has no load
INFO: [Synth 8-7129] Port dinb[8] in module xpm_memory_base is either unconnected or has no load
INFO: [Synth 8-7129] Port dinb[7] in module xpm_memory_base is either unconnected or has no load
INFO: [Synth 8-7129] Port dinb[6] in module xpm_memory_base is either unconnected or has no load
INFO: [Synth 8-7129] Port dinb[5] in module xpm_memory_base is either unconnected or has no load
INFO: [Synth 8-7129] Port dinb[4] in module xpm_memory_base is either unconnected or has no load
INFO: [Synth 8-7129] Port dinb[3] in module xpm_memory_base is either unconnected or has no load
INFO: [Synth 8-7129] Port dinb[2] in module xpm_memory_base is either unconnected or has no load
INFO: [Synth 8-7129] Port dinb[1] in module xpm_memory_base is either unconnected or has no load
INFO: [Synth 8-7129] Port dinb[0] in module xpm_memory_base is either unconnected or has no load
INFO: [Synth 8-7129] Port injectsbiterrb in module xpm_memory_base is either unconnected or has no load
INFO: [Synth 8-7129] Port injectdbiterrb in module xpm_memory_base is either unconnected or has no load
INFO: [Synth 8-7129] Port m_aclk in module xpm_fifo_axis is either unconnected or has no load
INFO: [Synth 8-7129] Port m_axis_aclk in module axis_data_fifo_v2_0_17_top is either unconnected or has no load
---------------------------------------------------------------------------------
Finished RTL Elaboration : Time (s): cpu = 00:00:03 ; elapsed = 00:00:03 . Memory (MB): peak = 2601.492 ; gain = 585.812 ; free physical = 28650 ; free virtual = 42931
---------------------------------------------------------------------------------
---------------------------------------------------------------------------------
Start Handling Custom Attributes
---------------------------------------------------------------------------------
---------------------------------------------------------------------------------
Finished Handling Custom Attributes : Time (s): cpu = 00:00:03 ; elapsed = 00:00:03 . Memory (MB): peak = 2613.367 ; gain = 597.688 ; free physical = 28649 ; free virtual = 42930
---------------------------------------------------------------------------------
---------------------------------------------------------------------------------
Finished RTL Optimization Phase 1 : Time (s): cpu = 00:00:03 ; elapsed = 00:00:03 . Memory (MB): peak = 2613.367 ; gain = 597.688 ; free physical = 28649 ; free virtual = 42930
---------------------------------------------------------------------------------
Netlist sorting complete. Time (s): cpu = 00:00:00 ; elapsed = 00:00:00 . Memory (MB): peak = 2613.367 ; gain = 0.000 ; free physical = 28649 ; free virtual = 42929
INFO: [Project 1-570] Preparing netlist for logic optimization

Processing XDC Constraints
Initializing timing engine
Parsing XDC File [/home/valmyrsilva07/virtex7/skarab-virtex7-toolflow/model/skrab_one.gen/sources_1/ip/axis_data_fifo_0/axis_data_fifo_0_ooc.xdc] for cell 'inst'
Finished Parsing XDC File [/home/valmyrsilva07/virtex7/skarab-virtex7-toolflow/model/skrab_one.gen/sources_1/ip/axis_data_fifo_0/axis_data_fifo_0_ooc.xdc] for cell 'inst'
Parsing XDC File [/home/valmyrsilva07/virtex7/skarab-virtex7-toolflow/model/skrab_one.runs/axis_data_fifo_0_synth_1/dont_touch.xdc]
Finished Parsing XDC File [/home/valmyrsilva07/virtex7/skarab-virtex7-toolflow/model/skrab_one.runs/axis_data_fifo_0_synth_1/dont_touch.xdc]
INFO: [Project 1-236] Implementation specific constraints were found while reading constraint file [/media/valmyrsilva07/243aad91-22c0-42a8-ba29-06c4e186c14c/xmen/Music/2025.2/data/ip/xpm/xpm_fifo/tcl/xpm_fifo_rst_axis.tcl]. These constraints will be ignored for synthesis but will be used in implementation. Impacted constraints are listed in the file [.Xil/axis_data_fifo_0_propImpl.xdc].
Resolution: To avoid this warning, move constraints listed in [.Xil/axis_data_fifo_0_propImpl.xdc] to another XDC file and exclude this new file from synthesis with the used_in_synthesis property (File Properties dialog in GUI) and re-run elaboration/synthesis.
INFO: [Project 1-1714] 2 XPM XDC files have been applied to the design.
Completed Processing XDC Constraints

Netlist sorting complete. Time (s): cpu = 00:00:00 ; elapsed = 00:00:00 . Memory (MB): peak = 2739.078 ; gain = 0.000 ; free physical = 28638 ; free virtual = 42918
INFO: [Project 1-111] Unisim Transformation Summary:
No Unisim elements were transformed.

Constraint Validation Runtime : Time (s): cpu = 00:00:00.01 ; elapsed = 00:00:00 . Memory (MB): peak = 2739.113 ; gain = 0.000 ; free physical = 28638 ; free virtual = 42918
INFO: [Designutils 20-5008] Incremental synthesis strategy off
---------------------------------------------------------------------------------
Finished Constraint Validation : Time (s): cpu = 00:00:07 ; elapsed = 00:00:07 . Memory (MB): peak = 2739.113 ; gain = 723.434 ; free physical = 28700 ; free virtual = 42977
---------------------------------------------------------------------------------
---------------------------------------------------------------------------------
Start Loading Part and Timing Information
---------------------------------------------------------------------------------
Loading part: xc7vx485tffg1157-1
---------------------------------------------------------------------------------
Finished Loading Part and Timing Information : Time (s): cpu = 00:00:07 ; elapsed = 00:00:07 . Memory (MB): peak = 2747.082 ; gain = 731.402 ; free physical = 28700 ; free virtual = 42976
---------------------------------------------------------------------------------
---------------------------------------------------------------------------------
Start Applying 'set_property' XDC Constraints
---------------------------------------------------------------------------------
---------------------------------------------------------------------------------
Finished applying 'set_property' XDC Constraints : Time (s): cpu = 00:00:07 ; elapsed = 00:00:07 . Memory (MB): peak = 2747.082 ; gain = 731.402 ; free physical = 28700 ; free virtual = 42976
---------------------------------------------------------------------------------
INFO: [Synth 8-802] inferred FSM for state register 'gen_fwft.curr_fwft_state_reg' in module 'xpm_fifo_base'
---------------------------------------------------------------------------------------------------
                   State |                     New Encoding |                Previous Encoding 
---------------------------------------------------------------------------------------------------
                 invalid |                               00 |                               00
            stage1_valid |                               01 |                               10
       both_stages_valid |                               10 |                               11
            stage2_valid |                               11 |                               01
---------------------------------------------------------------------------------------------------
INFO: [Synth 8-3354] encoded FSM with state register 'gen_fwft.curr_fwft_state_reg' using encoding 'sequential' in module 'xpm_fifo_base'
---------------------------------------------------------------------------------
Finished RTL Optimization Phase 2 : Time (s): cpu = 00:00:07 ; elapsed = 00:00:07 . Memory (MB): peak = 2747.082 ; gain = 731.402 ; free physical = 28687 ; free virtual = 42965
---------------------------------------------------------------------------------
---------------------------------------------------------------------------------
Start RTL Component Statistics 
---------------------------------------------------------------------------------
Detailed RTL Component Info : 
+---Adders : 
	   4 Input   14 Bit       Adders := 2     
	   4 Input   13 Bit       Adders := 3     
	   4 Input    2 Bit       Adders := 1     
+---Registers : 
	               14 Bit    Registers := 4     
	               13 Bit    Registers := 3     
	                4 Bit    Registers := 1     
	                3 Bit    Registers := 1     
	                2 Bit    Registers := 2     
	                1 Bit    Registers := 10    
+---RAMs : 
	             112K Bit	(8192 X 14 bit)          RAMs := 1     
+---Muxes : 
	   2 Input    2 Bit        Muxes := 31    
	   4 Input    2 Bit        Muxes := 7     
	   4 Input    1 Bit        Muxes := 2     
	   2 Input    1 Bit        Muxes := 4     
---------------------------------------------------------------------------------
Finished RTL Component Statistics 
---------------------------------------------------------------------------------
---------------------------------------------------------------------------------
Start Part Resource Summary
---------------------------------------------------------------------------------
Part Resources:
DSPs: 2800 (col length:140)
BRAMs: 2060 (col length: RAMB18 140 RAMB36 70)
---------------------------------------------------------------------------------
Finished Part Resource Summary
---------------------------------------------------------------------------------
---------------------------------------------------------------------------------
Start Cross Boundary and Area Optimization
---------------------------------------------------------------------------------
INFO: [Synth 8-7129] Port rsta in module xpm_memory_base is either unconnected or has no load
INFO: [Synth 8-7129] Port regcea in module xpm_memory_base is either unconnected or has no load
INFO: [Synth 8-7129] Port injectsbiterra in module xpm_memory_base is either unconnected or has no load
INFO: [Synth 8-7129] Port injectdbiterra in module xpm_memory_base is either unconnected or has no load
INFO: [Synth 8-7129] Port clkb in module xpm_memory_base is either unconnected or has no load
INFO: [Synth 8-7129] Port dinb[13] in module xpm_memory_base is either unconnected or has no load
INFO: [Synth 8-7129] Port dinb[12] in module xpm_memory_base is either unconnected or has no load
INFO: [Synth 8-7129] Port dinb[11] in module xpm_memory_base is either unconnected or has no load
INFO: [Synth 8-7129] Port dinb[10] in module xpm_memory_base is either unconnected or has no load
INFO: [Synth 8-7129] Port dinb[9] in module xpm_memory_base is either unconnected or has no load
INFO: [Synth 8-7129] Port dinb[8] in module xpm_memory_base is either unconnected or has no load
INFO: [Synth 8-7129] Port dinb[7] in module xpm_memory_base is either unconnected or has no load
INFO: [Synth 8-7129] Port dinb[6] in module xpm_memory_base is either unconnected or has no load
INFO: [Synth 8-7129] Port dinb[5] in module xpm_memory_base is either unconnected or has no load
INFO: [Synth 8-7129] Port dinb[4] in module xpm_memory_base is either unconnected or has no load
INFO: [Synth 8-7129] Port dinb[3] in module xpm_memory_base is either unconnected or has no load
INFO: [Synth 8-7129] Port dinb[2] in module xpm_memory_base is either unconnected or has no load
INFO: [Synth 8-7129] Port dinb[1] in module xpm_memory_base is either unconnected or has no load
INFO: [Synth 8-7129] Port dinb[0] in module xpm_memory_base is either unconnected or has no load
INFO: [Synth 8-7129] Port injectsbiterrb in module xpm_memory_base is either unconnected or has no load
INFO: [Synth 8-7129] Port injectdbiterrb in module xpm_memory_base is either unconnected or has no load
INFO: [Synth 8-7129] Port m_aclk in module xpm_fifo_axis is either unconnected or has no load
INFO: [Synth 8-7129] Port s_axis_aclken in module axis_data_fifo_v2_0_17_top is either unconnected or has no load
INFO: [Synth 8-7129] Port s_axis_tstrb[0] in module axis_data_fifo_v2_0_17_top is either unconnected or has no load
INFO: [Synth 8-7129] Port s_axis_tkeep[0] in module axis_data_fifo_v2_0_17_top is either unconnected or has no load
INFO: [Synth 8-7129] Port s_axis_tid[0] in module axis_data_fifo_v2_0_17_top is either unconnected or has no load
INFO: [Synth 8-7129] Port s_axis_tdest[0] in module axis_data_fifo_v2_0_17_top is either unconnected or has no load
INFO: [Synth 8-7129] Port s_axis_tuser[0] in module axis_data_fifo_v2_0_17_top is either unconnected or has no load
INFO: [Synth 8-7129] Port m_axis_aclk in module axis_data_fifo_v2_0_17_top is either unconnected or has no load
INFO: [Synth 8-7129] Port m_axis_aclken in module axis_data_fifo_v2_0_17_top is either unconnected or has no load
INFO: [Synth 8-5784] Optimized 5 bits of RAM "gen_wr_a.gen_word_narrow.mem_reg" due to constant propagation. Old ram width 14 bits, new ram width 9 bits.
---------------------------------------------------------------------------------
Finished Cross Boundary and Area Optimization : Time (s): cpu = 00:00:08 ; elapsed = 00:00:08 . Memory (MB): peak = 2747.082 ; gain = 731.402 ; free physical = 28663 ; free virtual = 42943
---------------------------------------------------------------------------------
---------------------------------------------------------------------------------
Start ROM, RAM, DSP, Shift Register and Retiming Reporting
---------------------------------------------------------------------------------

Block RAM: Preliminary Mapping Report (see note below)
+----------------------------------------------------------------------------------------+----------------------------------+------------------------+---+---+------------------------+---+---+------------------+--------+--------+
|Module Name                                                                             | RTL Object                       | PORT A (Depth x Width) | W | R | PORT B (Depth x Width) | W | R | Ports driving FF | RAMB18 | RAMB36 | 
+----------------------------------------------------------------------------------------+----------------------------------+------------------------+---+---+------------------------+---+---+------------------+--------+--------+
|inst/\gen_fifo.xpm_fifo_axis_inst /xpm_fifo_base_inst/\gen_sdpram.xpm_memory_base_inst  | gen_wr_a.gen_word_narrow.mem_reg | 8 K x 14(READ_FIRST)   | W |   | 8 K x 14(WRITE_FIRST)  |   | R | Port A and B     | 1      | 2      | 
+----------------------------------------------------------------------------------------+----------------------------------+------------------------+---+---+------------------------+---+---+------------------+--------+--------+

Note: The table above is a preliminary report that shows the Block RAMs at the current stage of the synthesis flow. Some Block RAMs may be reimplemented as non Block RAM primitives later in the synthesis flow. Multiple instantiated Block RAMs are reported only once. 
---------------------------------------------------------------------------------
Finished ROM, RAM, DSP, Shift Register and Retiming Reporting
---------------------------------------------------------------------------------
---------------------------------------------------------------------------------
Start Applying XDC Timing Constraints
---------------------------------------------------------------------------------
---------------------------------------------------------------------------------
Finished Applying XDC Timing Constraints : Time (s): cpu = 00:00:11 ; elapsed = 00:00:11 . Memory (MB): peak = 2780.082 ; gain = 764.402 ; free physical = 28598 ; free virtual = 42880
---------------------------------------------------------------------------------
---------------------------------------------------------------------------------
Start Timing Optimization
---------------------------------------------------------------------------------
---------------------------------------------------------------------------------
Finished Timing Optimization : Time (s): cpu = 00:00:11 ; elapsed = 00:00:11 . Memory (MB): peak = 2780.082 ; gain = 764.402 ; free physical = 28598 ; free virtual = 42880
---------------------------------------------------------------------------------
---------------------------------------------------------------------------------
Start ROM, RAM, DSP, Shift Register and Retiming Reporting
---------------------------------------------------------------------------------

Block RAM: Final Mapping Report
+----------------------------------------------------------------------------------------+----------------------------------+------------------------+---+---+------------------------+---+---+------------------+--------+--------+
|Module Name                                                                             | RTL Object                       | PORT A (Depth x Width) | W | R | PORT B (Depth x Width) | W | R | Ports driving FF | RAMB18 | RAMB36 | 
+----------------------------------------------------------------------------------------+----------------------------------+------------------------+---+---+------------------------+---+---+------------------+--------+--------+
|inst/\gen_fifo.xpm_fifo_axis_inst /xpm_fifo_base_inst/\gen_sdpram.xpm_memory_base_inst  | gen_wr_a.gen_word_narrow.mem_reg | 8 K x 14(READ_FIRST)   | W |   | 8 K x 14(WRITE_FIRST)  |   | R | Port A and B     | 1      | 2      | 
+----------------------------------------------------------------------------------------+----------------------------------+------------------------+---+---+------------------------+---+---+------------------+--------+--------+

---------------------------------------------------------------------------------
Finished ROM, RAM, DSP, Shift Register and Retiming Reporting
---------------------------------------------------------------------------------
---------------------------------------------------------------------------------
Start Technology Mapping
---------------------------------------------------------------------------------
---------------------------------------------------------------------------------
Finished Technology Mapping : Time (s): cpu = 00:00:11 ; elapsed = 00:00:11 . Memory (MB): peak = 2791.113 ; gain = 775.434 ; free physical = 28576 ; free virtual = 42858
---------------------------------------------------------------------------------
---------------------------------------------------------------------------------
Start IO Insertion
---------------------------------------------------------------------------------
---------------------------------------------------------------------------------
Start Flattening Before IO Insertion
---------------------------------------------------------------------------------
---------------------------------------------------------------------------------
Finished Flattening Before IO Insertion
---------------------------------------------------------------------------------
---------------------------------------------------------------------------------
Start Final Netlist Cleanup
---------------------------------------------------------------------------------
---------------------------------------------------------------------------------
Finished Final Netlist Cleanup
---------------------------------------------------------------------------------
---------------------------------------------------------------------------------
Finished IO Insertion : Time (s): cpu = 00:00:12 ; elapsed = 00:00:12 . Memory (MB): peak = 2976.926 ; gain = 961.246 ; free physical = 28397 ; free virtual = 42678
---------------------------------------------------------------------------------
---------------------------------------------------------------------------------
Start Renaming Generated Instances
---------------------------------------------------------------------------------
---------------------------------------------------------------------------------
Finished Renaming Generated Instances : Time (s): cpu = 00:00:12 ; elapsed = 00:00:12 . Memory (MB): peak = 2976.926 ; gain = 961.246 ; free physical = 28397 ; free virtual = 42678
---------------------------------------------------------------------------------
---------------------------------------------------------------------------------
Start Rebuilding User Hierarchy
---------------------------------------------------------------------------------
---------------------------------------------------------------------------------
Finished Rebuilding User Hierarchy : Time (s): cpu = 00:00:12 ; elapsed = 00:00:12 . Memory (MB): peak = 2976.926 ; gain = 961.246 ; free physical = 28396 ; free virtual = 42677
---------------------------------------------------------------------------------
---------------------------------------------------------------------------------
Start Renaming Generated Ports
---------------------------------------------------------------------------------
---------------------------------------------------------------------------------
Finished Renaming Generated Ports : Time (s): cpu = 00:00:12 ; elapsed = 00:00:12 . Memory (MB): peak = 2976.926 ; gain = 961.246 ; free physical = 28396 ; free virtual = 42677
---------------------------------------------------------------------------------
---------------------------------------------------------------------------------
Start Handling Custom Attributes
---------------------------------------------------------------------------------
---------------------------------------------------------------------------------
Finished Handling Custom Attributes : Time (s): cpu = 00:00:12 ; elapsed = 00:00:12 . Memory (MB): peak = 2979.895 ; gain = 964.215 ; free physical = 28396 ; free virtual = 42677
---------------------------------------------------------------------------------
---------------------------------------------------------------------------------
Start Renaming Generated Nets
---------------------------------------------------------------------------------
---------------------------------------------------------------------------------
Finished Renaming Generated Nets : Time (s): cpu = 00:00:12 ; elapsed = 00:00:12 . Memory (MB): peak = 2979.895 ; gain = 964.215 ; free physical = 28396 ; free virtual = 42677
---------------------------------------------------------------------------------
---------------------------------------------------------------------------------
Start Writing Synthesis Report
---------------------------------------------------------------------------------

Report BlackBoxes: 
+-+--------------+----------+
| |BlackBox name |Instances |
+-+--------------+----------+
+-+--------------+----------+

Report Cell Usage: 
+------+---------+------+
|      |Cell     |Count |
+------+---------+------+
|1     |CARRY4   |    22|
|2     |LUT1     |     1|
|3     |LUT2     |     5|
|4     |LUT3     |     2|
|5     |LUT4     |     6|
|6     |LUT5     |     5|
|7     |LUT6     |    14|
|8     |RAMB18E1 |     1|
|9     |RAMB36E1 |     2|
|10    |FDRE     |    61|
|11    |FDSE     |     8|
+------+---------+------+
---------------------------------------------------------------------------------
Finished Writing Synthesis Report : Time (s): cpu = 00:00:12 ; elapsed = 00:00:12 . Memory (MB): peak = 2979.895 ; gain = 964.215 ; free physical = 28396 ; free virtual = 42677
---------------------------------------------------------------------------------
Synthesis finished with 0 errors, 0 critical warnings and 0 warnings.
Synthesis Optimization Runtime : Time (s): cpu = 00:00:11 ; elapsed = 00:00:11 . Memory (MB): peak = 2979.895 ; gain = 838.469 ; free physical = 28396 ; free virtual = 42677
Synthesis Optimization Complete : Time (s): cpu = 00:00:12 ; elapsed = 00:00:13 . Memory (MB): peak = 2979.902 ; gain = 964.215 ; free physical = 28396 ; free virtual = 42677
INFO: [Project 1-571] Translating synthesized netlist
Netlist sorting complete. Time (s): cpu = 00:00:00 ; elapsed = 00:00:00 . Memory (MB): peak = 2979.902 ; gain = 0.000 ; free physical = 28403 ; free virtual = 42684
INFO: [Netlist 29-17] Analyzing 25 Unisim elements for replacement
INFO: [Netlist 29-28] Unisim Transformation completed in 0 CPU seconds
INFO: [Project 1-570] Preparing netlist for logic optimization
INFO: [Opt 31-138] Pushed 0 inverter(s) to 0 load pin(s).
Netlist sorting complete. Time (s): cpu = 00:00:00 ; elapsed = 00:00:00 . Memory (MB): peak = 3035.922 ; gain = 0.000 ; free physical = 28592 ; free virtual = 42874
INFO: [Project 1-111] Unisim Transformation Summary:
No Unisim elements were transformed.

Synth Design complete | Checksum: 44d7eb3c
INFO: [Common 17-83] Releasing license: Synthesis
113 Infos, 3 Warnings, 0 Critical Warnings and 0 Errors encountered.
synth_design completed successfully
synth_design: Time (s): cpu = 00:00:19 ; elapsed = 00:00:18 . Memory (MB): peak = 3035.957 ; gain = 1408.605 ; free physical = 28590 ; free virtual = 42872
INFO: [Common 17-2834] synth_design peak Physical Memory [PSS] (MB): overall = 2125.239; main = 2125.239; forked = 286.981
INFO: [Common 17-2834] synth_design peak Virtual Memory [VSS] (MB): overall = 3740.117; main = 3035.926; forked = 993.031
Write ShapeDB Complete: Time (s): cpu = 00:00:00.01 ; elapsed = 00:00:00 . Memory (MB): peak = 3059.934 ; gain = 0.000 ; free physical = 28590 ; free virtual = 42872
INFO: [Common 17-1381] The checkpoint '/home/valmyrsilva07/virtex7/skarab-virtex7-toolflow/model/skrab_one.runs/axis_data_fifo_0_synth_1/axis_data_fifo_0.dcp' has been generated.
INFO: [Coretcl 2-1648] Added synthesis output to IP cache for IP axis_data_fifo_0, cache-ID = 46922216441902f2
INFO: [Coretcl 2-1174] Renamed 11 cell refs.
Write ShapeDB Complete: Time (s): cpu = 00:00:00 ; elapsed = 00:00:00 . Memory (MB): peak = 3059.934 ; gain = 0.000 ; free physical = 28582 ; free virtual = 42868
INFO: [Common 17-1381] The checkpoint '/home/valmyrsilva07/virtex7/skarab-virtex7-toolflow/model/skrab_one.runs/axis_data_fifo_0_synth_1/axis_data_fifo_0.dcp' has been generated.
INFO: [Vivado 12-24828] Executing command : report_utilization -file axis_data_fifo_0_utilization_synth.rpt -pb axis_data_fifo_0_utilization_synth.pb
INFO: [Common 17-206] Exiting Vivado at Thu Jul 30 12:23:58 2026...
